Jan 14 10:03:05 montag kernel: [    0.000000] Linux version 2.6.33-rc4 (rm@montag) (gcc version 4.4.3 20100108 (prerelease) (Debian 4.4.2-9) ) #35 SMP PREEMPT Wed Jan 13 17:48:27 CET 2010
Jan 14 10:03:05 montag kernel: [    0.000000] Command line: BOOT_IMAGE=/boot/vmlinuz-2.6.33-rc4 root=/dev/sda1 ro quiet
Jan 14 10:03:05 montag kernel: [    0.000000] BIOS-provided physical RAM map:
Jan 14 10:03:05 montag kernel: [    0.000000]  BIOS-e820: 0000000000000000 - 000000000009e400 (usable)
Jan 14 10:03:05 montag kernel: [    0.000000]  BIOS-e820: 000000000009e400 - 00000000000a0000 (reserved)
Jan 14 10:03:05 montag kernel: [    0.000000]  BIOS-e820: 00000000000d6000 - 00000000000d8000 (reserved)
Jan 14 10:03:05 montag kernel: [    0.000000]  BIOS-e820: 00000000000dc000 - 0000000000100000 (reserved)
Jan 14 10:03:05 montag kernel: [    0.000000]  BIOS-e820: 0000000000100000 - 00000000bd6a1000 (usable)
Jan 14 10:03:05 montag kernel: [    0.000000]  BIOS-e820: 00000000bd6a1000 - 00000000bd6a7000 (reserved)
Jan 14 10:03:05 montag kernel: [    0.000000]  BIOS-e820: 00000000bd6a7000 - 00000000bd7bd000 (usable)
Jan 14 10:03:05 montag kernel: [    0.000000]  BIOS-e820: 00000000bd7bd000 - 00000000bd80f000 (reserved)
Jan 14 10:03:05 montag kernel: [    0.000000]  BIOS-e820: 00000000bd80f000 - 00000000bd908000 (usable)
Jan 14 10:03:05 montag kernel: [    0.000000]  BIOS-e820: 00000000bd908000 - 00000000bdb0f000 (reserved)
Jan 14 10:03:05 montag kernel: [    0.000000]  BIOS-e820: 00000000bdb0f000 - 00000000bdb19000 (usable)
Jan 14 10:03:05 montag kernel: [    0.000000]  BIOS-e820: 00000000bdb19000 - 00000000bdb1f000 (reserved)
Jan 14 10:03:05 montag kernel: [    0.000000]  BIOS-e820: 00000000bdb1f000 - 00000000bdb64000 (usable)
Jan 14 10:03:05 montag kernel: [    0.000000]  BIOS-e820: 00000000bdb64000 - 00000000bdb9f000 (ACPI NVS)
Jan 14 10:03:05 montag kernel: [    0.000000]  BIOS-e820: 00000000bdb9f000 - 00000000bdc00000 (ACPI data)
Jan 14 10:03:05 montag kernel: [    0.000000]  BIOS-e820: 00000000bdc00000 - 00000000bde00000 (reserved)
Jan 14 10:03:05 montag kernel: [    0.000000]  BIOS-e820: 00000000be000000 - 00000000c0000000 (reserved)
Jan 14 10:03:05 montag kernel: [    0.000000]  BIOS-e820: 00000000e0000000 - 00000000f0000000 (reserved)
Jan 14 10:03:05 montag kernel: [    0.000000]  BIOS-e820: 00000000fec00000 - 00000000fec10000 (reserved)
Jan 14 10:03:05 montag kernel: [    0.000000]  BIOS-e820: 00000000fed00000 - 00000000fed00400 (reserved)
Jan 14 10:03:05 montag kernel: [    0.000000]  BIOS-e820: 00000000fed10000 - 00000000fed14000 (reserved)
Jan 14 10:03:05 montag kernel: [    0.000000]  BIOS-e820: 00000000fed18000 - 00000000fed1a000 (reserved)
Jan 14 10:03:05 montag kernel: [    0.000000]  BIOS-e820: 00000000fed1c000 - 00000000fed90000 (reserved)
Jan 14 10:03:05 montag kernel: [    0.000000]  BIOS-e820: 00000000fee00000 - 00000000fee01000 (reserved)
Jan 14 10:03:05 montag kernel: [    0.000000]  BIOS-e820: 00000000ff800000 - 0000000100000000 (reserved)
Jan 14 10:03:05 montag kernel: [    0.000000] NX (Execute Disable) protection: active
Jan 14 10:03:05 montag kernel: [    0.000000] DMI present.
Jan 14 10:03:05 montag kernel: [    0.000000] Phoenix BIOS detected: BIOS may corrupt low RAM, working around it.
Jan 14 10:03:05 montag kernel: [    0.000000] e820 update range: 0000000000000000 - 0000000000010000 (usable) ==> (reserved)
Jan 14 10:03:05 montag kernel: [    0.000000] No AGP bridge found
Jan 14 10:03:05 montag kernel: [    0.000000] last_pfn = 0xbdb64 max_arch_pfn = 0x400000000
Jan 14 10:03:05 montag kernel: [    0.000000] MTRR default type: uncachable
Jan 14 10:03:05 montag kernel: [    0.000000] MTRR fixed ranges enabled:
Jan 14 10:03:05 montag kernel: [    0.000000]   00000-9FFFF write-back
Jan 14 10:03:05 montag kernel: [    0.000000]   A0000-BFFFF uncachable
Jan 14 10:03:05 montag kernel: [    0.000000]   C0000-FFFFF write-protect
Jan 14 10:03:05 montag kernel: [    0.000000] MTRR variable ranges enabled:
Jan 14 10:03:05 montag kernel: [    0.000000]   0 base 0BE000000 mask FFE000000 uncachable
Jan 14 10:03:05 montag kernel: [    0.000000]   1 base 000000000 mask F80000000 write-back
Jan 14 10:03:05 montag kernel: [    0.000000]   2 base 080000000 mask FC0000000 write-back
Jan 14 10:03:05 montag kernel: [    0.000000]   3 disabled
Jan 14 10:03:05 montag kernel: [    0.000000]   4 disabled
Jan 14 10:03:05 montag kernel: [    0.000000]   5 disabled
Jan 14 10:03:05 montag kernel: [    0.000000]   6 disabled
Jan 14 10:03:05 montag kernel: [    0.000000] x86 PAT enabled: cpu 0, old 0x7040600070406, new 0x7010600070106
Jan 14 10:03:05 montag kernel: [    0.000000] initial memory mapped : 0 - 20000000
Jan 14 10:03:05 montag kernel: [    0.000000] found SMP MP-table at [ffff8800000f71f0] f71f0
Jan 14 10:03:05 montag kernel: [    0.000000] init_memory_mapping: 0000000000000000-00000000bdb64000
Jan 14 10:03:05 montag kernel: [    0.000000]  0000000000 - 00bda00000 page 2M
Jan 14 10:03:05 montag kernel: [    0.000000]  00bda00000 - 00bdb64000 page 4k
Jan 14 10:03:05 montag kernel: [    0.000000] kernel direct mapping tables up to bdb64000 @ 16000-1b000
Jan 14 10:03:05 montag kernel: [    0.000000] ACPI: RSDP 00000000000f7150 00024 (v02 PTLTD )
Jan 14 10:03:05 montag kernel: [    0.000000] ACPI: XSDT 00000000bdbf700e 00074 (v01 SECCSD LH43STAR 06040000  LTP 00000000)
Jan 14 10:03:05 montag kernel: [    0.000000] ACPI: FACP 00000000bdbe7000 000F4 (v03 INTEL  CRESTLNE 06040000 ALAN 00000001)
Jan 14 10:03:05 montag kernel: [    0.000000] ACPI: DSDT 00000000bdbe8000 07AE1 (v02 Intel  CANTIGA  06040000 INTL 20050624)
Jan 14 10:03:05 montag kernel: [    0.000000] ACPI: FACS 00000000bdb9efc0 00040
Jan 14 10:03:05 montag kernel: [    0.000000] ACPI: HPET 00000000bdbfed86 00038 (v01 INTEL  CRESTLNE 06040000 LOHR 0000005A)
Jan 14 10:03:05 montag kernel: [    0.000000] ACPI: MCFG 00000000bdbfedbe 0003C (v01 INTEL  CRESTLNE 06040000 LOHR 0000005A)
Jan 14 10:03:05 montag kernel: [    0.000000] ACPI: APIC 00000000bdbfedfa 00068 (v01 PTLTD  ? APIC   06040000  LTP 00000000)
Jan 14 10:03:05 montag kernel: [    0.000000] ACPI: BOOT 00000000bdbfee62 00028 (v01 PTLTD  $SBFTBL$ 06040000  LTP 00000001)
Jan 14 10:03:05 montag kernel: [    0.000000] ACPI: SLIC 00000000bdbfee8a 00176 (v01 SECCSD LH43STAR 06040000  LTP 00000000)
Jan 14 10:03:05 montag kernel: [    0.000000] ACPI: SSDT 00000000bdbf70aa 00093 (v01 BrtRef  DD01BRT 00001000 INTL 20050624)
Jan 14 10:03:05 montag kernel: [    0.000000] ACPI: SSDT 00000000bdbe6000 005F9 (v01  PmRef    CpuPm 00003000 INTL 20050624)
Jan 14 10:03:05 montag kernel: [    0.000000] ACPI: SSDT 00000000bdbe5000 00259 (v01  PmRef  Cpu0Tst 00003000 INTL 20050624)
Jan 14 10:03:05 montag kernel: [    0.000000] ACPI: SSDT 00000000bdbe4000 0020F (v01  PmRef    ApTst 00003000 INTL 20050624)
Jan 14 10:03:05 montag kernel: [    0.000000] ACPI: Local APIC address 0xfee00000
Jan 14 10:03:05 montag kernel: [    0.000000] (11 early reservations) ==> bootmem [0000000000 - 00bdb64000]
Jan 14 10:03:05 montag kernel: [    0.000000]   #0 [0000000000 - 0000001000]   BIOS data page ==> [0000000000 - 0000001000]
Jan 14 10:03:05 montag kernel: [    0.000000]   #1 [0001000000 - 0001590154]    TEXT DATA BSS ==> [0001000000 - 0001590154]
Jan 14 10:03:05 montag kernel: [    0.000000]   #2 [0001591000 - 00015911e0]              BRK ==> [0001591000 - 00015911e0]
Jan 14 10:03:05 montag kernel: [    0.000000]   #3 [00000f7200 - 0000100000]    BIOS reserved ==> [00000f7200 - 0000100000]
Jan 14 10:03:05 montag kernel: [    0.000000]   #4 [00000f71f0 - 00000f7200]     MP-table mpf ==> [00000f71f0 - 00000f7200]
Jan 14 10:03:05 montag kernel: [    0.000000]   #5 [000009e400 - 000009e871]    BIOS reserved ==> [000009e400 - 000009e871]
Jan 14 10:03:05 montag kernel: [    0.000000]   #6 [000009e9e5 - 00000f71f0]    BIOS reserved ==> [000009e9e5 - 00000f71f0]
Jan 14 10:03:05 montag kernel: [    0.000000]   #7 [000009e871 - 000009e9e5]     MP-table mpc ==> [000009e871 - 000009e9e5]
Jan 14 10:03:05 montag kernel: [    0.000000]   #8 [0000010000 - 0000012000]       TRAMPOLINE ==> [0000010000 - 0000012000]
Jan 14 10:03:05 montag kernel: [    0.000000]   #9 [0000012000 - 0000016000]      ACPI WAKEUP ==> [0000012000 - 0000016000]
Jan 14 10:03:05 montag kernel: [    0.000000]   #10 [0000016000 - 0000019000]          PGTABLE ==> [0000016000 - 0000019000]
Jan 14 10:03:05 montag kernel: [    0.000000]  [ffffea0000000000-ffffea00029fffff] PMD -> [ffff880001a00000-ffff8800043fffff] on node 0
Jan 14 10:03:05 montag kernel: [    0.000000] Zone PFN ranges:
Jan 14 10:03:05 montag kernel: [    0.000000]   DMA      0x00000010 -> 0x00001000
Jan 14 10:03:05 montag kernel: [    0.000000]   DMA32    0x00001000 -> 0x00100000
Jan 14 10:03:05 montag kernel: [    0.000000]   Normal   0x00100000 -> 0x00100000
Jan 14 10:03:05 montag kernel: [    0.000000] Movable zone start PFN for each node
Jan 14 10:03:05 montag kernel: [    0.000000] early_node_map[6] active PFN ranges
Jan 14 10:03:05 montag kernel: [    0.000000]     0: 0x00000010 -> 0x0000009e
Jan 14 10:03:05 montag kernel: [    0.000000]     0: 0x00000100 -> 0x000bd6a1
Jan 14 10:03:05 montag kernel: [    0.000000]     0: 0x000bd6a7 -> 0x000bd7bd
Jan 14 10:03:05 montag kernel: [    0.000000]     0: 0x000bd80f -> 0x000bd908
Jan 14 10:03:05 montag kernel: [    0.000000]     0: 0x000bdb0f -> 0x000bdb19
Jan 14 10:03:05 montag kernel: [    0.000000]     0: 0x000bdb1f -> 0x000bdb64
Jan 14 10:03:05 montag kernel: [    0.000000] On node 0 totalpages: 776333
Jan 14 10:03:05 montag kernel: [    0.000000]   DMA zone: 56 pages used for memmap
Jan 14 10:03:05 montag kernel: [    0.000000]   DMA zone: 106 pages reserved
Jan 14 10:03:05 montag kernel: [    0.000000]   DMA zone: 3820 pages, LIFO batch:0
Jan 14 10:03:05 montag kernel: [    0.000000]   DMA32 zone: 10568 pages used for memmap
Jan 14 10:03:05 montag kernel: [    0.000000]   DMA32 zone: 761783 pages, LIFO batch:31
Jan 14 10:03:05 montag kernel: [    0.000000] ACPI: PM-Timer IO Port: 0x408
Jan 14 10:03:05 montag kernel: [    0.000000] ACPI: Local APIC address 0xfee00000
Jan 14 10:03:05 montag kernel: [    0.000000] ACPI: LAPIC (acpi_id[0x00] lapic_id[0x00] enabled)
Jan 14 10:03:05 montag kernel: [    0.000000] ACPI: LAPIC (acpi_id[0x01] lapic_id[0x01] enabled)
Jan 14 10:03:05 montag kernel: [    0.000000] ACPI: LAPIC_NMI (acpi_id[0x00] high edge lint[0x1])
Jan 14 10:03:05 montag kernel: [    0.000000] ACPI: LAPIC_NMI (acpi_id[0x01] high edge lint[0x1])
Jan 14 10:03:05 montag kernel: [    0.000000] ACPI: IOAPIC (id[0x02] address[0xfec00000] gsi_base[0])
Jan 14 10:03:05 montag kernel: [    0.000000] IOAPIC[0]: apic_id 2, version 32, address 0xfec00000, GSI 0-23
Jan 14 10:03:05 montag kernel: [    0.000000] ACPI: INT_SRC_OVR (bus 0 bus_irq 0 global_irq 2 high edge)
Jan 14 10:03:05 montag kernel: [    0.000000] ACPI: INT_SRC_OVR (bus 0 bus_irq 9 global_irq 9 high level)
Jan 14 10:03:05 montag kernel: [    0.000000] ACPI: IRQ0 used by override.
Jan 14 10:03:05 montag kernel: [    0.000000] ACPI: IRQ2 used by override.
Jan 14 10:03:05 montag kernel: [    0.000000] ACPI: IRQ9 used by override.
Jan 14 10:03:05 montag kernel: [    0.000000] Using ACPI (MADT) for SMP configuration information
Jan 14 10:03:05 montag kernel: [    0.000000] ACPI: HPET id: 0x8086a201 base: 0xfed00000
Jan 14 10:03:05 montag kernel: [    0.000000] SMP: Allowing 2 CPUs, 0 hotplug CPUs
Jan 14 10:03:05 montag kernel: [    0.000000] nr_irqs_gsi: 24
Jan 14 10:03:05 montag kernel: [    0.000000] PM: Registered nosave memory: 000000000009e000 - 000000000009f000
Jan 14 10:03:05 montag kernel: [    0.000000] PM: Registered nosave memory: 000000000009f000 - 00000000000a0000
Jan 14 10:03:05 montag kernel: [    0.000000] PM: Registered nosave memory: 00000000000a0000 - 00000000000d6000
Jan 14 10:03:05 montag kernel: [    0.000000] PM: Registered nosave memory: 00000000000d6000 - 00000000000d8000
Jan 14 10:03:05 montag kernel: [    0.000000] PM: Registered nosave memory: 00000000000d8000 - 00000000000dc000
Jan 14 10:03:05 montag kernel: [    0.000000] PM: Registered nosave memory: 00000000000dc000 - 0000000000100000
Jan 14 10:03:05 montag kernel: [    0.000000] PM: Registered nosave memory: 00000000bd6a1000 - 00000000bd6a7000
Jan 14 10:03:05 montag kernel: [    0.000000] PM: Registered nosave memory: 00000000bd7bd000 - 00000000bd80f000
Jan 14 10:03:05 montag kernel: [    0.000000] PM: Registered nosave memory: 00000000bd908000 - 00000000bdb0f000
Jan 14 10:03:05 montag kernel: [    0.000000] PM: Registered nosave memory: 00000000bdb19000 - 00000000bdb1f000
Jan 14 10:03:05 montag kernel: [    0.000000] Allocating PCI resources starting at c0000000 (gap: c0000000:20000000)
Jan 14 10:03:05 montag kernel: [    0.000000] setup_percpu: NR_CPUS:2 nr_cpumask_bits:2 nr_cpu_ids:2 nr_node_ids:1
Jan 14 10:03:05 montag kernel: [    0.000000] PERCPU: Embedded 27 pages/cpu @ffff880001600000 s78808 r8192 d23592 u1048576
Jan 14 10:03:05 montag kernel: [    0.000000] pcpu-alloc: s78808 r8192 d23592 u1048576 alloc=1*2097152
Jan 14 10:03:05 montag kernel: [    0.000000] pcpu-alloc: [0] 0 1 
Jan 14 10:03:05 montag kernel: [    0.000000] Built 1 zonelists in Zone order, mobility grouping on.  Total pages: 765603
Jan 14 10:03:05 montag kernel: [    0.000000] Kernel command line: BOOT_IMAGE=/boot/vmlinuz-2.6.33-rc4 root=/dev/sda1 ro quiet
Jan 14 10:03:05 montag kernel: [    0.000000] PID hash table entries: 4096 (order: 3, 32768 bytes)
Jan 14 10:03:05 montag kernel: [    0.000000] Dentry cache hash table entries: 524288 (order: 10, 4194304 bytes)
Jan 14 10:03:05 montag kernel: [    0.000000] Inode-cache hash table entries: 262144 (order: 9, 2097152 bytes)
Jan 14 10:03:05 montag kernel: [    0.000000] Checking aperture...
Jan 14 10:03:05 montag kernel: [    0.000000] No AGP bridge found
Jan 14 10:03:05 montag kernel: [    0.000000] Memory: 3049336k/3108240k available (2802k kernel code, 2908k absent, 55280k reserved, 1856k data, 412k init)
Jan 14 10:03:05 montag kernel: [    0.000000] Hierarchical RCU implementation.
Jan 14 10:03:05 montag kernel: [    0.000000] NR_IRQS:320
Jan 14 10:03:05 montag kernel: [    0.000000] Extended CMOS year: 2000
Jan 14 10:03:05 montag kernel: [    0.000000] Console: colour VGA+ 80x25
Jan 14 10:03:05 montag kernel: [    0.000000] console [tty0] enabled
Jan 14 10:03:05 montag kernel: [    0.000000] hpet clockevent registered
Jan 14 10:03:05 montag kernel: [    0.000000] Fast TSC calibration using PIT
Jan 14 10:03:05 montag kernel: [    0.000000] Detected 1995.230 MHz processor.
Jan 14 10:03:05 montag kernel: [    0.004005] Calibrating delay loop (skipped), value calculated using timer frequency.. 3990.46 BogoMIPS (lpj=7980920)
Jan 14 10:03:05 montag kernel: [    0.004053] Security Framework initialized
Jan 14 10:03:05 montag kernel: [    0.004074] Mount-cache hash table entries: 256
Jan 14 10:03:05 montag kernel: [    0.004206] CPU: Physical Processor ID: 0
Jan 14 10:03:05 montag kernel: [    0.004208] CPU: Processor Core ID: 0
Jan 14 10:03:05 montag kernel: [    0.004210] mce: CPU supports 6 MCE banks
Jan 14 10:03:05 montag kernel: [    0.004218] CPU0: Thermal monitoring enabled (TM2)
Jan 14 10:03:05 montag kernel: [    0.004221] using mwait in idle threads.
Jan 14 10:03:05 montag kernel: [    0.004223] Performance Events: Core2 events, Intel PMU driver.
Jan 14 10:03:05 montag kernel: [    0.004228] ... version:                2
Jan 14 10:03:05 montag kernel: [    0.004230] ... bit width:              40
Jan 14 10:03:05 montag kernel: [    0.004231] ... generic registers:      2
Jan 14 10:03:05 montag kernel: [    0.004233] ... value mask:             000000ffffffffff
Jan 14 10:03:05 montag kernel: [    0.004235] ... max period:             000000007fffffff
Jan 14 10:03:05 montag kernel: [    0.004236] ... fixed-purpose events:   3
Jan 14 10:03:05 montag kernel: [    0.004238] ... event mask:             0000000700000003
Jan 14 10:03:05 montag kernel: [    0.004255] ACPI: Core revision 20091214
Jan 14 10:03:05 montag kernel: [    0.024055] Setting APIC routing to flat
Jan 14 10:03:05 montag kernel: [    0.024397] ..TIMER: vector=0x30 apic1=0 pin1=2 apic2=-1 pin2=-1
Jan 14 10:03:05 montag kernel: [    0.064367] CPU0: Intel(R) Core(TM)2 Duo CPU     P7350  @ 2.00GHz stepping 06
Jan 14 10:03:05 montag kernel: [    0.088026] Booting Node   0, Processors  #1 Ok.
Jan 14 10:03:05 montag kernel: [    0.180030] Brought up 2 CPUs
Jan 14 10:03:05 montag kernel: [    0.180034] Total of 2 processors activated (7980.38 BogoMIPS).
Jan 14 10:03:05 montag kernel: [    0.180638] NET: Registered protocol family 16
Jan 14 10:03:05 montag kernel: [    0.180638] ACPI: bus type pci registered
Jan 14 10:03:05 montag kernel: [    0.180638] PCI: MMCONFIG for domain 0000 [bus 00-ff] at [mem 0xe0000000-0xefffffff] (base 0xe0000000)
Jan 14 10:03:05 montag kernel: [    0.180638] PCI: MMCONFIG at [mem 0xe0000000-0xefffffff] reserved in E820
Jan 14 10:03:05 montag kernel: [    0.194822] PCI: Using configuration type 1 for base access
Jan 14 10:03:05 montag kernel: [    0.196060] bio: create slab <bio-0> at 0
Jan 14 10:03:05 montag kernel: [    0.197857] ACPI: EC: Look up EC in DSDT
Jan 14 10:03:05 montag kernel: [    0.204320] ACPI: BIOS _OSI(Linux) query ignored
Jan 14 10:03:05 montag kernel: [    0.207801] ACPI: SSDT 00000000bdb1aca0 00223 (v01  PmRef  Cpu0Ist 00003000 INTL 20050624)
Jan 14 10:03:05 montag kernel: [    0.208740] ACPI: SSDT 00000000bdb19020 00C78 (v01  PmRef  Cpu0Cst 00003001 INTL 20050624)
Jan 14 10:03:05 montag kernel: [    0.209689] ACPI: SSDT 00000000bdb1aa20 001CF (v01  PmRef    ApIst 00003000 INTL 20050624)
Jan 14 10:03:05 montag kernel: [    0.210327] ACPI: SSDT 00000000bdb1af20 0008D (v01  PmRef    ApCst 00003000 INTL 20050624)
Jan 14 10:03:05 montag kernel: [    0.212100] ACPI: Interpreter enabled
Jan 14 10:03:05 montag kernel: [    0.212102] ACPI: (supports S0 S3 S4 S5)
Jan 14 10:03:05 montag kernel: [    0.212128] ACPI: Using IOAPIC for interrupt routing
Jan 14 10:03:05 montag kernel: [    0.212187] [Firmware Bug]: ACPI: ACPI brightness control misses _BQC function
Jan 14 10:03:05 montag kernel: [    0.220181] ACPI: EC: GPE = 0x17, I/O: command/status = 0x66, data = 0x62
Jan 14 10:03:05 montag kernel: [    0.220181] ACPI: Power Resource [FN00] (off)
Jan 14 10:03:05 montag kernel: [    0.220181] ACPI: Power Resource [FN01] (off)
Jan 14 10:03:05 montag kernel: [    0.220404] ACPI: ACPI Dock Station Driver: 1 docks/bays found
Jan 14 10:03:05 montag kernel: [    0.221008] ACPI: PCI Root Bridge [PCI0] (0000:00)
Jan 14 10:03:05 montag kernel: [    0.221038] pci_root PNP0A08:00: ignoring host bridge windows from ACPI; boot with "pci=use_crs" to use them
Jan 14 10:03:05 montag kernel: [    0.224678] pci_root PNP0A08:00: host bridge window [io  0x0000-0x0cf7] (ignored)
Jan 14 10:03:05 montag kernel: [    0.224681] pci_root PNP0A08:00: host bridge window [io  0x0d00-0xffff] (ignored)
Jan 14 10:03:05 montag kernel: [    0.224684] pci_root PNP0A08:00: host bridge window [mem 0x000a0000-0x000bffff] (ignored)
Jan 14 10:03:05 montag kernel: [    0.224688] pci_root PNP0A08:00: host bridge window [mem 0x000d8000-0x000dbfff] (ignored)
Jan 14 10:03:05 montag kernel: [    0.224691] pci_root PNP0A08:00: host bridge window [mem 0xc0000000-0xfebfffff] (ignored)
Jan 14 10:03:05 montag kernel: [    0.224753] pci 0000:00:02.0: reg 10: [mem 0xf8000000-0xf83fffff 64bit]
Jan 14 10:03:05 montag kernel: [    0.224761] pci 0000:00:02.0: reg 18: [mem 0xd0000000-0xdfffffff 64bit pref]
Jan 14 10:03:05 montag kernel: [    0.224766] pci 0000:00:02.0: reg 20: [io  0x1800-0x1807]
Jan 14 10:03:05 montag kernel: [    0.224802] pci 0000:00:02.1: reg 10: [mem 0xf8400000-0xf84fffff 64bit]
Jan 14 10:03:05 montag kernel: [    0.224908] pci 0000:00:19.0: reg 10: [mem 0xf8600000-0xf861ffff]
Jan 14 10:03:05 montag kernel: [    0.224917] pci 0000:00:19.0: reg 14: [mem 0xf8624000-0xf8624fff]
Jan 14 10:03:05 montag kernel: [    0.224925] pci 0000:00:19.0: reg 18: [io  0x1820-0x183f]
Jan 14 10:03:05 montag kernel: [    0.224983] pci 0000:00:19.0: PME# supported from D0 D3hot D3cold
Jan 14 10:03:05 montag kernel: [    0.224988] pci 0000:00:19.0: PME# disabled
Jan 14 10:03:05 montag kernel: [    0.225047] pci 0000:00:1a.0: reg 20: [io  0x1840-0x185f]
Jan 14 10:03:05 montag kernel: [    0.225147] pci 0000:00:1a.1: reg 20: [io  0x1860-0x187f]
Jan 14 10:03:05 montag kernel: [    0.225242] pci 0000:00:1a.2: reg 20: [io  0x1880-0x189f]
Jan 14 10:03:05 montag kernel: [    0.225325] pci 0000:00:1a.7: reg 10: [mem 0xf8825800-0xf8825bff]
Jan 14 10:03:05 montag kernel: [    0.225396] pci 0000:00:1a.7: PME# supported from D0 D3hot D3cold
Jan 14 10:03:05 montag kernel: [    0.225401] pci 0000:00:1a.7: PME# disabled
Jan 14 10:03:05 montag kernel: [    0.225447] pci 0000:00:1b.0: reg 10: [mem 0xf8620000-0xf8623fff 64bit]
Jan 14 10:03:05 montag kernel: [    0.225508] pci 0000:00:1b.0: PME# supported from D0 D3hot D3cold
Jan 14 10:03:05 montag kernel: [    0.225513] pci 0000:00:1b.0: PME# disabled
Jan 14 10:03:05 montag kernel: [    0.225607] pci 0000:00:1c.0: PME# supported from D0 D3hot D3cold
Jan 14 10:03:05 montag kernel: [    0.225612] pci 0000:00:1c.0: PME# disabled
Jan 14 10:03:05 montag kernel: [    0.225712] pci 0000:00:1c.2: PME# supported from D0 D3hot D3cold
Jan 14 10:03:05 montag kernel: [    0.225717] pci 0000:00:1c.2: PME# disabled
Jan 14 10:03:05 montag kernel: [    0.225795] pci 0000:00:1d.0: reg 20: [io  0x18a0-0x18bf]
Jan 14 10:03:05 montag kernel: [    0.225886] pci 0000:00:1d.1: reg 20: [io  0x18c0-0x18df]
Jan 14 10:03:05 montag kernel: [    0.225970] pci 0000:00:1d.2: reg 20: [io  0x18e0-0x18ff]
Jan 14 10:03:05 montag kernel: [    0.226052] pci 0000:00:1d.7: reg 10: [mem 0xf8825c00-0xf8825fff]
Jan 14 10:03:05 montag kernel: [    0.226117] pci 0000:00:1d.7: PME# supported from D0 D3hot D3cold
Jan 14 10:03:05 montag kernel: [    0.226122] pci 0000:00:1d.7: PME# disabled
Jan 14 10:03:05 montag kernel: [    0.226351] pci 0000:00:1f.2: reg 10: [io  0x1818-0x181f]
Jan 14 10:03:05 montag kernel: [    0.226360] pci 0000:00:1f.2: reg 14: [io  0x180c-0x180f]
Jan 14 10:03:05 montag kernel: [    0.226368] pci 0000:00:1f.2: reg 18: [io  0x1810-0x1817]
Jan 14 10:03:05 montag kernel: [    0.226376] pci 0000:00:1f.2: reg 1c: [io  0x1808-0x180b]
Jan 14 10:03:05 montag kernel: [    0.226383] pci 0000:00:1f.2: reg 20: [io  0x1c00-0x1c1f]
Jan 14 10:03:05 montag kernel: [    0.226391] pci 0000:00:1f.2: reg 24: [mem 0xf8825000-0xf88257ff]
Jan 14 10:03:05 montag kernel: [    0.226439] pci 0000:00:1f.2: PME# supported from D3hot
Jan 14 10:03:05 montag kernel: [    0.226444] pci 0000:00:1f.2: PME# disabled
Jan 14 10:03:05 montag kernel: [    0.226484] pci 0000:00:1f.3: reg 10: [mem 0x00000000-0x000000ff 64bit]
Jan 14 10:03:05 montag kernel: [    0.226503] pci 0000:00:1f.3: reg 20: [io  0x1c20-0x1c3f]
Jan 14 10:03:05 montag kernel: [    0.226634] pci 0000:02:00.0: reg 10: [mem 0xf4000000-0xf4001fff 64bit]
Jan 14 10:03:05 montag kernel: [    0.226765] pci 0000:02:00.0: PME# supported from D0 D3hot D3cold
Jan 14 10:03:05 montag kernel: [    0.226776] pci 0000:02:00.0: PME# disabled
Jan 14 10:03:05 montag kernel: [    0.226854] pci 0000:00:1c.0: PCI bridge to [bus 02-03]
Jan 14 10:03:05 montag kernel: [    0.226859] pci 0000:00:1c.0:   bridge window [io  0x2000-0x2fff]
Jan 14 10:03:05 montag kernel: [    0.226864] pci 0000:00:1c.0:   bridge window [mem 0xf4000000-0xf5ffffff]
Jan 14 10:03:05 montag kernel: [    0.226872] pci 0000:00:1c.0:   bridge window [mem 0xf0000000-0xf1ffffff 64bit pref]
Jan 14 10:03:05 montag kernel: [    0.226931] pci 0000:00:1c.2: PCI bridge to [bus 04-05]
Jan 14 10:03:05 montag kernel: [    0.226936] pci 0000:00:1c.2:   bridge window [io  0x3000-0x3fff]
Jan 14 10:03:05 montag kernel: [    0.226942] pci 0000:00:1c.2:   bridge window [mem 0xf6000000-0xf7ffffff]
Jan 14 10:03:05 montag kernel: [    0.226950] pci 0000:00:1c.2:   bridge window [mem 0xf2000000-0xf3ffffff 64bit pref]
Jan 14 10:03:05 montag kernel: [    0.227002] pci 0000:06:09.0: reg 10: [mem 0xf8500000-0xf8500fff]
Jan 14 10:03:05 montag kernel: [    0.227025] pci 0000:06:09.0: supports D1 D2
Jan 14 10:03:05 montag kernel: [    0.227027] pci 0000:06:09.0: PME# supported from D0 D1 D2 D3hot D3cold
Jan 14 10:03:05 montag kernel: [    0.227032] pci 0000:06:09.0: PME# disabled
Jan 14 10:03:05 montag kernel: [    0.227069] pci 0000:06:09.1: reg 10: [mem 0xf8501000-0xf85010ff]
Jan 14 10:03:05 montag kernel: [    0.227128] pci 0000:06:09.1: supports D1 D2
Jan 14 10:03:05 montag kernel: [    0.227130] pci 0000:06:09.1: PME# supported from D0 D1 D2 D3hot D3cold
Jan 14 10:03:05 montag kernel: [    0.227135] pci 0000:06:09.1: PME# disabled
Jan 14 10:03:05 montag kernel: [    0.227170] pci 0000:06:09.2: reg 10: [mem 0xf8501400-0xf85014ff]
Jan 14 10:03:05 montag kernel: [    0.227228] pci 0000:06:09.2: supports D1 D2
Jan 14 10:03:05 montag kernel: [    0.227230] pci 0000:06:09.2: PME# supported from D0 D1 D2 D3hot D3cold
Jan 14 10:03:05 montag kernel: [    0.227235] pci 0000:06:09.2: PME# disabled
Jan 14 10:03:05 montag kernel: [    0.227288] pci 0000:00:1e.0: PCI bridge to [bus 06-07] (subtractive decode)
Jan 14 10:03:05 montag kernel: [    0.227296] pci 0000:00:1e.0:   bridge window [mem 0xf8500000-0xf85fffff]
Jan 14 10:03:05 montag kernel: [    0.227322] pci_bus 0000:07: [bus 07-0a] partially hidden behind transparent bridge 0000:06 [bus 06-07]
Jan 14 10:03:05 montag kernel: [    0.227345] pci_bus 0000:00: on NUMA node 0
Jan 14 10:03:05 montag kernel: [    0.227351] ACPI: PCI Interrupt Routing Table [\_SB_.PCI0._PRT]
Jan 14 10:03:05 montag kernel: [    0.227554] ACPI: PCI Interrupt Routing Table [\_SB_.PCI0.P0P1._PRT]
Jan 14 10:03:05 montag kernel: [    0.227707] ACPI: PCI Interrupt Routing Table [\_SB_.PCI0.RP01._PRT]
Jan 14 10:03:05 montag kernel: [    0.227802] ACPI: PCI Interrupt Routing Table [\_SB_.PCI0.RP03._PRT]
Jan 14 10:03:05 montag kernel: [    0.240800] ACPI: PCI Interrupt Link [LNKA] (IRQs *11)
Jan 14 10:03:05 montag kernel: [    0.240800] ACPI: PCI Interrupt Link [LNKB] (IRQs *10)
Jan 14 10:03:05 montag kernel: [    0.244012] ACPI: PCI Interrupt Link [LNKC] (IRQs *5)
Jan 14 10:03:05 montag kernel: [    0.244130] ACPI: PCI Interrupt Link [LNKD] (IRQs *5)
Jan 14 10:03:05 montag kernel: [    0.244243] ACPI: PCI Interrupt Link [LNKE] (IRQs *11)
Jan 14 10:03:05 montag kernel: [    0.244356] ACPI: PCI Interrupt Link [LNKF] (IRQs *10)
Jan 14 10:03:05 montag kernel: [    0.244469] ACPI: PCI Interrupt Link [LNKG] (IRQs *5)
Jan 14 10:03:05 montag kernel: [    0.244582] ACPI: PCI Interrupt Link [LNKH] (IRQs *5)
Jan 14 10:03:05 montag kernel: [    0.244635] vgaarb: device added: PCI:0000:00:02.0,decodes=io+mem,owns=io+mem,locks=none
Jan 14 10:03:05 montag kernel: [    0.244635] vgaarb: loaded
Jan 14 10:03:05 montag kernel: [    0.244635] SCSI subsystem initialized
Jan 14 10:03:05 montag kernel: [    0.244635] libata version 3.00 loaded.
Jan 14 10:03:05 montag kernel: [    0.244635] usbcore: registered new interface driver usbfs
Jan 14 10:03:05 montag kernel: [    0.244635] usbcore: registered new interface driver hub
Jan 14 10:03:05 montag kernel: [    0.244635] usbcore: registered new device driver usb
Jan 14 10:03:05 montag kernel: [    0.244635] PCI: Using ACPI for IRQ routing
Jan 14 10:03:05 montag kernel: [    0.244635] PCI: pci_cache_line_size set to 64 bytes
Jan 14 10:03:05 montag kernel: [    0.244635] HPET: 4 timers in total, 0 timers will be used for per-cpu timer
Jan 14 10:03:05 montag kernel: [    0.244635] hpet0: at MMIO 0xfed00000, IRQs 2, 8, 0, 0
Jan 14 10:03:05 montag kernel: [    0.244635] hpet0: 4 comparators, 64-bit 14.318180 MHz counter
Jan 14 10:03:05 montag kernel: [    0.248016] Switching to clocksource tsc
Jan 14 10:03:05 montag kernel: [    0.249392] pnp: PnP ACPI init
Jan 14 10:03:05 montag kernel: [    0.249402] ACPI: bus type pnp registered
Jan 14 10:03:05 montag kernel: [    0.252680] pnp: PnP ACPI: found 12 devices
Jan 14 10:03:05 montag kernel: [    0.252682] ACPI: ACPI bus type pnp unregistered
Jan 14 10:03:05 montag kernel: [    0.252693] system 00:03: [mem 0xfed00000-0xfed003ff] has been reserved
Jan 14 10:03:05 montag kernel: [    0.252700] system 00:05: [io  0x0680-0x069f] has been reserved
Jan 14 10:03:05 montag kernel: [    0.252703] system 00:05: [io  0x0480-0x048f] has been reserved
Jan 14 10:03:05 montag kernel: [    0.252707] system 00:05: [io  0xffff] has been reserved
Jan 14 10:03:05 montag kernel: [    0.252710] system 00:05: [io  0xffff] has been reserved
Jan 14 10:03:05 montag kernel: [    0.252712] system 00:05: [io  0x0400-0x047f] has been reserved
Jan 14 10:03:05 montag kernel: [    0.252716] system 00:05: [io  0x0480-0x048f] has been reserved
Jan 14 10:03:05 montag kernel: [    0.252719] system 00:05: [io  0x1180-0x11ff] has been reserved
Jan 14 10:03:05 montag kernel: [    0.252722] system 00:05: [io  0x164e-0x164f] has been reserved
Jan 14 10:03:05 montag kernel: [    0.252725] system 00:05: [io  0x5000-0x500f] has been reserved
Jan 14 10:03:05 montag kernel: [    0.252728] system 00:05: [io  0xfe00] has been reserved
Jan 14 10:03:05 montag kernel: [    0.252733] system 00:06: [io  0x06a0-0x06af] has been reserved
Jan 14 10:03:05 montag kernel: [    0.252736] system 00:06: [io  0x06b0-0x06ff] has been reserved
Jan 14 10:03:05 montag kernel: [    0.252743] system 00:0b: [mem 0xfed1c000-0xfed1ffff] has been reserved
Jan 14 10:03:05 montag kernel: [    0.252747] system 00:0b: [mem 0xfed10000-0xfed13fff] has been reserved
Jan 14 10:03:05 montag kernel: [    0.252750] system 00:0b: [mem 0xfed18000-0xfed18fff] has been reserved
Jan 14 10:03:05 montag kernel: [    0.252753] system 00:0b: [mem 0xfed19000-0xfed19fff] has been reserved
Jan 14 10:03:05 montag kernel: [    0.252756] system 00:0b: [mem 0xe0000000-0xefffffff] has been reserved
Jan 14 10:03:05 montag kernel: [    0.252760] system 00:0b: [mem 0xfed20000-0xfed3ffff] has been reserved
Jan 14 10:03:05 montag kernel: [    0.252763] system 00:0b: [mem 0xfed40000-0xfed44fff] has been reserved
Jan 14 10:03:05 montag kernel: [    0.252766] system 00:0b: [mem 0xfed45000-0xfed8ffff] has been reserved
Jan 14 10:03:05 montag kernel: [    0.257764] pci 0000:00:1e.0: BAR 9: assigned [mem 0xc0000000-0xc3ffffff pref]
Jan 14 10:03:05 montag kernel: [    0.257769] pci 0000:00:1e.0: BAR 7: assigned [io  0x4000-0x4fff]
Jan 14 10:03:05 montag kernel: [    0.257772] pci 0000:00:1f.3: BAR 0: assigned [mem 0xc4000000-0xc40000ff 64bit]
Jan 14 10:03:05 montag kernel: [    0.257782] pci 0000:00:1f.3: BAR 0: set to [mem 0xc4000000-0xc40000ff 64bit] (PCI address [0xc4000000-0xc40000ff]
Jan 14 10:03:05 montag kernel: [    0.257785] pci 0000:00:1c.0: PCI bridge to [bus 02-03]
Jan 14 10:03:05 montag kernel: [    0.257789] pci 0000:00:1c.0:   bridge window [io  0x2000-0x2fff]
Jan 14 10:03:05 montag kernel: [    0.257796] pci 0000:00:1c.0:   bridge window [mem 0xf4000000-0xf5ffffff]
Jan 14 10:03:05 montag kernel: [    0.257801] pci 0000:00:1c.0:   bridge window [mem 0xf0000000-0xf1ffffff 64bit pref]
Jan 14 10:03:05 montag kernel: [    0.257809] pci 0000:00:1c.2: PCI bridge to [bus 04-05]
Jan 14 10:03:05 montag kernel: [    0.257813] pci 0000:00:1c.2:   bridge window [io  0x3000-0x3fff]
Jan 14 10:03:05 montag kernel: [    0.257819] pci 0000:00:1c.2:   bridge window [mem 0xf6000000-0xf7ffffff]
Jan 14 10:03:05 montag kernel: [    0.257825] pci 0000:00:1c.2:   bridge window [mem 0xf2000000-0xf3ffffff 64bit pref]
Jan 14 10:03:05 montag kernel: [    0.257834] pci 0000:06:09.0: BAR 9: assigned [mem 0xc0000000-0xc3ffffff pref]
Jan 14 10:03:05 montag kernel: [    0.257838] pci 0000:06:09.0: BAR 10: assigned [mem 0xc8000000-0xcbffffff]
Jan 14 10:03:05 montag kernel: [    0.257841] pci 0000:06:09.0: BAR 7: assigned [io  0x4000-0x40ff]
Jan 14 10:03:05 montag kernel: [    0.257844] pci 0000:06:09.0: BAR 8: assigned [io  0x4400-0x44ff]
Jan 14 10:03:05 montag kernel: [    0.257846] pci 0000:06:09.0: CardBus bridge to [bus 07-0a]
Jan 14 10:03:05 montag kernel: [    0.257849] pci 0000:06:09.0:   bridge window [io  0x4000-0x40ff]
Jan 14 10:03:05 montag kernel: [    0.257854] pci 0000:06:09.0:   bridge window [io  0x4400-0x44ff]
Jan 14 10:03:05 montag kernel: [    0.257859] pci 0000:06:09.0:   bridge window [mem 0xc0000000-0xc3ffffff pref]
Jan 14 10:03:05 montag kernel: [    0.257865] pci 0000:06:09.0:   bridge window [mem 0xc8000000-0xcbffffff]
Jan 14 10:03:05 montag kernel: [    0.257870] pci 0000:00:1e.0: PCI bridge to [bus 06-07]
Jan 14 10:03:05 montag kernel: [    0.257874] pci 0000:00:1e.0:   bridge window [io  0x4000-0x4fff]
Jan 14 10:03:05 montag kernel: [    0.257880] pci 0000:00:1e.0:   bridge window [mem 0xf8500000-0xf85fffff]
Jan 14 10:03:05 montag kernel: [    0.257886] pci 0000:00:1e.0:   bridge window [mem 0xc0000000-0xc3ffffff pref]
Jan 14 10:03:05 montag kernel: [    0.257905] pci 0000:00:1c.0: PCI INT A -> GSI 17 (level, low) -> IRQ 17
Jan 14 10:03:05 montag kernel: [    0.257911] pci 0000:00:1c.0: setting latency timer to 64
Jan 14 10:03:05 montag kernel: [    0.257922] pci 0000:00:1c.2: PCI INT C -> GSI 18 (level, low) -> IRQ 18
Jan 14 10:03:05 montag kernel: [    0.257927] pci 0000:00:1c.2: setting latency timer to 64
Jan 14 10:03:05 montag kernel: [    0.257935] pci 0000:00:1e.0: setting latency timer to 64
Jan 14 10:03:05 montag kernel: [    0.258019] pci 0000:06:09.0: power state changed by ACPI to D0
Jan 14 10:03:05 montag kernel: [    0.258028] pci 0000:06:09.0: PCI INT A -> GSI 16 (level, low) -> IRQ 16
Jan 14 10:03:05 montag kernel: [    0.258034] pci_bus 0000:00: resource 0 [io  0x0000-0xffff]
Jan 14 10:03:05 montag kernel: [    0.258037] pci_bus 0000:00: resource 1 [mem 0x00000000-0xffffffffffffffff]
Jan 14 10:03:05 montag kernel: [    0.258040] pci_bus 0000:02: resource 0 [io  0x2000-0x2fff]
Jan 14 10:03:05 montag kernel: [    0.258042] pci_bus 0000:02: resource 1 [mem 0xf4000000-0xf5ffffff]
Jan 14 10:03:05 montag kernel: [    0.258045] pci_bus 0000:02: resource 2 [mem 0xf0000000-0xf1ffffff 64bit pref]
Jan 14 10:03:05 montag kernel: [    0.258048] pci_bus 0000:04: resource 0 [io  0x3000-0x3fff]
Jan 14 10:03:05 montag kernel: [    0.258050] pci_bus 0000:04: resource 1 [mem 0xf6000000-0xf7ffffff]
Jan 14 10:03:05 montag kernel: [    0.258053] pci_bus 0000:04: resource 2 [mem 0xf2000000-0xf3ffffff 64bit pref]
Jan 14 10:03:05 montag kernel: [    0.258056] pci_bus 0000:06: resource 0 [io  0x4000-0x4fff]
Jan 14 10:03:05 montag kernel: [    0.258058] pci_bus 0000:06: resource 1 [mem 0xf8500000-0xf85fffff]
Jan 14 10:03:05 montag kernel: [    0.258061] pci_bus 0000:06: resource 2 [mem 0xc0000000-0xc3ffffff pref]
Jan 14 10:03:05 montag kernel: [    0.258063] pci_bus 0000:06: resource 3 [io  0x0000-0xffff]
Jan 14 10:03:05 montag kernel: [    0.258066] pci_bus 0000:06: resource 4 [mem 0x00000000-0xffffffffffffffff]
Jan 14 10:03:05 montag kernel: [    0.258069] pci_bus 0000:07: resource 0 [io  0x4000-0x40ff]
Jan 14 10:03:05 montag kernel: [    0.258071] pci_bus 0000:07: resource 1 [io  0x4400-0x44ff]
Jan 14 10:03:05 montag kernel: [    0.258074] pci_bus 0000:07: resource 2 [mem 0xc0000000-0xc3ffffff pref]
Jan 14 10:03:05 montag kernel: [    0.258076] pci_bus 0000:07: resource 3 [mem 0xc8000000-0xcbffffff]
Jan 14 10:03:05 montag kernel: [    0.258122] NET: Registered protocol family 2
Jan 14 10:03:05 montag kernel: [    0.258193] IP route cache hash table entries: 131072 (order: 8, 1048576 bytes)
Jan 14 10:03:05 montag kernel: [    0.258741] TCP established hash table entries: 262144 (order: 10, 4194304 bytes)
Jan 14 10:03:05 montag kernel: [    0.260603] TCP bind hash table entries: 65536 (order: 8, 1048576 bytes)
Jan 14 10:03:05 montag kernel: [    0.261138] TCP: Hash tables configured (established 262144 bind 65536)
Jan 14 10:03:05 montag kernel: [    0.261141] TCP reno registered
Jan 14 10:03:05 montag kernel: [    0.261145] UDP hash table entries: 2048 (order: 4, 65536 bytes)
Jan 14 10:03:05 montag kernel: [    0.261180] UDP-Lite hash table entries: 2048 (order: 4, 65536 bytes)
Jan 14 10:03:05 montag kernel: [    0.261329] NET: Registered protocol family 1
Jan 14 10:03:05 montag kernel: [    0.261350] pci 0000:00:02.0: Boot video device
Jan 14 10:03:05 montag kernel: [    0.261566] PCI: CLS 64 bytes, default 64
Jan 14 10:03:05 montag kernel: [    0.261764] Simple Boot Flag at 0x37 set to 0x1
Jan 14 10:03:05 montag kernel: [    0.262884] HugeTLB registered 2 MB page size, pre-allocated 0 pages
Jan 14 10:03:05 montag kernel: [    0.263079] VFS: Disk quotas dquot_6.5.2
Jan 14 10:03:05 montag kernel: [    0.263109] Dquot-cache hash table entries: 512 (order 0, 4096 bytes)
Jan 14 10:03:05 montag kernel: [    0.263213] msgmni has been set to 5957
Jan 14 10:03:05 montag kernel: [    0.263358] alg: No test for stdrng (krng)
Jan 14 10:03:05 montag kernel: [    0.263414] Block layer SCSI generic (bsg) driver version 0.4 loaded (major 253)
Jan 14 10:03:05 montag kernel: [    0.263418] io scheduler noop registered
Jan 14 10:03:05 montag kernel: [    0.263433] io scheduler cfq registered (default)
Jan 14 10:03:05 montag kernel: [    0.263547] pcieport 0000:00:1c.0: setting latency timer to 64
Jan 14 10:03:05 montag kernel: [    0.263603] pcieport 0000:00:1c.0: irq 24 for MSI/MSI-X
Jan 14 10:03:05 montag kernel: [    0.263783] pcieport 0000:00:1c.2: setting latency timer to 64
Jan 14 10:03:05 montag kernel: [    0.263836] pcieport 0000:00:1c.2: irq 25 for MSI/MSI-X
Jan 14 10:03:05 montag kernel: [    0.267338] Linux agpgart interface v0.103
Jan 14 10:03:05 montag kernel: [    0.267387] Serial: 8250/16550 driver, 4 ports, IRQ sharing enabled
Jan 14 10:03:05 montag kernel: [    0.267537] serial8250: ttyS0 at I/O 0x3f8 (irq = 4) is a 16550A
Jan 14 10:03:05 montag kernel: [    0.268038] 00:08: ttyS0 at I/O 0x3f8 (irq = 4) is a 16550A
Jan 14 10:03:05 montag kernel: [    0.268363] ahci 0000:00:1f.2: version 3.0
Jan 14 10:03:05 montag kernel: [    0.268381] ahci 0000:00:1f.2: PCI INT B -> GSI 19 (level, low) -> IRQ 19
Jan 14 10:03:05 montag kernel: [    0.268421] ahci 0000:00:1f.2: irq 26 for MSI/MSI-X
Jan 14 10:03:05 montag kernel: [    0.268477] ahci: SSS flag set, parallel bus scan disabled
Jan 14 10:03:05 montag kernel: [    0.268515] ahci 0000:00:1f.2: AHCI 0001.0200 32 slots 4 ports 3 Gbps 0x33 impl SATA mode
Jan 14 10:03:05 montag kernel: [    0.268519] ahci 0000:00:1f.2: flags: 64bit ncq sntf stag pm led clo pio slum part ccc ems sxs 
Jan 14 10:03:05 montag kernel: [    0.268525] ahci 0000:00:1f.2: setting latency timer to 64
Jan 14 10:03:05 montag kernel: [    0.291949] scsi0 : ahci
Jan 14 10:03:05 montag kernel: [    0.292075] scsi1 : ahci
Jan 14 10:03:05 montag kernel: [    0.292172] scsi2 : ahci
Jan 14 10:03:05 montag kernel: [    0.292271] scsi3 : ahci
Jan 14 10:03:05 montag kernel: [    0.292370] scsi4 : ahci
Jan 14 10:03:05 montag kernel: [    0.292469] scsi5 : ahci
Jan 14 10:03:05 montag kernel: [    0.292562] ata1: SATA max UDMA/133 abar m2048@0xf8825000 port 0xf8825100 irq 26
Jan 14 10:03:05 montag kernel: [    0.292566] ata2: SATA max UDMA/133 abar m2048@0xf8825000 port 0xf8825180 irq 26
Jan 14 10:03:05 montag kernel: [    0.292568] ata3: DUMMY
Jan 14 10:03:05 montag kernel: [    0.292570] ata4: DUMMY
Jan 14 10:03:05 montag kernel: [    0.292573] ata5: SATA max UDMA/133 abar m2048@0xf8825000 port 0xf8825300 irq 26
Jan 14 10:03:05 montag kernel: [    0.292576] ata6: SATA max UDMA/133 abar m2048@0xf8825000 port 0xf8825380 irq 26
Jan 14 10:03:05 montag kernel: [    0.292815] PNP: PS/2 Controller [PNP0303:PS2K,PNP0f13:PS2M] at 0x60,0x64 irq 1,12
Jan 14 10:03:05 montag kernel: [    0.295467] i8042.c: Detected active multiplexing controller, rev 1.1.
Jan 14 10:03:05 montag kernel: [    0.297052] serio: i8042 KBD port at 0x60,0x64 irq 1
Jan 14 10:03:05 montag kernel: [    0.297058] serio: i8042 AUX0 port at 0x60,0x64 irq 12
Jan 14 10:03:05 montag kernel: [    0.297061] serio: i8042 AUX1 port at 0x60,0x64 irq 12
Jan 14 10:03:05 montag kernel: [    0.297064] serio: i8042 AUX2 port at 0x60,0x64 irq 12
Jan 14 10:03:05 montag kernel: [    0.297067] serio: i8042 AUX3 port at 0x60,0x64 irq 12
Jan 14 10:03:05 montag kernel: [    0.297220] mice: PS/2 mouse device common for all mice
Jan 14 10:03:05 montag kernel: [    0.297389] rtc_cmos 00:07: rtc core: registered rtc_cmos as rtc0
Jan 14 10:03:05 montag kernel: [    0.297419] rtc0: alarms up to one month, y3k, 242 bytes nvram, hpet irqs
Jan 14 10:03:05 montag kernel: [    0.297454] cpuidle: using governor ladder
Jan 14 10:03:05 montag kernel: [    0.297456] cpuidle: using governor menu
Jan 14 10:03:05 montag kernel: [    0.297518] oprofile: using NMI interrupt.
Jan 14 10:03:05 montag kernel: [    0.297772] TCP cubic registered
Jan 14 10:03:05 montag kernel: [    0.297775] NET: Registered protocol family 17
Jan 14 10:03:05 montag kernel: [    0.298257] rtc_cmos 00:07: setting system clock to 2010-01-14 09:02:53 UTC (1263459773)
Jan 14 10:03:05 montag kernel: [    0.365692] input: AT Translated Set 2 keyboard as /devices/platform/i8042/serio0/input/input0
Jan 14 10:03:05 montag kernel: [    0.611911] ata1: SATA link up 3.0 Gbps (SStatus 123 SControl 300)
Jan 14 10:03:05 montag kernel: [    0.612946] ata1.00: ATA-8: Hitachi HTS543216L9A300, FB2OC40C, max UDMA/133
Jan 14 10:03:05 montag kernel: [    0.612949] ata1.00: 312581808 sectors, multi 0: LBA48 NCQ (depth 31/32), AA
Jan 14 10:03:05 montag kernel: [    0.614186] ata1.00: configured for UDMA/133
Jan 14 10:03:05 montag kernel: [    0.627999] scsi 0:0:0:0: Direct-Access     ATA      Hitachi HTS54321 FB2O PQ: 0 ANSI: 5
Jan 14 10:03:05 montag kernel: [    0.628221] sd 0:0:0:0: [sda] 312581808 512-byte logical blocks: (160 GB/149 GiB)
Jan 14 10:03:05 montag kernel: [    0.628281] sd 0:0:0:0: [sda] Write Protect is off
Jan 14 10:03:05 montag kernel: [    0.628284] sd 0:0:0:0: [sda] Mode Sense: 00 3a 00 00
Jan 14 10:03:05 montag kernel: [    0.628309] sd 0:0:0:0: [sda] Write cache: enabled, read cache: enabled, doesn't support DPO or FUA
Jan 14 10:03:05 montag kernel: [    0.628445]  sda:
Jan 14 10:03:05 montag kernel: [    0.628537] sd 0:0:0:0: Attached scsi generic sg0 type 0
Jan 14 10:03:05 montag kernel: [    0.650912]  sda1 sda2 sda3
Jan 14 10:03:05 montag kernel: [    0.675199] sd 0:0:0:0: [sda] Attached SCSI disk
Jan 14 10:03:05 montag kernel: [    1.352019] ata2: SATA link up 1.5 Gbps (SStatus 113 SControl 300)
Jan 14 10:03:05 montag kernel: [    1.352889] ata2.00: ATAPI: TSSTcorp CDDVDW TS-L633A, SC03, max UDMA/100, ATAPI AN
Jan 14 10:03:05 montag kernel: [    1.352904] ata2.00: applying bridge limits
Jan 14 10:03:05 montag kernel: [    1.354322] ata2.00: configured for UDMA/100
Jan 14 10:03:05 montag kernel: [    1.370205] scsi 1:0:0:0: CD-ROM            TSSTcorp CDDVDW TS-L633A  SC03 PQ: 0 ANSI: 5
Jan 14 10:03:05 montag kernel: [    1.377295] sr0: scsi3-mmc drive: 16x/24x writer dvd-ram cd/rw xa/form2 cdda tray
Jan 14 10:03:05 montag kernel: [    1.377298] Uniform CD-ROM driver Revision: 3.20
Jan 14 10:03:05 montag kernel: [    1.377414] sr 1:0:0:0: Attached scsi CD-ROM sr0
Jan 14 10:03:05 montag kernel: [    1.377500] sr 1:0:0:0: Attached scsi generic sg1 type 5
Jan 14 10:03:05 montag kernel: [    1.697016] ata5: SATA link down (SStatus 0 SControl 300)
Jan 14 10:03:05 montag kernel: [    2.032016] ata6: SATA link down (SStatus 0 SControl 300)
Jan 14 10:03:05 montag kernel: [    2.080546] kjournald starting.  Commit interval 5 seconds
Jan 14 10:03:05 montag kernel: [    2.080552] EXT3-fs (sda1): mounted filesystem with ordered data mode
Jan 14 10:03:05 montag kernel: [    2.080563] VFS: Mounted root (ext3 filesystem) readonly on device 8:1.
Jan 14 10:03:05 montag kernel: [    2.080584] Freeing unused kernel memory: 412k freed
Jan 14 10:03:05 montag kernel: [    4.581330] input: Lid Switch as /devices/LNXSYSTM:00/LNXSYBUS:00/PNP0C0D:00/input/input1
Jan 14 10:03:05 montag kernel: [    4.581429] ACPI: Lid Switch [LID0]
Jan 14 10:03:05 montag kernel: [    4.581477] input: Power Button as /devices/LNXSYSTM:00/LNXSYBUS:00/PNP0C0C:00/input/input2
Jan 14 10:03:05 montag kernel: [    4.581504] ACPI: Power Button [PWRB]
Jan 14 10:03:05 montag kernel: [    4.581549] input: Sleep Button as /devices/LNXSYSTM:00/LNXSYBUS:00/PNP0C0E:00/input/input3
Jan 14 10:03:05 montag kernel: [    4.581572] ACPI: Sleep Button [SLPB]
Jan 14 10:03:05 montag kernel: [    4.581619] input: Power Button as /devices/LNXSYSTM:00/LNXPWRBN:00/input/input4
Jan 14 10:03:05 montag kernel: [    4.581640] ACPI: Power Button [PWRF]
Jan 14 10:03:05 montag kernel: [    4.593772] input: PC Speaker as /devices/platform/pcspkr/input/input5
Jan 14 10:03:05 montag kernel: [    4.637408] ACPI: Battery Slot [BAT1] (battery present)
Jan 14 10:03:05 montag kernel: [    4.761726] ehci_hcd: USB 2.0 'Enhanced' Host Controller (EHCI) Driver
Jan 14 10:03:05 montag kernel: [    4.761765] ehci_hcd 0000:00:1a.7: PCI INT C -> GSI 19 (level, low) -> IRQ 19
Jan 14 10:03:05 montag kernel: [    4.761788] ehci_hcd 0000:00:1a.7: setting latency timer to 64
Jan 14 10:03:05 montag kernel: [    4.761792] ehci_hcd 0000:00:1a.7: EHCI Host Controller
Jan 14 10:03:05 montag kernel: [    4.761799] ehci_hcd 0000:00:1a.7: new USB bus registered, assigned bus number 1
Jan 14 10:03:05 montag kernel: [    4.761829] ehci_hcd 0000:00:1a.7: debug port 1
Jan 14 10:03:05 montag kernel: [    4.765730] ehci_hcd 0000:00:1a.7: cache line size of 64 is not supported
Jan 14 10:03:05 montag kernel: [    4.765751] ehci_hcd 0000:00:1a.7: irq 19, io mem 0xf8825800
Jan 14 10:03:05 montag kernel: [    4.780009] ehci_hcd 0000:00:1a.7: USB 2.0 started, EHCI 1.00
Jan 14 10:03:05 montag kernel: [    4.780035] usb usb1: New USB device found, idVendor=1d6b, idProduct=0002
Jan 14 10:03:05 montag kernel: [    4.780038] usb usb1: New USB device strings: Mfr=3, Product=2, SerialNumber=1
Jan 14 10:03:05 montag kernel: [    4.780041] usb usb1: Product: EHCI Host Controller
Jan 14 10:03:05 montag kernel: [    4.780043] usb usb1: Manufacturer: Linux 2.6.33-rc4 ehci_hcd
Jan 14 10:03:05 montag kernel: [    4.780045] usb usb1: SerialNumber: 0000:00:1a.7
Jan 14 10:03:05 montag kernel: [    4.780135] hub 1-0:1.0: USB hub found
Jan 14 10:03:05 montag kernel: [    4.780140] hub 1-0:1.0: 6 ports detected
Jan 14 10:03:05 montag kernel: [    4.780225] ehci_hcd 0000:00:1d.7: PCI INT A -> GSI 23 (level, low) -> IRQ 23
Jan 14 10:03:05 montag kernel: [    4.780241] ehci_hcd 0000:00:1d.7: setting latency timer to 64
Jan 14 10:03:05 montag kernel: [    4.780244] ehci_hcd 0000:00:1d.7: EHCI Host Controller
Jan 14 10:03:05 montag kernel: [    4.780250] ehci_hcd 0000:00:1d.7: new USB bus registered, assigned bus number 2
Jan 14 10:03:05 montag kernel: [    4.780280] ehci_hcd 0000:00:1d.7: debug port 1
Jan 14 10:03:05 montag kernel: [    4.784162] ehci_hcd 0000:00:1d.7: cache line size of 64 is not supported
Jan 14 10:03:05 montag kernel: [    4.784176] ehci_hcd 0000:00:1d.7: irq 23, io mem 0xf8825c00
Jan 14 10:03:05 montag kernel: [    4.789035] cfg80211: Calling CRDA to update world regulatory domain
Jan 14 10:03:05 montag kernel: [    4.789079] cfg80211: Calling CRDA for country: EU
Jan 14 10:03:05 montag kernel: [    4.800017] ehci_hcd 0000:00:1d.7: USB 2.0 started, EHCI 1.00
Jan 14 10:03:05 montag kernel: [    4.800043] usb usb2: New USB device found, idVendor=1d6b, idProduct=0002
Jan 14 10:03:05 montag kernel: [    4.800048] usb usb2: New USB device strings: Mfr=3, Product=2, SerialNumber=1
Jan 14 10:03:05 montag kernel: [    4.800051] usb usb2: Product: EHCI Host Controller
Jan 14 10:03:05 montag kernel: [    4.800053] usb usb2: Manufacturer: Linux 2.6.33-rc4 ehci_hcd
Jan 14 10:03:05 montag kernel: [    4.800055] usb usb2: SerialNumber: 0000:00:1d.7
Jan 14 10:03:05 montag kernel: [    4.800154] hub 2-0:1.0: USB hub found
Jan 14 10:03:05 montag kernel: [    4.800160] hub 2-0:1.0: 6 ports detected
Jan 14 10:03:05 montag kernel: [    4.802022] e1000e: Intel(R) PRO/1000 Network Driver - 1.0.2-k2
Jan 14 10:03:05 montag kernel: [    4.802025] e1000e: Copyright (c) 1999 - 2009 Intel Corporation.
Jan 14 10:03:05 montag kernel: [    4.802074] e1000e 0000:00:19.0: PCI INT A -> GSI 20 (level, low) -> IRQ 20
Jan 14 10:03:05 montag kernel: [    4.802084] e1000e 0000:00:19.0: setting latency timer to 64
Jan 14 10:03:05 montag kernel: [    4.802187] e1000e 0000:00:19.0: irq 27 for MSI/MSI-X
Jan 14 10:03:05 montag kernel: [    4.931154] uhci_hcd: USB Universal Host Controller Interface driver
Jan 14 10:03:05 montag kernel: [    4.936658] ACPI: AC Adapter [ADP1] (on-line)
Jan 14 10:03:05 montag kernel: [    5.069191] 0000:00:19.0: eth0: (PCI Express:2.5GB/s:Width x1) 00:13:77:b0:eb:01
Jan 14 10:03:05 montag kernel: [    5.069195] 0000:00:19.0: eth0: Intel(R) PRO/1000 Network Connection
Jan 14 10:03:05 montag kernel: [    5.069218] 0000:00:19.0: eth0: MAC: 7, PHY: 8, PBA No: ffffff-0ff
Jan 14 10:03:05 montag kernel: [    5.069240] agpgart-intel 0000:00:00.0: Intel GM45 Chipset
Jan 14 10:03:05 montag kernel: [    5.070270] agpgart-intel 0000:00:00.0: detected 32764K stolen memory
Jan 14 10:03:05 montag kernel: [    5.096215] agpgart-intel 0000:00:00.0: AGP aperture is 256M @ 0xd0000000
Jan 14 10:03:05 montag kernel: [    5.096241] uhci_hcd 0000:00:1a.0: PCI INT A -> GSI 16 (level, low) -> IRQ 16
Jan 14 10:03:05 montag kernel: [    5.096250] uhci_hcd 0000:00:1a.0: setting latency timer to 64
Jan 14 10:03:05 montag kernel: [    5.096254] uhci_hcd 0000:00:1a.0: UHCI Host Controller
Jan 14 10:03:05 montag kernel: [    5.096261] uhci_hcd 0000:00:1a.0: new USB bus registered, assigned bus number 3
Jan 14 10:03:05 montag kernel: [    5.096304] uhci_hcd 0000:00:1a.0: irq 16, io base 0x00001840
Jan 14 10:03:05 montag kernel: [    5.096345] usb usb3: New USB device found, idVendor=1d6b, idProduct=0001
Jan 14 10:03:05 montag kernel: [    5.096348] usb usb3: New USB device strings: Mfr=3, Product=2, SerialNumber=1
Jan 14 10:03:05 montag kernel: [    5.096351] usb usb3: Product: UHCI Host Controller
Jan 14 10:03:05 montag kernel: [    5.096353] usb usb3: Manufacturer: Linux 2.6.33-rc4 uhci_hcd
Jan 14 10:03:05 montag kernel: [    5.096355] usb usb3: SerialNumber: 0000:00:1a.0
Jan 14 10:03:05 montag kernel: [    5.096438] hub 3-0:1.0: USB hub found
Jan 14 10:03:05 montag kernel: [    5.096442] hub 3-0:1.0: 2 ports detected
Jan 14 10:03:05 montag kernel: [    5.096512] uhci_hcd 0000:00:1a.1: PCI INT B -> GSI 21 (level, low) -> IRQ 21
Jan 14 10:03:05 montag kernel: [    5.096518] uhci_hcd 0000:00:1a.1: setting latency timer to 64
Jan 14 10:03:05 montag kernel: [    5.096522] uhci_hcd 0000:00:1a.1: UHCI Host Controller
Jan 14 10:03:05 montag kernel: [    5.096527] uhci_hcd 0000:00:1a.1: new USB bus registered, assigned bus number 4
Jan 14 10:03:05 montag kernel: [    5.096561] uhci_hcd 0000:00:1a.1: irq 21, io base 0x00001860
Jan 14 10:03:05 montag kernel: [    5.096595] usb usb4: New USB device found, idVendor=1d6b, idProduct=0001
Jan 14 10:03:05 montag kernel: [    5.096599] usb usb4: New USB device strings: Mfr=3, Product=2, SerialNumber=1
Jan 14 10:03:05 montag kernel: [    5.096602] usb usb4: Product: UHCI Host Controller
Jan 14 10:03:05 montag kernel: [    5.096604] usb usb4: Manufacturer: Linux 2.6.33-rc4 uhci_hcd
Jan 14 10:03:05 montag kernel: [    5.096606] usb usb4: SerialNumber: 0000:00:1a.1
Jan 14 10:03:05 montag kernel: [    5.096682] hub 4-0:1.0: USB hub found
Jan 14 10:03:05 montag kernel: [    5.096687] hub 4-0:1.0: 2 ports detected
Jan 14 10:03:05 montag kernel: [    5.096745] uhci_hcd 0000:00:1a.2: PCI INT C -> GSI 19 (level, low) -> IRQ 19
Jan 14 10:03:05 montag kernel: [    5.096751] uhci_hcd 0000:00:1a.2: setting latency timer to 64
Jan 14 10:03:05 montag kernel: [    5.096755] uhci_hcd 0000:00:1a.2: UHCI Host Controller
Jan 14 10:03:05 montag kernel: [    5.096762] uhci_hcd 0000:00:1a.2: new USB bus registered, assigned bus number 5
Jan 14 10:03:05 montag kernel: [    5.096791] uhci_hcd 0000:00:1a.2: irq 19, io base 0x00001880
Jan 14 10:03:05 montag kernel: [    5.096825] usb usb5: New USB device found, idVendor=1d6b, idProduct=0001
Jan 14 10:03:05 montag kernel: [    5.096829] usb usb5: New USB device strings: Mfr=3, Product=2, SerialNumber=1
Jan 14 10:03:05 montag kernel: [    5.096831] usb usb5: Product: UHCI Host Controller
Jan 14 10:03:05 montag kernel: [    5.096834] usb usb5: Manufacturer: Linux 2.6.33-rc4 uhci_hcd
Jan 14 10:03:05 montag kernel: [    5.096836] usb usb5: SerialNumber: 0000:00:1a.2
Jan 14 10:03:05 montag kernel: [    5.096903] hub 5-0:1.0: USB hub found
Jan 14 10:03:05 montag kernel: [    5.096907] hub 5-0:1.0: 2 ports detected
Jan 14 10:03:05 montag kernel: [    5.096970] uhci_hcd 0000:00:1d.0: PCI INT A -> GSI 23 (level, low) -> IRQ 23
Jan 14 10:03:05 montag kernel: [    5.096977] uhci_hcd 0000:00:1d.0: setting latency timer to 64
Jan 14 10:03:05 montag kernel: [    5.096980] uhci_hcd 0000:00:1d.0: UHCI Host Controller
Jan 14 10:03:05 montag kernel: [    5.096986] uhci_hcd 0000:00:1d.0: new USB bus registered, assigned bus number 6
Jan 14 10:03:05 montag kernel: [    5.097025] uhci_hcd 0000:00:1d.0: irq 23, io base 0x000018a0
Jan 14 10:03:05 montag kernel: [    5.097060] usb usb6: New USB device found, idVendor=1d6b, idProduct=0001
Jan 14 10:03:05 montag kernel: [    5.097063] usb usb6: New USB device strings: Mfr=3, Product=2, SerialNumber=1
Jan 14 10:03:05 montag kernel: [    5.097066] usb usb6: Product: UHCI Host Controller
Jan 14 10:03:05 montag kernel: [    5.097069] usb usb6: Manufacturer: Linux 2.6.33-rc4 uhci_hcd
Jan 14 10:03:05 montag kernel: [    5.097071] usb usb6: SerialNumber: 0000:00:1d.0
Jan 14 10:03:05 montag kernel: [    5.097138] hub 6-0:1.0: USB hub found
Jan 14 10:03:05 montag kernel: [    5.097142] hub 6-0:1.0: 2 ports detected
Jan 14 10:03:05 montag kernel: [    5.097201] uhci_hcd 0000:00:1d.1: PCI INT B -> GSI 19 (level, low) -> IRQ 19
Jan 14 10:03:05 montag kernel: [    5.097207] uhci_hcd 0000:00:1d.1: setting latency timer to 64
Jan 14 10:03:05 montag kernel: [    5.097211] uhci_hcd 0000:00:1d.1: UHCI Host Controller
Jan 14 10:03:05 montag kernel: [    5.097216] uhci_hcd 0000:00:1d.1: new USB bus registered, assigned bus number 7
Jan 14 10:03:05 montag kernel: [    5.097244] uhci_hcd 0000:00:1d.1: irq 19, io base 0x000018c0
Jan 14 10:03:05 montag kernel: [    5.097279] usb usb7: New USB device found, idVendor=1d6b, idProduct=0001
Jan 14 10:03:05 montag kernel: [    5.097282] usb usb7: New USB device strings: Mfr=3, Product=2, SerialNumber=1
Jan 14 10:03:05 montag kernel: [    5.097285] usb usb7: Product: UHCI Host Controller
Jan 14 10:03:05 montag kernel: [    5.097287] usb usb7: Manufacturer: Linux 2.6.33-rc4 uhci_hcd
Jan 14 10:03:05 montag kernel: [    5.097290] usb usb7: SerialNumber: 0000:00:1d.1
Jan 14 10:03:05 montag kernel: [    5.097363] hub 7-0:1.0: USB hub found
Jan 14 10:03:05 montag kernel: [    5.097368] hub 7-0:1.0: 2 ports detected
Jan 14 10:03:05 montag kernel: [    5.097465] uhci_hcd 0000:00:1d.2: PCI INT C -> GSI 18 (level, low) -> IRQ 18
Jan 14 10:03:05 montag kernel: [    5.097472] uhci_hcd 0000:00:1d.2: setting latency timer to 64
Jan 14 10:03:05 montag kernel: [    5.097476] uhci_hcd 0000:00:1d.2: UHCI Host Controller
Jan 14 10:03:05 montag kernel: [    5.097481] uhci_hcd 0000:00:1d.2: new USB bus registered, assigned bus number 8
Jan 14 10:03:05 montag kernel: [    5.097519] uhci_hcd 0000:00:1d.2: irq 18, io base 0x000018e0
Jan 14 10:03:05 montag kernel: [    5.097555] usb usb8: New USB device found, idVendor=1d6b, idProduct=0001
Jan 14 10:03:05 montag kernel: [    5.097558] usb usb8: New USB device strings: Mfr=3, Product=2, SerialNumber=1
Jan 14 10:03:05 montag kernel: [    5.097561] usb usb8: Product: UHCI Host Controller
Jan 14 10:03:05 montag kernel: [    5.097563] usb usb8: Manufacturer: Linux 2.6.33-rc4 uhci_hcd
Jan 14 10:03:05 montag kernel: [    5.097565] usb usb8: SerialNumber: 0000:00:1d.2
Jan 14 10:03:05 montag kernel: [    5.097639] hub 8-0:1.0: USB hub found
Jan 14 10:03:05 montag kernel: [    5.097644] hub 8-0:1.0: 2 ports detected
Jan 14 10:03:05 montag kernel: [    5.098591] i801_smbus 0000:00:1f.3: PCI INT C -> GSI 19 (level, low) -> IRQ 19
Jan 14 10:03:05 montag kernel: [    5.098596] ACPI: I/O resource 0000:00:1f.3 [0x1c20-0x1c3f] conflicts with ACPI region SMBI [0x1c20-0x1c2f]
Jan 14 10:03:05 montag kernel: [    5.098675] ACPI: If an ACPI driver is available for this device, you should use it instead of the native driver
Jan 14 10:03:05 montag kernel: [    5.101023] usb 1-3: new high speed USB device using ehci_hcd and address 2
Jan 14 10:03:05 montag kernel: [    5.233994] iwlagn: Intel(R) Wireless WiFi Link AGN driver for Linux, 2.6.33-rc4-ks
Jan 14 10:03:05 montag kernel: [    5.233997] iwlagn: Copyright(c) 2003-2009 Intel Corporation
Jan 14 10:03:05 montag kernel: [    5.234109] iwlagn 0000:02:00.0: PCI INT A -> GSI 16 (level, low) -> IRQ 16
Jan 14 10:03:05 montag kernel: [    5.234139] iwlagn 0000:02:00.0: setting latency timer to 64
Jan 14 10:03:05 montag kernel: [    5.234188] iwlagn 0000:02:00.0: Detected Intel Wireless WiFi Link 5100AGN REV=0x54
Jan 14 10:03:05 montag kernel: [    5.235432] ricoh-mmc: Ricoh MMC Controller disabling driver
Jan 14 10:03:05 montag kernel: [    5.235434] ricoh-mmc: Copyright(c) Philip Langdale
Jan 14 10:03:05 montag kernel: [    5.235451] ricoh-mmc: Ricoh MMC controller found at 0000:06:09.2 [1180:0843] (rev 11)
Jan 14 10:03:05 montag kernel: [    5.235470] ricoh-mmc: Controller is now disabled.
Jan 14 10:03:05 montag kernel: [    5.241688] thermal LNXTHERM:01: registered as thermal_zone0
Jan 14 10:03:05 montag kernel: [    5.241696] ACPI: Thermal Zone [TZ00] (31 C)
Jan 14 10:03:05 montag kernel: [    5.244413] thermal LNXTHERM:02: registered as thermal_zone1
Jan 14 10:03:05 montag kernel: [    5.244421] ACPI: Thermal Zone [TZ01] (31 C)
Jan 14 10:03:05 montag kernel: [    5.250686] yenta_cardbus 0000:06:09.0: CardBus bridge found [144d:c045]
Jan 14 10:03:05 montag kernel: [    5.252030] Monitor-Mwait will be used to enter C-1 state
Jan 14 10:03:05 montag kernel: [    5.260010] Monitor-Mwait will be used to enter C-2 state
Jan 14 10:03:05 montag kernel: [    5.263668] iwlagn 0000:02:00.0: Tunable channels: 13 802.11bg, 24 802.11a channels
Jan 14 10:03:05 montag kernel: [    5.263731] sdhci: Secure Digital Host Controller Interface driver
Jan 14 10:03:05 montag kernel: [    5.263733] sdhci: Copyright(c) Pierre Ossman
Jan 14 10:03:05 montag kernel: [    5.263862] iwlagn 0000:02:00.0: irq 28 for MSI/MSI-X
Jan 14 10:03:05 montag kernel: [    5.264020] Monitor-Mwait will be used to enter C-3 state
Jan 14 10:03:05 montag kernel: [    5.264025] Marking TSC unstable due to TSC halts in idle
Jan 14 10:03:05 montag kernel: [    5.266583] Switching to clocksource hpet
Jan 14 10:03:05 montag kernel: [    5.349381] ACPI: Fan [FAN0] (off)
Jan 14 10:03:05 montag kernel: [    5.349483] ACPI: Fan [FAN1] (off)
Jan 14 10:03:05 montag kernel: [    5.376937] yenta_cardbus 0000:06:09.0: ISA IRQ mask 0x0cb8, PCI irq 16
Jan 14 10:03:05 montag kernel: [    5.376941] yenta_cardbus 0000:06:09.0: Socket status: 30000006
Jan 14 10:03:05 montag kernel: [    5.376945] pci_bus 0000:06: Raising subordinate bus# of parent bus (#06) from #07 to #0a
Jan 14 10:03:05 montag kernel: [    5.376953] yenta_cardbus 0000:06:09.0: pcmcia: parent PCI bridge I/O window: 0x4000 - 0x4fff
Jan 14 10:03:05 montag kernel: [    5.376957] yenta_cardbus 0000:06:09.0: pcmcia: parent PCI bridge Memory window: 0xf8500000 - 0xf85fffff
Jan 14 10:03:05 montag kernel: [    5.376961] yenta_cardbus 0000:06:09.0: pcmcia: parent PCI bridge Memory window: 0xc0000000 - 0xc3ffffff
Jan 14 10:03:05 montag kernel: [    5.377490] sdhci-pci 0000:06:09.1: SDHCI controller found [1180:0822] (rev 21)
Jan 14 10:03:05 montag kernel: [    5.377580] sdhci-pci 0000:06:09.1: power state changed by ACPI to D0
Jan 14 10:03:05 montag kernel: [    5.377590] sdhci-pci 0000:06:09.1: PCI INT C -> GSI 18 (level, low) -> IRQ 18
Jan 14 10:03:05 montag kernel: [    5.377623] sdhci-pci 0000:06:09.1: Will use DMA mode even though HW doesn't fully claim to support it.
Jan 14 10:03:05 montag kernel: [    5.377630] sdhci-pci 0000:06:09.1: setting latency timer to 64
Jan 14 10:03:05 montag kernel: [    5.377663] Registered led device: mmc0::
Jan 14 10:03:05 montag kernel: [    5.377695] mmc0: SDHCI controller on PCI [0000:06:09.1] using DMA
Jan 14 10:03:05 montag kernel: [    5.379819] phy0: Selected rate control algorithm 'iwl-agn-rs'
Jan 14 10:03:05 montag kernel: [    5.792258] usb 1-3: New USB device found, idVendor=174f, idProduct=5931
Jan 14 10:03:05 montag kernel: [    5.792262] usb 1-3: New USB device strings: Mfr=2, Product=3, SerialNumber=4
Jan 14 10:03:05 montag kernel: [    5.792264] usb 1-3: Product: USB2.0 UVC PC Camera
Jan 14 10:03:05 montag kernel: [    5.792266] usb 1-3: Manufacturer: Syntek
Jan 14 10:03:05 montag kernel: [    5.792268] usb 1-3: SerialNumber: 0001
Jan 14 10:03:05 montag kernel: [    5.908452] Synaptics Touchpad, model: 1, fw: 6.3, id: 0x1c0b1, caps: 0xa04711/0xa00000
Jan 14 10:03:05 montag kernel: [    5.942722] input: SynPS/2 Synaptics TouchPad as /devices/platform/i8042/serio4/input/input6
Jan 14 10:03:05 montag kernel: [    6.204033] usb 4-2: new full speed USB device using uhci_hcd and address 2
Jan 14 10:03:05 montag kernel: [    6.226972] Linux video capture interface: v2.00
Jan 14 10:03:05 montag kernel: [    6.367588] usb 4-2: New USB device found, idVendor=08ff, idProduct=1600
Jan 14 10:03:05 montag kernel: [    6.367592] usb 4-2: New USB device strings: Mfr=0, Product=1, SerialNumber=0
Jan 14 10:03:05 montag kernel: [    6.367595] usb 4-2: Product: Fingerprint Sensor
Jan 14 10:03:05 montag kernel: [    6.409488] uvcvideo: Found UVC 1.00 device USB2.0 UVC PC Camera (174f:5931)
Jan 14 10:03:05 montag kernel: [    6.442846] HDA Intel 0000:00:1b.0: PCI INT A -> GSI 22 (level, low) -> IRQ 22
Jan 14 10:03:05 montag kernel: [    6.442907] HDA Intel 0000:00:1b.0: irq 29 for MSI/MSI-X
Jan 14 10:03:05 montag kernel: [    6.442941] HDA Intel 0000:00:1b.0: setting latency timer to 64
Jan 14 10:03:05 montag kernel: [    6.469384] uvcvideo: UVC non compliance - GET_DEF(PROBE) not supported. Enabling workaround.
Jan 14 10:03:05 montag kernel: [    6.492446] usbcore: registered new interface driver uvcvideo
Jan 14 10:03:05 montag kernel: [    6.492448] USB Video Class driver (v0.1.0)
Jan 14 10:03:05 montag kernel: [    6.602372] input: HDA Digital PCBeep as /devices/pci0000:00/0000:00:1b.0/input/input7
Jan 14 10:03:05 montag kernel: [    6.608037] usb 6-2: new low speed USB device using uhci_hcd and address 2
Jan 14 10:03:05 montag kernel: [    6.784064] usb 6-2: New USB device found, idVendor=046d, idProduct=c052
Jan 14 10:03:05 montag kernel: [    6.784068] usb 6-2: New USB device strings: Mfr=1, Product=2, SerialNumber=0
Jan 14 10:03:05 montag kernel: [    6.784071] usb 6-2: Product: USB Laser Mouse
Jan 14 10:03:05 montag kernel: [    6.784073] usb 6-2: Manufacturer: Logitech
Jan 14 10:03:05 montag kernel: [    6.873714] usbcore: registered new interface driver hiddev
Jan 14 10:03:05 montag kernel: [    6.888323] input: Logitech USB Laser Mouse as /devices/pci0000:00/0000:00:1d.0/usb6/6-2/6-2:1.0/input/input8
Jan 14 10:03:05 montag kernel: [    6.888402] generic-usb 0003:046D:C052.0001: input,hidraw0: USB HID v1.10 Mouse [Logitech USB Laser Mouse] on usb-0000:00:1d.0-2/input0
Jan 14 10:03:05 montag kernel: [    6.888422] usbcore: registered new interface driver usbhid
Jan 14 10:03:05 montag kernel: [    6.888424] usbhid: USB HID core driver
Jan 14 10:03:05 montag kernel: [    7.734180] Adding 1992052k swap on /dev/sda3.  Priority:-1 extents:1 across:1992052k 
Jan 14 10:03:05 montag kernel: [    7.907106] EXT3-fs (sda1): using internal journal
Jan 14 10:03:05 montag kernel: [    8.033038] loop: module loaded
Jan 14 10:03:05 montag kernel: [    8.685748] kjournald starting.  Commit interval 5 seconds
Jan 14 10:03:05 montag kernel: [    8.685993] EXT3-fs (sda2): using internal journal
Jan 14 10:03:05 montag kernel: [    8.685998] EXT3-fs (sda2): mounted filesystem with ordered data mode
Jan 14 10:03:05 montag kernel: [   10.074824] fuse init (API version 7.13)
Jan 14 10:03:05 montag kernel: [   10.428436] input: ACPI Virtual Keyboard Device as /devices/virtual/input/input9
Jan 14 10:03:05 montag kernel: [   11.440326] e1000e 0000:00:19.0: irq 27 for MSI/MSI-X
Jan 14 10:03:05 montag kernel: [   11.500077] e1000e 0000:00:19.0: irq 27 for MSI/MSI-X
Jan 14 10:03:08 montag kernel: [   15.513942] [drm] Initialized drm 1.1.0 20060810
Jan 14 10:03:08 montag kernel: [   15.664493] i915 0000:00:02.0: PCI INT A -> GSI 16 (level, low) -> IRQ 16
Jan 14 10:03:08 montag kernel: [   15.664498] i915 0000:00:02.0: setting latency timer to 64
Jan 14 10:03:08 montag kernel: [   15.681204] i915 0000:00:02.0: irq 30 for MSI/MSI-X
Jan 14 10:03:08 montag kernel: [   15.681213] [drm] set up 31M of stolen space
Jan 14 10:03:09 montag kernel: [   16.420051] [drm] TV-16: set mode NTSC 480i 0
Jan 14 10:03:09 montag kernel: [   16.442267] NET: Registered protocol family 10
Jan 14 10:03:09 montag kernel: [   16.442701] lo: Disabled Privacy Extensions
Jan 14 10:03:09 montag kernel: [   16.443112] ADDRCONF(NETDEV_UP): eth0: link is not ready
Jan 14 10:03:09 montag kernel: [   16.592230] No connectors reported conncted with modes
Jan 14 10:03:09 montag kernel: [   16.603727] fb0: inteldrmfb frame buffer device
Jan 14 10:03:09 montag kernel: [   16.603734] registered panic notifier
Jan 14 10:03:09 montag kernel: [   16.605477] ACPI Warning: _BQC returned an invalid level (20091214/video-631)
Jan 14 10:03:09 montag kernel: [   16.606512] acpi device:08: registered as cooling_device4
Jan 14 10:03:09 montag kernel: [   16.606776] input: Video Bus as /devices/LNXSYSTM:00/LNXSYBUS:00/PNP0A08:00/LNXVIDEO:01/input/input10
Jan 14 10:03:09 montag kernel: [   16.606810] ACPI: Video Device [GFX0] (multi-head: yes  rom: no  post: no)
Jan 14 10:03:09 montag kernel: [   16.606840] [drm] Initialized i915 1.6.0 20080730 for 0000:00:02.0 on minor 0
Jan 14 10:03:09 montag kernel: [   16.747987] Console: switching to colour frame buffer device 160x50
Jan 14 10:03:10 montag kernel: [   16.864141] [drm] LVDS-8: set mode 1280x800 1f
Jan 14 10:03:10 montag kernel: [   17.117056] [drm] TV-16: set mode NTSC 480i 0
Jan 14 10:03:10 montag kernel: [   17.332372] [drm] TV-16: set mode NTSC 480i 0
Jan 14 10:03:10 montag kernel: [   17.673066] [drm] TV-16: set mode NTSC 480i 0
Jan 14 10:03:11 montag kernel: [   17.889069] [drm] TV-16: set mode NTSC 480i 0
Jan 14 10:03:18 montag kernel: [   24.801892] iwlagn 0000:02:00.0: firmware: requesting iwlwifi-5000-2.ucode
Jan 14 10:03:18 montag kernel: [   24.867681] iwlagn 0000:02:00.0: loaded firmware version 8.24.2.12
Jan 14 10:03:18 montag kernel: [   25.034749] ADDRCONF(NETDEV_UP): wlan0: link is not ready
Jan 14 10:03:52 montag kernel: [   59.259455] wlan0: direct probe to AP 00:01:e3:ad:f6:b8 (try 1)
Jan 14 10:03:52 montag kernel: [   59.263967] wlan0: direct probe responded
Jan 14 10:03:52 montag kernel: [   59.263976] wlan0: authenticate with AP 00:01:e3:ad:f6:b8 (try 1)
Jan 14 10:03:52 montag kernel: [   59.267081] wlan0: authenticated
Jan 14 10:03:52 montag kernel: [   59.267120] wlan0: associate with AP 00:01:e3:ad:f6:b8 (try 1)
Jan 14 10:03:52 montag kernel: [   59.270491] wlan0: RX AssocResp from 00:01:e3:ad:f6:b8 (capab=0x431 status=0 aid=1)
Jan 14 10:03:52 montag kernel: [   59.270500] wlan0: associated
Jan 14 10:03:52 montag kernel: [   59.272821] ADDRCONF(NETDEV_CHANGE): wlan0: link becomes ready
Jan 14 10:04:02 montag kernel: [   69.572076] wlan0: no IPv6 routers present
Jan 14 10:08:07 montag kernel: Kernel logging (proc) stopped.
Jan 14 10:08:07 montag kernel: imklog 4.4.2, log source = /proc/kmsg started.
Jan 14 10:20:57 montag kernel: [ 1083.916074] [drm] TV-16: set mode NTSC 480i 0
Jan 14 10:20:57 montag kernel: [ 1084.088086] [drm] TV-16: set mode NTSC 480i 0
Jan 14 12:00:00 montag kernel: [ 7027.300046] [drm] TV-16: set mode NTSC 480i 0
Jan 14 12:00:01 montag kernel: [ 7027.860089] [drm] TV-16: set mode NTSC 480i 0
Jan 14 12:00:01 montag kernel: [ 7027.985051] mac80211-phy0: failed to remove key (0, 00:01:e3:ad:f6:b8) from hardware (-22)
Jan 14 12:00:01 montag kernel: [ 7027.985072] wlan0: deauthenticating from 00:01:e3:ad:f6:b8 by local choice (reason=3)
Jan 14 12:00:03 montag kernel: [ 7028.668039] [drm] LVDS-8: set mode 1280x800 1f
Jan 14 12:00:03 montag kernel: [ 7028.836047] [drm] LVDS-8: set mode 1280x800 1f
Jan 14 12:00:03 montag kernel: [ 7029.448036] [drm] LVDS-8: set mode 1280x800 1f
Jan 14 12:00:22 montag kernel: [ 7030.052150] PM: Syncing filesystems ... done.
Jan 14 12:00:22 montag kernel: [ 7030.084620] Freezing user space processes ... (elapsed 0.01 seconds) done.
Jan 14 12:00:22 montag kernel: [ 7030.104036] Freezing remaining freezable tasks ... (elapsed 0.01 seconds) done.
Jan 14 12:00:22 montag kernel: [ 7030.116056] Suspending console(s) (use no_console_suspend to debug)
Jan 14 12:00:22 montag kernel: [ 7030.216121] sd 0:0:0:0: [sda] Synchronizing SCSI cache
Jan 14 12:00:22 montag kernel: [ 7030.216264] sd 0:0:0:0: [sda] Stopping disk
Jan 14 12:00:22 montag kernel: [ 7030.798197] serial 00:08: disabled
Jan 14 12:00:22 montag kernel: [ 7030.798339] sdhci-pci 0000:06:09.1: PCI INT C disabled
Jan 14 12:00:22 montag kernel: [ 7030.812119] sdhci-pci 0000:06:09.1: power state changed by ACPI to D3
Jan 14 12:00:22 montag kernel: [ 7030.828110] pci 0000:00:1f.3: PCI INT C disabled
Jan 14 12:00:22 montag kernel: [ 7030.908076] ehci_hcd 0000:00:1d.7: PCI INT A disabled
Jan 14 12:00:22 montag kernel: [ 7030.908084] uhci_hcd 0000:00:1d.2: PCI INT C disabled
Jan 14 12:00:22 montag kernel: [ 7030.908091] uhci_hcd 0000:00:1d.1: PCI INT B disabled
Jan 14 12:00:22 montag kernel: [ 7030.908098] uhci_hcd 0000:00:1d.0: PCI INT A disabled
Jan 14 12:00:22 montag kernel: [ 7031.220127] HDA Intel 0000:00:1b.0: PCI INT A disabled
Jan 14 12:00:22 montag kernel: [ 7031.236082] ehci_hcd 0000:00:1a.7: PCI INT C disabled
Jan 14 12:00:22 montag kernel: [ 7031.236089] uhci_hcd 0000:00:1a.2: PCI INT C disabled
Jan 14 12:00:22 montag kernel: [ 7031.236097] uhci_hcd 0000:00:1a.1: PCI INT B disabled
Jan 14 12:00:22 montag kernel: [ 7031.236104] uhci_hcd 0000:00:1a.0: PCI INT A disabled
Jan 14 12:00:22 montag kernel: [ 7031.304326] e1000e 0000:00:19.0: PCI INT A disabled
Jan 14 12:00:22 montag kernel: [ 7031.304331] e1000e 0000:00:19.0: PME# enabled
Jan 14 12:00:22 montag kernel: [ 7031.304338] e1000e 0000:00:19.0: wake-up capability enabled by ACPI
Jan 14 12:00:22 montag kernel: [ 7031.344284] PM: suspend of devices complete after 1228.026 msecs
Jan 14 12:00:22 montag kernel: [ 7031.344346] ricoh-mmc: Suspending.
Jan 14 12:00:22 montag kernel: [ 7031.344359] ricoh-mmc: Controller is now re-enabled.
Jan 14 12:00:22 montag kernel: [ 7031.376128] PM: late suspend of devices complete after 31.838 msecs
Jan 14 12:00:22 montag kernel: [ 7031.376558] ACPI: Preparing to enter system sleep state S3
Jan 14 12:00:22 montag kernel: [ 7031.393290] Disabling non-boot CPUs ...
Jan 14 12:00:22 montag kernel: [ 7031.544028] CPU 1 is now offline
Jan 14 12:00:22 montag kernel: [ 7031.544031] SMP alternatives: switching to UP code
Jan 14 12:00:22 montag kernel: [ 7031.548884] Task events/1 (pid = 10) is on cpu 1				(state = 1, flags = 84208040) 
Jan 14 12:00:22 montag kernel: [ 7031.548888] Task kblockd/1 (pid = 103) is on cpu 1				(state = 1, flags = 84208040) 
Jan 14 12:00:22 montag kernel: [ 7031.548891] Task kseriod (pid = 243) is on cpu 1				(state = 1, flags = 80208040) 
Jan 14 12:00:22 montag kernel: [ 7031.548893] Task kondemand/1 (pid = 277) is on cpu 1				(state = 1, flags = 84208040) 
Jan 14 12:00:22 montag kernel: [ 7031.548896] Task scsi_eh_1 (pid = 415) is on cpu 1				(state = 1, flags = 80208040) 
Jan 14 12:00:22 montag kernel: [ 7031.548899] Task udevd (pid = 521) is on cpu 1				(state = 2, flags = 414140) 
Jan 14 12:00:22 montag kernel: [ 7031.548901] Task cfg80211 (pid = 739) is on cpu 1				(state = 1, flags = 80208040) 
Jan 14 12:00:22 montag kernel: [ 7031.548904] Task iwlagn (pid = 778) is on cpu 1				(state = 1, flags = 80208040) 
Jan 14 12:00:22 montag kernel: [ 7031.548907] Task phy0 (pid = 779) is on cpu 1				(state = 1, flags = 80208040) 
Jan 14 12:00:22 montag kernel: [ 7031.548910] Task Xorg (pid = 1443) is on cpu 1				(state = 2, flags = 416100) 
Jan 14 12:00:22 montag kernel: [ 7031.548912] Task i915 (pid = 1483) is on cpu 1				(state = 1, flags = 80208040) 
Jan 14 12:00:22 montag kernel: [ 7031.548915] Task dbus-daemon (pid = 1484) is on cpu 1				(state = 2, flags = 416140) 
Jan 14 12:00:22 montag kernel: [ 7031.548918] Task getty (pid = 1644) is on cpu 1				(state = 2, flags = 414000) 
Jan 14 12:00:22 montag kernel: [ 7031.548921] Task getty (pid = 1646) is on cpu 1				(state = 2, flags = 414000) 
Jan 14 12:00:22 montag kernel: [ 7031.548923] Task udevd (pid = 1648) is on cpu 1				(state = 2, flags = 414140) 
Jan 14 12:00:22 montag kernel: [ 7031.548926] Task ck-launch-sessi (pid = 1655) is on cpu 1				(state = 2, flags = 414100) 
Jan 14 12:00:22 montag kernel: [ 7031.548928] Task ssh-agent (pid = 1687) is on cpu 1				(state = 2, flags = 416040) 
Jan 14 12:00:22 montag kernel: [ 7031.548931] Task console-kit-dae (pid = 1689) is on cpu 1				(state = 2, flags = 414100) 
Jan 14 12:00:22 montag kernel: [ 7031.548934] Task dbus-daemon (pid = 1766) is on cpu 1				(state = 2, flags = 416040) 
Jan 14 12:00:22 montag kernel: [ 7031.548937] Task xfwm4 (pid = 1774) is on cpu 1				(state = 2, flags = 416000) 
Jan 14 12:00:22 montag kernel: [ 7031.548939] Task liferea (pid = 1780) is on cpu 1				(state = 2, flags = 416000) 
Jan 14 12:00:22 montag kernel: [ 7031.548942] Task Thunar (pid = 1789) is on cpu 1				(state = 2, flags = 416000) 
Jan 14 12:00:22 montag kernel: [ 7031.548945] Task gconfd-2 (pid = 1795) is on cpu 1				(state = 2, flags = 416000) 
Jan 14 12:00:22 montag kernel: [ 7031.548947] Task empathy (pid = 1804) is on cpu 1				(state = 2, flags = 416000) 
Jan 14 12:00:22 montag kernel: [ 7031.548950] Task polkit-gnome-au (pid = 1808) is on cpu 1				(state = 2, flags = 416000) 
Jan 14 12:00:22 montag kernel: [ 7031.548953] Task devkit-power-da (pid = 1810) is on cpu 1				(state = 2, flags = 416100) 
Jan 14 12:00:22 montag kernel: [ 7031.548955] Task nm-applet (pid = 1814) is on cpu 1				(state = 2, flags = 416000) 
Jan 14 12:00:22 montag kernel: [ 7031.548958] Task polkitd (pid = 1816) is on cpu 1				(state = 2, flags = 414100) 
Jan 14 12:00:22 montag kernel: [ 7031.548960] Task notification-da (pid = 1824) is on cpu 1				(state = 2, flags = 416000) 
Jan 14 12:00:22 montag kernel: [ 7031.548963] Task mission-control (pid = 1869) is on cpu 1				(state = 2, flags = 414000) 
Jan 14 12:00:22 montag kernel: [ 7031.548966] Task gnome-keyring-d (pid = 1871) is on cpu 1				(state = 2, flags = 414000) 
Jan 14 12:00:22 montag kernel: [ 7031.548969] Task gvfs-gdu-volume (pid = 1879) is on cpu 1				(state = 2, flags = 416000) 
Jan 14 12:00:22 montag kernel: [ 7031.548971] Task devkit-disks-da (pid = 1881) is on cpu 1				(state = 2, flags = 416100) 
Jan 14 12:00:22 montag kernel: [ 7031.548974] Task gvfs-gphoto2-vo (pid = 1885) is on cpu 1				(state = 2, flags = 414000) 
Jan 14 12:00:22 montag kernel: [ 7031.548977] Task bonobo-activati (pid = 1910) is on cpu 1				(state = 2, flags = 416000) 
Jan 14 12:00:22 montag kernel: [ 7031.548979] Task evolution-data- (pid = 1915) is on cpu 1				(state = 2, flags = 414000) 
Jan 14 12:00:22 montag kernel: [ 7031.548982] Task telepathy-gabbl (pid = 1938) is on cpu 1				(state = 2, flags = 416000) 
Jan 14 12:00:22 montag kernel: [ 7031.548985] Task avahi-autoipd (pid = 1998) is on cpu 1				(state = 2, flags = 416140) 
Jan 14 12:00:22 montag kernel: [ 7031.548987] Task dhclient3 (pid = 2005) is on cpu 1				(state = 2, flags = 414040) 
Jan 14 12:00:22 montag kernel: [ 7031.548990] Task avahi-daemon (pid = 3255) is on cpu 1				(state = 2, flags = 416140) 
Jan 14 12:00:22 montag kernel: [ 7031.548993] Task sylpheed (pid = 3914) is on cpu 1				(state = 2, flags = 416000) 
Jan 14 12:00:22 montag kernel: [ 7031.548996] Task pm-suspend (pid = 4046) is on cpu 1				(state = 2, flags = 414000) 
Jan 14 12:00:22 montag kernel: [ 7031.548998] Task nm-dispatcher.a (pid = 4130) is on cpu 1				(state = 2, flags = 414100) 
Jan 14 12:00:22 montag kernel: [ 7031.549128] Extended CMOS year: 2000
Jan 14 12:00:22 montag kernel: [ 7031.549128] Back to C!
Jan 14 12:00:22 montag kernel: [ 7031.549128] Extended CMOS year: 2000
Jan 14 12:00:22 montag kernel: [ 7031.549128] Enabling non-boot CPUs ...
Jan 14 12:00:22 montag kernel: [ 7031.560090] SMP alternatives: switching to SMP code
Jan 14 12:00:22 montag kernel: [ 7031.564542] Booting Node 0 Processor 1 APIC 0x1
Jan 14 12:00:22 montag kernel: [ 7031.676386] CPU1 is up
Jan 14 12:00:22 montag kernel: [ 7031.676929] ACPI: Waking up from system sleep state S3
Jan 14 12:00:22 montag kernel: [ 7031.924898] i915 0000:00:02.0: restoring config space at offset 0xf (was 0x100, writing 0x10b)
Jan 14 12:00:22 montag kernel: [ 7031.924909] i915 0000:00:02.0: restoring config space at offset 0x1 (was 0x900007, writing 0x900407)
Jan 14 12:00:22 montag kernel: [ 7031.924934] pci 0000:00:02.1: restoring config space at offset 0x1 (was 0x900000, writing 0x900007)
Jan 14 12:00:22 montag kernel: [ 7031.924956] e1000e 0000:00:19.0: restoring config space at offset 0xf (was 0x100, writing 0x10b)
Jan 14 12:00:22 montag kernel: [ 7031.924973] e1000e 0000:00:19.0: restoring config space at offset 0x6 (was 0x1, writing 0x1821)
Jan 14 12:00:22 montag kernel: [ 7031.924979] e1000e 0000:00:19.0: restoring config space at offset 0x5 (was 0x0, writing 0xf8624000)
Jan 14 12:00:22 montag kernel: [ 7031.924984] e1000e 0000:00:19.0: restoring config space at offset 0x4 (was 0x0, writing 0xf8600000)
Jan 14 12:00:22 montag kernel: [ 7031.924993] e1000e 0000:00:19.0: restoring config space at offset 0x1 (was 0x100000, writing 0x100007)
Jan 14 12:00:22 montag kernel: [ 7031.925042] uhci_hcd 0000:00:1a.0: restoring config space at offset 0x1 (was 0x2900005, writing 0x2900001)
Jan 14 12:00:22 montag kernel: [ 7031.925081] uhci_hcd 0000:00:1a.1: restoring config space at offset 0x1 (was 0x2900005, writing 0x2900001)
Jan 14 12:00:22 montag kernel: [ 7031.925120] uhci_hcd 0000:00:1a.2: restoring config space at offset 0x1 (was 0x2900005, writing 0x2900001)
Jan 14 12:00:22 montag kernel: [ 7031.925166] ehci_hcd 0000:00:1a.7: restoring config space at offset 0x1 (was 0x2900006, writing 0x2900002)
Jan 14 12:00:22 montag kernel: [ 7031.925200] HDA Intel 0000:00:1b.0: restoring config space at offset 0xf (was 0x100, writing 0x105)
Jan 14 12:00:22 montag kernel: [ 7031.925221] HDA Intel 0000:00:1b.0: restoring config space at offset 0x3 (was 0x0, writing 0x10)
Jan 14 12:00:22 montag kernel: [ 7031.925228] HDA Intel 0000:00:1b.0: restoring config space at offset 0x1 (was 0x100000, writing 0x100002)
Jan 14 12:00:22 montag kernel: [ 7031.925260] pcieport 0000:00:1c.0: restoring config space at offset 0xf (was 0x40100, writing 0x4010a)
Jan 14 12:00:22 montag kernel: [ 7031.925272] pcieport 0000:00:1c.0: restoring config space at offset 0x9 (was 0x10001, writing 0xf1f1f001)
Jan 14 12:00:22 montag kernel: [ 7031.925278] pcieport 0000:00:1c.0: restoring config space at offset 0x8 (was 0x0, writing 0xf5f0f400)
Jan 14 12:00:22 montag kernel: [ 7031.925284] pcieport 0000:00:1c.0: restoring config space at offset 0x7 (was 0x20000000, writing 0x2020)
Jan 14 12:00:22 montag kernel: [ 7031.925294] pcieport 0000:00:1c.0: restoring config space at offset 0x3 (was 0x810000, writing 0x810010)
Jan 14 12:00:22 montag kernel: [ 7031.925301] pcieport 0000:00:1c.0: restoring config space at offset 0x1 (was 0x100000, writing 0x100407)
Jan 14 12:00:22 montag kernel: [ 7031.925348] pcieport 0000:00:1c.2: restoring config space at offset 0xf (was 0x40300, writing 0x40305)
Jan 14 12:00:22 montag kernel: [ 7031.925361] pcieport 0000:00:1c.2: restoring config space at offset 0x9 (was 0x10001, writing 0xf3f1f201)
Jan 14 12:00:22 montag kernel: [ 7031.925369] pcieport 0000:00:1c.2: restoring config space at offset 0x7 (was 0x20000000, writing 0x3030)
Jan 14 12:00:22 montag kernel: [ 7031.925379] pcieport 0000:00:1c.2: restoring config space at offset 0x3 (was 0x810000, writing 0x810010)
Jan 14 12:00:22 montag kernel: [ 7031.925386] pcieport 0000:00:1c.2: restoring config space at offset 0x1 (was 0x100000, writing 0x100407)
Jan 14 12:00:22 montag kernel: [ 7031.925447] uhci_hcd 0000:00:1d.0: restoring config space at offset 0x1 (was 0x2900005, writing 0x2900001)
Jan 14 12:00:22 montag kernel: [ 7031.925486] uhci_hcd 0000:00:1d.1: restoring config space at offset 0x1 (was 0x2900005, writing 0x2900001)
Jan 14 12:00:22 montag kernel: [ 7031.925525] uhci_hcd 0000:00:1d.2: restoring config space at offset 0x1 (was 0x2900005, writing 0x2900001)
Jan 14 12:00:22 montag kernel: [ 7031.925572] ehci_hcd 0000:00:1d.7: restoring config space at offset 0x1 (was 0x2900006, writing 0x2900002)
Jan 14 12:00:22 montag kernel: [ 7031.925597] pci 0000:00:1e.0: restoring config space at offset 0xf (was 0x40000, writing 0x400ff)
Jan 14 12:00:22 montag kernel: [ 7031.925610] pci 0000:00:1e.0: restoring config space at offset 0x9 (was 0x10001, writing 0xc3f1c001)
Jan 14 12:00:22 montag kernel: [ 7031.925616] pci 0000:00:1e.0: restoring config space at offset 0x8 (was 0x0, writing 0xf850f850)
Jan 14 12:00:22 montag kernel: [ 7031.925621] pci 0000:00:1e.0: restoring config space at offset 0x7 (was 0x22800000, writing 0x22804040)
Jan 14 12:00:22 montag kernel: [ 7031.925627] pci 0000:00:1e.0: restoring config space at offset 0x6 (was 0x20070600, writing 0x200a0600)
Jan 14 12:00:22 montag kernel: [ 7031.925639] pci 0000:00:1e.0: restoring config space at offset 0x1 (was 0x100000, writing 0x100007)
Jan 14 12:00:22 montag kernel: [ 7031.925712] ahci 0000:00:1f.2: restoring config space at offset 0xf (was 0x200, writing 0x205)
Jan 14 12:00:22 montag kernel: [ 7031.925737] ahci 0000:00:1f.2: restoring config space at offset 0x1 (was 0x2b00007, writing 0x2b00407)
Jan 14 12:00:22 montag kernel: [ 7031.925788] pci 0000:00:1f.3: restoring config space at offset 0x4 (was 0x4, writing 0xc4000004)
Jan 14 12:00:22 montag kernel: [ 7031.925855] iwlagn 0000:02:00.0: restoring config space at offset 0xf (was 0x100, writing 0x10b)
Jan 14 12:00:22 montag kernel: [ 7031.925910] iwlagn 0000:02:00.0: restoring config space at offset 0x4 (was 0x4, writing 0xf4000004)
Jan 14 12:00:22 montag kernel: [ 7031.925938] iwlagn 0000:02:00.0: restoring config space at offset 0x3 (was 0x0, writing 0x10)
Jan 14 12:00:22 montag kernel: [ 7031.925968] iwlagn 0000:02:00.0: restoring config space at offset 0x1 (was 0x100000, writing 0x100006)
Jan 14 12:00:22 montag kernel: [ 7031.926060] yenta_cardbus 0000:06:09.0: restoring config space at offset 0xf (was 0x7000100, writing 0x58001ff)
Jan 14 12:00:22 montag kernel: [ 7031.926066] yenta_cardbus 0000:06:09.0: restoring config space at offset 0xe (was 0x0, writing 0x44fc)
Jan 14 12:00:22 montag kernel: [ 7031.926071] yenta_cardbus 0000:06:09.0: restoring config space at offset 0xd (was 0x0, writing 0x4400)
Jan 14 12:00:22 montag kernel: [ 7031.926077] yenta_cardbus 0000:06:09.0: restoring config space at offset 0xc (was 0x0, writing 0x40fc)
Jan 14 12:00:22 montag kernel: [ 7031.926083] yenta_cardbus 0000:06:09.0: restoring config space at offset 0xb (was 0x0, writing 0x4000)
Jan 14 12:00:22 montag kernel: [ 7031.926089] yenta_cardbus 0000:06:09.0: restoring config space at offset 0xa (was 0x0, writing 0xcbfff000)
Jan 14 12:00:22 montag kernel: [ 7031.926095] yenta_cardbus 0000:06:09.0: restoring config space at offset 0x9 (was 0x0, writing 0xc8000000)
Jan 14 12:00:22 montag kernel: [ 7031.926100] yenta_cardbus 0000:06:09.0: restoring config space at offset 0x8 (was 0x0, writing 0xc3fff000)
Jan 14 12:00:22 montag kernel: [ 7031.926106] yenta_cardbus 0000:06:09.0: restoring config space at offset 0x7 (was 0x0, writing 0xc0000000)
Jan 14 12:00:22 montag kernel: [ 7031.926113] yenta_cardbus 0000:06:09.0: restoring config space at offset 0x6 (was 0x0, writing 0xb00a0706)
Jan 14 12:00:22 montag kernel: [ 7031.926120] yenta_cardbus 0000:06:09.0: restoring config space at offset 0x4 (was 0x0, writing 0xf8500000)
Jan 14 12:00:22 montag kernel: [ 7031.926126] yenta_cardbus 0000:06:09.0: restoring config space at offset 0x3 (was 0x824000, writing 0x82a800)
Jan 14 12:00:22 montag kernel: [ 7031.926261] sdhci-pci 0000:06:09.1: restoring config space at offset 0xf (was 0x300, writing 0x3ff)
Jan 14 12:00:22 montag kernel: [ 7031.926281] sdhci-pci 0000:06:09.1: restoring config space at offset 0x4 (was 0x0, writing 0xf8501000)
Jan 14 12:00:22 montag kernel: [ 7031.926287] sdhci-pci 0000:06:09.1: restoring config space at offset 0x3 (was 0x800000, writing 0x804010)
Jan 14 12:00:22 montag kernel: [ 7031.926295] sdhci-pci 0000:06:09.1: restoring config space at offset 0x1 (was 0x2100000, writing 0x2100006)
Jan 14 12:00:22 montag kernel: [ 7031.926317] ricoh-mmc 0000:06:09.2: restoring config space at offset 0xf (was 0x300, writing 0x3ff)
Jan 14 12:00:22 montag kernel: [ 7031.926338] ricoh-mmc 0000:06:09.2: restoring config space at offset 0x4 (was 0x0, writing 0xf8501400)
Jan 14 12:00:22 montag kernel: [ 7031.926344] ricoh-mmc 0000:06:09.2: restoring config space at offset 0x3 (was 0x800000, writing 0x802010)
Jan 14 12:00:22 montag kernel: [ 7031.926351] ricoh-mmc 0000:06:09.2: restoring config space at offset 0x1 (was 0x2100000, writing 0x2100006)
Jan 14 12:00:22 montag kernel: [ 7031.926363] ricoh-mmc: Resuming.
Jan 14 12:00:22 montag kernel: [ 7031.926376] ricoh-mmc: Controller is now disabled.
Jan 14 12:00:22 montag kernel: [ 7031.926407] PM: early resume of devices complete after 1.543 msecs
Jan 14 12:00:22 montag kernel: [ 7031.953786] i915 0000:00:02.0: setting latency timer to 64
Jan 14 12:00:22 montag kernel: [ 7032.048274] e1000e 0000:00:19.0: PCI INT A -> GSI 20 (level, low) -> IRQ 20
Jan 14 12:00:22 montag kernel: [ 7032.048279] e1000e 0000:00:19.0: setting latency timer to 64
Jan 14 12:00:22 montag kernel: [ 7032.048293] e1000e 0000:00:19.0: wake-up capability disabled by ACPI
Jan 14 12:00:22 montag kernel: [ 7032.048298] e1000e 0000:00:19.0: PME# disabled
Jan 14 12:00:22 montag kernel: [ 7032.048338] e1000e 0000:00:19.0: irq 27 for MSI/MSI-X
Jan 14 12:00:22 montag kernel: [ 7032.116239] uhci_hcd 0000:00:1a.0: PCI INT A -> GSI 16 (level, low) -> IRQ 16
Jan 14 12:00:22 montag kernel: [ 7032.116246] uhci_hcd 0000:00:1a.0: setting latency timer to 64
Jan 14 12:00:22 montag kernel: [ 7032.116270] usb usb3: root hub lost power or was reset
Jan 14 12:00:22 montag kernel: [ 7032.116288] uhci_hcd 0000:00:1a.1: PCI INT B -> GSI 21 (level, low) -> IRQ 21
Jan 14 12:00:22 montag kernel: [ 7032.116295] uhci_hcd 0000:00:1a.1: setting latency timer to 64
Jan 14 12:00:22 montag kernel: [ 7032.116319] usb usb4: root hub lost power or was reset
Jan 14 12:00:22 montag kernel: [ 7032.116352] uhci_hcd 0000:00:1a.2: PCI INT C -> GSI 19 (level, low) -> IRQ 19
Jan 14 12:00:22 montag kernel: [ 7032.116369] uhci_hcd 0000:00:1a.2: setting latency timer to 64
Jan 14 12:00:22 montag kernel: [ 7032.116394] usb usb5: root hub lost power or was reset
Jan 14 12:00:22 montag kernel: [ 7032.116417] ehci_hcd 0000:00:1a.7: PCI INT C -> GSI 19 (level, low) -> IRQ 19
Jan 14 12:00:22 montag kernel: [ 7032.116434] ehci_hcd 0000:00:1a.7: setting latency timer to 64
Jan 14 12:00:22 montag kernel: [ 7032.116469] HDA Intel 0000:00:1b.0: PCI INT A -> GSI 22 (level, low) -> IRQ 22
Jan 14 12:00:22 montag kernel: [ 7032.116484] HDA Intel 0000:00:1b.0: setting latency timer to 64
Jan 14 12:00:22 montag kernel: [ 7032.116563] HDA Intel 0000:00:1b.0: irq 29 for MSI/MSI-X
Jan 14 12:00:22 montag kernel: [ 7032.116600] uhci_hcd 0000:00:1d.0: PCI INT A -> GSI 23 (level, low) -> IRQ 23
Jan 14 12:00:22 montag kernel: [ 7032.116606] uhci_hcd 0000:00:1d.0: setting latency timer to 64
Jan 14 12:00:22 montag kernel: [ 7032.116629] usb usb6: root hub lost power or was reset
Jan 14 12:00:22 montag kernel: [ 7032.116660] uhci_hcd 0000:00:1d.1: PCI INT B -> GSI 19 (level, low) -> IRQ 19
Jan 14 12:00:22 montag kernel: [ 7032.116677] uhci_hcd 0000:00:1d.1: setting latency timer to 64
Jan 14 12:00:22 montag kernel: [ 7032.116701] usb usb7: root hub lost power or was reset
Jan 14 12:00:22 montag kernel: [ 7032.116724] uhci_hcd 0000:00:1d.2: PCI INT C -> GSI 18 (level, low) -> IRQ 18
Jan 14 12:00:22 montag kernel: [ 7032.116741] uhci_hcd 0000:00:1d.2: setting latency timer to 64
Jan 14 12:00:22 montag kernel: [ 7032.116765] usb usb8: root hub lost power or was reset
Jan 14 12:00:22 montag kernel: [ 7032.116785] ehci_hcd 0000:00:1d.7: PCI INT A -> GSI 23 (level, low) -> IRQ 23
Jan 14 12:00:22 montag kernel: [ 7032.116802] ehci_hcd 0000:00:1d.7: setting latency timer to 64
Jan 14 12:00:22 montag kernel: [ 7032.116828] pci 0000:00:1e.0: setting latency timer to 64
Jan 14 12:00:22 montag kernel: [ 7032.116839] ahci 0000:00:1f.2: setting latency timer to 64
Jan 14 12:00:22 montag kernel: [ 7032.116936] pci 0000:00:1f.3: PCI INT C -> GSI 19 (level, low) -> IRQ 19
Jan 14 12:00:22 montag kernel: [ 7032.116978] iwlagn 0000:02:00.0: RF_KILL bit toggled to enable radio.
Jan 14 12:00:22 montag kernel: [ 7032.256074] sdhci-pci 0000:06:09.1: PCI INT C -> GSI 18 (level, low) -> IRQ 18
Jan 14 12:00:22 montag kernel: [ 7032.256077] sdhci-pci 0000:06:09.1: Will use DMA mode even though HW doesn't fully claim to support it.
Jan 14 12:00:22 montag kernel: [ 7032.256918] serial 00:08: activated
Jan 14 12:00:22 montag kernel: [ 7032.259812] sd 0:0:0:0: [sda] Starting disk
Jan 14 12:00:22 montag kernel: [ 7032.445425] ata2: SATA link up 1.5 Gbps (SStatus 113 SControl 300)
Jan 14 12:00:22 montag kernel: [ 7032.452041] ata5: SATA link down (SStatus 0 SControl 300)
Jan 14 12:00:22 montag kernel: [ 7032.460038] ata6: SATA link down (SStatus 0 SControl 300)
Jan 14 12:00:22 montag kernel: [ 7032.546592] ata2.00: configured for UDMA/100
Jan 14 12:00:22 montag kernel: [ 7033.669094] ata1: SATA link up 3.0 Gbps (SStatus 123 SControl 300)
Jan 14 12:00:22 montag kernel: [ 7033.685553] ata1.00: configured for UDMA/133
Jan 14 12:00:22 montag kernel: [ 7034.712040] usb 1-3: reset high speed USB device using ehci_hcd and address 2
Jan 14 12:00:22 montag kernel: [ 7036.276040] usb 4-2: reset full speed USB device using uhci_hcd and address 2
Jan 14 12:00:22 montag kernel: [ 7036.888030] usb 6-2: reset low speed USB device using uhci_hcd and address 2
Jan 14 12:00:22 montag kernel: [ 7037.399137] PM: resume of devices complete after 5472.697 msecs
Jan 14 12:00:22 montag kernel: [ 7037.399440] Restarting tasks ... done.
Jan 14 12:00:22 montag kernel: [ 7037.508038] [drm] LVDS-8: set mode 1280x800 1f
Jan 14 12:00:22 montag kernel: [ 7037.724080] [drm] TV-16: set mode NTSC 480i 0
Jan 14 12:00:22 montag kernel: [ 7037.745740] ADDRCONF(NETDEV_UP): wlan0: link is not ready
Jan 14 12:00:22 montag kernel: [ 7037.892067] [drm] TV-16: set mode NTSC 480i 0
Jan 14 12:00:34 montag kernel: [ 7038.542999] PM: Syncing filesystems ... done.
Jan 14 12:00:34 montag kernel: [ 7038.585604] Freezing user space processes ... (elapsed 0.01 seconds) done.
Jan 14 12:00:34 montag kernel: [ 7038.601067] Freezing remaining freezable tasks ... (elapsed 0.01 seconds) done.
Jan 14 12:00:34 montag kernel: [ 7038.616053] Suspending console(s) (use no_console_suspend to debug)
Jan 14 12:00:34 montag kernel: [ 7038.716131] sd 0:0:0:0: [sda] Synchronizing SCSI cache
Jan 14 12:00:34 montag kernel: [ 7038.771459] sd 0:0:0:0: [sda] Stopping disk
Jan 14 12:00:34 montag kernel: [ 7039.335430] serial 00:08: disabled
Jan 14 12:00:34 montag kernel: [ 7039.335573] sdhci-pci 0000:06:09.1: PCI INT C disabled
Jan 14 12:00:34 montag kernel: [ 7039.348120] sdhci-pci 0000:06:09.1: power state changed by ACPI to D3
Jan 14 12:00:34 montag kernel: [ 7039.364096] pci 0000:00:1f.3: PCI INT C disabled
Jan 14 12:00:34 montag kernel: [ 7039.444075] ehci_hcd 0000:00:1d.7: PCI INT A disabled
Jan 14 12:00:34 montag kernel: [ 7039.444083] uhci_hcd 0000:00:1d.2: PCI INT C disabled
Jan 14 12:00:34 montag kernel: [ 7039.444091] uhci_hcd 0000:00:1d.1: PCI INT B disabled
Jan 14 12:00:34 montag kernel: [ 7039.444098] uhci_hcd 0000:00:1d.0: PCI INT A disabled
Jan 14 12:00:34 montag kernel: [ 7039.444120] HDA Intel 0000:00:1b.0: PCI INT A disabled
Jan 14 12:00:34 montag kernel: [ 7039.460076] ehci_hcd 0000:00:1a.7: PCI INT C disabled
Jan 14 12:00:34 montag kernel: [ 7039.460084] uhci_hcd 0000:00:1a.2: PCI INT C disabled
Jan 14 12:00:34 montag kernel: [ 7039.460091] uhci_hcd 0000:00:1a.1: PCI INT B disabled
Jan 14 12:00:34 montag kernel: [ 7039.460098] uhci_hcd 0000:00:1a.0: PCI INT A disabled
Jan 14 12:00:34 montag kernel: [ 7039.528346] e1000e 0000:00:19.0: PCI INT A disabled
Jan 14 12:00:34 montag kernel: [ 7039.528353] e1000e 0000:00:19.0: PME# enabled
Jan 14 12:00:34 montag kernel: [ 7039.528360] e1000e 0000:00:19.0: wake-up capability enabled by ACPI
Jan 14 12:00:34 montag kernel: [ 7039.560196] PM: suspend of devices complete after 943.923 msecs
Jan 14 12:00:34 montag kernel: [ 7039.560252] ricoh-mmc: Suspending.
Jan 14 12:00:34 montag kernel: [ 7039.560265] ricoh-mmc: Controller is now re-enabled.
Jan 14 12:00:34 montag kernel: [ 7039.592125] PM: late suspend of devices complete after 31.924 msecs
Jan 14 12:00:34 montag kernel: [ 7039.592551] ACPI: Preparing to enter system sleep state S3
Jan 14 12:00:34 montag kernel: [ 7039.609310] Disabling non-boot CPUs ...
Jan 14 12:00:34 montag kernel: [ 7039.776028] CPU 1 is now offline
Jan 14 12:00:34 montag kernel: [ 7039.776031] SMP alternatives: switching to UP code
Jan 14 12:00:34 montag kernel: [ 7039.780929] Task kseriod (pid = 243) is on cpu 1				(state = 1, flags = 80208040) 
Jan 14 12:00:34 montag kernel: [ 7039.780932] Task udevd (pid = 521) is on cpu 1				(state = 2, flags = 414140) 
Jan 14 12:00:34 montag kernel: [ 7039.780935] Task cfg80211 (pid = 739) is on cpu 1				(state = 1, flags = 80208040) 
Jan 14 12:00:34 montag kernel: [ 7039.780938] Task Xorg (pid = 1443) is on cpu 1				(state = 2, flags = 416100) 
Jan 14 12:00:34 montag kernel: [ 7039.780941] Task i915 (pid = 1483) is on cpu 1				(state = 1, flags = 80208040) 
Jan 14 12:00:34 montag kernel: [ 7039.780944] Task dbus-daemon (pid = 1484) is on cpu 1				(state = 2, flags = 416140) 
Jan 14 12:00:34 montag kernel: [ 7039.780946] Task hald (pid = 1530) is on cpu 1				(state = 2, flags = 416140) 
Jan 14 12:00:34 montag kernel: [ 7039.780949] Task hald-addon-inpu (pid = 1565) is on cpu 1				(state = 2, flags = 416000) 
Jan 14 12:00:34 montag kernel: [ 7039.780951] Task hald-addon-rfki (pid = 1568) is on cpu 1				(state = 2, flags = 414000) 
Jan 14 12:00:34 montag kernel: [ 7039.780955] Task hald-addon-acpi (pid = 1582) is on cpu 1				(state = 2, flags = 414100) 
Jan 14 12:00:34 montag kernel: [ 7039.780957] Task NetworkManager (pid = 1618) is on cpu 1				(state = 2, flags = 416140) 
Jan 14 12:00:34 montag kernel: [ 7039.780960] Task nm-system-setti (pid = 1628) is on cpu 1				(state = 2, flags = 414100) 
Jan 14 12:00:34 montag kernel: [ 7039.780962] Task wpa_supplicant (pid = 1629) is on cpu 1				(state = 2, flags = 416100) 
Jan 14 12:00:34 montag kernel: [ 7039.780965] Task getty (pid = 1644) is on cpu 1				(state = 2, flags = 414000) 
Jan 14 12:00:34 montag kernel: [ 7039.780968] Task getty (pid = 1646) is on cpu 1				(state = 2, flags = 414000) 
Jan 14 12:00:34 montag kernel: [ 7039.780970] Task udevd (pid = 1648) is on cpu 1				(state = 2, flags = 414140) 
Jan 14 12:00:34 montag kernel: [ 7039.780973] Task udevd (pid = 1652) is on cpu 1				(state = 2, flags = 414140) 
Jan 14 12:00:34 montag kernel: [ 7039.780976] Task ck-launch-sessi (pid = 1655) is on cpu 1				(state = 2, flags = 414100) 
Jan 14 12:00:34 montag kernel: [ 7039.780979] Task ssh-agent (pid = 1687) is on cpu 1				(state = 2, flags = 416040) 
Jan 14 12:00:34 montag kernel: [ 7039.780981] Task console-kit-dae (pid = 1689) is on cpu 1				(state = 2, flags = 414100) 
Jan 14 12:00:34 montag kernel: [ 7039.780984] Task x-session-manag (pid = 1762) is on cpu 1				(state = 2, flags = 416000) 
Jan 14 12:00:34 montag kernel: [ 7039.780987] Task dbus-daemon (pid = 1766) is on cpu 1				(state = 2, flags = 416040) 
Jan 14 12:00:34 montag kernel: [ 7039.780990] Task xfwm4 (pid = 1774) is on cpu 1				(state = 2, flags = 416000) 
Jan 14 12:00:34 montag kernel: [ 7039.780992] Task xfsettingsd (pid = 1775) is on cpu 1				(state = 2, flags = 416040) 
Jan 14 12:00:34 montag kernel: [ 7039.780995] Task xfdesktop (pid = 1776) is on cpu 1				(state = 2, flags = 416000) 
Jan 14 12:00:34 montag kernel: [ 7039.780998] Task xfce4-settings- (pid = 1779) is on cpu 1				(state = 2, flags = 416040) 
Jan 14 12:00:34 montag kernel: [ 7039.781001] Task xfce4-menu-plug (pid = 1783) is on cpu 1				(state = 2, flags = 416000) 
Jan 14 12:00:34 montag kernel: [ 7039.781003] Task Thunar (pid = 1789) is on cpu 1				(state = 2, flags = 416000) 
Jan 14 12:00:34 montag kernel: [ 7039.781006] Task xfce4-xkb-plugi (pid = 1796) is on cpu 1				(state = 2, flags = 416000) 
Jan 14 12:00:34 montag kernel: [ 7039.781009] Task polkit-gnome-au (pid = 1808) is on cpu 1				(state = 2, flags = 416000) 
Jan 14 12:00:34 montag kernel: [ 7039.781012] Task nm-applet (pid = 1814) is on cpu 1				(state = 2, flags = 416000) 
Jan 14 12:00:34 montag kernel: [ 7039.781014] Task polkitd (pid = 1816) is on cpu 1				(state = 2, flags = 414100) 
Jan 14 12:00:34 montag kernel: [ 7039.781017] Task notification-da (pid = 1824) is on cpu 1				(state = 2, flags = 416000) 
Jan 14 12:00:34 montag kernel: [ 7039.781020] Task mission-control (pid = 1869) is on cpu 1				(state = 2, flags = 414000) 
Jan 14 12:00:34 montag kernel: [ 7039.781022] Task devkit-disks-da (pid = 1881) is on cpu 1				(state = 2, flags = 416100) 
Jan 14 12:00:34 montag kernel: [ 7039.781025] Task gvfs-gphoto2-vo (pid = 1885) is on cpu 1				(state = 2, flags = 414000) 
Jan 14 12:00:34 montag kernel: [ 7039.781028] Task bonobo-activati (pid = 1910) is on cpu 1				(state = 2, flags = 416000) 
Jan 14 12:00:34 montag kernel: [ 7039.781031] Task evolution-data- (pid = 1915) is on cpu 1				(state = 2, flags = 414000) 
Jan 14 12:00:34 montag kernel: [ 7039.781034] Task telepathy-gabbl (pid = 1938) is on cpu 1				(state = 2, flags = 416000) 
Jan 14 12:00:34 montag kernel: [ 7039.781036] Task avahi-autoipd (pid = 1998) is on cpu 1				(state = 2, flags = 416140) 
Jan 14 12:00:34 montag kernel: [ 7039.781039] Task dhclient3 (pid = 2005) is on cpu 1				(state = 2, flags = 414040) 
Jan 14 12:00:34 montag kernel: [ 7039.781042] Task avahi-daemon (pid = 3255) is on cpu 1				(state = 2, flags = 416140) 
Jan 14 12:00:34 montag kernel: [ 7039.781045] Task sylpheed (pid = 3914) is on cpu 1				(state = 2, flags = 416000) 
Jan 14 12:00:34 montag kernel: [ 7039.781048] Task pm-suspend (pid = 4317) is on cpu 1				(state = 2, flags = 414000) 
Jan 14 12:00:34 montag kernel: [ 7039.781173] Extended CMOS year: 2000
Jan 14 12:00:34 montag kernel: [ 7039.781173] Back to C!
Jan 14 12:00:34 montag kernel: [ 7039.781173] Extended CMOS year: 2000
Jan 14 12:00:34 montag kernel: [ 7039.781173] Enabling non-boot CPUs ...
Jan 14 12:00:34 montag kernel: [ 7039.792092] SMP alternatives: switching to SMP code
Jan 14 12:00:34 montag kernel: [ 7039.796525] Booting Node 0 Processor 1 APIC 0x1
Jan 14 12:00:34 montag kernel: [ 7039.904384] CPU1 is up
Jan 14 12:00:34 montag kernel: [ 7039.904928] ACPI: Waking up from system sleep state S3
Jan 14 12:00:34 montag kernel: [ 7040.152825] i915 0000:00:02.0: restoring config space at offset 0xf (was 0x100, writing 0x10b)
Jan 14 12:00:34 montag kernel: [ 7040.152837] i915 0000:00:02.0: restoring config space at offset 0x1 (was 0x900007, writing 0x900407)
