[    0.000000] Initializing cgroup subsys cpuset
[    0.000000] Initializing cgroup subsys cpu
[    0.000000] Linux version 2.6.32-rc8-cvp20091022-00011-ga8a8a66 (adi@cvpe4300) (gcc version 4.4.1 (Ubuntu 4.4.1-4ubuntu8) ) #11 SMP Fri Nov 20 10:19:48 PST 2009
[    0.000000] Command line: BOOT_IMAGE=/boot/vmlinuz-2.6.32-rc8-cvp20091022-00011-ga8a8a66 root=UUID=504744f1-36ae-44ef-9e7e-220ee66eed78 ro
[    0.000000] KERNEL supported cpus:
[    0.000000]   Intel GenuineIntel
[    0.000000]   AMD AuthenticAMD
[    0.000000]   Centaur CentaurHauls
[    0.000000] BIOS-provided physical RAM map:
[    0.000000]  BIOS-e820: 0000000000000000 - 000000000009f000 (usable)
[    0.000000]  BIOS-e820: 000000000009f000 - 00000000000a0000 (reserved)
[    0.000000]  BIOS-e820: 0000000000100000 - 00000000dd04d400 (usable)
[    0.000000]  BIOS-e820: 00000000dd04d400 - 00000000dd04f400 (ACPI NVS)
[    0.000000]  BIOS-e820: 00000000dd04f400 - 00000000e0000000 (reserved)
[    0.000000]  BIOS-e820: 00000000f8000000 - 00000000fc000000 (reserved)
[    0.000000]  BIOS-e820: 00000000fec00000 - 00000000fec10000 (reserved)
[    0.000000]  BIOS-e820: 00000000fed18000 - 00000000fed1c000 (reserved)
[    0.000000]  BIOS-e820: 00000000fed20000 - 00000000fed90000 (reserved)
[    0.000000]  BIOS-e820: 00000000feda0000 - 00000000feda6000 (reserved)
[    0.000000]  BIOS-e820: 00000000fee00000 - 00000000fee10000 (reserved)
[    0.000000]  BIOS-e820: 00000000ffe60000 - 0000000100000000 (reserved)
[    0.000000]  BIOS-e820: 0000000100000000 - 000000011c000000 (usable)
[    0.000000] DMI 2.4 present.
[    0.000000] last_pfn = 0x11c000 max_arch_pfn = 0x400000000
[    0.000000] MTRR default type: uncachable
[    0.000000] MTRR fixed ranges enabled:
[    0.000000]   00000-9FFFF write-back
[    0.000000]   A0000-BFFFF uncachable
[    0.000000]   C0000-CFFFF write-protect
[    0.000000]   D0000-EFFFF uncachable
[    0.000000]   F0000-FFFFF write-protect
[    0.000000] MTRR variable ranges enabled:
[    0.000000]   0 base 000000000 mask 800000000 write-back
[    0.000000]   1 base 0E0000000 mask FE0000000 uncachable
[    0.000000]   2 base 0DDC00000 mask FFFC00000 uncachable
[    0.000000]   3 base 0DE000000 mask FFE000000 uncachable
[    0.000000]   4 base 11C000000 mask FFC000000 uncachable
[    0.000000]   5 disabled
[    0.000000]   6 disabled
[    0.000000] x86 PAT enabled: cpu 0, old 0x7040600070406, new 0x7010600070106
[    0.000000] e820 update range: 00000000ddc00000 - 0000000100000000 (usable) ==> (reserved)
[    0.000000] e820 update range: 000000011c000000 - 0000000120000000 (usable) ==> (reserved)
[    0.000000] last_pfn = 0xdd04d max_arch_pfn = 0x400000000
[    0.000000] initial memory mapped : 0 - 20000000
[    0.000000] init_memory_mapping: 0000000000000000-00000000dd04d000
[    0.000000]  0000000000 - 00dd000000 page 2M
[    0.000000]  00dd000000 - 00dd04d000 page 4k
[    0.000000] kernel direct mapping tables up to dd04d000 @ 8000-e000
[    0.000000] init_memory_mapping: 0000000100000000-000000011c000000
[    0.000000]  0100000000 - 011c000000 page 2M
[    0.000000] kernel direct mapping tables up to 11c000000 @ c000-12000
[    0.000000] RAMDISK: 37bd9000 - 37fef7ad
[    0.000000] ACPI: RSDP 00000000000fb9f0 00024 (v02 DELL  )
[    0.000000] ACPI: XSDT 00000000dd051e00 00074 (v01 DELL    M09     27D80C12 ASL  00000061)
[    0.000000] ACPI: FACP 00000000dd051c9c 000F4 (v04 DELL    M09     27D80C12 ASL  00000061)
[    0.000000] ACPI: DSDT 00000000dd052400 064DB (v02 INT430 SYSFexxx 00001001 INTL 20050624)
[    0.000000] ACPI: FACS 00000000dd060c00 00040
[    0.000000] ACPI: HPET 00000000dd051f00 00038 (v01 DELL    M09     00000001 ASL  00000061)
[    0.000000] ACPI: DMAR 00000000dd060400 00120 (v01 DELL    M09     27D80C12 ASL  00000061)
[    0.000000] ACPI: APIC 00000000dd052000 00068 (v01 DELL    M09     27D80C12 ASL  00000047)
[    0.000000] ACPI: ASF! 00000000dd051c00 0006A (v32 DELL    M09     27D80C12 ASL  00000061)
[    0.000000] ACPI: MCFG 00000000dd051fc0 0003E (v16 DELL    M09     27D80C12 ASL  00000061)
[    0.000000] ACPI: TCPA 00000000dd052300 00032 (v01                 00000000 ASL  00000000)
[    0.000000] ACPI: SLIC 00000000dd05209c 00176 (v01 DELL    M09     27D80C12 ASL  00000061)
[    0.000000] ACPI: BOOT 00000000dd051bc0 00028 (v01 DELL    M09     27D80C12 ASL  00000061)
[    0.000000] ACPI: SSDT 00000000dd050331 0066C (v01  PmRef    CpuPm 00003000 INTL 20050624)
[    0.000000] ACPI: Local APIC address 0xfee00000
[    0.000000] (8 early reservations) ==> bootmem [0000000000 - 011c000000]
[    0.000000]   #0 [0000000000 - 0000001000]   BIOS data page ==> [0000000000 - 0000001000]
[    0.000000]   #1 [0000006000 - 0000008000]       TRAMPOLINE ==> [0000006000 - 0000008000]
[    0.000000]   #2 [0001000000 - 0001bac3c4]    TEXT DATA BSS ==> [0001000000 - 0001bac3c4]
[    0.000000]   #3 [0037bd9000 - 0037fef7ad]          RAMDISK ==> [0037bd9000 - 0037fef7ad]
[    0.000000]   #4 [000009f000 - 0000100000]    BIOS reserved ==> [000009f000 - 0000100000]
[    0.000000]   #5 [0001bad000 - 0001bad1e0]              BRK ==> [0001bad000 - 0001bad1e0]
[    0.000000]   #6 [0000008000 - 000000c000]          PGTABLE ==> [0000008000 - 000000c000]
[    0.000000]   #7 [000000c000 - 000000d000]          PGTABLE ==> [000000c000 - 000000d000]
[    0.000000]  [ffffea0000000000-ffffea0003ffffff] PMD -> [ffff880028600000-ffff88002bffffff] on node 0
[    0.000000] Zone PFN ranges:
[    0.000000]   DMA      0x00000000 -> 0x00001000
[    0.000000]   DMA32    0x00001000 -> 0x00100000
[    0.000000]   Normal   0x00100000 -> 0x0011c000
[    0.000000] Movable zone start PFN for each node
[    0.000000] early_node_map[3] active PFN ranges
[    0.000000]     0: 0x00000000 -> 0x0000009f
[    0.000000]     0: 0x00000100 -> 0x000dd04d
[    0.000000]     0: 0x00100000 -> 0x0011c000
[    0.000000] On node 0 totalpages: 1019884
[    0.000000]   DMA zone: 56 pages used for memmap
[    0.000000]   DMA zone: 105 pages reserved
[    0.000000]   DMA zone: 3838 pages, LIFO batch:0
[    0.000000]   DMA32 zone: 14280 pages used for memmap
[    0.000000]   DMA32 zone: 886917 pages, LIFO batch:31
[    0.000000]   Normal zone: 1568 pages used for memmap
[    0.000000]   Normal zone: 113120 pages, LIFO batch:31
[    0.000000] ACPI: PM-Timer IO Port: 0x1008
[    0.000000] ACPI: Local APIC address 0xfee00000
[    0.000000] ACPI: LAPIC (acpi_id[0x00] lapic_id[0x00] enabled)
[    0.000000] ACPI: LAPIC (acpi_id[0x01] lapic_id[0x01] enabled)
[    0.000000] ACPI: LAPIC_NMI (acpi_id[0x00] high edge lint[0x1])
[    0.000000] ACPI: LAPIC_NMI (acpi_id[0x01] high edge lint[0x1])
[    0.000000] ACPI: IOAPIC (id[0x02] address[0xfec00000] gsi_base[0])
[    0.000000] IOAPIC[0]: apic_id 2, version 32, address 0xfec00000, GSI 0-23
[    0.000000] ACPI: INT_SRC_OVR (bus 0 bus_irq 0 global_irq 2 dfl dfl)
[    0.000000] ACPI: INT_SRC_OVR (bus 0 bus_irq 9 global_irq 9 high level)
[    0.000000] ACPI: IRQ0 used by override.
[    0.000000] ACPI: IRQ2 used by override.
[    0.000000] ACPI: IRQ9 used by override.
[    0.000000] Using ACPI (MADT) for SMP configuration information
[    0.000000] ACPI: HPET id: 0x8086a201 base: 0xfed00000
[    0.000000] SMP: Allowing 2 CPUs, 0 hotplug CPUs
[    0.000000] nr_irqs_gsi: 24
[    0.000000] PM: Registered nosave memory: 000000000009f000 - 00000000000a0000
[    0.000000] PM: Registered nosave memory: 00000000000a0000 - 0000000000100000
[    0.000000] PM: Registered nosave memory: 00000000dd04d000 - 00000000dd04e000
[    0.000000] PM: Registered nosave memory: 00000000dd04e000 - 00000000dd04f000
[    0.000000] PM: Registered nosave memory: 00000000dd04f000 - 00000000dd050000
[    0.000000] PM: Registered nosave memory: 00000000dd050000 - 00000000e0000000
[    0.000000] PM: Registered nosave memory: 00000000e0000000 - 00000000f8000000
[    0.000000] PM: Registered nosave memory: 00000000f8000000 - 00000000fc000000
[    0.000000] PM: Registered nosave memory: 00000000fc000000 - 00000000fec00000
[    0.000000] PM: Registered nosave memory: 00000000fec00000 - 00000000fec10000
[    0.000000] PM: Registered nosave memory: 00000000fec10000 - 00000000fed18000
[    0.000000] PM: Registered nosave memory: 00000000fed18000 - 00000000fed1c000
[    0.000000] PM: Registered nosave memory: 00000000fed1c000 - 00000000fed20000
[    0.000000] PM: Registered nosave memory: 00000000fed20000 - 00000000fed90000
[    0.000000] PM: Registered nosave memory: 00000000fed90000 - 00000000feda0000
[    0.000000] PM: Registered nosave memory: 00000000feda0000 - 00000000feda6000
[    0.000000] PM: Registered nosave memory: 00000000feda6000 - 00000000fee00000
[    0.000000] PM: Registered nosave memory: 00000000fee00000 - 00000000fee10000
[    0.000000] PM: Registered nosave memory: 00000000fee10000 - 00000000ffe60000
[    0.000000] PM: Registered nosave memory: 00000000ffe60000 - 0000000100000000
[    0.000000] Allocating PCI resources starting at e0000000 (gap: e0000000:18000000)
[    0.000000] NR_CPUS:16 nr_cpumask_bits:16 nr_cpu_ids:2 nr_node_ids:1
[    0.000000] PERCPU: Embedded 28 pages/cpu @ffff880028200000 s83096 r8192 d23400 u1048576
[    0.000000] pcpu-alloc: s83096 r8192 d23400 u1048576 alloc=1*2097152
[    0.000000] pcpu-alloc: [0] 0 1 
[    0.000000] Built 1 zonelists in Zone order, mobility grouping on.  Total pages: 1003875
[    0.000000] Kernel command line: BOOT_IMAGE=/boot/vmlinuz-2.6.32-rc8-cvp20091022-00011-ga8a8a66 root=UUID=504744f1-36ae-44ef-9e7e-220ee66eed78 ro
[    0.000000] PID hash table entries: 4096 (order: 3, 32768 bytes)
[    0.000000] Dentry cache hash table entries: 524288 (order: 10, 4194304 bytes)
[    0.000000] Inode-cache hash table entries: 262144 (order: 9, 2097152 bytes)
[    0.000000] Initializing CPU#0
[    0.000000] Checking aperture...
[    0.000000] No AGP bridge found
[    0.000000] PCI-DMA: Using software bounce buffering for IO (SWIOTLB)
[    0.000000] Placing 64MB software IO TLB between ffff880020000000 - ffff880024000000
[    0.000000] software IO TLB at phys 0x20000000 - 0x24000000
[    0.000000] Memory: 3930560k/4653056k available (5500k kernel code, 573520k absent, 148088k reserved, 3230k data, 632k init)
[    0.000000] SLUB: Genslabs=13, HWalign=64, Order=0-3, MinObjects=0, CPUs=2, Nodes=1
[    0.000000] Hierarchical RCU implementation.
[    0.000000] NR_IRQS:768
[    0.000000] Extended CMOS year: 2000
[    0.000000] Console: colour VGA+ 80x25
[    0.000000] console [tty0] enabled
[    0.000000] allocated 41943040 bytes of page_cgroup
[    0.000000] please try 'cgroup_disable=memory' option if you don't want memory cgroups
[    0.000000] hpet clockevent registered
[    0.000000] HPET: 4 timers in total, 0 timers will be used for per-cpu timer
[    0.000000] Fast TSC calibration using PIT
[    0.000000] Detected 2393.891 MHz processor.
[    0.004005] Calibrating delay loop (skipped), value calculated using timer frequency.. 4787.78 BogoMIPS (lpj=9575564)
[    0.004113] Security Framework initialized
[    0.004162] SELinux:  Disabled at boot.
[    0.004209] Mount-cache hash table entries: 256
[    0.004371] Initializing cgroup subsys ns
[    0.004416] Initializing cgroup subsys cpuacct
[    0.004459] Initializing cgroup subsys memory
[    0.004520] CPU: L1 I cache: 32K, L1 D cache: 32K
[    0.004588] CPU: L2 cache: 6144K
[    0.004631] CPU: Physical Processor ID: 0
[    0.004674] CPU: Processor Core ID: 0
[    0.004716] mce: CPU supports 6 MCE banks
[    0.004763] CPU0: Thermal monitoring enabled (TM2)
[    0.004808] using mwait in idle threads.
[    0.004850] Performance Events: Core2 events, Intel PMU driver.
[    0.004951] ... version:                2
[    0.004991] ... bit width:              40
[    0.005032] ... generic registers:      2
[    0.005073] ... value mask:             000000ffffffffff
[    0.005115] ... max period:             000000007fffffff
[    0.005159] ... fixed-purpose events:   3
[    0.005201] ... event mask:             0000000700000003
[    0.005257] ACPI: Core revision 20090903
[    0.016008] ftrace: converting mcount calls to 0f 1f 44 00 00
[    0.016058] ftrace: allocating 23417 entries in 92 pages
[    0.020043] Setting APIC routing to flat
[    0.020460] ..TIMER: vector=0x30 apic1=0 pin1=2 apic2=-1 pin2=-1
[    0.063469] CPU0: Intel(R) Core(TM)2 Duo CPU     P9400  @ 2.40GHz stepping 06
[    0.064001] Booting processor 1 APIC 0x1 ip 0x6000
[    0.008000] Initializing CPU#1
[    0.008000] Calibrating delay using timer specific routine.. 4787.96 BogoMIPS (lpj=9575938)
[    0.008000] CPU: L1 I cache: 32K, L1 D cache: 32K
[    0.008000] CPU: L2 cache: 6144K
[    0.008000] CPU: Physical Processor ID: 0
[    0.008000] CPU: Processor Core ID: 1
[    0.008000] CPU1: Thermal monitoring enabled (TM2)
[    0.148037] CPU1: Intel(R) Core(TM)2 Duo CPU     P9400  @ 2.40GHz stepping 06
[    0.148454] checking TSC synchronization [CPU#0 -> CPU#1]: passed.
[    0.152034] Brought up 2 CPUs
[    0.152077] Total of 2 processors activated (9575.75 BogoMIPS).
[    0.152931] CPU0 attaching sched-domain:
[    0.152935]  domain 0: span 0-1 level MC
[    0.152937]   groups: 0 1
[    0.152941] CPU1 attaching sched-domain:
[    0.152943]  domain 0: span 0-1 level MC
[    0.152945]   groups: 1 0
[    0.153015] Time: 18:29:09  Date: 11/20/09
[    0.153015] NET: Registered protocol family 16
[    0.153015] ACPI: bus type pci registered
[    0.153015] PCI: MCFG configuration 0: base f8000000 segment 0 buses 0 - 63
[    0.153015] PCI: MCFG area at f8000000 reserved in E820
[    0.157353] PCI: Using MMCONFIG at f8000000 - fbffffff
[    0.157399] PCI: Using configuration type 1 for base access
[    0.160023] bio: create slab <bio-0> at 0
[    0.160582] ACPI: EC: Look up EC in DSDT
[    0.160754] ACPI: BIOS _OSI(Linux) query ignored
[    0.220196] ACPI: Interpreter enabled
[    0.220207] ACPI: (supports S0 S3 S4 S5)
[    0.224140] ACPI: Using IOAPIC for interrupt routing
[    0.325913] ACPI: EC: GPE = 0x11, I/O: command/status = 0x934, data = 0x930
[    0.325913] ACPI Warning: Incorrect checksum in table [TCPA] - F8, should be 9C (20090903/tbutils-314)
[    0.328100] ACPI: No dock devices found.
[    0.347862] ACPI: PCI Root Bridge [PCI0] (0000:00)
[    0.348023] pci 0000:00:02.0: reg 10 64bit mmio: [0xf6c00000-0xf6ffffff]
[    0.348029] pci 0000:00:02.0: reg 18 64bit mmio pref: [0xe0000000-0xefffffff]
[    0.348033] pci 0000:00:02.0: reg 20 io port: [0xef70-0xef77]
[    0.348064] pci 0000:00:02.1: reg 10 64bit mmio: [0xf6b00000-0xf6bfffff]
[    0.348115] pci 0000:00:03.0: reg 10 64bit mmio: [0xf6ad9ef0-0xf6ad9eff]
[    0.348145] pci 0000:00:03.0: PME# supported from D0 D3hot D3cold
[    0.348192] pci 0000:00:03.0: PME# disabled
[    0.348263] pci 0000:00:03.2: reg 10 io port: [0xef78-0xef7f]
[    0.348268] pci 0000:00:03.2: reg 14 io port: [0xef68-0xef6b]
[    0.348272] pci 0000:00:03.2: reg 18 io port: [0xef80-0xef87]
[    0.348277] pci 0000:00:03.2: reg 1c io port: [0xef6c-0xef6f]
[    0.348281] pci 0000:00:03.2: reg 20 io port: [0xef90-0xef9f]
[    0.348328] pci 0000:00:03.3: reg 10 io port: [0xef88-0xef8f]
[    0.348333] pci 0000:00:03.3: reg 14 32bit mmio: [0xf6ada000-0xf6adafff]
[    0.348447] pci 0000:00:19.0: reg 10 32bit mmio: [0xf6ae0000-0xf6afffff]
[    0.348454] pci 0000:00:19.0: reg 14 32bit mmio: [0xf6adb000-0xf6adbfff]
[    0.348461] pci 0000:00:19.0: reg 18 io port: [0xefe0-0xefff]
[    0.348513] pci 0000:00:19.0: PME# supported from D0 D3hot D3cold
[    0.348562] pci 0000:00:19.0: PME# disabled
[    0.348666] pci 0000:00:1a.0: reg 20 io port: [0x6f60-0x6f7f]
[    0.348752] pci 0000:00:1a.1: reg 20 io port: [0x6f80-0x6f9f]
[    0.348838] pci 0000:00:1a.2: reg 20 io port: [0x6fa0-0x6fbf]
[    0.348926] pci 0000:00:1a.7: reg 10 32bit mmio: [0xfed1c400-0xfed1c7ff]
[    0.348989] pci 0000:00:1a.7: PME# supported from D0 D3hot D3cold
[    0.349038] pci 0000:00:1a.7: PME# disabled
[    0.349132] pci 0000:00:1b.0: reg 10 64bit mmio: [0xf6adc000-0xf6adffff]
[    0.349188] pci 0000:00:1b.0: PME# supported from D0 D3hot D3cold
[    0.349237] pci 0000:00:1b.0: PME# disabled
[    0.349364] pci 0000:00:1c.0: PME# supported from D0 D3hot D3cold
[    0.349413] pci 0000:00:1c.0: PME# disabled
[    0.349542] pci 0000:00:1c.1: PME# supported from D0 D3hot D3cold
[    0.349591] pci 0000:00:1c.1: PME# disabled
[    0.349721] pci 0000:00:1c.3: PME# supported from D0 D3hot D3cold
[    0.349770] pci 0000:00:1c.3: PME# disabled
[    0.349883] pci 0000:00:1d.0: reg 20 io port: [0x6f00-0x6f1f]
[    0.349969] pci 0000:00:1d.1: reg 20 io port: [0x6f20-0x6f3f]
[    0.350055] pci 0000:00:1d.2: reg 20 io port: [0x6f40-0x6f5f]
[    0.350143] pci 0000:00:1d.7: reg 10 32bit mmio: [0xfed1c000-0xfed1c3ff]
[    0.350206] pci 0000:00:1d.7: PME# supported from D0 D3hot D3cold
[    0.350255] pci 0000:00:1d.7: PME# disabled
[    0.350539] pci 0000:00:1f.2: reg 10 io port: [0x6e70-0x6e77]
[    0.350546] pci 0000:00:1f.2: reg 14 io port: [0x6e78-0x6e7b]
[    0.350553] pci 0000:00:1f.2: reg 18 io port: [0x6e80-0x6e87]
[    0.350560] pci 0000:00:1f.2: reg 1c io port: [0x6e88-0x6e8b]
[    0.350567] pci 0000:00:1f.2: reg 20 io port: [0x6ea0-0x6ebf]
[    0.350574] pci 0000:00:1f.2: reg 24 32bit mmio: [0xfed1c800-0xfed1cfff]
[    0.350618] pci 0000:00:1f.2: PME# supported from D3hot
[    0.350666] pci 0000:00:1f.2: PME# disabled
[    0.350746] pci 0000:00:1f.3: reg 10 64bit mmio: [0xf6ad9f00-0xf6ad9fff]
[    0.350764] pci 0000:00:1f.3: reg 20 io port: [0x1100-0x111f]
[    0.350964] pci 0000:0c:00.0: reg 10 64bit mmio: [0xf69fe000-0xf69fffff]
[    0.351080] pci 0000:0c:00.0: PME# supported from D0 D3hot D3cold
[    0.351153] pci 0000:0c:00.0: PME# disabled
[    0.351294] pci 0000:00:1c.1: bridge 32bit mmio: [0xf6900000-0xf69fffff]
[    0.351355] pci 0000:00:1c.3: bridge io port: [0xd000-0xdfff]
[    0.351360] pci 0000:00:1c.3: bridge 32bit mmio: [0xf6600000-0xf68fffff]
[    0.351367] pci 0000:00:1c.3: bridge 64bit mmio pref: [0xf0000000-0xf01fffff]
[    0.351409] pci 0000:02:01.0: reg 10 32bit mmio: [0xf65ff800-0xf65fffff]
[    0.351463] pci 0000:02:01.0: supports D1 D2
[    0.351465] pci 0000:02:01.0: PME# supported from D0 D1 D2 D3hot D3cold
[    0.351514] pci 0000:02:01.0: PME# disabled
[    0.351594] pci 0000:02:01.1: reg 10 32bit mmio: [0xf65ff700-0xf65ff7ff]
[    0.351650] pci 0000:02:01.1: supports D1 D2
[    0.351652] pci 0000:02:01.1: PME# supported from D0 D1 D2 D3hot D3cold
[    0.351701] pci 0000:02:01.1: PME# disabled
[    0.351811] pci 0000:00:1e.0: transparent bridge
[    0.351860] pci 0000:00:1e.0: bridge 32bit mmio: [0xf6500000-0xf65fffff]
[    0.351890] pci_bus 0000:00: on NUMA node 0
[    0.351894] ACPI: PCI Interrupt Routing Table [\_SB_.PCI0._PRT]
[    0.352154] ACPI: PCI Interrupt Routing Table [\_SB_.PCI0.PCIE._PRT]
[    0.352267] ACPI: PCI Interrupt Routing Table [\_SB_.PCI0.RP01._PRT]
[    0.352329] ACPI: PCI Interrupt Routing Table [\_SB_.PCI0.RP02._PRT]
[    0.352394] ACPI: PCI Interrupt Routing Table [\_SB_.PCI0.RP04._PRT]
[    0.364603] ACPI: PCI Interrupt Link [LNKA] (IRQs 10 *11)
[    0.364603] ACPI: PCI Interrupt Link [LNKB] (IRQs *5 7)
[    0.364613] ACPI: PCI Interrupt Link [LNKC] (IRQs 10 *11)
[    0.364872] ACPI: PCI Interrupt Link [LNKD] (IRQs 5 7 *10 11)
[    0.365190] ACPI: PCI Interrupt Link [LNKE] (IRQs *3 4 5 6 7 10 11 12 14 15)
[    0.368368] ACPI: PCI Interrupt Link [LNKF] (IRQs 3 4 5 6 7 *10 11 12 14 15)
[    0.368851] ACPI: PCI Interrupt Link [LNKG] (IRQs 3 4 5 6 7 *10 11 12 14 15)
[    0.369324] ACPI: PCI Interrupt Link [LNKH] (IRQs 3 4 5 6 7 10 11 12 14 15) *0, disabled.
[    0.369820] vgaarb: device added: PCI:0000:00:02.0,decodes=io+mem,owns=io+mem,locks=none
[    0.369820] vgaarb: loaded
[    0.369820] SCSI subsystem initialized
[    0.369820] libata version 3.00 loaded.
[    0.369820] usbcore: registered new interface driver usbfs
[    0.369820] usbcore: registered new interface driver hub
[    0.369820] usbcore: registered new device driver usb
[    0.369820] PCI: Using ACPI for IRQ routing
[    0.369820] NET: Registered protocol family 8
[    0.369820] NET: Registered protocol family 20
[    0.369820] NetLabel: Initializing
[    0.369820] NetLabel:  domain hash size = 128
[    0.369820] NetLabel:  protocols = UNLABELED CIPSOv4
[    0.369820] NetLabel:  unlabeled traffic allowed by default
[    0.369820] hpet0: at MMIO 0xfed00000, IRQs 2, 8, 0, 0
[    0.369820] hpet0: 4 comparators, 64-bit 14.318180 MHz counter
[    0.376007] Switching to clocksource tsc
[    0.383273] pnp: PnP ACPI init
[    0.383325] ACPI: bus type pnp registered
[    0.446930] pnp: PnP ACPI: found 13 devices
[    0.446975] ACPI: ACPI bus type pnp unregistered
[    0.447027] system 00:05: ioport range 0xc80-0xcaf has been reserved
[    0.447075] system 00:05: ioport range 0xcc0-0xcff could not be reserved
[    0.447126] system 00:08: iomem range 0xfed00000-0xfed003ff has been reserved
[    0.447177] system 00:0a: ioport range 0x900-0x92f has been reserved
[    0.447225] system 00:0a: ioport range 0x931-0x933 has been reserved
[    0.447271] system 00:0a: ioport range 0x935-0x97f has been reserved
[    0.447319] system 00:0a: ioport range 0x4d0-0x4d1 has been reserved
[    0.447365] system 00:0a: ioport range 0x1000-0x1005 has been reserved
[    0.447413] system 00:0a: ioport range 0x1008-0x100f has been reserved
[    0.447463] system 00:0b: ioport range 0xf400-0xf4fe has been reserved
[    0.447511] system 00:0b: ioport range 0x1006-0x1007 has been reserved
[    0.447558] system 00:0b: ioport range 0x100a-0x1059 could not be reserved
[    0.447606] system 00:0b: ioport range 0x1060-0x107f has been reserved
[    0.447653] system 00:0b: ioport range 0x1080-0x10bf has been reserved
[    0.447700] system 00:0b: ioport range 0x1100-0x111f has been reserved
[    0.447747] system 00:0b: ioport range 0x1010-0x102f has been reserved
[    0.447795] system 00:0b: ioport range 0x809-0x809 has been reserved
[    0.447844] system 00:0c: iomem range 0x0-0x9efff could not be reserved
[    0.447892] system 00:0c: iomem range 0x9f000-0x9ffff could not be reserved
[    0.447945] system 00:0c: iomem range 0xc0000-0xcffff has been reserved
[    0.447992] system 00:0c: iomem range 0xe0000-0xfffff has been reserved
[    0.448040] system 00:0c: iomem range 0x100000-0xdd04d3ff could not be reserved
[    0.448098] system 00:0c: iomem range 0xdd04d400-0xddafffff could not be reserved
[    0.448157] system 00:0c: iomem range 0xddb00000-0xddbfffff has been reserved
[    0.448205] system 00:0c: iomem range 0xffe00000-0xffffffff could not be reserved
[    0.448263] system 00:0c: iomem range 0xffa00000-0xffbfffff has been reserved
[    0.448312] system 00:0c: iomem range 0xfec00000-0xfec0ffff could not be reserved
[    0.448371] system 00:0c: iomem range 0xfee00000-0xfee0ffff has been reserved
[    0.448419] system 00:0c: iomem range 0xfed20000-0xfed3ffff has been reserved
[    0.448468] system 00:0c: iomem range 0xfed45000-0xfed8ffff has been reserved
[    0.448516] system 00:0c: iomem range 0xfeda0000-0xfeda3fff has been reserved
[    0.448563] system 00:0c: iomem range 0xfeda4000-0xfeda4fff has been reserved
[    0.448611] system 00:0c: iomem range 0xfeda5000-0xfeda5fff has been reserved
[    0.448660] system 00:0c: iomem range 0xfeda6000-0xfeda6fff has been reserved
[    0.448709] system 00:0c: iomem range 0xfed1c800-0xfed1cfff has been reserved
[    0.448757] system 00:0c: iomem range 0xfed18000-0xfed1bfff has been reserved
[    0.448806] system 00:0c: iomem range 0xf8000000-0xfbffffff has been reserved
[    0.453935] pci 0000:00:1c.0: PCI bridge, secondary bus 0000:0b
[    0.453984] pci 0000:00:1c.0:   IO window: 0x2000-0x2fff
[    0.454033] pci 0000:00:1c.0:   MEM window: 0xf0200000-0xf03fffff
[    0.454083] pci 0000:00:1c.0:   PREFETCH window: 0x000000f0400000-0x000000f05fffff
[    0.454146] pci 0000:00:1c.1: PCI bridge, secondary bus 0000:0c
[    0.454194] pci 0000:00:1c.1:   IO window: 0x3000-0x3fff
[    0.454244] pci 0000:00:1c.1:   MEM window: 0xf6900000-0xf69fffff
[    0.454293] pci 0000:00:1c.1:   PREFETCH window: 0x000000f0600000-0x000000f07fffff
[    0.454356] pci 0000:00:1c.3: PCI bridge, secondary bus 0000:0d
[    0.454404] pci 0000:00:1c.3:   IO window: 0xd000-0xdfff
[    0.454453] pci 0000:00:1c.3:   MEM window: 0xf6600000-0xf68fffff
[    0.454502] pci 0000:00:1c.3:   PREFETCH window: 0x000000f0000000-0x000000f01fffff
[    0.454565] pci 0000:00:1e.0: PCI bridge, secondary bus 0000:02
[    0.454611] pci 0000:00:1e.0:   IO window: disabled
[    0.454660] pci 0000:00:1e.0:   MEM window: 0xf6500000-0xf65fffff
[    0.454708] pci 0000:00:1e.0:   PREFETCH window: disabled
[    0.454768] pci 0000:00:1c.0: PCI INT A -> GSI 16 (level, low) -> IRQ 16
[    0.454818] pci 0000:00:1c.0: setting latency timer to 64
[    0.454828] pci 0000:00:1c.1: PCI INT B -> GSI 17 (level, low) -> IRQ 17
[    0.454878] pci 0000:00:1c.1: setting latency timer to 64
[    0.454887] pci 0000:00:1c.3: PCI INT D -> GSI 19 (level, low) -> IRQ 19
[    0.454937] pci 0000:00:1c.3: setting latency timer to 64
[    0.454944] pci 0000:00:1e.0: setting latency timer to 64
[    0.454948] pci_bus 0000:00: resource 0 io:  [0x00-0xffff]
[    0.454951] pci_bus 0000:00: resource 1 mem: [0x000000-0xffffffffffffffff]
[    0.454953] pci_bus 0000:0b: resource 0 io:  [0x2000-0x2fff]
[    0.454955] pci_bus 0000:0b: resource 1 mem: [0xf0200000-0xf03fffff]
[    0.454956] pci_bus 0000:0b: resource 2 pref mem [0xf0400000-0xf05fffff]
[    0.454958] pci_bus 0000:0c: resource 0 io:  [0x3000-0x3fff]
[    0.454960] pci_bus 0000:0c: resource 1 mem: [0xf6900000-0xf69fffff]
[    0.454962] pci_bus 0000:0c: resource 2 pref mem [0xf0600000-0xf07fffff]
[    0.454964] pci_bus 0000:0d: resource 0 io:  [0xd000-0xdfff]
[    0.454966] pci_bus 0000:0d: resource 1 mem: [0xf6600000-0xf68fffff]
[    0.454968] pci_bus 0000:0d: resource 2 pref mem [0xf0000000-0xf01fffff]
[    0.454970] pci_bus 0000:02: resource 1 mem: [0xf6500000-0xf65fffff]
[    0.454971] pci_bus 0000:02: resource 3 io:  [0x00-0xffff]
[    0.454973] pci_bus 0000:02: resource 4 mem: [0x000000-0xffffffffffffffff]
[    0.454998] NET: Registered protocol family 2
[    0.455107] IP route cache hash table entries: 131072 (order: 8, 1048576 bytes)
[    0.455621] TCP established hash table entries: 262144 (order: 10, 4194304 bytes)
[    0.457271] TCP bind hash table entries: 65536 (order: 8, 1048576 bytes)
[    0.457737] TCP: Hash tables configured (established 262144 bind 65536)
[    0.457785] TCP reno registered
[    0.457899] NET: Registered protocol family 1
[    0.458058] RPC: Registered udp transport module.
[    0.458103] RPC: Registered tcp transport module.
[    0.458147] RPC: Registered tcp NFSv4.1 backchannel transport module.
[    0.458204] pci 0000:00:02.0: Boot video device
[    0.458410] Trying to unpack rootfs image as initramfs...
[    0.536517] Freeing initrd memory: 4185k freed
[    0.538029] Simple Boot Flag at 0x79 set to 0x1
[    0.538787] audit: initializing netlink socket (disabled)
[    0.538843] type=2000 audit(1258741749.535:1): initialized
[    0.547765] HugeTLB registered 2 MB page size, pre-allocated 0 pages
[    0.550000] VFS: Disk quotas dquot_6.5.2
[    0.550108] Dquot-cache hash table entries: 512 (order 0, 4096 bytes)
[    0.550570] squashfs: version 4.0 (2009/01/31) Phillip Lougher
[    0.550985] Slow work thread pool: Starting up
[    0.551053] Slow work thread pool: Ready
[    0.551097] fuse init (API version 7.13)
[    0.551269] msgmni has been set to 7686
[    0.551620] alg: No test for stdrng (krng)
[    0.551669] io scheduler noop registered
[    0.551712] io scheduler anticipatory registered
[    0.551756] io scheduler deadline registered (default)
[    0.551810] io scheduler cfq registered
[    0.552011] pcieport 0000:00:1c.0: irq 24 for MSI/MSI-X
[    0.552022] pcieport 0000:00:1c.0: setting latency timer to 64
[    0.552225] pcieport 0000:00:1c.1: irq 25 for MSI/MSI-X
[    0.552234] pcieport 0000:00:1c.1: setting latency timer to 64
[    0.552436] pcieport 0000:00:1c.3: irq 26 for MSI/MSI-X
[    0.552446] pcieport 0000:00:1c.3: setting latency timer to 64
[    0.552947] ACPI: AC Adapter [AC] (on-line)
[    0.553107] input: Lid Switch as /devices/LNXSYSTM:00/LNXSYBUS:00/PNP0C0D:00/input/input0
[    0.554856] ACPI: Lid Switch [LID]
[    0.554959] input: Power Button as /devices/LNXSYSTM:00/LNXSYBUS:00/PNP0C0C:00/input/input1
[    0.555022] ACPI: Power Button [PBTN]
[    0.555125] input: Sleep Button as /devices/LNXSYSTM:00/LNXSYBUS:00/PNP0C0E:00/input/input2
[    0.555185] ACPI: Sleep Button [SBTN]
[    0.555766] ACPI: SSDT 00000000dd05099d 00281 (v01  PmRef   BspIst 00003000 INTL 20050624)
[    0.556259] ACPI: SSDT 00000000dd050df5 005C6 (v01  PmRef   BspCst 00003001 INTL 20050624)
[    0.556811] Monitor-Mwait will be used to enter C-1 state
[    0.556829] Monitor-Mwait will be used to enter C-2 state
[    0.556845] Monitor-Mwait will be used to enter C-3 state
[    0.556850] Marking TSC unstable due to TSC halts in idle
[    0.556966] Switching to clocksource hpet
[    0.557016] processor LNXCPU:00: registered as cooling_device0
[    0.557452] ACPI: SSDT 00000000dd050c1e 001D7 (v01  PmRef    ApIst 00003000 INTL 20050624)
[    0.557857] ACPI: SSDT 00000000dd0513bb 0008D (v01  PmRef    ApCst 00003000 INTL 20050624)
[    0.558397] processor LNXCPU:01: registered as cooling_device1
[    0.583960] thermal LNXTHERM:01: registered as thermal_zone0
[    0.584015] ACPI: Thermal Zone [THM] (53 C)
[    0.587328] Non-volatile memory driver v1.3
[    0.587395] Linux agpgart interface v0.103
[    0.587450] agpgart-intel 0000:00:00.0: Intel Mobile IntelÂ® GM45 Express Chipset
[    0.589301] agpgart-intel 0000:00:00.0: detected 32764K stolen memory
[    0.593056] agpgart-intel 0000:00:00.0: AGP aperture is 256M @ 0xe0000000
[    0.593243] [drm] Initialized drm 1.1.0 20060810
[    0.593305] i915 0000:00:02.0: PCI INT A -> GSI 16 (level, low) -> IRQ 16
[    0.593355] i915 0000:00:02.0: setting latency timer to 64
[    0.605633] mtrr: type mismatch for e0000000,10000000 old: write-back new: write-combining
[    0.605694] [drm] MTRR allocation failed.  Graphics performance may suffer.
[    0.605802] i915 0000:00:02.0: irq 27 for MSI/MSI-X
[    0.605807] [drm] set up 31M of stolen space
[    0.637417] ACPI Warning for \_SB_.BAT0._BIF: Converted Buffer to expected String at index 9 (20090903/nsrepair-132)
[    0.637538] ACPI Warning for \_SB_.BAT0._BIF: Converted Buffer to expected String at index 10 (20090903/nsrepair-132)
[    0.637659] ACPI Warning for \_SB_.BAT0._BIF: Converted Buffer to expected String at index 11 (20090903/nsrepair-132)
[    0.637780] ACPI Warning for \_SB_.BAT0._BIF: Converted Buffer to expected String at index 12 (20090903/nsrepair-132)
[    0.657153] ACPI: Battery Slot [BAT0] (battery present)
[    0.657242] ACPI: Battery Slot [BAT1] (battery absent)
[    1.205410] [drm] TV-25: set mode NTSC 480i 0
[    1.409569] [drm] LVDS-8: set mode 1280x800 c
[    1.763344] Console: switching to colour frame buffer device 160x50
[    1.765838] fb0: inteldrmfb frame buffer device
[    1.765839] registered panic notifier
[    1.793136] acpi device:33: registered as cooling_device2
[    1.793859] input: Video Bus as /devices/LNXSYSTM:00/LNXSYBUS:00/PNP0A03:00/LNXVIDEO:00/input/input3
[    1.793904] ACPI: Video Device [VID] (multi-head: yes  rom: no  post: no)
[    1.793973] ACPI Warning for \_SB_.PCI0.VID2._DOD: Return Package has no elements (empty) (20090903/nspredef-433)
[    1.794103] input: Video Bus as /devices/LNXSYSTM:00/LNXSYBUS:00/PNP0A03:00/LNXVIDEO:01/input/input4
[    1.794145] ACPI: Video Device [VID2] (multi-head: yes  rom: no  post: no)
[    1.794220] [drm] Initialized i915 1.6.0 20080730 for 0000:00:02.0 on minor 0
[    1.794308] Serial: 8250/16550 driver, 4 ports, IRQ sharing enabled
[    1.794828] serial 0000:00:03.3: PCI INT B -> GSI 17 (level, low) -> IRQ 17
[    1.794942] 0000:00:03.3: ttyS0 at I/O 0xef88 (irq = 17) is a 16550A
[    1.796781] brd: module loaded
[    1.797651] loop: module loaded
[    1.797668] Uniform Multi-Platform E-IDE driver
[    1.797782] ide-gd driver 1.18
[    1.798096] ahci 0000:00:1f.2: version 3.0
[    1.798105] ahci 0000:00:1f.2: PCI INT D -> GSI 19 (level, low) -> IRQ 19
[    1.798170] ahci 0000:00:1f.2: irq 28 for MSI/MSI-X
[    1.798207] ahci: SSS flag set, parallel bus scan disabled
[    1.798265] ahci 0000:00:1f.2: AHCI 0001.0200 32 slots 4 ports 3 Gbps 0x33 impl SATA mode
[    1.798300] ahci 0000:00:1f.2: flags: 64bit ncq sntf stag pm led clo pmp pio slum part ccc ems sxs 
[    1.798339] ahci 0000:00:1f.2: setting latency timer to 64
[    1.820066] scsi0 : ahci
[    1.820198] scsi1 : ahci
[    1.820320] scsi2 : ahci
[    1.820440] scsi3 : ahci
[    1.821212] scsi4 : ahci
[    1.821986] scsi5 : ahci
[    1.823085] ata1: SATA max UDMA/133 abar m2048@0xfed1c800 port 0xfed1c900 irq 28
[    1.823811] ata2: SATA max UDMA/133 abar m2048@0xfed1c800 port 0xfed1c980 irq 28
[    1.824561] ata3: DUMMY
[    1.825293] ata4: DUMMY
[    1.826040] ata5: SATA max UDMA/133 abar m2048@0xfed1c800 port 0xfed1cb00 irq 28
[    1.826835] ata6: SATA max UDMA/133 abar m2048@0xfed1c800 port 0xfed1cb80 irq 28
[    1.827762] Intel(R) PRO/1000 Network Driver - version 7.3.21-k5-NAPI
[    1.828602] Copyright (c) 1999-2006 Intel Corporation.
[    1.829514] e1000e: Intel(R) PRO/1000 Network Driver - 1.0.2-k2
[    1.830369] e1000e: Copyright (c) 1999-2008 Intel Corporation.
[    1.831271] e1000e 0000:00:19.0: PCI INT A -> GSI 22 (level, low) -> IRQ 22
[    1.832192] e1000e 0000:00:19.0: setting latency timer to 64
[    1.832285] e1000e 0000:00:19.0: irq 29 for MSI/MSI-X
[    1.940160] 0000:00:19.0: eth0: (PCI Express:2.5GB/s:Width x1) 00:21:70:e6:a4:82
[    1.941098] 0000:00:19.0: eth0: Intel(R) PRO/1000 Network Connection
[    1.942068] 0000:00:19.0: eth0: MAC: 7, PHY: 8, PBA No: 3002ff-0ff
[    1.943085] Fusion MPT base driver 3.04.12
[    1.944081] Copyright (c) 1999-2008 LSI Corporation
[    1.945081] Fusion MPT SPI Host driver 3.04.12
[    1.946166] ohci1394 0000:02:01.0: PCI INT A -> GSI 19 (level, low) -> IRQ 19
[    2.002036] ohci1394: fw-host0: OHCI-1394 1.1 (PCI): IRQ=[19]  MMIO=[f65ff800-f65fffff]  Max Packet=[2048]  IR/IT contexts=[4/4]
[    2.007336] usbcore: registered new interface driver libusual
[    2.008558] usbcore: registered new interface driver usbserial
[    2.009733] USB Serial support registered for generic
[    2.010930] usbcore: registered new interface driver usbserial_generic
[    2.012089] usbserial: USB Serial Driver core
[    2.013317] PNP: PS/2 Controller [PNP0303:KBC,PNP0f13:PS2M] at 0x60,0x64 irq 1,12
[    2.016924] i8042.c: Warning: Keylock active.
[    2.021225] serio: i8042 KBD port at 0x60,0x64 irq 1
[    2.022476] serio: i8042 AUX port at 0x60,0x64 irq 12
[    2.023766] mice: PS/2 mouse device common for all mice
[    2.025152] Driver 'rtc_cmos' needs updating - please use bus_type methods
[    2.026280] rtc_cmos 00:03: RTC can wake from S4
[    2.027745] rtc_cmos 00:03: rtc core: registered rtc_cmos as rtc0
[    2.028874] rtc0: alarms up to one month, y3k, 114 bytes nvram, hpet irqs
[    2.030282] input: AT Translated Set 2 keyboard as /devices/platform/i8042/serio0/input/input5
[    2.030322] cpuidle: using governor ladder
[    2.032952] cpuidle: using governor menu
[    2.034041] sdhci: Secure Digital Host Controller Interface driver
[    2.035127] sdhci: Copyright(c) Pierre Ossman
[    2.036238] sdhci-pci 0000:02:01.1: SDHCI controller found [1180:0822] (rev 22)
[    2.037368] sdhci-pci 0000:02:01.1: PCI INT B -> GSI 18 (level, low) -> IRQ 18
[    2.041570] mmc0: SDHCI controller on PCI [0000:02:01.1] using DMA
[    2.042988] TCP cubic registered
[    2.044101] NET: Registered protocol family 17
[    2.045446] PM: Resume from disk failed.
[    2.045455] registered taskstats version 1
[    2.046981]   Magic number: 1:370:494
[    2.048156] rtc_cmos 00:03: setting system clock to 2009-11-20 18:29:11 UTC (1258741751)
[    2.049270] BIOS EDD facility v0.16 2004-Jun-25, 0 devices found
[    2.050405] EDD information not available.
[    2.308225] ata1: SATA link up 1.5 Gbps (SStatus 113 SControl 300)
[    2.310161] ata1.00: ATA-8: ST9120817AS, 3.CMF, max UDMA/100
[    2.311335] ata1.00: 234441648 sectors, multi 8: LBA48 NCQ (depth 31/32)
[    2.313483] ata1.00: configured for UDMA/100
[    2.328341] scsi 0:0:0:0: Direct-Access     ATA      ST9120817AS      3.CM PQ: 0 ANSI: 5
[    2.329899] sd 0:0:0:0: [sda] 234441648 512-byte logical blocks: (120 GB/111 GiB)
[    2.331170] sd 0:0:0:0: [sda] Write Protect is off
[    2.332039] sd 0:0:0:0: Attached scsi generic sg0 type 0
[    2.333616] sd 0:0:0:0: [sda] Mode Sense: 00 3a 00 00
[    2.333635] sd 0:0:0:0: [sda] Write cache: enabled, read cache: enabled, doesn't support DPO or FUA
[    2.334959]  sda: sda1 sda2 < sda5 >
[    2.391693] sd 0:0:0:0: [sda] Attached SCSI disk
[    3.220226] ata2: SATA link up 1.5 Gbps (SStatus 113 SControl 300)
[    3.236359] ata2.00: ATAPI: TSSTcorp DVD+/-RW TS-U633A, D200, max UDMA/100, ATAPI AN
[    3.237612] ata2.00: applying bridge limits
[    3.254012] ata2.00: configured for UDMA/100
[    3.274655] scsi 1:0:0:0: CD-ROM            TSSTcorp DVD+-RW TS-U633A D200 PQ: 0 ANSI: 5
[    3.276182] ieee1394: Host added: ID:BUS[0-00:1023]  GUID[324fc000138975e1]
[    3.282538] sr0: scsi3-mmc drive: 24x/24x writer dvd-ram cd/rw xa/form2 cdda tray
[    3.283846] Uniform CD-ROM driver Revision: 3.20
[    3.285419] sr 1:0:0:0: Attached scsi CD-ROM sr0
[    3.285695] sr 1:0:0:0: Attached scsi generic sg1 type 5
[    3.604229] ata5: SATA link down (SStatus 0 SControl 300)
[    3.940277] ata6: SATA link down (SStatus 0 SControl 300)
[    3.956320] Freeing unused kernel memory: 632k freed
[    4.072984] pata_acpi 0000:00:03.2: PCI INT C -> GSI 18 (level, low) -> IRQ 18
[    4.078162] ehci_hcd: USB 2.0 'Enhanced' Host Controller (EHCI) Driver
[    4.085054] uhci_hcd: USB Universal Host Controller Interface driver
[    4.102629] pata_acpi 0000:00:03.2: setting latency timer to 64
[    4.102642] pata_acpi 0000:00:03.2: PCI INT C disabled
[    4.104905] ehci_hcd 0000:00:1a.7: PCI INT C -> GSI 22 (level, low) -> IRQ 22
[    4.106215] ehci_hcd 0000:00:1a.7: setting latency timer to 64
[    4.106219] ehci_hcd 0000:00:1a.7: EHCI Host Controller
[    4.107569] ehci_hcd 0000:00:1a.7: new USB bus registered, assigned bus number 1
[    4.109090] ehci_hcd 0000:00:1a.7: debug port 1
[    4.114225] ehci_hcd 0000:00:1a.7: cache line size of 32 is not supported
[    4.114252] ehci_hcd 0000:00:1a.7: irq 22, io mem 0xfed1c400
[    4.128027] ehci_hcd 0000:00:1a.7: USB 2.0 started, EHCI 1.00
[    4.129349] usb usb1: configuration #1 chosen from 1 choice
[    4.129375] hub 1-0:1.0: USB hub found
[    4.129382] hub 1-0:1.0: 6 ports detected
[    4.129447] uhci_hcd 0000:00:1a.0: PCI INT A -> GSI 20 (level, low) -> IRQ 20
[    4.129457] uhci_hcd 0000:00:1a.0: setting latency timer to 64
[    4.129461] uhci_hcd 0000:00:1a.0: UHCI Host Controller
[    4.129495] uhci_hcd 0000:00:1a.0: new USB bus registered, assigned bus number 2
[    4.129533] uhci_hcd 0000:00:1a.0: irq 20, io base 0x00006f60
[    4.129597] usb usb2: configuration #1 chosen from 1 choice
[    4.129618] hub 2-0:1.0: USB hub found
[    4.129624] hub 2-0:1.0: 2 ports detected
[    4.129673] ehci_hcd 0000:00:1d.7: PCI INT A -> GSI 20 (level, low) -> IRQ 20
[    4.129696] ehci_hcd 0000:00:1d.7: setting latency timer to 64
[    4.129699] ehci_hcd 0000:00:1d.7: EHCI Host Controller
[    4.129722] ehci_hcd 0000:00:1d.7: new USB bus registered, assigned bus number 3
[    4.129750] ehci_hcd 0000:00:1d.7: debug port 1
[    4.133635] ehci_hcd 0000:00:1d.7: cache line size of 32 is not supported
[    4.133641] ehci_hcd 0000:00:1d.7: irq 20, io mem 0xfed1c000
[    4.148022] ehci_hcd 0000:00:1d.7: USB 2.0 started, EHCI 1.00
[    4.149227] usb usb3: configuration #1 chosen from 1 choice
[    4.150397] hub 3-0:1.0: USB hub found
[    4.151555] hub 3-0:1.0: 6 ports detected
[    4.152798] uhci_hcd 0000:00:1a.1: PCI INT B -> GSI 21 (level, low) -> IRQ 21
[    4.153949] uhci_hcd 0000:00:1a.1: setting latency timer to 64
[    4.153952] uhci_hcd 0000:00:1a.1: UHCI Host Controller
[    4.155164] uhci_hcd 0000:00:1a.1: new USB bus registered, assigned bus number 4
[    4.156335] uhci_hcd 0000:00:1a.1: irq 21, io base 0x00006f80
[    4.157561] usb usb4: configuration #1 chosen from 1 choice
[    4.158838] hub 4-0:1.0: USB hub found
[    4.160118] hub 4-0:1.0: 2 ports detected
[    4.161255] uhci_hcd 0000:00:1a.2: PCI INT C -> GSI 22 (level, low) -> IRQ 22
[    4.162376] uhci_hcd 0000:00:1a.2: setting latency timer to 64
[    4.162379] uhci_hcd 0000:00:1a.2: UHCI Host Controller
[    4.163501] uhci_hcd 0000:00:1a.2: new USB bus registered, assigned bus number 5
[    4.164628] uhci_hcd 0000:00:1a.2: irq 22, io base 0x00006fa0
[    4.165763] usb usb5: configuration #1 chosen from 1 choice
[    4.166945] hub 5-0:1.0: USB hub found
[    4.170183] hub 5-0:1.0: 2 ports detected
[    4.171304] uhci_hcd 0000:00:1d.0: PCI INT A -> GSI 20 (level, low) -> IRQ 20
[    4.172387] uhci_hcd 0000:00:1d.0: setting latency timer to 64
[    4.172390] uhci_hcd 0000:00:1d.0: UHCI Host Controller
[    4.173489] uhci_hcd 0000:00:1d.0: new USB bus registered, assigned bus number 6
[    4.174568] uhci_hcd 0000:00:1d.0: irq 20, io base 0x00006f00
[    4.175723] usb usb6: configuration #1 chosen from 1 choice
[    4.176848] hub 6-0:1.0: USB hub found
[    4.177910] hub 6-0:1.0: 2 ports detected
[    4.178988] uhci_hcd 0000:00:1d.1: PCI INT B -> GSI 21 (level, low) -> IRQ 21
[    4.180084] uhci_hcd 0000:00:1d.1: setting latency timer to 64
[    4.180087] uhci_hcd 0000:00:1d.1: UHCI Host Controller
[    4.181194] uhci_hcd 0000:00:1d.1: new USB bus registered, assigned bus number 7
[    4.182280] uhci_hcd 0000:00:1d.1: irq 21, io base 0x00006f20
[    4.183411] usb usb7: configuration #1 chosen from 1 choice
[    4.184508] hub 7-0:1.0: USB hub found
[    4.185532] hub 7-0:1.0: 2 ports detected
[    4.186580] uhci_hcd 0000:00:1d.2: PCI INT C -> GSI 22 (level, low) -> IRQ 22
[    4.187695] uhci_hcd 0000:00:1d.2: setting latency timer to 64
[    4.187699] uhci_hcd 0000:00:1d.2: UHCI Host Controller
[    4.189137] uhci_hcd 0000:00:1d.2: new USB bus registered, assigned bus number 8
[    4.190221] uhci_hcd 0000:00:1d.2: irq 22, io base 0x00006f40
[    4.191336] usb usb8: configuration #1 chosen from 1 choice
[    4.191359] hub 8-0:1.0: USB hub found
[    4.191366] hub 8-0:1.0: 2 ports detected
[    4.408993] PM: Starting manual resume from disk
[    4.410018] PM: Resume from partition 8:5
[    4.410020] PM: Checking hibernation image.
[    4.410143] PM: Error -22 checking image file
[    4.410145] PM: Resume from disk failed.
[    4.486397] EXT4-fs (sda1): mounted filesystem with ordered data mode
[    4.664054] usb 1-6: new high speed USB device using ehci_hcd and address 4
[    4.838013] usb 1-6: configuration #1 chosen from 1 choice
[    5.081045] usb 2-1: new full speed USB device using uhci_hcd and address 2
[    5.261684] usb 2-1: configuration #1 chosen from 1 choice
[    5.265633] hub 2-1:1.0: USB hub found
[    5.268582] hub 2-1:1.0: 3 ports detected
[    5.513046] usb 5-1: new full speed USB device using uhci_hcd and address 2
[    5.691835] usb 5-1: configuration #0 chosen from 1 choice
[    5.692881] usb 5-1: config 0 descriptor??
[    5.777601] usb 2-1.1: new full speed USB device using uhci_hcd and address 3
[    5.896658] usb 2-1.1: configuration #1 chosen from 1 choice
[    5.973601] usb 2-1.2: new full speed USB device using uhci_hcd and address 4
[    6.096661] usb 2-1.2: configuration #1 chosen from 1 choice
[    9.551633] Adding 4803392k swap on /dev/sda5.  Priority:-1 extents:1 across:4803392k 
[   12.427269] udev: starting version 147
[   14.133586] usb 2-1.3: new full speed USB device using uhci_hcd and address 5
[   14.272436] usb 2-1.3: configuration #1 chosen from 1 choice
[   14.541883] ACPI: WMI: Mapper loaded
[   14.554024] dcdbas dcdbas: Dell Systems Management Base Driver (version 5.6.0-3.2)
[   14.616753] lp: driver loaded but no devices found
[   14.667395] cfg80211: Using static regulatory domain info
[   14.667398] cfg80211: Regulatory domain: US
[   14.667399] 	(start_freq - end_freq @ bandwidth), (max_antenna_gain, max_eirp)
[   14.667402] 	(2402000 KHz - 2472000 KHz @ 40000 KHz), (600 mBi, 2700 mBm)
[   14.667404] 	(5170000 KHz - 5190000 KHz @ 40000 KHz), (600 mBi, 2300 mBm)
[   14.667407] 	(5190000 KHz - 5210000 KHz @ 40000 KHz), (600 mBi, 2300 mBm)
[   14.667409] 	(5210000 KHz - 5230000 KHz @ 40000 KHz), (600 mBi, 2300 mBm)
[   14.667412] 	(5230000 KHz - 5330000 KHz @ 40000 KHz), (600 mBi, 2300 mBm)
[   14.667414] 	(5735000 KHz - 5835000 KHz @ 40000 KHz), (600 mBi, 3000 mBm)
[   14.667562] cfg80211: Calling CRDA for country: US
[   14.670321] usbcore: registered new interface driver hiddev
[   14.673844] input: HID 413c:8161 as /devices/pci0000:00/0000:00:1a.0/usb2/2-1/2-1.1/2-1.1:1.0/input/input6
[   14.673901] generic-usb 0003:413C:8161.0001: input,hidraw0: USB HID v1.11 Keyboard [HID 413c:8161] on usb-0000:00:1a.0-1.1/input0
[   14.677898] input: HID 413c:8162 as /devices/pci0000:00/0000:00:1a.0/usb2/2-1/2-1.2/2-1.2:1.0/input/input7
[   14.677952] generic-usb 0003:413C:8162.0002: input,hidraw1: USB HID v1.11 Mouse [HID 413c:8162] on usb-0000:00:1a.0-1.2/input0
[   14.677972] usbcore: registered new interface driver usbhid
[   14.677974] usbhid: v2.6:USB HID core driver
[   14.921002] cfg80211: Regulatory domain changed to country: US
[   14.921005] 	(start_freq - end_freq @ bandwidth), (max_antenna_gain, max_eirp)
[   14.921007] 	(2402000 KHz - 2472000 KHz @ 40000 KHz), (300 mBi, 2700 mBm)
[   14.921009] 	(5170000 KHz - 5250000 KHz @ 40000 KHz), (300 mBi, 1700 mBm)
[   14.921011] 	(5250000 KHz - 5330000 KHz @ 40000 KHz), (300 mBi, 2000 mBm)
[   14.921013] 	(5490000 KHz - 5710000 KHz @ 40000 KHz), (300 mBi, 2000 mBm)
[   14.921015] 	(5735000 KHz - 5835000 KHz @ 40000 KHz), (300 mBi, 3000 mBm)
[   14.994763] Bluetooth: Core ver 2.15
[   14.994799] NET: Registered protocol family 31
[   14.994801] Bluetooth: HCI device and connection manager initialized
[   14.994803] Bluetooth: HCI socket layer initialized
[   15.013092] ip_tables: (C) 2000-2006 Netfilter Core Team
[   15.093257] Bluetooth: Generic Bluetooth USB driver ver 0.6
[   15.093422] usbcore: registered new interface driver btusb
[   15.224924] iwlagn: Intel(R) Wireless WiFi Link AGN driver for Linux, 1.3.27k
[   15.224933] iwlagn: Copyright(c) 2003-2009 Intel Corporation
[   15.225204] iwlagn 0000:0c:00.0: PCI INT A -> GSI 17 (level, low) -> IRQ 17
[   15.225233] iwlagn 0000:0c:00.0: setting latency timer to 64
[   15.225329] iwlagn 0000:0c:00.0: Detected Intel Wireless WiFi Link 5300AGN REV=0x24
[   15.261711] iwlagn 0000:0c:00.0: Tunable channels: 13 802.11bg, 24 802.11a channels
[   15.261848] iwlagn 0000:0c:00.0: irq 30 for MSI/MSI-X
[   15.279289] input: DualPoint Stick as /devices/platform/i8042/serio1/input/input8
[   15.295756] input: AlpsPS/2 ALPS DualPoint TouchPad as /devices/platform/i8042/serio1/input/input9
[   15.380007] phy0: Selected rate control algorithm 'iwl-agn-rs'
[   15.766553] HDA Intel 0000:00:1b.0: PCI INT A -> GSI 21 (level, low) -> IRQ 21
[   15.766593] HDA Intel 0000:00:1b.0: setting latency timer to 64
[   15.888691] input: HDA Digital PCBeep as /devices/pci0000:00/0000:00:1b.0/input/input10
[   17.568224] e1000e 0000:00:19.0: irq 29 for MSI/MSI-X
[   17.624077] e1000e 0000:00:19.0: irq 29 for MSI/MSI-X
[   17.626410] iwlagn 0000:0c:00.0: firmware: requesting iwlwifi-5000-2.ucode
[   17.817894] iwlagn 0000:0c:00.0: loaded firmware version 8.24.2.12
[   17.998750] Registered led device: iwl-phy0::radio
[   17.998885] Registered led device: iwl-phy0::assoc
[   17.999018] Registered led device: iwl-phy0::RX
[   17.999151] Registered led device: iwl-phy0::TX
[   18.398372] NET: Registered protocol family 10
[   18.398731] lo: Disabled Privacy Extensions
[   18.399122] ADDRCONF(NETDEV_UP): eth0: link is not ready
[   18.399311] ADDRCONF(NETDEV_UP): wlan0: link is not ready
[   20.254919] ppdev: user-space parallel port driver
[   20.767657] e1000e: eth0 NIC Link is Up 1000 Mbps Full Duplex, Flow Control: RX/TX
[   20.768080] ADDRCONF(NETDEV_CHANGE): eth0: link becomes ready
[   20.858234] [drm] TV-25: set mode NTSC 480i 0
[   21.038128] [drm] TV-25: set mode NTSC 480i 0
[   21.389100] [drm] TV-25: set mode NTSC 480i 0
[   21.569037] [drm] TV-25: set mode NTSC 480i 0
[   21.913196] Bluetooth: L2CAP ver 2.14
[   21.913199] Bluetooth: L2CAP socket layer initialized
[   22.131713] Bluetooth: BNEP (Ethernet Emulation) ver 1.3
[   22.131716] Bluetooth: BNEP filters: protocol multicast
[   22.339797] Bridge firewalling registered
[   22.381812] Bluetooth: SCO (Voice Link) ver 0.6
[   22.381815] Bluetooth: SCO socket layer initialized
[   22.556191] Bluetooth: RFCOMM TTY layer initialized
[   22.556195] Bluetooth: RFCOMM socket layer initialized
[   22.556196] Bluetooth: RFCOMM ver 1.11
[   24.339723] [drm] TV-25: set mode NTSC 480i 0
[   24.479889] [drm] TV-25: set mode NTSC 480i 0
[   24.771573] [drm] TV-25: set mode NTSC 480i 0
[   24.911833] [drm] TV-25: set mode NTSC 480i 0
[   25.219788] [drm] TV-25: set mode NTSC 480i 0
[   25.360033] [drm] TV-25: set mode NTSC 480i 0
[   31.472051] eth0: no IPv6 routers present
[   42.326852] [drm] TV-25: set mode NTSC 480i 0
[   42.467023] [drm] TV-25: set mode NTSC 480i 0
[   42.759041] [drm] TV-25: set mode NTSC 480i 0
[   42.899289] [drm] TV-25: set mode NTSC 480i 0
[   43.188622] [drm] TV-25: set mode NTSC 480i 0
[   43.328935] [drm] TV-25: set mode NTSC 480i 0
[   45.363531] [drm] TV-25: set mode NTSC 480i 0
[   45.504219] [drm] TV-25: set mode NTSC 480i 0
[   52.236129] wlan0: deauthenticating from 00:0b:0e:46:5c:00 by local choice (reason=3)
[   52.238459] wlan0: direct probe to AP 00:0b:0e:46:9e:01 (try 1)
[   52.437022] wlan0: direct probe to AP 00:0b:0e:46:9e:01 (try 2)
[   52.437939] wlan0: direct probe responded
[   52.437943] wlan0: authenticate with AP 00:0b:0e:46:9e:01 (try 1)
[   52.438463] wlan0: authenticated
[   52.438482] wlan0: associate with AP 00:0b:0e:46:9e:01 (try 1)
[   52.439881] wlan0: RX AssocResp from 00:0b:0e:46:9e:01 (capab=0x401 status=0 aid=2)
[   52.439884] wlan0: associated
[   52.441717] ADDRCONF(NETDEV_CHANGE): wlan0: link becomes ready
[   52.441764] cfg80211: Calling CRDA for country: US
[   52.443619] cfg80211: Current regulatory domain updated by AP to: US
[   52.443622] 	(start_freq - end_freq @ bandwidth), (max_antenna_gain, max_eirp)
[   52.443624] 	(5170000 KHz - 5250000 KHz @ 40000 KHz), (300 mBi, 1700 mBm)
[   52.443626] 	(5735000 KHz - 5835000 KHz @ 40000 KHz), (300 mBi, 3000 mBm)
[   62.540205] wlan0: no IPv6 routers present
[   66.192359] [drm] TV-25: set mode NTSC 480i 0
[   66.643951] [drm] TV-25: set mode NTSC 480i 0
[   68.832031] [drm:i915_hangcheck_elapsed] *ERROR* Hangcheck timer elapsed... GPU hung
[   68.832039] render error detected, EIR: 0x00000000
[   68.832041] i915: Waking up sleeping processes
[   68.832055] [drm:i915_wait_request] *ERROR* i915_wait_request returns -5 (awaiting 4742 at 4740)
[   69.156009] [drm:i915_hangcheck_elapsed] *ERROR* Hangcheck timer elapsed... GPU hung
[   69.156014] render error detected, EIR: 0x00000000
[   69.156016] i915: Waking up sleeping processes
[   69.156024] [drm:i915_wait_request] *ERROR* i915_wait_request returns -5 (awaiting 4746 at 4740)
[   69.156251] [drm:i915_gem_execbuffer] *ERROR* Execbuf while wedged
[   69.156321] [drm:i915_gem_execbuffer] *ERROR* Execbuf while wedged
[   69.156366] [drm:i915_gem_execbuffer] *ERROR* Execbuf while wedged
[   69.156390] [drm:i915_gem_execbuffer] *ERROR* Execbuf while wedged
[   69.161016] wlan0: deauthenticating from 00:0b:0e:46:9e:01 by local choice (reason=3)
[   69.476041] [drm:i915_hangcheck_elapsed] *ERROR* Hangcheck timer elapsed... GPU hung
[   69.476047] render error detected, EIR: 0x00000000
[   69.476050] i915: Waking up sleeping processes
[   69.476068] [drm:i915_wait_request] *ERROR* i915_wait_request returns -5 (awaiting 4747 at 4740)
[   69.800031] [drm:i915_hangcheck_elapsed] *ERROR* Hangcheck timer elapsed... GPU hung
[   69.800036] render error detected, EIR: 0x00000000
[   69.800038] i915: Waking up sleeping processes
[   69.800052] [drm:i915_wait_request] *ERROR* i915_wait_request returns -5 (awaiting 4755 at 4740)
[   70.121009] [drm:i915_hangcheck_elapsed] *ERROR* Hangcheck timer elapsed... GPU hung
[   70.121014] render error detected, EIR: 0x00000000
[   70.121016] i915: Waking up sleeping processes
[   70.121046] [drm:i915_wait_request] *ERROR* i915_wait_request returns -5 (awaiting 4760 at 4740)
[   70.440037] [drm:i915_hangcheck_elapsed] *ERROR* Hangcheck timer elapsed... GPU hung
[   70.440043] render error detected, EIR: 0x00000000
[   70.440046] i915: Waking up sleeping processes
[   70.440062] [drm:i915_wait_request] *ERROR* i915_wait_request returns -5 (awaiting 4762 at 4740)
[   70.656205] PM: Syncing filesystems ... 
[   70.760051] [drm:i915_hangcheck_elapsed] *ERROR* Hangcheck timer elapsed... GPU hung
[   70.760056] render error detected, EIR: 0x00000000
[   70.760059] i915: Waking up sleeping processes
[   70.760107] [drm:i915_wait_request] *ERROR* i915_wait_request returns -5 (awaiting 4763 at 4740)
[   70.933043] done.
[   70.933048] PM: Preparing system for mem sleep
[   71.428025] [drm:i915_hangcheck_elapsed] *ERROR* Hangcheck timer elapsed... GPU hung
[   71.428032] render error detected, EIR: 0x00000000
[   71.428034] i915: Waking up sleeping processes
[   71.428052] [drm:i915_wait_request] *ERROR* i915_wait_request returns -5 (awaiting 4768 at 4740)
[   71.433710] Freezing user space processes ... (elapsed 0.01 seconds) done.
[   71.450931] Freezing remaining freezable tasks ... (elapsed 0.00 seconds) done.
[   71.450965] PM: Entering mem sleep
[   71.450976] Suspending console(s) (use no_console_suspend to debug)
[   71.478607] btusb_intr_complete: hci0 urb ffff88010e7ed3c0 failed to resubmit (1)
[   71.479607] btusb_bulk_complete: hci0 urb ffff88010e7ed540 failed to resubmit (1)
[   71.480604] btusb_bulk_complete: hci0 urb ffff88010e7ed480 failed to resubmit (1)
[   71.580298] sd 0:0:0:0: [sda] Synchronizing SCSI cache
[   71.580362] sd 0:0:0:0: [sda] Stopping disk
[   72.537728] ACPI handle has no context!
[   72.537736] sdhci-pci 0000:02:01.1: PCI INT B disabled
[   72.537741] ACPI handle has no context!
[   72.668273] ehci_hcd 0000:00:1d.7: PCI INT A disabled
[   72.668282] uhci_hcd 0000:00:1d.2: PCI INT C disabled
[   72.668290] uhci_hcd 0000:00:1d.1: PCI INT B disabled
[   72.668297] uhci_hcd 0000:00:1d.0: PCI INT A disabled
[   72.668329] HDA Intel 0000:00:1b.0: PCI INT A disabled
[   72.684225] ehci_hcd 0000:00:1a.7: PCI INT C disabled
[   72.684232] uhci_hcd 0000:00:1a.2: PCI INT C disabled
[   72.684240] uhci_hcd 0000:00:1a.1: PCI INT B disabled
[   72.684247] uhci_hcd 0000:00:1a.0: PCI INT A disabled
[   72.684450] e1000e 0000:00:19.0: PCI INT A disabled
[   72.684455] e1000e 0000:00:19.0: PME# enabled
[   72.684461]  pci0000:00: wake-up capability enabled by ACPI
[   72.700297] ACPI handle has no context!
[   74.348265] [drm:i915_gem_idle] *ERROR* hardware wedged
[   74.381257] PM: suspend devices took 2.932 seconds
[   74.419713] ACPI: Preparing to enter system sleep state S3
[   74.433560] Disabling non-boot CPUs ...
[   74.536016] CPU 1 is now offline
[   74.536018] SMP alternatives: switching to UP code
[   74.542871] CPU0 attaching NULL sched-domain.
[   74.542874] CPU1 attaching NULL sched-domain.
[   74.542879] CPU0 attaching NULL sched-domain.
[   74.543070] CPU1 is down
[   74.543121] Extended CMOS year: 2000
[   74.543121] Back to C!
[   74.543121] CPU0: Thermal LVT vector (0xfa) already installed
[   74.543121] Extended CMOS year: 2000
[   74.543121] Enabling non-boot CPUs ...
[   74.543121] SMP alternatives: switching to SMP code
[   74.549893] Booting processor 1 APIC 0x1 ip 0x6000
[   74.542740] Initializing CPU#1
[   74.542740] Calibrating delay using timer specific routine.. 4788.01 BogoMIPS (lpj=9576038)
[   74.542740] CPU: L1 I cache: 32K, L1 D cache: 32K
[   74.542740] CPU: L2 cache: 6144K
[   74.542740] CPU: Physical Processor ID: 0
[   74.542740] CPU: Processor Core ID: 1
[   74.542740] CPU1: Thermal monitoring enabled (TM1)
[   74.640025] CPU1: Intel(R) Core(TM)2 Duo CPU     P9400  @ 2.40GHz stepping 06
[   74.640095] CPU0 attaching NULL sched-domain.
[   74.652015] CPU0 attaching sched-domain:
[   74.652017]  domain 0: span 0-1 level MC
[   74.652019]   groups: 0 1
[   74.652022] CPU1 attaching sched-domain:
[   74.652023]  domain 0: span 0-1 level MC
[   74.652025]   groups: 1 0
[   74.652241] CPU1 is up
[   74.653016] ACPI: Waking up from system sleep state S3
[   74.712360] i915 0000:00:02.0: restoring config space at offset 0xf (was 0x100, writing 0x10b)
[   74.712367] i915 0000:00:02.0: restoring config space at offset 0x8 (was 0x1, writing 0xef71)
[   74.712370] i915 0000:00:02.0: restoring config space at offset 0x6 (was 0xc, writing 0xe000000c)
[   74.712375] i915 0000:00:02.0: restoring config space at offset 0x1 (was 0x900007, writing 0x900407)
[   74.712394] pci 0000:00:02.1: restoring config space at offset 0x4 (was 0x4, writing 0xf6b00004)
[   74.712398] pci 0000:00:02.1: restoring config space at offset 0x1 (was 0x900000, writing 0x900007)
[   74.712409] pci 0000:00:03.0: restoring config space at offset 0xf (was 0x100, writing 0x10b)
[   74.712419] pci 0000:00:03.0: restoring config space at offset 0x4 (was 0xfed15004, writing 0xf6ad9ef4)
[   74.712435] pci 0000:00:03.2: restoring config space at offset 0xf (was 0x300, writing 0x30b)
[   74.712442] pci 0000:00:03.2: restoring config space at offset 0x8 (was 0x6f81, writing 0xef91)
[   74.712446] pci 0000:00:03.2: restoring config space at offset 0x7 (was 0x6f69, writing 0xef6d)
[   74.712449] pci 0000:00:03.2: restoring config space at offset 0x6 (was 0x6f61, writing 0xef81)
[   74.712452] pci 0000:00:03.2: restoring config space at offset 0x5 (was 0x6f59, writing 0xef69)
[   74.712455] pci 0000:00:03.2: restoring config space at offset 0x4 (was 0x6f51, writing 0xef79)
[   74.712460] pci 0000:00:03.2: restoring config space at offset 0x1 (was 0xb00000, writing 0xb00001)
[   74.712474] serial 0000:00:03.3: restoring config space at offset 0xf (was 0x200, writing 0x205)
[   74.712484] serial 0000:00:03.3: restoring config space at offset 0x5 (was 0x0, writing 0xf6ada000)
[   74.712488] serial 0000:00:03.3: restoring config space at offset 0x4 (was 0x1, writing 0xef89)
[   74.712492] serial 0000:00:03.3: restoring config space at offset 0x1 (was 0xb00000, writing 0xb00007)
[   74.712514] e1000e 0000:00:19.0: restoring config space at offset 0xf (was 0x100, writing 0x10a)
[   74.712528] e1000e 0000:00:19.0: restoring config space at offset 0x6 (was 0x1, writing 0xefe1)
[   74.712533] e1000e 0000:00:19.0: restoring config space at offset 0x5 (was 0x0, writing 0xf6adb000)
[   74.712537] e1000e 0000:00:19.0: restoring config space at offset 0x4 (was 0x0, writing 0xf6ae0000)
[   74.712544] e1000e 0000:00:19.0: restoring config space at offset 0x1 (was 0x100000, writing 0x100107)
[   74.712567] uhci_hcd 0000:00:1a.0: restoring config space at offset 0xf (was 0x100, writing 0x103)
[   74.712580] uhci_hcd 0000:00:1a.0: restoring config space at offset 0x8 (was 0x1, writing 0x6f61)
[   74.712592] uhci_hcd 0000:00:1a.0: restoring config space at offset 0x1 (was 0x2900000, writing 0x2900001)
[   74.712610] uhci_hcd 0000:00:1a.1: restoring config space at offset 0xf (was 0x200, writing 0x20a)
[   74.712622] uhci_hcd 0000:00:1a.1: restoring config space at offset 0x8 (was 0x1, writing 0x6f81)
[   74.712634] uhci_hcd 0000:00:1a.1: restoring config space at offset 0x1 (was 0x2900000, writing 0x2900001)
[   74.712651] uhci_hcd 0000:00:1a.2: restoring config space at offset 0xf (was 0x300, writing 0x30a)
[   74.712663] uhci_hcd 0000:00:1a.2: restoring config space at offset 0x8 (was 0x1, writing 0x6fa1)
[   74.712676] uhci_hcd 0000:00:1a.2: restoring config space at offset 0x1 (was 0x2900000, writing 0x2900001)
[   74.712718] ehci_hcd 0000:00:1a.7: restoring config space at offset 0x1 (was 0x2900106, writing 0x2900102)
[   74.712749] HDA Intel 0000:00:1b.0: restoring config space at offset 0xf (was 0x100, writing 0x10a)
[   74.712766] HDA Intel 0000:00:1b.0: restoring config space at offset 0x4 (was 0xfebfc004, writing 0xf6adc004)
[   74.712771] HDA Intel 0000:00:1b.0: restoring config space at offset 0x3 (was 0x0, writing 0x10)
[   74.712777] HDA Intel 0000:00:1b.0: restoring config space at offset 0x1 (was 0x100000, writing 0x100102)
[   74.712806] pcieport 0000:00:1c.0: restoring config space at offset 0xf (was 0x100, writing 0x20100)
[   74.712817] pcieport 0000:00:1c.0: restoring config space at offset 0x9 (was 0x10001, writing 0xf051f041)
[   74.712821] pcieport 0000:00:1c.0: restoring config space at offset 0x8 (was 0x0, writing 0xf030f020)
[   74.712826] pcieport 0000:00:1c.0: restoring config space at offset 0x7 (was 0x20000000, writing 0x2020)
[   74.712830] pcieport 0000:00:1c.0: restoring config space at offset 0x6 (was 0x0, writing 0xb0b00)
[   74.712837] pcieport 0000:00:1c.0: restoring config space at offset 0x3 (was 0x810000, writing 0x810010)
[   74.712843] pcieport 0000:00:1c.0: restoring config space at offset 0x1 (was 0x100000, writing 0x100407)
[   74.712886] pcieport 0000:00:1c.1: restoring config space at offset 0xf (was 0x200, writing 0x20200)
[   74.712897] pcieport 0000:00:1c.1: restoring config space at offset 0x9 (was 0x10001, writing 0xf071f061)
[   74.712902] pcieport 0000:00:1c.1: restoring config space at offset 0x8 (was 0x0, writing 0xf690f690)
[   74.712906] pcieport 0000:00:1c.1: restoring config space at offset 0x7 (was 0x20000000, writing 0x3030)
[   74.712911] pcieport 0000:00:1c.1: restoring config space at offset 0x6 (was 0x0, writing 0xc0c00)
[   74.712918] pcieport 0000:00:1c.1: restoring config space at offset 0x3 (was 0x810000, writing 0x810010)
[   74.712924] pcieport 0000:00:1c.1: restoring config space at offset 0x1 (was 0x100000, writing 0x100507)
[   74.712967] pcieport 0000:00:1c.3: restoring config space at offset 0xf (was 0x400, writing 0x20400)
[   74.712978] pcieport 0000:00:1c.3: restoring config space at offset 0x9 (was 0x10001, writing 0xf011f001)
[   74.712982] pcieport 0000:00:1c.3: restoring config space at offset 0x8 (was 0x0, writing 0xf680f660)
[   74.712987] pcieport 0000:00:1c.3: restoring config space at offset 0x7 (was 0x20000000, writing 0xd0d0)
[   74.712991] pcieport 0000:00:1c.3: restoring config space at offset 0x6 (was 0x0, writing 0xe0d00)
[   74.712999] pcieport 0000:00:1c.3: restoring config space at offset 0x3 (was 0x810000, writing 0x810010)
[   74.713007] pcieport 0000:00:1c.3: restoring config space at offset 0x1 (was 0x100000, writing 0x100407)
[   74.713062] uhci_hcd 0000:00:1d.0: restoring config space at offset 0x1 (was 0x2900005, writing 0x2900001)
[   74.713079] uhci_hcd 0000:00:1d.1: restoring config space at offset 0xf (was 0x200, writing 0x20a)
[   74.713091] uhci_hcd 0000:00:1d.1: restoring config space at offset 0x8 (was 0x1, writing 0x6f21)
[   74.713104] uhci_hcd 0000:00:1d.1: restoring config space at offset 0x1 (was 0x2900000, writing 0x2900001)
[   74.713120] uhci_hcd 0000:00:1d.2: restoring config space at offset 0xf (was 0x300, writing 0x30a)
[   74.713133] uhci_hcd 0000:00:1d.2: restoring config space at offset 0x8 (was 0x1, writing 0x6f41)
[   74.713145] uhci_hcd 0000:00:1d.2: restoring config space at offset 0x1 (was 0x2900000, writing 0x2900001)
[   74.713187] ehci_hcd 0000:00:1d.7: restoring config space at offset 0x1 (was 0x2900106, writing 0x2900102)
[   74.713220] pci 0000:00:1e.0: restoring config space at offset 0x7 (was 0x2280e0f0, writing 0x228000f0)
[   74.713272] pci 0000:00:1f.0: restoring config space at offset 0x1 (was 0x2100007, writing 0x2100107)
[   74.713300] ahci 0000:00:1f.2: restoring config space at offset 0xf (was 0x400, writing 0x40a)
[   74.713322] ahci 0000:00:1f.2: restoring config space at offset 0x1 (was 0x2b00007, writing 0x2b00407)
[   74.713354] pci 0000:00:1f.3: restoring config space at offset 0xf (was 0x200, writing 0x205)
[   74.713372] pci 0000:00:1f.3: restoring config space at offset 0x4 (was 0x4, writing 0xf6ad9f04)
[   74.713379] pci 0000:00:1f.3: restoring config space at offset 0x1 (was 0x2800001, writing 0x2800103)
[   74.713438] iwlagn 0000:0c:00.0: restoring config space at offset 0xf (was 0x100, writing 0x105)
[   74.713476] iwlagn 0000:0c:00.0: restoring config space at offset 0x4 (was 0x4, writing 0xf69fe004)
[   74.713487] iwlagn 0000:0c:00.0: restoring config space at offset 0x3 (was 0x0, writing 0x10)
[   74.713501] iwlagn 0000:0c:00.0: restoring config space at offset 0x1 (was 0x100000, writing 0x100106)
[   74.713573] ohci1394 0000:02:01.0: restoring config space at offset 0xf (was 0x4020100, writing 0x402010a)
[   74.713594] ohci1394 0000:02:01.0: restoring config space at offset 0x3 (was 0x800000, writing 0x804010)
[   74.713600] ohci1394 0000:02:01.0: restoring config space at offset 0x1 (was 0x2100000, writing 0x2100106)
[   74.713619] sdhci-pci 0000:02:01.1: restoring config space at offset 0xf (was 0x200, writing 0x20b)
[   74.713638] sdhci-pci 0000:02:01.1: restoring config space at offset 0x4 (was 0x0, writing 0xf65ff700)
[   74.713642] sdhci-pci 0000:02:01.1: restoring config space at offset 0x3 (was 0x800000, writing 0x804010)
[   74.713649] sdhci-pci 0000:02:01.1: restoring config space at offset 0x1 (was 0x2100000, writing 0x2100106)
[   74.723809] PM: Device PNP0C0D:00 failed to resume: error 1
[   74.813159] i915 0000:00:02.0: setting latency timer to 64
[   74.893647] e1000e 0000:00:19.0: PCI INT A -> GSI 22 (level, low) -> IRQ 22
[   74.893652] e1000e 0000:00:19.0: setting latency timer to 64
[   74.893668]  pci0000:00: wake-up capability disabled by ACPI
[   74.893672] e1000e 0000:00:19.0: PME# disabled
[   74.893709] e1000e 0000:00:19.0: irq 29 for MSI/MSI-X
[   74.944169] uhci_hcd 0000:00:1a.0: PCI INT A -> GSI 20 (level, low) -> IRQ 20
[   74.944175] uhci_hcd 0000:00:1a.0: setting latency timer to 64
[   74.944197] usb usb2: root hub lost power or was reset
[   74.944227] uhci_hcd 0000:00:1a.1: PCI INT B -> GSI 21 (level, low) -> IRQ 21
[   74.944233] uhci_hcd 0000:00:1a.1: setting latency timer to 64
[   74.944256] usb usb4: root hub lost power or was reset
[   74.944272] uhci_hcd 0000:00:1a.2: PCI INT C -> GSI 22 (level, low) -> IRQ 22
[   74.944278] uhci_hcd 0000:00:1a.2: setting latency timer to 64
[   74.944299] usb usb5: root hub lost power or was reset
[   74.944325] ehci_hcd 0000:00:1a.7: PCI INT C -> GSI 22 (level, low) -> IRQ 22
[   74.944331] ehci_hcd 0000:00:1a.7: setting latency timer to 64
[   74.944353] HDA Intel 0000:00:1b.0: PCI INT A -> GSI 21 (level, low) -> IRQ 21
[   74.944358] HDA Intel 0000:00:1b.0: setting latency timer to 64
[   74.944380] uhci_hcd 0000:00:1d.0: PCI INT A -> GSI 20 (level, low) -> IRQ 20
[   74.944385] uhci_hcd 0000:00:1d.0: setting latency timer to 64
[   74.944409] usb usb6: root hub lost power or was reset
[   74.944425] uhci_hcd 0000:00:1d.1: PCI INT B -> GSI 21 (level, low) -> IRQ 21
[   74.944431] uhci_hcd 0000:00:1d.1: setting latency timer to 64
[   74.944452] usb usb7: root hub lost power or was reset
[   74.944468] uhci_hcd 0000:00:1d.2: PCI INT C -> GSI 22 (level, low) -> IRQ 22
[   74.944474] uhci_hcd 0000:00:1d.2: setting latency timer to 64
[   74.944496] usb usb8: root hub lost power or was reset
[   74.944512] ehci_hcd 0000:00:1d.7: PCI INT A -> GSI 20 (level, low) -> IRQ 20
[   74.944518] ehci_hcd 0000:00:1d.7: setting latency timer to 64
[   74.944528] pci 0000:00:1e.0: setting latency timer to 64
[   74.944539] ahci 0000:00:1f.2: setting latency timer to 64
[   75.002228] ohci1394: fw-host0: OHCI-1394 1.1 (PCI): IRQ=[19]  MMIO=[f65ff800-f65fffff]  Max Packet=[2048]  IR/IT contexts=[4/4]
[   75.008223] sdhci-pci 0000:02:01.1: PCI INT B -> GSI 18 (level, low) -> IRQ 18
[   75.009938] sd 0:0:0:0: [sda] Starting disk
[   75.280221] ata6: SATA link down (SStatus 0 SControl 300)
[   75.288222] ata5: SATA link down (SStatus 0 SControl 300)
[   75.436219] ata2: SATA link up 1.5 Gbps (SStatus 113 SControl 300)
[   75.536428] ata2.00: configured for UDMA/100
[   76.884222] ata1: SATA link up 1.5 Gbps (SStatus 113 SControl 300)
[   76.885885] ata1.00: configured for UDMA/100
[   77.808225] usb 1-6: reset high speed USB device using ehci_hcd and address 4
[   78.088219] usb 2-1: reset full speed USB device using uhci_hcd and address 2
[   78.525269] usb 2-1.1: reset full speed USB device using uhci_hcd and address 3
[   78.713268] usb 2-1.2: reset full speed USB device using uhci_hcd and address 4
[   78.831544] PM: resume devices took 4.116 seconds
[   78.831582] PM: Finishing wakeup.
[   78.831583] Restarting tasks ... done.
[   79.003367] [drm] LVDS-8: set mode Ð' 27
[   79.092253] [drm:i915_gem_execbuffer] *ERROR* Execbuf while wedged
[   79.092460] [drm:i915_gem_execbuffer] *ERROR* Execbuf while wedged
[   79.092902] [drm:i915_gem_execbuffer] *ERROR* Execbuf while wedged
[   79.093235] e1000e 0000:00:19.0: irq 29 for MSI/MSI-X
[   79.093309] [drm:i915_gem_execbuffer] *ERROR* Execbuf while wedged
[   79.093380] [drm:i915_gem_execbuffer] *ERROR* Execbuf while wedged
[   79.093894] [drm:i915_gem_execbuffer] *ERROR* Execbuf while wedged
[   79.093959] [drm:i915_gem_execbuffer] *ERROR* Execbuf while wedged
[   79.094079] [drm:i915_gem_execbuffer] *ERROR* Execbuf while wedged
[   79.094131] [drm:i915_gem_execbuffer] *ERROR* Execbuf while wedged
[   79.094182] [drm:i915_gem_execbuffer] *ERROR* Execbuf while wedged
[   79.094341] [drm:i915_gem_execbuffer] *ERROR* Execbuf while wedged
[   79.094394] [drm:i915_gem_execbuffer] *ERROR* Execbuf while wedged
[   79.094466] [drm:i915_gem_execbuffer] *ERROR* Execbuf while wedged
[   79.094548] [drm:i915_gem_execbuffer] *ERROR* Execbuf while wedged
[   79.094607] [drm:i915_gem_execbuffer] *ERROR* Execbuf while wedged
[   79.094662] [drm:i915_gem_execbuffer] *ERROR* Execbuf while wedged
[   79.094748] [drm:i915_gem_execbuffer] *ERROR* Execbuf while wedged
[   79.099598] [drm:i915_gem_execbuffer] *ERROR* Execbuf while wedged
[   79.099693] [drm:i915_gem_execbuffer] *ERROR* Execbuf while wedged
[   79.099756] [drm:i915_gem_execbuffer] *ERROR* Execbuf while wedged
[   79.116256] [drm:i915_gem_execbuffer] *ERROR* Execbuf while wedged
[   79.116353] [drm:i915_gem_execbuffer] *ERROR* Execbuf while wedged
[   79.116384] [drm:i915_gem_execbuffer] *ERROR* Execbuf while wedged
[   79.117453] [drm:i915_gem_execbuffer] *ERROR* Execbuf while wedged
[   79.118336] [drm:i915_gem_execbuffer] *ERROR* Execbuf while wedged
[   79.118616] [drm:i915_gem_execbuffer] *ERROR* Execbuf while wedged
[   79.118684] [drm:i915_gem_execbuffer] *ERROR* Execbuf while wedged
[   79.118785] [drm:i915_gem_execbuffer] *ERROR* Execbuf while wedged
[   79.118912] [drm:i915_gem_execbuffer] *ERROR* Execbuf while wedged
[   79.119085] [drm:i915_gem_execbuffer] *ERROR* Execbuf while wedged
[   79.119168] [drm:i915_gem_execbuffer] *ERROR* Execbuf while wedged
[   79.119290] [drm:i915_gem_execbuffer] *ERROR* Execbuf while wedged
[   79.119592] [drm:i915_gem_execbuffer] *ERROR* Execbuf while wedged
[   79.119700] [drm:i915_gem_execbuffer] *ERROR* Execbuf while wedged
[   79.119828] [drm:i915_gem_execbuffer] *ERROR* Execbuf while wedged
[   79.120042] [drm:i915_gem_execbuffer] *ERROR* Execbuf while wedged
[   79.120153] [drm:i915_gem_execbuffer] *ERROR* Execbuf while wedged
[   79.120355] [drm:i915_gem_execbuffer] *ERROR* Execbuf while wedged
[   79.120558] [drm:i915_gem_execbuffer] *ERROR* Execbuf while wedged
[   79.120663] [drm:i915_gem_execbuffer] *ERROR* Execbuf while wedged
[   79.121379] [drm:i915_gem_execbuffer] *ERROR* Execbuf while wedged
[   79.122970] [drm:i915_gem_execbuffer] *ERROR* Execbuf while wedged
[   79.123284] [drm:i915_gem_execbuffer] *ERROR* Execbuf while wedged
[   79.123471] [drm:i915_gem_execbuffer] *ERROR* Execbuf while wedged
[   79.123736] [drm:i915_gem_execbuffer] *ERROR* Execbuf while wedged
[   79.123902] [drm:i915_gem_execbuffer] *ERROR* Execbuf while wedged
[   79.124149] [drm:i915_gem_execbuffer] *ERROR* Execbuf while wedged
[   79.124319] [drm:i915_gem_execbuffer] *ERROR* Execbuf while wedged
[   79.124554] [drm:i915_gem_execbuffer] *ERROR* Execbuf while wedged
[   79.124736] [drm:i915_gem_execbuffer] *ERROR* Execbuf while wedged
[   79.125796] [drm:i915_gem_execbuffer] *ERROR* Execbuf while wedged
[   79.126049] [drm:i915_gem_execbuffer] *ERROR* Execbuf while wedged
[   79.126268] [drm:i915_gem_execbuffer] *ERROR* Execbuf while wedged
[   79.126396] [drm:i915_gem_execbuffer] *ERROR* Execbuf while wedged
[   79.126522] [drm:i915_gem_execbuffer] *ERROR* Execbuf while wedged
[   79.126670] [drm:i915_gem_execbuffer] *ERROR* Execbuf while wedged
[   79.133036] [drm:i915_gem_execbuffer] *ERROR* Execbuf while wedged
[   79.133089] [drm:i915_gem_execbuffer] *ERROR* Execbuf while wedged
[   79.133130] [drm:i915_gem_execbuffer] *ERROR* Execbuf while wedged
[   79.149099] e1000e 0000:00:19.0: irq 29 for MSI/MSI-X
[   79.149356] [drm:i915_gem_execbuffer] *ERROR* Execbuf while wedged
[   79.149407] [drm:i915_gem_execbuffer] *ERROR* Execbuf while wedged
[   79.149439] [drm:i915_gem_execbuffer] *ERROR* Execbuf while wedged
[   79.149611] ADDRCONF(NETDEV_UP): eth0: link is not ready
[   79.165753] [drm:i915_gem_execbuffer] *ERROR* Execbuf while wedged
[   79.165822] [drm:i915_gem_execbuffer] *ERROR* Execbuf while wedged
[   79.165854] [drm:i915_gem_execbuffer] *ERROR* Execbuf while wedged
[   79.173125] usb 5-1: USB disconnect, address 2
[   79.185117] Registered led device: iwl-phy0::radio
[   79.185240] Registered led device: iwl-phy0::assoc
[   79.185361] Registered led device: iwl-phy0::RX
[   79.185475] Registered led device: iwl-phy0::TX
[   79.199246] ADDRCONF(NETDEV_UP): wlan0: link is not ready
[   79.263358] [drm:i915_gem_execbuffer] *ERROR* Execbuf while wedged
[   79.263513] [drm:i915_gem_execbuffer] *ERROR* Execbuf while wedged
[   79.264387] [drm:i915_gem_execbuffer] *ERROR* Execbuf while wedged
[   79.264719] [drm:i915_gem_execbuffer] *ERROR* Execbuf while wedged
[   79.264821] [drm:i915_gem_execbuffer] *ERROR* Execbuf while wedged
[   79.264837] [drm:i915_gem_execbuffer] *ERROR* Execbuf while wedged
[   79.328387] [drm:i915_gem_execbuffer] *ERROR* Execbuf while wedged
[   79.328529] [drm:i915_gem_execbuffer] *ERROR* Execbuf while wedged
[   79.329239] [drm:i915_gem_execbuffer] *ERROR* Execbuf while wedged
[   79.329315] [drm:i915_gem_execbuffer] *ERROR* Execbuf while wedged
[   79.329531] [drm:i915_gem_execbuffer] *ERROR* Execbuf while wedged
[   79.329838] [drm:i915_gem_execbuffer] *ERROR* Execbuf while wedged
[   79.329883] [drm:i915_gem_execbuffer] *ERROR* Execbuf while wedged
[   79.329898] [drm:i915_gem_execbuffer] *ERROR* Execbuf while wedged
[   79.358391] [drm:i915_gem_execbuffer] *ERROR* Execbuf while wedged
[   79.359183] [drm:i915_gem_execbuffer] *ERROR* Execbuf while wedged
[   79.359233] [drm:i915_gem_execbuffer] *ERROR* Execbuf while wedged
[   79.359248] [drm:i915_gem_execbuffer] *ERROR* Execbuf while wedged
[   79.404476] [drm:i915_gem_execbuffer] *ERROR* Execbuf while wedged
[   79.404516] [drm:i915_gem_execbuffer] *ERROR* Execbuf while wedged
[   79.413018] usb 5-1: new full speed USB device using uhci_hcd and address 3
[   79.567623] [drm:i915_gem_execbuffer] *ERROR* Execbuf while wedged
[   79.567734] [drm:i915_gem_execbuffer] *ERROR* Execbuf while wedged
[   79.567772] [drm:i915_gem_execbuffer] *ERROR* Execbuf while wedged
[   79.568315] [drm:i915_gem_execbuffer] *ERROR* Execbuf while wedged
[   79.568725] [drm:i915_gem_execbuffer] *ERROR* Execbuf while wedged
[   79.569304] [drm:i915_gem_execbuffer] *ERROR* Execbuf while wedged
[   79.569417] [drm:i915_gem_execbuffer] *ERROR* Execbuf while wedged
[   79.569625] [drm:i915_gem_execbuffer] *ERROR* Execbuf while wedged
[   79.569850] [drm:i915_gem_execbuffer] *ERROR* Execbuf while wedged
[   79.569899] [drm:i915_gem_execbuffer] *ERROR* Execbuf while wedged
[   79.569931] [drm:i915_gem_execbuffer] *ERROR* Execbuf while wedged
[   79.582256] [drm:i915_gem_execbuffer] *ERROR* Execbuf while wedged
[   79.582408] [drm:i915_gem_execbuffer] *ERROR* Execbuf while wedged
[   79.585888] [drm:i915_gem_execbuffer] *ERROR* Execbuf while wedged
[   79.585942] [drm:i915_gem_execbuffer] *ERROR* Execbuf while wedged
[   79.585973] [drm:i915_gem_execbuffer] *ERROR* Execbuf while wedged
[   79.594401] usb 5-1: configuration #0 chosen from 1 choice
[   79.594403] usb 5-1: config 0 descriptor??
[   79.602232] [drm:i915_gem_execbuffer] *ERROR* Execbuf while wedged
[   79.602309] [drm:i915_gem_execbuffer] *ERROR* Execbuf while wedged
[   79.602342] [drm:i915_gem_execbuffer] *ERROR* Execbuf while wedged
[   79.609255] usb 2-1.3: USB disconnect, address 5
[   79.629213] [drm:i915_gem_execbuffer] *ERROR* Execbuf while wedged
[   79.629362] [drm:i915_gem_execbuffer] *ERROR* Execbuf while wedged
[   79.629635] [drm:i915_gem_execbuffer] *ERROR* Execbuf while wedged
[   79.629974] [drm:i915_gem_execbuffer] *ERROR* Execbuf while wedged
[   79.630051] [drm:i915_gem_execbuffer] *ERROR* Execbuf while wedged
[   79.630066] [drm:i915_gem_execbuffer] *ERROR* Execbuf while wedged
[   79.669248] [drm:i915_gem_execbuffer] *ERROR* Execbuf while wedged
[   79.669346] [drm:i915_gem_execbuffer] *ERROR* Execbuf while wedged
[   79.672655] [drm:i915_gem_execbuffer] *ERROR* Execbuf while wedged
[   79.672972] [drm:i915_gem_execbuffer] *ERROR* Execbuf while wedged
[   79.673016] [drm:i915_gem_execbuffer] *ERROR* Execbuf while wedged
[   79.673031] [drm:i915_gem_execbuffer] *ERROR* Execbuf while wedged
[   79.768563] [drm:i915_gem_execbuffer] *ERROR* Execbuf while wedged
[   79.768732] [drm:i915_gem_execbuffer] *ERROR* Execbuf while wedged
[   79.769187] [drm:i915_gem_execbuffer] *ERROR* Execbuf while wedged
[   79.769722] [drm:i915_gem_execbuffer] *ERROR* Execbuf while wedged
[   79.769779] [drm:i915_gem_execbuffer] *ERROR* Execbuf while wedged
[   79.769794] [drm:i915_gem_execbuffer] *ERROR* Execbuf while wedged
[   79.859957] [drm:i915_gem_execbuffer] *ERROR* Execbuf while wedged
[   79.860019] [drm:i915_gem_execbuffer] *ERROR* Execbuf while wedged
[   79.860035] [drm:i915_gem_execbuffer] *ERROR* Execbuf while wedged
[   79.862311] [drm:i915_gem_execbuffer] *ERROR* Execbuf while wedged
[   79.867940] [drm:i915_gem_execbuffer] *ERROR* Execbuf while wedged
[   79.869034] [drm:i915_gem_execbuffer] *ERROR* Execbuf while wedged
[   79.869163] [drm:i915_gem_execbuffer] *ERROR* Execbuf while wedged
[   79.870143] [drm:i915_gem_execbuffer] *ERROR* Execbuf while wedged
[   79.871016] [drm:i915_gem_execbuffer] *ERROR* Execbuf while wedged
[   79.871028] [drm:i915_gem_execbuffer] *ERROR* Execbuf while wedged
[   79.871038] [drm:i915_gem_execbuffer] *ERROR* Execbuf while wedged
[   79.871050] [drm:i915_gem_execbuffer] *ERROR* Execbuf while wedged
[   79.871076] [drm:i915_gem_execbuffer] *ERROR* Execbuf while wedged
[   79.871225] [drm:i915_gem_execbuffer] *ERROR* Execbuf while wedged
[   79.871343] [drm:i915_gem_execbuffer] *ERROR* Execbuf while wedged
[   79.871462] [drm:i915_gem_execbuffer] *ERROR* Execbuf while wedged
[   79.871480] [drm:i915_gem_execbuffer] *ERROR* Execbuf while wedged
[   79.871495] [drm:i915_gem_execbuffer] *ERROR* Execbuf while wedged
[   79.871508] [drm:i915_gem_execbuffer] *ERROR* Execbuf while wedged
[   79.871520] [drm:i915_gem_execbuffer] *ERROR* Execbuf while wedged
[   79.871569] [drm:i915_gem_execbuffer] *ERROR* Execbuf while wedged
[   79.871682] [drm:i915_gem_execbuffer] *ERROR* Execbuf while wedged
[   79.871838] [drm:i915_gem_execbuffer] *ERROR* Execbuf while wedged
[   79.871903] [drm:i915_gem_execbuffer] *ERROR* Execbuf while wedged
[   79.871979] [drm:i915_gem_execbuffer] *ERROR* Execbuf while wedged
[   79.872002] [drm:i915_gem_execbuffer] *ERROR* Execbuf while wedged
[   79.872017] [drm:i915_gem_execbuffer] *ERROR* Execbuf while wedged
[   79.872205] [drm:i915_gem_execbuffer] *ERROR* Execbuf while wedged
[   79.872561] [drm:i915_gem_execbuffer] *ERROR* Execbuf while wedged
[   79.872686] [drm:i915_gem_execbuffer] *ERROR* Execbuf while wedged
[   79.873135] [drm:i915_gem_execbuffer] *ERROR* Execbuf while wedged
[   79.873336] [drm:i915_gem_execbuffer] *ERROR* Execbuf while wedged
[   79.873479] [drm:i915_gem_execbuffer] *ERROR* Execbuf while wedged
[   79.873603] [drm:i915_gem_execbuffer] *ERROR* Execbuf while wedged
[   79.875233] [drm:i915_gem_execbuffer] *ERROR* Execbuf while wedged
[   79.875540] [drm:i915_gem_execbuffer] *ERROR* Execbuf while wedged
[   79.875598] [drm:i915_gem_execbuffer] *ERROR* Execbuf while wedged
[   79.875676] [drm:i915_gem_execbuffer] *ERROR* Execbuf while wedged
[   79.875818] [drm:i915_gem_execbuffer] *ERROR* Execbuf while wedged
[   79.875880] [drm:i915_gem_execbuffer] *ERROR* Execbuf while wedged
[   79.875994] [drm:i915_gem_execbuffer] *ERROR* Execbuf while wedged
[   79.876060] [drm:i915_gem_execbuffer] *ERROR* Execbuf while wedged
[   79.876124] [drm:i915_gem_execbuffer] *ERROR* Execbuf while wedged
[   79.876239] [drm:i915_gem_execbuffer] *ERROR* Execbuf while wedged
[   79.876329] [drm:i915_gem_execbuffer] *ERROR* Execbuf while wedged
[   79.876403] [drm:i915_gem_execbuffer] *ERROR* Execbuf while wedged
[   79.876455] [drm:i915_gem_execbuffer] *ERROR* Execbuf while wedged
[   79.876497] [drm:i915_gem_execbuffer] *ERROR* Execbuf while wedged
[   79.876549] [drm:i915_gem_execbuffer] *ERROR* Execbuf while wedged
[   79.876584] [drm:i915_gem_execbuffer] *ERROR* Execbuf while wedged
[   79.878414] [drm:i915_gem_execbuffer] *ERROR* Execbuf while wedged
[   79.878471] [drm:i915_gem_execbuffer] *ERROR* Execbuf while wedged
[   79.878491] [drm:i915_gem_execbuffer] *ERROR* Execbuf while wedged
[   79.878506] [drm:i915_gem_execbuffer] *ERROR* Execbuf while wedged
[   79.878541] [drm:i915_gem_execbuffer] *ERROR* Execbuf while wedged
[   79.878604] [drm:i915_gem_execbuffer] *ERROR* Execbuf while wedged
[   79.878980] [drm:i915_gem_execbuffer] *ERROR* Execbuf while wedged
[   79.879127] [drm:i915_gem_execbuffer] *ERROR* Execbuf while wedged
[   79.879276] [drm:i915_gem_execbuffer] *ERROR* Execbuf while wedged
[   79.879374] [drm:i915_gem_execbuffer] *ERROR* Execbuf while wedged
[   79.879461] [drm:i915_gem_execbuffer] *ERROR* Execbuf while wedged
[   79.879523] [drm:i915_gem_execbuffer] *ERROR* Execbuf while wedged
[   79.879567] [drm:i915_gem_execbuffer] *ERROR* Execbuf while wedged
[   79.879629] [drm:i915_gem_execbuffer] *ERROR* Execbuf while wedged
[   79.879693] [drm:i915_gem_execbuffer] *ERROR* Execbuf while wedged
[   79.879906] [drm:i915_gem_execbuffer] *ERROR* Execbuf while wedged
[   79.879974] [drm:i915_gem_execbuffer] *ERROR* Execbuf while wedged
[   79.880100] [drm:i915_gem_execbuffer] *ERROR* Execbuf while wedged
[   79.880183] [drm:i915_gem_execbuffer] *ERROR* Execbuf while wedged
[   79.880253] [drm:i915_gem_execbuffer] *ERROR* Execbuf while wedged
[   79.880308] [drm:i915_gem_execbuffer] *ERROR* Execbuf while wedged
[   79.880358] [drm:i915_gem_execbuffer] *ERROR* Execbuf while wedged
[   79.880390] [drm:i915_gem_execbuffer] *ERROR* Execbuf while wedged
[   79.880664] [drm:i915_gem_execbuffer] *ERROR* Execbuf while wedged
[   79.880774] [drm:i915_gem_execbuffer] *ERROR* Execbuf while wedged
[   79.880838] [drm:i915_gem_execbuffer] *ERROR* Execbuf while wedged
[   79.880966] [drm:i915_gem_execbuffer] *ERROR* Execbuf while wedged
[   79.881066] [drm:i915_gem_execbuffer] *ERROR* Execbuf while wedged
[   79.881094] [drm:i915_gem_execbuffer] *ERROR* Execbuf while wedged
[   79.881151] [drm:i915_gem_execbuffer] *ERROR* Execbuf while wedged
[   79.881176] [drm:i915_gem_execbuffer] *ERROR* Execbuf while wedged
[   79.893533] [drm:i915_gem_execbuffer] *ERROR* Execbuf while wedged
[   79.893587] [drm:i915_gem_execbuffer] *ERROR* Execbuf while wedged
[   79.893603] [drm:i915_gem_execbuffer] *ERROR* Execbuf while wedged
[   79.968441] [drm:i915_gem_execbuffer] *ERROR* Execbuf while wedged
[   79.968567] [drm:i915_gem_execbuffer] *ERROR* Execbuf while wedged
[   79.969278] [drm:i915_gem_execbuffer] *ERROR* Execbuf while wedged
[   79.969745] [drm:i915_gem_execbuffer] *ERROR* Execbuf while wedged
[   79.969800] [drm:i915_gem_execbuffer] *ERROR* Execbuf while wedged
[   79.969814] [drm:i915_gem_execbuffer] *ERROR* Execbuf while wedged
[   80.068558] [drm:i915_gem_execbuffer] *ERROR* Execbuf while wedged
[   80.068690] [drm:i915_gem_execbuffer] *ERROR* Execbuf while wedged
[   80.069407] [drm:i915_gem_execbuffer] *ERROR* Execbuf while wedged
[   80.069768] [drm:i915_gem_execbuffer] *ERROR* Execbuf while wedged
[   80.069815] [drm:i915_gem_execbuffer] *ERROR* Execbuf while wedged
[   80.069831] [drm:i915_gem_execbuffer] *ERROR* Execbuf while wedged
[   80.167905] [drm:i915_gem_execbuffer] *ERROR* Execbuf while wedged
[   80.168044] [drm:i915_gem_execbuffer] *ERROR* Execbuf while wedged
[   80.168517] [drm:i915_gem_execbuffer] *ERROR* Execbuf while wedged
[   80.168895] [drm:i915_gem_execbuffer] *ERROR* Execbuf while wedged
[   80.168942] [drm:i915_gem_execbuffer] *ERROR* Execbuf while wedged
[   80.168957] [drm:i915_gem_execbuffer] *ERROR* Execbuf while wedged
[   80.256870] [drm:i915_gem_execbuffer] *ERROR* Execbuf while wedged
[   80.256942] [drm:i915_gem_execbuffer] *ERROR* Execbuf while wedged
[   80.256975] [drm:i915_gem_execbuffer] *ERROR* Execbuf while wedged
[   80.326425] [drm:i915_gem_execbuffer] *ERROR* Execbuf while wedged
[   80.326614] [drm:i915_gem_execbuffer] *ERROR* Execbuf while wedged
[   80.326865] [drm:i915_gem_execbuffer] *ERROR* Execbuf while wedged
[   80.327278] [drm:i915_gem_execbuffer] *ERROR* Execbuf while wedged
[   80.327332] [drm:i915_gem_execbuffer] *ERROR* Execbuf while wedged
[   80.327347] [drm:i915_gem_execbuffer] *ERROR* Execbuf while wedged
[   80.426434] [drm:i915_gem_execbuffer] *ERROR* Execbuf while wedged
[   80.426595] [drm:i915_gem_execbuffer] *ERROR* Execbuf while wedged
[   80.427148] [drm:i915_gem_execbuffer] *ERROR* Execbuf while wedged
[   80.427565] [drm:i915_gem_execbuffer] *ERROR* Execbuf while wedged
[   80.427614] [drm:i915_gem_execbuffer] *ERROR* Execbuf while wedged
[   80.427630] [drm:i915_gem_execbuffer] *ERROR* Execbuf while wedged
[   80.436271] usb 2-1.3: new full speed USB device using uhci_hcd and address 6
[   80.526748] [drm:i915_gem_execbuffer] *ERROR* Execbuf while wedged
[   80.526914] [drm:i915_gem_execbuffer] *ERROR* Execbuf while wedged
[   80.527421] [drm:i915_gem_execbuffer] *ERROR* Execbuf while wedged
[   80.527820] [drm:i915_gem_execbuffer] *ERROR* Execbuf while wedged
[   80.527870] [drm:i915_gem_execbuffer] *ERROR* Execbuf while wedged
[   80.527884] [drm:i915_gem_execbuffer] *ERROR* Execbuf while wedged
[   80.578341] usb 2-1.3: configuration #1 chosen from 1 choice
[   80.580884] [drm:i915_gem_execbuffer] *ERROR* Execbuf while wedged
[   80.580944] [drm:i915_gem_execbuffer] *ERROR* Execbuf while wedged
[   80.580959] [drm:i915_gem_execbuffer] *ERROR* Execbuf while wedged
[   80.594118] [drm:i915_gem_execbuffer] *ERROR* Execbuf while wedged
[   80.594829] [drm:i915_gem_execbuffer] *ERROR* Execbuf while wedged
[   80.595585] [drm:i915_gem_execbuffer] *ERROR* Execbuf while wedged
[   80.595599] [drm:i915_gem_execbuffer] *ERROR* Execbuf while wedged
[   80.595610] [drm:i915_gem_execbuffer] *ERROR* Execbuf while wedged
[   80.595647] [drm:i915_gem_execbuffer] *ERROR* Execbuf while wedged
[   80.595945] [drm:i915_gem_execbuffer] *ERROR* Execbuf while wedged
[   80.596981] [drm:i915_gem_execbuffer] *ERROR* Execbuf while wedged
[   80.597243] [drm:i915_gem_execbuffer] *ERROR* Execbuf while wedged
[   80.597374] [drm:i915_gem_execbuffer] *ERROR* Execbuf while wedged
[   80.597445] [drm:i915_gem_execbuffer] *ERROR* Execbuf while wedged
[   80.597893] [drm:i915_gem_execbuffer] *ERROR* Execbuf while wedged
[   80.598084] [drm:i915_gem_execbuffer] *ERROR* Execbuf while wedged
[   80.602363] [drm:i915_gem_execbuffer] *ERROR* Execbuf while wedged
[   80.603255] [drm:i915_gem_execbuffer] *ERROR* Execbuf while wedged
[   80.607212] [drm:i915_gem_execbuffer] *ERROR* Execbuf while wedged
[   80.607248] [drm:i915_gem_execbuffer] *ERROR* Execbuf while wedged
[   80.607258] [drm:i915_gem_execbuffer] *ERROR* Execbuf while wedged
[   80.607307] [drm:i915_gem_execbuffer] *ERROR* Execbuf while wedged
[   80.609501] [drm:i915_gem_execbuffer] *ERROR* Execbuf while wedged
[   80.610129] [drm:i915_gem_execbuffer] *ERROR* Execbuf while wedged
[   80.610741] [drm:i915_gem_execbuffer] *ERROR* Execbuf while wedged
[   80.610978] [drm:i915_gem_execbuffer] *ERROR* Execbuf while wedged
[   80.611089] [drm:i915_gem_execbuffer] *ERROR* Execbuf while wedged
[   80.620323] [drm:i915_gem_execbuffer] *ERROR* Execbuf while wedged
[   80.620396] [drm:i915_gem_execbuffer] *ERROR* Execbuf while wedged
[   80.620433] [drm:i915_gem_execbuffer] *ERROR* Execbuf while wedged
[   80.626338] [drm:i915_gem_execbuffer] *ERROR* Execbuf while wedged
[   80.626777] [drm:i915_gem_execbuffer] *ERROR* Execbuf while wedged
[   80.627098] [drm:i915_gem_execbuffer] *ERROR* Execbuf while wedged
[   80.630588] [drm:i915_gem_execbuffer] *ERROR* Execbuf while wedged
[   80.630676] [drm:i915_gem_execbuffer] *ERROR* Execbuf while wedged
[   80.630695] [drm:i915_gem_execbuffer] *ERROR* Execbuf while wedged
[   80.660308] [drm:i915_gem_execbuffer] *ERROR* Execbuf while wedged
[   80.660368] [drm:i915_gem_execbuffer] *ERROR* Execbuf while wedged
[   80.660384] [drm:i915_gem_execbuffer] *ERROR* Execbuf while wedged
[   80.665142] [drm:i915_gem_execbuffer] *ERROR* Execbuf while wedged
[   80.665159] [drm:i915_gem_execbuffer] *ERROR* Execbuf while wedged
[   80.665173] [drm:i915_gem_execbuffer] *ERROR* Execbuf while wedged
[   80.665237] [drm:i915_gem_execbuffer] *ERROR* Execbuf while wedged
[   80.665373] [drm:i915_gem_execbuffer] *ERROR* Execbuf while wedged
[   80.665548] [drm:i915_gem_execbuffer] *ERROR* Execbuf while wedged
[   80.665635] [drm:i915_gem_execbuffer] *ERROR* Execbuf while wedged
[   80.677132] [drm:i915_gem_execbuffer] *ERROR* Execbuf while wedged
[   80.677201] [drm:i915_gem_execbuffer] *ERROR* Execbuf while wedged
[   80.677241] [drm:i915_gem_execbuffer] *ERROR* Execbuf while wedged
[   80.725649] [drm:i915_gem_execbuffer] *ERROR* Execbuf while wedged
[   80.725781] [drm:i915_gem_execbuffer] *ERROR* Execbuf while wedged
[   80.726264] [drm:i915_gem_execbuffer] *ERROR* Execbuf while wedged
[   80.726624] [drm:i915_gem_execbuffer] *ERROR* Execbuf while wedged
[   80.726672] [drm:i915_gem_execbuffer] *ERROR* Execbuf while wedged
[   80.726695] [drm:i915_gem_execbuffer] *ERROR* Execbuf while wedged
[   80.825674] [drm:i915_gem_execbuffer] *ERROR* Execbuf while wedged
[   80.825823] [drm:i915_gem_execbuffer] *ERROR* Execbuf while wedged
[   80.826343] [drm:i915_gem_execbuffer] *ERROR* Execbuf while wedged
[   80.826641] [drm:i915_gem_execbuffer] *ERROR* Execbuf while wedged
[   80.826699] [drm:i915_gem_execbuffer] *ERROR* Execbuf while wedged
[   80.826732] [drm:i915_gem_execbuffer] *ERROR* Execbuf while wedged
[   80.925734] [drm:i915_gem_execbuffer] *ERROR* Execbuf while wedged
[   80.925872] [drm:i915_gem_execbuffer] *ERROR* Execbuf while wedged
[   80.926355] [drm:i915_gem_execbuffer] *ERROR* Execbuf while wedged
[   80.926732] [drm:i915_gem_execbuffer] *ERROR* Execbuf while wedged
[   80.926781] [drm:i915_gem_execbuffer] *ERROR* Execbuf while wedged
[   80.926796] [drm:i915_gem_execbuffer] *ERROR* Execbuf while wedged
[   80.937924] [drm:i915_gem_execbuffer] *ERROR* Execbuf while wedged
[   80.938028] [drm:i915_gem_execbuffer] *ERROR* Execbuf while wedged
[   80.938461] [drm:i915_gem_execbuffer] *ERROR* Execbuf while wedged
[   80.942866] [drm:i915_gem_execbuffer] *ERROR* Execbuf while wedged
[   80.942913] [drm:i915_gem_execbuffer] *ERROR* Execbuf while wedged
[   80.942928] [drm:i915_gem_execbuffer] *ERROR* Execbuf while wedged
[   81.025373] [drm:i915_gem_execbuffer] *ERROR* Execbuf while wedged
[   81.026670] [drm:i915_gem_execbuffer] *ERROR* Execbuf while wedged
[   81.027149] [drm:i915_gem_execbuffer] *ERROR* Execbuf while wedged
[   81.027542] [drm:i915_gem_execbuffer] *ERROR* Execbuf while wedged
[   81.027589] [drm:i915_gem_execbuffer] *ERROR* Execbuf while wedged
[   81.027605] [drm:i915_gem_execbuffer] *ERROR* Execbuf while wedged
[   81.065697] [drm:i915_gem_execbuffer] *ERROR* Execbuf while wedged
[   81.065721] [drm:i915_gem_execbuffer] *ERROR* Execbuf while wedged
[   81.065738] [drm:i915_gem_execbuffer] *ERROR* Execbuf while wedged
[   81.065804] [drm:i915_gem_execbuffer] *ERROR* Execbuf while wedged
[   81.065953] [drm:i915_gem_execbuffer] *ERROR* Execbuf while wedged
[   81.066141] [drm:i915_gem_execbuffer] *ERROR* Execbuf while wedged
[   81.066246] [drm:i915_gem_execbuffer] *ERROR* Execbuf while wedged
[   81.066671] [drm:i915_gem_execbuffer] *ERROR* Execbuf while wedged
[   81.066755] [drm:i915_gem_execbuffer] *ERROR* Execbuf while wedged
[   81.066779] [drm:i915_gem_execbuffer] *ERROR* Execbuf while wedged
[   81.124579] [drm:i915_gem_execbuffer] *ERROR* Execbuf while wedged
[   81.124950] [drm:i915_gem_execbuffer] *ERROR* Execbuf while wedged
[   81.125258] [drm:i915_gem_execbuffer] *ERROR* Execbuf while wedged
[   81.125557] [drm:i915_gem_execbuffer] *ERROR* Execbuf while wedged
[   81.125613] [drm:i915_gem_execbuffer] *ERROR* Execbuf while wedged
[   81.125654] [drm:i915_gem_execbuffer] *ERROR* Execbuf while wedged
[   81.224640] [drm:i915_gem_execbuffer] *ERROR* Execbuf while wedged
[   81.225013] [drm:i915_gem_execbuffer] *ERROR* Execbuf while wedged
[   81.225300] [drm:i915_gem_execbuffer] *ERROR* Execbuf while wedged
[   81.225600] [drm:i915_gem_execbuffer] *ERROR* Execbuf while wedged
[   81.225658] [drm:i915_gem_execbuffer] *ERROR* Execbuf while wedged
[   81.225691] [drm:i915_gem_execbuffer] *ERROR* Execbuf while wedged
[   81.324670] [drm:i915_gem_execbuffer] *ERROR* Execbuf while wedged
[   81.325040] [drm:i915_gem_execbuffer] *ERROR* Execbuf while wedged
[   81.325351] [drm:i915_gem_execbuffer] *ERROR* Execbuf while wedged
[   81.325645] [drm:i915_gem_execbuffer] *ERROR* Execbuf while wedged
[   81.325702] [drm:i915_gem_execbuffer] *ERROR* Execbuf while wedged
[   81.325735] [drm:i915_gem_execbuffer] *ERROR* Execbuf while wedged
[   81.424714] [drm:i915_gem_execbuffer] *ERROR* Execbuf while wedged
[   81.425101] [drm:i915_gem_execbuffer] *ERROR* Execbuf while wedged
[   81.425391] [drm:i915_gem_execbuffer] *ERROR* Execbuf while wedged
[   81.425693] [drm:i915_gem_execbuffer] *ERROR* Execbuf while wedged
[   81.425751] [drm:i915_gem_execbuffer] *ERROR* Execbuf while wedged
[   81.425783] [drm:i915_gem_execbuffer] *ERROR* Execbuf while wedged
[   81.525783] [drm:i915_gem_execbuffer] *ERROR* Execbuf while wedged
[   81.526169] [drm:i915_gem_execbuffer] *ERROR* Execbuf while wedged
[   81.526468] [drm:i915_gem_execbuffer] *ERROR* Execbuf while wedged
[   81.526769] [drm:i915_gem_execbuffer] *ERROR* Execbuf while wedged
[   81.526827] [drm:i915_gem_execbuffer] *ERROR* Execbuf while wedged
[   81.526861] [drm:i915_gem_execbuffer] *ERROR* Execbuf while wedged
[   81.625860] [drm:i915_gem_execbuffer] *ERROR* Execbuf while wedged
[   81.626236] [drm:i915_gem_execbuffer] *ERROR* Execbuf while wedged
[   81.626541] [drm:i915_gem_execbuffer] *ERROR* Execbuf while wedged
[   81.626836] [drm:i915_gem_execbuffer] *ERROR* Execbuf while wedged
[   81.626893] [drm:i915_gem_execbuffer] *ERROR* Execbuf while wedged
[   81.626926] [drm:i915_gem_execbuffer] *ERROR* Execbuf while wedged
[   81.725918] [drm:i915_gem_execbuffer] *ERROR* Execbuf while wedged
[   81.726285] [drm:i915_gem_execbuffer] *ERROR* Execbuf while wedged
[   81.726572] [drm:i915_gem_execbuffer] *ERROR* Execbuf while wedged
[   81.726864] [drm:i915_gem_execbuffer] *ERROR* Execbuf while wedged
[   81.726921] [drm:i915_gem_execbuffer] *ERROR* Execbuf while wedged
[   81.726953] [drm:i915_gem_execbuffer] *ERROR* Execbuf while wedged
[   81.826085] [drm:i915_gem_execbuffer] *ERROR* Execbuf while wedged
[   81.826507] [drm:i915_gem_execbuffer] *ERROR* Execbuf while wedged
[   81.826816] [drm:i915_gem_execbuffer] *ERROR* Execbuf while wedged
[   81.827141] [drm:i915_gem_execbuffer] *ERROR* Execbuf while wedged
[   81.827201] [drm:i915_gem_execbuffer] *ERROR* Execbuf while wedged
[   81.827235] [drm:i915_gem_execbuffer] *ERROR* Execbuf while wedged
[   81.866625] [drm:i915_gem_execbuffer] *ERROR* Execbuf while wedged
[   81.866646] [drm:i915_gem_execbuffer] *ERROR* Execbuf while wedged
[   81.866661] [drm:i915_gem_execbuffer] *ERROR* Execbuf while wedged
[   81.866709] [drm:i915_gem_execbuffer] *ERROR* Execbuf while wedged
[   81.866855] [drm:i915_gem_execbuffer] *ERROR* Execbuf while wedged
[   81.867033] [drm:i915_gem_execbuffer] *ERROR* Execbuf while wedged
[   81.867180] [drm:i915_gem_execbuffer] *ERROR* Execbuf while wedged
[   81.867485] [drm:i915_gem_execbuffer] *ERROR* Execbuf while wedged
[   81.867544] [drm:i915_gem_execbuffer] *ERROR* Execbuf while wedged
[   81.867585] [drm:i915_gem_execbuffer] *ERROR* Execbuf while wedged
[   81.925202] [drm:i915_gem_execbuffer] *ERROR* Execbuf while wedged
[   81.925574] [drm:i915_gem_execbuffer] *ERROR* Execbuf while wedged
[   81.925880] [drm:i915_gem_execbuffer] *ERROR* Execbuf while wedged
[   81.926155] [drm:i915_gem_execbuffer] *ERROR* Execbuf while wedged
[   81.926212] [drm:i915_gem_execbuffer] *ERROR* Execbuf while wedged
[   81.926252] [drm:i915_gem_execbuffer] *ERROR* Execbuf while wedged
[   82.025243] [drm:i915_gem_execbuffer] *ERROR* Execbuf while wedged
[   82.026009] [drm:i915_gem_execbuffer] *ERROR* Execbuf while wedged
[   82.026298] [drm:i915_gem_execbuffer] *ERROR* Execbuf while wedged
[   82.026594] [drm:i915_gem_execbuffer] *ERROR* Execbuf while wedged
[   82.026652] [drm:i915_gem_execbuffer] *ERROR* Execbuf while wedged
[   82.026685] [drm:i915_gem_execbuffer] *ERROR* Execbuf while wedged
[   82.124680] [drm:i915_gem_execbuffer] *ERROR* Execbuf while wedged
[   82.125054] [drm:i915_gem_execbuffer] *ERROR* Execbuf while wedged
[   82.125342] [drm:i915_gem_execbuffer] *ERROR* Execbuf while wedged
[   82.125642] [drm:i915_gem_execbuffer] *ERROR* Execbuf while wedged
[   82.125699] [drm:i915_gem_execbuffer] *ERROR* Execbuf while wedged
[   82.125732] [drm:i915_gem_execbuffer] *ERROR* Execbuf while wedged
[   82.205777] e1000e: eth0 NIC Link is Up 1000 Mbps Full Duplex, Flow Control: RX/TX
[   82.206195] ADDRCONF(NETDEV_CHANGE): eth0: link becomes ready
[   82.212223] [drm:i915_gem_execbuffer] *ERROR* Execbuf while wedged
[   82.212359] [drm:i915_gem_execbuffer] *ERROR* Execbuf while wedged
[   82.212956] [drm:i915_gem_execbuffer] *ERROR* Execbuf while wedged
[   82.213027] [drm:i915_gem_execbuffer] *ERROR* Execbuf while wedged
[   82.213278] [drm:i915_gem_execbuffer] *ERROR* Execbuf while wedged
[   82.213665] [drm:i915_gem_execbuffer] *ERROR* Execbuf while wedged
[   82.213714] [drm:i915_gem_execbuffer] *ERROR* Execbuf while wedged
[   82.213728] [drm:i915_gem_execbuffer] *ERROR* Execbuf while wedged
[   82.224676] [drm:i915_gem_execbuffer] *ERROR* Execbuf while wedged
[   82.224800] [drm:i915_gem_execbuffer] *ERROR* Execbuf while wedged
[   82.225253] [drm:i915_gem_execbuffer] *ERROR* Execbuf while wedged
[   82.230702] [drm:i915_gem_execbuffer] *ERROR* Execbuf while wedged
[   82.230751] [drm:i915_gem_execbuffer] *ERROR* Execbuf while wedged
[   82.230767] [drm:i915_gem_execbuffer] *ERROR* Execbuf while wedged
[   82.266339] [drm:i915_gem_execbuffer] *ERROR* Execbuf while wedged
[   82.266359] [drm:i915_gem_execbuffer] *ERROR* Execbuf while wedged
[   82.266373] [drm:i915_gem_execbuffer] *ERROR* Execbuf while wedged
