[    0.000000] Initializing cgroup subsys cpuset
[    0.000000] Initializing cgroup subsys cpu
[    0.000000] Linux version 2.6.32-rc8-cvp20091022-00011-ga8a8a66 (adi@cvpe4300) (gcc version 4.4.1 (Ubuntu 4.4.1-4ubuntu8) ) #11 SMP Fri Nov 20 10:19:48 PST 2009
[    0.000000] Command line: BOOT_IMAGE=/boot/vmlinuz-2.6.32-rc8-cvp20091022-00011-ga8a8a66 root=UUID=504744f1-36ae-44ef-9e7e-220ee66eed78 ro console=ttyS0,115200
[    0.000000] KERNEL supported cpus:
[    0.000000]   Intel GenuineIntel
[    0.000000]   AMD AuthenticAMD
[    0.000000]   Centaur CentaurHauls
[    0.000000] BIOS-provided physical RAM map:
[    0.000000]  BIOS-e820: 0000000000000000 - 000000000009f000 (usable)
[    0.000000]  BIOS-e820: 000000000009f000 - 00000000000a0000 (reserved)
[    0.000000]  BIOS-e820: 0000000000100000 - 00000000dd04d400 (usable)
[    0.000000]  BIOS-e820: 00000000dd04d400 - 00000000dd04f400 (ACPI NVS)
[    0.000000]  BIOS-e820: 00000000dd04f400 - 00000000e0000000 (reserved)
[    0.000000]  BIOS-e820: 00000000f8000000 - 00000000fc000000 (reserved)
[    0.000000]  BIOS-e820: 00000000fec00000 - 00000000fec10000 (reserved)
[    0.000000]  BIOS-e820: 00000000fed18000 - 00000000fed1c000 (reserved)
[    0.000000]  BIOS-e820: 00000000fed20000 - 00000000fed90000 (reserved)
[    0.000000]  BIOS-e820: 00000000feda0000 - 00000000feda6000 (reserved)
[    0.000000]  BIOS-e820: 00000000fee00000 - 00000000fee10000 (reserved)
[    0.000000]  BIOS-e820: 00000000ffe60000 - 0000000100000000 (reserved)
[    0.000000]  BIOS-e820: 0000000100000000 - 000000011c000000 (usable)
[    0.000000] DMI 2.4 present.
[    0.000000] last_pfn = 0x11c000 max_arch_pfn = 0x400000000
[    0.000000] x86 PAT enabled: cpu 0, old 0x7040600070406, new 0x7010600070106
[    0.000000] last_pfn = 0xdd04d max_arch_pfn = 0x400000000
[    0.000000] init_memory_mapping: 0000000000000000-00000000dd04d000
[    0.000000] init_memory_mapping: 0000000100000000-000000011c000000
[    0.000000] RAMDISK: 37bd9000 - 37fef7ad
[    0.000000] ACPI: RSDP 00000000000fb9f0 00024 (v02 DELL  )
[    0.000000] ACPI: XSDT 00000000dd051e00 00074 (v01 DELL    M09     27D80C12 ASL  00000061)
[    0.000000] ACPI: FACP 00000000dd051c9c 000F4 (v04 DELL    M09     27D80C12 ASL  00000061)
[    0.000000] ACPI: DSDT 00000000dd052400 064DB (v02 INT430 SYSFexxx 00001001 INTL 20050624)
[    0.000000] ACPI: FACS 00000000dd060c00 00040
[    0.000000] ACPI: HPET 00000000dd051f00 00038 (v01 DELL    M09     00000001 ASL  00000061)
[    0.000000] ACPI: DMAR 00000000dd060400 00120 (v01 DELL    M09     27D80C12 ASL  00000061)
[    0.000000] ACPI: APIC 00000000dd052000 00068 (v01 DELL    M09     27D80C12 ASL  00000047)
[    0.000000] ACPI: ASF! 00000000dd051c00 0006A (v32 DELL    M09     27D80C12 ASL  00000061)
[    0.000000] ACPI: MCFG 00000000dd051fc0 0003E (v16 DELL    M09     27D80C12 ASL  00000061)
[    0.000000] ACPI: TCPA 00000000dd052300 00032 (v01                 00000000 ASL  00000000)
[    0.000000] ACPI: SLIC 00000000dd05209c 00176 (v01 DELL    M09     27D80C12 ASL  00000061)
[    0.000000] ACPI: BOOT 00000000dd051bc0 00028 (v01 DELL    M09     27D80C12 ASL  00000061)
[    0.000000] ACPI: SSDT 00000000dd050331 0066C (v01  PmRef    CpuPm 00003000 INTL 20050624)
[    0.000000] (8 early reservations) ==> bootmem [0000000000 - 011c000000]
[    0.000000]   #0 [0000000000 - 0000001000]   BIOS data page ==> [0000000000 - 0000001000]
[    0.000000]   #1 [0000006000 - 0000008000]       TRAMPOLINE ==> [0000006000 - 0000008000]
[    0.000000]   #2 [0001000000 - 0001bac3c4]    TEXT DATA BSS ==> [0001000000 - 0001bac3c4]
[    0.000000]   #3 [0037bd9000 - 0037fef7ad]          RAMDISK ==> [0037bd9000 - 0037fef7ad]
[    0.000000]   #4 [000009f000 - 0000100000]    BIOS reserved ==> [000009f000 - 0000100000]
[    0.000000]   #5 [0001bad000 - 0001bad1e0]              BRK ==> [0001bad000 - 0001bad1e0]
[    0.000000]   #6 [0000008000 - 000000c000]          PGTABLE ==> [0000008000 - 000000c000]
[    0.000000]   #7 [000000c000 - 000000d000]          PGTABLE ==> [000000c000 - 000000d000]
[    0.000000] Zone PFN ranges:
[    0.000000]   DMA      0x00000000 -> 0x00001000
[    0.000000]   DMA32    0x00001000 -> 0x00100000
[    0.000000]   Normal   0x00100000 -> 0x0011c000
[    0.000000] Movable zone start PFN for each node
[    0.000000] early_node_map[3] active PFN ranges
[    0.000000]     0: 0x00000000 -> 0x0000009f
[    0.000000]     0: 0x00000100 -> 0x000dd04d
[    0.000000]     0: 0x00100000 -> 0x0011c000
[    0.000000] ACPI: PM-Timer IO Port: 0x1008
[    0.000000] ACPI: LAPIC (acpi_id[0x00] lapic_id[0x00] enabled)
[    0.000000] ACPI: LAPIC (acpi_id[0x01] lapic_id[0x01] enabled)
[    0.000000] ACPI: LAPIC_NMI (acpi_id[0x00] high edge lint[0x1])
[    0.000000] ACPI: LAPIC_NMI (acpi_id[0x01] high edge lint[0x1])
[    0.000000] ACPI: IOAPIC (id[0x02] address[0xfec00000] gsi_base[0])
[    0.000000] IOAPIC[0]: apic_id 2, version 32, address 0xfec00000, GSI 0-23
[    0.000000] ACPI: INT_SRC_OVR (bus 0 bus_irq 0 global_irq 2 dfl dfl)
[    0.000000] ACPI: INT_SRC_OVR (bus 0 bus_irq 9 global_irq 9 high level)
[    0.000000] Using ACPI (MADT) for SMP configuration information
[    0.000000] ACPI: HPET id: 0x8086a201 base: 0xfed00000
[    0.000000] SMP: Allowing 2 CPUs, 0 hotplug CPUs
[    0.000000] PM: Registered nosave memory: 000000000009f000 - 00000000000a0000
[    0.000000] PM: Registered nosave memory: 00000000000a0000 - 0000000000100000
[    0.000000] PM: Registered nosave memory: 00000000dd04d000 - 00000000dd04e000
[    0.000000] PM: Registered nosave memory: 00000000dd04e000 - 00000000dd04f000
[    0.000000] PM: Registered nosave memory: 00000000dd04f000 - 00000000dd050000
[    0.000000] PM: Registered nosave memory: 00000000dd050000 - 00000000e0000000
[    0.000000] PM: Registered nosave memory: 00000000e0000000 - 00000000f8000000
[    0.000000] PM: Registered nosave memory: 00000000f8000000 - 00000000fc000000
[    0.000000] PM: Registered nosave memory: 00000000fc000000 - 00000000fec00000
[    0.000000] PM: Registered nosave memory: 00000000fec00000 - 00000000fec10000
[    0.000000] PM: Registered nosave memory: 00000000fec10000 - 00000000fed18000
[    0.000000] PM: Registered nosave memory: 00000000fed18000 - 00000000fed1c000
[    0.000000] PM: Registered nosave memory: 00000000fed1c000 - 00000000fed20000
[    0.000000] PM: Registered nosave memory: 00000000fed20000 - 00000000fed90000
[    0.000000] PM: Registered nosave memory: 00000000fed90000 - 00000000feda0000
[    0.000000] PM: Registered nosave memory: 00000000feda0000 - 00000000feda6000
[    0.000000] PM: Registered nosave memory: 00000000feda6000 - 00000000fee00000
[    0.000000] PM: Registered nosave memory: 00000000fee00000 - 00000000fee10000
[    0.000000] PM: Registered nosave memory: 00000000fee10000 - 00000000ffe60000
[    0.000000] PM: Registered nosave memory: 00000000ffe60000 - 0000000100000000
[    0.000000] Allocating PCI resources starting at e0000000 (gap: e0000000:18000000)
[    0.000000] NR_CPUS:16 nr_cpumask_bits:16 nr_cpu_ids:2 nr_node_ids:1
[    0.000000] PERCPU: Embedded 28 pages/cpu @ffff880028200000 s83096 r8192 d23400 u1048576
[    0.000000] pcpu-alloc: s83096 r8192 d23400 u1048576 alloc=1*2097152
[    0.000000] pcpu-alloc: [0] 0 1 
[    0.000000] Built 1 zonelists in Zone order, mobility grouping on.  Total pages: 1003875
[    0.000000] Kernel command line: BOOT_IMAGE=/boot/vmlinuz-2.6.32-rc8-cvp20091022-00011-ga8a8a66 root=UUID=504744f1-36ae-44ef-9e7e-220ee66eed78 ro console=ttyS0,115200
[    0.000000] PID hash table entries: 4096 (order: 3, 32768 bytes)
[    0.000000] Dentry cache hash table entries: 524288 (order: 10, 4194304 bytes)
[    0.000000] Inode-cache hash table entries: 262144 (order: 9, 2097152 bytes)
[    0.000000] Initializing CPU#0
[    0.000000] Checking aperture...
[    0.000000] No AGP bridge found
[    0.000000] PCI-DMA: Using software bounce buffering for IO (SWIOTLB)
[    0.000000] Placing 64MB software IO TLB between ffff880020000000 - ffff880024000000
[    0.000000] software IO TLB at phys 0x20000000 - 0x24000000
[    0.000000] Memory: 3930560k/4653056k available (5500k kernel code, 573520k absent, 148088k reserved, 3230k data, 632k init)
[    0.000000] SLUB: Genslabs=13, HWalign=64, Order=0-3, MinObjects=0, CPUs=2, Nodes=1
[    0.000000] Hierarchical RCU implementation.
[    0.000000] NR_IRQS:768
[    0.000000] Extended CMOS year: 2000
[    0.000000] Console: colour VGA+ 80x25
[    0.000000] console [ttyS0] enabled
[    0.000000] allocated 41943040 bytes of page_cgroup
[    0.000000] please try 'cgroup_disable=memory' option if you don't want memory cgroups
[    0.000000] HPET: 4 timers in total, 0 timers will be used for per-cpu timer
[    0.000000] Fast TSC calibration using PIT
[    0.000000] Detected 2393.902 MHz processor.
[    0.012006] Calibrating delay loop (skipped), value calculated using timer frequency.. 4787.80 BogoMIPS (lpj=9575608)
[    0.018801] Security Framework initialized
[    0.020009] SELinux:  Disabled at boot.
[    0.024009] Mount-cache hash table entries: 256
[    0.028125] Initializing cgroup subsys ns
[    0.032005] Initializing cgroup subsys cpuacct
[    0.036004] Initializing cgroup subsys memory
[    0.040022] CPU: L1 I cache: 32K, L1 D cache: 32K
[    0.044003] CPU: L2 cache: 6144K
[    0.048004] CPU: Physical Processor ID: 0
[    0.052003] CPU: Processor Core ID: 0
[    0.055647] mce: CPU supports 6 MCE banks
[    0.056008] CPU0: Thermal monitoring enabled (TM2)
[    0.060004] using mwait in idle threads.
[    0.064003] Performance Events: Core2 events, Intel PMU driver.
[    0.069657] ... version:                2
[    0.072003] ... bit width:              40
[    0.076003] ... generic registers:      2
[    0.080003] ... value mask:             000000ffffffffff
[    0.084003] ... max period:             000000007fffffff
[    0.088003] ... fixed-purpose events:   3
[    0.092003] ... event mask:             0000000700000003
[    0.096016] ACPI: Core revision 20090903
[    0.112008] ftrace: converting mcount calls to 0f 1f 44 00 00
[    0.116006] ftrace: allocating 23417 entries in 92 pages
[    0.124045] Setting APIC routing to flat
[    0.128379] ..TIMER: vector=0x30 apic1=0 pin1=2 apic2=-1 pin2=-1
[    0.172966] CPU0: Intel(R) Core(TM)2 Duo CPU     P9400  @ 2.40GHz stepping 06
[    0.184001] Booting processor 1 APIC 0x1 ip 0x6000
[    0.016000] Initializing CPU#1
[    0.016000] Calibrating delay using timer specific routine.. 4787.90 BogoMIPS (lpj=9575801)
[    0.016000] CPU: L1 I cache: 32K, L1 D cache: 32K
[    0.016000] CPU: L2 cache: 6144K
[    0.016000] CPU: Physical Processor ID: 0
[    0.016000] CPU: Processor Core ID: 1
[    0.016000] CPU1: Thermal monitoring enabled (TM2)
[    0.272084] CPU1: Intel(R) Core(TM)2 Duo CPU     P9400  @ 2.40GHz stepping 06
[    0.281230] checking TSC synchronization [CPU#0 -> CPU#1]: passed.
[    0.284035] Brought up 2 CPUs
[    0.288003] Total of 2 processors activated (9575.70 BogoMIPS).
[    0.292895] Time: 18:57:33  Date: 11/20/09
[    0.296038] NET: Registered protocol family 16
[    0.304731] ACPI: bus type pci registered
[    0.308041] PCI: MCFG configuration 0: base f8000000 segment 0 buses 0 - 63
[    0.312006] PCI: MCFG area at f8000000 reserved in E820
[    0.317962] PCI: Using MMCONFIG at f8000000 - fbffffff
[    0.320002] PCI: Using configuration type 1 for base access
[    0.328035] bio: create slab <bio-0> at 0
[    0.332674] ACPI: BIOS _OSI(Linux) query ignored
[    0.400170] ACPI: Interpreter enabled
[    0.404004] ACPI: (supports S0 S3 S4 S5)
[    0.408555] ACPI: Using IOAPIC for interrupt routing
[    0.520191] ACPI: EC: GPE = 0x11, I/O: command/status = 0x934, data = 0x930
[    0.524109] ACPI Warning: Incorrect checksum in table [TCPA] - F8, should be 9C (20090903/tbutils-314)
[    0.537469] ACPI: No dock devices found.
[    0.561790] ACPI: PCI Root Bridge [PCI0] (0000:00)
[    0.564188] pci 0000:00:03.0: PME# supported from D0 D3hot D3cold
[    0.568019] pci 0000:00:03.0: PME# disabled
[    0.572287] pci 0000:00:19.0: PME# supported from D0 D3hot D3cold
[    0.576012] pci 0000:00:19.0: PME# disabled
[    0.584004] pci 0000:00:1a.7: PME# supported from D0 D3hot D3cold
[    0.588006] pci 0000:00:1a.7: PME# disabled
[    0.592109] pci 0000:00:1b.0: PME# supported from D0 D3hot D3cold
[    0.596006] pci 0000:00:1b.0: PME# disabled
[    0.600085] pci 0000:00:1c.0: PME# supported from D0 D3hot D3cold
[    0.604006] pci 0000:00:1c.0: PME# disabled
[    0.608089] pci 0000:00:1c.1: PME# supported from D0 D3hot D3cold
[    0.612010] pci 0000:00:1c.1: PME# disabled
[    0.616088] pci 0000:00:1c.3: PME# supported from D0 D3hot D3cold
[    0.620006] pci 0000:00:1c.3: PME# disabled
[    0.628065] pci 0000:00:1d.7: PME# supported from D0 D3hot D3cold
[    0.632006] pci 0000:00:1d.7: PME# disabled
[    0.636323] pci 0000:00:1f.2: PME# supported from D3hot
[    0.640006] pci 0000:00:1f.2: PME# disabled
[    0.644369] pci 0000:0c:00.0: PME# supported from D0 D3hot D3cold
[    0.648031] pci 0000:0c:00.0: PME# disabled
[    0.652271] pci 0000:02:01.0: PME# supported from D0 D1 D2 D3hot D3cold
[    0.656007] pci 0000:02:01.0: PME# disabled
[    0.660098] pci 0000:02:01.1: PME# supported from D0 D1 D2 D3hot D3cold
[    0.664006] pci 0000:02:01.1: PME# disabled
[    0.668070] pci 0000:00:1e.0: transparent bridge
[    0.688095] ACPI: PCI Interrupt Link [LNKA] (IRQs 10 *11)
[    0.693039] ACPI: PCI Interrupt Link [LNKB] (IRQs *5 7)
[    0.696853] ACPI: PCI Interrupt Link [LNKC] (IRQs 10 *11)
[    0.704393] ACPI: PCI Interrupt Link [LNKD] (IRQs 5 7 *10 11)
[    0.709395] ACPI: PCI Interrupt Link [LNKE] (IRQs *3 4 5 6 7 10 11 12 14 15)
[    0.717754] ACPI: PCI Interrupt Link [LNKF] (IRQs 3 4 5 6 7 *10 11 12 14 15)
[    0.725211] ACPI: PCI Interrupt Link [LNKG] (IRQs 3 4 5 6 7 *10 11 12 14 15)
[    0.732397] ACPI: PCI Interrupt Link [LNKH] (IRQs 3 4 5 6 7 10 11 12 14 15) *0, disabled.
[    0.740241] vgaarb: device added: PCI:0000:00:02.0,decodes=io+mem,owns=io+mem,locks=none
[    0.744022] vgaarb: loaded
[    0.746764] SCSI subsystem initialized
[    0.748030] usbcore: registered new interface driver usbfs
[    0.752022] usbcore: registered new interface driver hub
[    0.756013] usbcore: registered new device driver usb
[    0.764007] PCI: Using ACPI for IRQ routing
[    0.768155] NET: Registered protocol family 8
[    0.772009] NET: Registered protocol family 20
[    0.776015] NetLabel: Initializing
[    0.780020] NetLabel:  domain hash size = 128
[    0.784003] NetLabel:  protocols = UNLABELED CIPSOv4
[    0.788013] NetLabel:  unlabeled traffic allowed by default
[    0.792027] hpet0: at MMIO 0xfed00000, IRQs 2, 8, 0, 0
[    0.800736] hpet0: 4 comparators, 64-bit 14.318180 MHz counter
[    0.812016] Switching to clocksource tsc
[    0.823271] pnp: PnP ACPI init
[    0.826334] ACPI: bus type pnp registered
[    0.920746] pnp: PnP ACPI: found 15 devices
[    0.924924] ACPI: ACPI bus type pnp unregistered
[    0.929541] system 00:05: ioport range 0xc80-0xcaf has been reserved
[    0.935884] system 00:05: ioport range 0xcc0-0xcff could not be reserved
[    0.942578] system 00:08: iomem range 0xfed00000-0xfed003ff has been reserved
[    0.949705] system 00:0c: ioport range 0x900-0x92f has been reserved
[    0.956049] system 00:0c: ioport range 0x931-0x933 has been reserved
[    0.962646] system 00:0c: ioport range 0x935-0x97f has been reserved
[    0.968987] system 00:0c: ioport range 0x4d0-0x4d1 has been reserved
[    0.975330] system 00:0c: ioport range 0x1000-0x1005 has been reserved
[    0.981845] system 00:0c: ioport range 0x1008-0x100f has been reserved
[    0.988363] system 00:0d: ioport range 0xf400-0xf4fe has been reserved
[    0.994879] system 00:0d: ioport range 0x1006-0x1007 has been reserved
[    1.001397] system 00:0d: ioport range 0x100a-0x1059 could not be reserved
[    1.008259] system 00:0d: ioport range 0x1060-0x107f has been reserved
[    1.014776] system 00:0d: ioport range 0x1080-0x10bf has been reserved
[    1.021297] system 00:0d: ioport range 0x1100-0x111f has been reserved
[    1.027814] system 00:0d: ioport range 0x1010-0x102f has been reserved
[    1.034331] system 00:0d: ioport range 0x809-0x809 has been reserved
[    1.040679] system 00:0e: iomem range 0x0-0x9efff could not be reserved
[    1.047283] system 00:0e: iomem range 0x9f000-0x9ffff could not be reserved
[    1.054233] system 00:0e: iomem range 0xc0000-0xcffff has been reserved
[    1.060839] system 00:0e: iomem range 0xe0000-0xfffff has been reserved
[    1.067441] system 00:0e: iomem range 0x100000-0xdd04d3ff could not be reserved
[    1.074739] system 00:0e: iomem range 0xdd04d400-0xddafffff could not be reserved
[    1.082210] system 00:0e: iomem range 0xddb00000-0xddbfffff has been reserved
[    1.089332] system 00:0e: iomem range 0xffe00000-0xffffffff could not be reserved
[    1.096801] system 00:0e: iomem range 0xffa00000-0xffbfffff has been reserved
[    1.103924] system 00:0e: iomem range 0xfec00000-0xfec0ffff could not be reserved
[    1.111393] system 00:0e: iomem range 0xfee00000-0xfee0ffff has been reserved
[    1.118516] system 00:0e: iomem range 0xfed20000-0xfed3ffff has been reserved
[    1.125640] system 00:0e: iomem range 0xfed45000-0xfed8ffff has been reserved
[    1.132764] system 00:0e: iomem range 0xfeda0000-0xfeda3fff has been reserved
[    1.139889] system 00:0e: iomem range 0xfeda4000-0xfeda4fff has been reserved
[    1.147013] system 00:0e: iomem range 0xfeda5000-0xfeda5fff has been reserved
[    1.154135] system 00:0e: iomem range 0xfeda6000-0xfeda6fff has been reserved
[    1.161258] system 00:0e: iomem range 0xfed1c800-0xfed1cfff has been reserved
[    1.168382] system 00:0e: iomem range 0xfed18000-0xfed1bfff has been reserved
[    1.175507] system 00:0e: iomem range 0xf8000000-0xfbffffff has been reserved
[    1.187724] pci 0000:00:1c.0: PCI bridge, secondary bus 0000:0b
[    1.193642] pci 0000:00:1c.0:   IO window: 0x2000-0x2fff
[    1.198948] pci 0000:00:1c.0:   MEM window: 0xf0200000-0xf03fffff
[    1.205033] pci 0000:00:1c.0:   PREFETCH window: 0x000000f0400000-0x000000f05fffff
[    1.212594] pci 0000:00:1c.1: PCI bridge, secondary bus 0000:0c
[    1.218505] pci 0000:00:1c.1:   IO window: 0x3000-0x3fff
[    1.223812] pci 0000:00:1c.1:   MEM window: 0xf6900000-0xf69fffff
[    1.229898] pci 0000:00:1c.1:   PREFETCH window: 0x000000f0600000-0x000000f07fffff
[    1.237461] pci 0000:00:1c.3: PCI bridge, secondary bus 0000:0d
[    1.243372] pci 0000:00:1c.3:   IO window: 0xd000-0xdfff
[    1.248679] pci 0000:00:1c.3:   MEM window: 0xf6600000-0xf68fffff
[    1.254765] pci 0000:00:1c.3:   PREFETCH window: 0x000000f0000000-0x000000f01fffff
[    1.262326] pci 0000:00:1e.0: PCI bridge, secondary bus 0000:02
[    1.268236] pci 0000:00:1e.0:   IO window: disabled
[    1.273109] pci 0000:00:1e.0:   MEM window: 0xf6500000-0xf65fffff
[    1.279193] pci 0000:00:1e.0:   PREFETCH window: disabled
[    1.284595] pci 0000:00:1c.0: PCI INT A -> GSI 16 (level, low) -> IRQ 16
[    1.291298] pci 0000:00:1c.1: PCI INT B -> GSI 17 (level, low) -> IRQ 17
[    1.297999] pci 0000:00:1c.3: PCI INT D -> GSI 19 (level, low) -> IRQ 19
[    1.304756] NET: Registered protocol family 2
[    1.309204] IP route cache hash table entries: 131072 (order: 8, 1048576 bytes)
[    1.316950] TCP established hash table entries: 262144 (order: 10, 4194304 bytes)
[    1.326019] TCP bind hash table entries: 65536 (order: 8, 1048576 bytes)
[    1.333144] TCP: Hash tables configured (established 262144 bind 65536)
[    1.339747] TCP reno registered
[    1.342956] NET: Registered protocol family 1
[    1.347422] RPC: Registered udp transport module.
[    1.352131] RPC: Registered tcp transport module.
[    1.356827] RPC: Registered tcp NFSv4.1 backchannel transport module.
[    1.363471] Trying to unpack rootfs image as initramfs...
[    1.446974] Freeing initrd memory: 4185k freed
[    1.452939] Simple Boot Flag at 0x79 set to 0x1
[    1.458226] audit: initializing netlink socket (disabled)
[    1.463630] type=2000 audit(1258743453.463:1): initialized
[    1.477984] HugeTLB registered 2 MB page size, pre-allocated 0 pages
[    1.486571] VFS: Disk quotas dquot_6.5.2
[    1.490558] Dquot-cache hash table entries: 512 (order 0, 4096 bytes)
[    1.497422] squashfs: version 4.0 (2009/01/31) Phillip Lougher
[    1.503703] Slow work thread pool: Starting up
[    1.508165] Slow work thread pool: Ready
[    1.512101] fuse init (API version 7.13)
[    1.516145] msgmni has been set to 7686
[    1.520269] alg: No test for stdrng (krng)
[    1.524367] io scheduler noop registered
[    1.528293] io scheduler anticipatory registered
[    1.532903] io scheduler deadline registered (default)
[    1.538042] io scheduler cfq registered
[    1.542978] ACPI: AC Adapter [AC] (on-line)
[    1.547267] input: Lid Switch as /devices/LNXSYSTM:00/LNXSYBUS:00/PNP0C0D:00/input/input0
[    1.557189] ACPI: Lid Switch [LID]
[    1.560671] input: Power Button as /devices/LNXSYSTM:00/LNXSYBUS:00/PNP0C0C:00/input/input1
[    1.569274] ACPI: Power Button [PBTN]
[    1.572982] input: Sleep Button as /devices/LNXSYSTM:00/LNXSYBUS:00/PNP0C0E:00/input/input2
[    1.581321] ACPI: Sleep Button [SBTN]
[    1.585481] ACPI: SSDT 00000000dd05099d 00281 (v01  PmRef   BspIst 00003000 INTL 20050624)
[    1.594146] ACPI: SSDT 00000000dd050df5 005C6 (v01  PmRef   BspCst 00003001 INTL 20050624)
[    1.602727] Marking TSC unstable due to TSC halts in idle
[    1.608147] Switching to clocksource hpet
[    1.608209] processor LNXCPU:00: registered as cooling_device0
[    1.618024] ACPI: SSDT 00000000dd050c1e 001D7 (v01  PmRef    ApIst 00003000 INTL 20050624)
[    1.626586] ACPI: SSDT 00000000dd0513bb 0008D (v01  PmRef    ApCst 00003000 INTL 20050624)
[    1.635307] processor LNXCPU:01: registered as cooling_device1
[    1.665527] thermal LNXTHERM:01: registered as thermal_zone0
[    1.671186] ACPI: Thermal Zone [THM] (56 C)
[    1.678600] Non-volatile memory driver v1.3
[    1.682840] Linux agpgart interface v0.103
[    1.687011] agpgart-intel 0000:00:00.0: Intel Mobile IntelÂ® GM45 Express Chipset
[    1.696340] agpgart-intel 0000:00:00.0: detected 32764K stolen memory
[    1.706572] agpgart-intel 0000:00:00.0: AGP aperture is 256M @ 0xe0000000
[    1.713502] [drm] Initialized drm 1.1.0 20060810
[    1.718170] i915 0000:00:02.0: PCI INT A -> GSI 16 (level, low) -> IRQ 16
[    1.737238] mtrr: type mismatch for e0000000,10000000 old: write-back new: write-combining
[    1.745527] [drm] MTRR allocation failed.  Graphics performance may suffer.
[    1.752578] [drm] set up 31M of stolen space
[    1.761375] ACPI Warning for \_SB_.BAT0._BIF: Converted Buffer to expected String at index 9 (20090903/nsrepair-132)
[    1.771915] ACPI Warning for \_SB_.BAT0._BIF: Converted Buffer to expected String at index 10 (20090903/nsrepair-132)
[    1.782549] ACPI Warning for \_SB_.BAT0._BIF: Converted Buffer to expected String at index 11 (20090903/nsrepair-132)
[    1.793188] ACPI Warning for \_SB_.BAT0._BIF: Converted Buffer to expected String at index 12 (20090903/nsrepair-132)
[    1.822651] ACPI: Battery Slot [BAT0] (battery present)
[    1.827957] ACPI: Battery Slot [BAT1] (battery absent)
[    2.358253] [drm] TV-25: set mode NTSC 480i 0
[    2.566737] [drm] LVDS-8: set mode 1280x800 c
[    2.926125] Console: switching to colour frame buffer device 160x50
[    2.939176] fb0: inteldrmfb frame buffer device
[    2.939177] registered panic notifier
[    2.966623] acpi device:33: registered as cooling_device2
[    2.972702] input: Video Bus as /devices/LNXSYSTM:00/LNXSYBUS:00/PNP0A03:00/LNXVIDEO:00/input/input3
[    2.981830] ACPI: Video Device [VID] (multi-head: yes  rom: no  post: no)
[    2.988651] ACPI Warning for \_SB_.PCI0.VID2._DOD: Return Package has no elements (empty) (20090903/nspredef-433)
[    2.999006] input: Video Bus as /devices/LNXSYSTM:00/LNXSYBUS:00/PNP0A03:00/LNXVIDEO:01/input/input4
[    3.008129] ACPI: Video Device [VID2] (multi-head: yes  rom: no  post: no)
[    3.015034] [drm] Initialized i915 1.6.0 20080730 for 0000:00:02.0 on minor 0
[    3.022210] Serial: 8250/16550 driver, 4 ports, IRQ sharing enabled
[    3.028607] serial8250: ttyS0 at I/O 0x3f8 (irq = 4) is a 16550A
[    3.035061] 00:09: ttyS0 at I/O 0x3f8 (irq = 4) is a 16550A
[    3.040767] serial 0000:00:03.3: PCI INT B -> GSI 17 (level, low) -> IRQ 17
[    3.047790] 0000:00:03.3: ttyS1 at I/O 0xef88 (irq = 17) is a 16550A
[    3.055737] brd: module loaded
[    3.059536] loop: module loaded
[    3.062678] Uniform Multi-Platform E-IDE driver
[    3.067283] ide-gd driver 1.18
[    3.070589] ahci 0000:00:1f.2: PCI INT D -> GSI 19 (level, low) -> IRQ 19
[    3.077439] ahci: SSS flag set, parallel bus scan disabled
[    3.082952] ahci 0000:00:1f.2: AHCI 0001.0200 32 slots 4 ports 3 Gbps 0x33 impl SATA mode
[    3.091121] ahci 0000:00:1f.2: flags: 64bit ncq sntf stag pm led clo pmp pio slum part ccc ems sxs 
[    3.124048] scsi0 : ahci
[    3.126678] scsi1 : ahci
[    3.129302] scsi2 : ahci
[    3.131921] scsi3 : ahci
[    3.134543] scsi4 : ahci
[    3.137167] scsi5 : ahci
[    3.140113] ata1: SATA max UDMA/133 abar m2048@0xfed1c800 port 0xfed1c900 irq 28
[    3.147501] ata2: SATA max UDMA/133 abar m2048@0xfed1c800 port 0xfed1c980 irq 28
[    3.154887] ata3: DUMMY
[    3.157331] ata4: DUMMY
[    3.159767] ata5: SATA max UDMA/133 abar m2048@0xfed1c800 port 0xfed1cb00 irq 28
[    3.167158] ata6: SATA max UDMA/133 abar m2048@0xfed1c800 port 0xfed1cb80 irq 28
[    3.174661] Intel(R) PRO/1000 Network Driver - version 7.3.21-k5-NAPI
[    3.181097] Copyright (c) 1999-2006 Intel Corporation.
[    3.186273] e1000e: Intel(R) PRO/1000 Network Driver - 1.0.2-k2
[    3.192227] e1000e: Copyright (c) 1999-2008 Intel Corporation.
[    3.198186] e1000e 0000:00:19.0: PCI INT A -> GSI 22 (level, low) -> IRQ 22
[    3.312148] 0000:00:19.0: eth0: (PCI Express:2.5GB/s:Width x1) 00:21:70:e6:a4:82
[    3.319538] 0000:00:19.0: eth0: Intel(R) PRO/1000 Network Connection
[    3.325906] 0000:00:19.0: eth0: MAC: 7, PHY: 8, PBA No: 3002ff-0ff
[    3.332123] Fusion MPT base driver 3.04.12
[    3.336218] Copyright (c) 1999-2008 LSI Corporation
[    3.341092] Fusion MPT SPI Host driver 3.04.12
[    3.345584] ohci1394 0000:02:01.0: PCI INT A -> GSI 19 (level, low) -> IRQ 19
[    3.410035] ohci1394: fw-host0: OHCI-1394 1.1 (PCI): IRQ=[19]  MMIO=[f65ff800-f65fffff]  Max Packet=[2048]  IR/IT contexts=[4/4]
[    3.425762] usbcore: registered new interface driver libusual
[    3.431574] usbcore: registered new interface driver usbserial
[    3.437435] USB Serial support registered for generic
[    3.442516] usbcore: registered new interface driver usbserial_generic
[    3.449037] usbserial: USB Serial Driver core
[    3.453475] PNP: PS/2 Controller [PNP0303:KBC,PNP0f13:PS2M] at 0x60,0x64 irq 1,12
[    3.461583] i8042.c: Warning: Keylock active.
[    3.469120] serio: i8042 KBD port at 0x60,0x64 irq 1
[    3.474085] serio: i8042 AUX port at 0x60,0x64 irq 12
[    3.479256] mice: PS/2 mouse device common for all mice
[    3.484516] Driver 'rtc_cmos' needs updating - please use bus_type methods
[    3.491418] rtc_cmos 00:03: RTC can wake from S4
[    3.496090] rtc_cmos 00:03: rtc core: registered rtc_cmos as rtc0
[    3.502215] rtc0: alarms up to one month, y3k, 114 bytes nvram, hpet irqs
[    3.509263] cpuidle: using governor ladder
[    3.513034] input: AT Translated Set 2 keyboard as /devices/platform/i8042/serio0/input/input5
[    3.522843] cpuidle: using governor menu
[    3.526846] sdhci: Secure Digital Host Controller Interface driver
[    3.533021] sdhci: Copyright(c) Pierre Ossman
[    3.537411] sdhci-pci 0000:02:01.1: SDHCI controller found [1180:0822] (rev 22)
[    3.544724] sdhci-pci 0000:02:01.1: PCI INT B -> GSI 18 (level, low) -> IRQ 18
[    3.555075] mmc0: SDHCI controller on PCI [0000:02:01.1] using DMA
[    3.561628] TCP cubic registered
[    3.564856] NET: Registered protocol family 17
[    3.569690] registered taskstats version 1
[    3.574264]   Magic number: 1:885:999
[    3.577953] i8042 aux 00:01: hash matches
[    3.581961]  pnp0: hash matches
[    3.585176] rtc_cmos 00:03: setting system clock to 2009-11-20 18:57:37 UTC (1258743457)
[    3.593261] BIOS EDD facility v0.16 2004-Jun-25, 0 devices found
[    3.599261] EDD information not available.
[    3.656244] ata1: SATA link up 1.5 Gbps (SStatus 113 SControl 300)
[    3.663149] ata1.00: ATA-8: ST9120817AS, 3.CMF, max UDMA/100
[    3.668806] ata1.00: 234441648 sectors, multi 8: LBA48 NCQ (depth 31/32)
[    3.676451] ata1.00: configured for UDMA/100
[    3.696339] scsi 0:0:0:0: Direct-Access     ATA      ST9120817AS      3.CM PQ: 0 ANSI: 5
[    3.704727] sd 0:0:0:0: [sda] 234441648 512-byte logical blocks: (120 GB/111 GiB)
[    3.712210] sd 0:0:0:0: Attached scsi generic sg0 type 0
[    3.717571] sd 0:0:0:0: [sda] Write Protect is off
[    3.722379] sd 0:0:0:0: [sda] Write cache: enabled, read cache: enabled, doesn't support DPO or FUA
[    3.731511]  sda: sda1 sda2 < sda5 >
[    3.772225] sd 0:0:0:0: [sda] Attached SCSI disk
[    4.608263] ata2: SATA link up 1.5 Gbps (SStatus 113 SControl 300)
[    4.629369] ata2.00: ATAPI: TSSTcorp DVD+/-RW TS-U633A, D200, max UDMA/100, ATAPI AN
[    4.637111] ata2.00: applying bridge limits
[    4.656490] ata2.00: configured for UDMA/100
[    4.678455] scsi 1:0:0:0: CD-ROM            TSSTcorp DVD+-RW TS-U633A D200 PQ: 0 ANSI: 5
[    4.695307] sr0: scsi3-mmc drive: 24x/24x writer dvd-ram cd/rw xa/form2 cdda tray
[    4.702785] Uniform CD-ROM driver Revision: 3.20
[    4.707760] sr 1:0:0:0: Attached scsi generic sg1 type 5
[    5.032263] ata5: SATA link down (SStatus 0 SControl 300)
[    5.372262] ata6: SATA link down (SStatus 0 SControl 300)
[    5.392246] Freeing unused kernel memory: 632k freed
Loading, please wait...
Couldn't get a file descriptor referring to the console
[    5.502102] pata_acpi 0000:00:03.2: PCI INT C -> GSI 18 (level, low) -> IRQ 18
[    5.526565] ehci_hcd: USB 2.0 'Enhanced' Host Controller (EHCI) Driver
[    5.535259] uhci_hcd: USB Universal Host Controller Interface driver
[    5.557319] pata_acpi 0000:00:03.2: PCI INT C disabled
[    5.562546] uhci_hcd 0000:00:1a.0: PCI INT A -> GSI 20 (level, low) -> IRQ 20
[    5.562556] uhci_hcd 0000:00:1a.0: UHCI Host Controller
[    5.562603] uhci_hcd 0000:00:1a.0: new USB bus registered, assigned bus number 1
[    5.562645] uhci_hcd 0000:00:1a.0: irq 20, io base 0x00006f60
[    5.562734] usb usb1: configuration #1 chosen from 1 choice
[    5.562757] hub 1-0:1.0: USB hub found
[    5.562766] hub 1-0:1.0: 2 ports detected
[    5.562819] ehci_hcd 0000:00:1a.7: PCI INT C -> GSI 22 (level, low) -> IRQ 22
[    5.562857] ehci_hcd 0000:00:1a.7: EHCI Host Controller
[    5.562882] ehci_hcd 0000:00:1a.7: new USB bus registered, assigned bus number 2
[    5.562913] ehci_hcd 0000:00:1a.7: debug port 1
[    5.566825] ehci_hcd 0000:00:1a.7: irq 22, io mem 0xfed1c400
[    5.633780] ehci_hcd 0000:00:1a.7: USB 2.0 started, EHCI 1.00
[    5.639641] usb usb2: configuration #1 chosen from 1 choice
[    5.645334] hub 2-0:1.0: USB hub found
[    5.649102] hub 2-0:1.0: 6 ports detected
[    5.649160] uhci_hcd 0000:00:1a.1: PCI INT B -> GSI 21 (level, low) -> IRQ 21
[    5.649169] uhci_hcd 0000:00:1a.1: UHCI Host Controller
[    5.649197] uhci_hcd 0000:00:1a.1: new USB bus registered, assigned bus number 3
[    5.649233] uhci_hcd 0000:00:1a.1: irq 21, io base 0x00006f80
[    5.649300] usb usb3: configuration #1 chosen from 1 choice
[    5.649321] hub 3-0:1.0: USB hub found
[    5.649327] hub 3-0:1.0: 2 ports detected
[    5.649578] ehci_hcd 0000:00:1d.7: PCI INT A -> GSI 20 (level, low) -> IRQ 20
[    5.678693] ehci_hcd 0000:00:1d.7: EHCI Host Controller
[    5.678780] ehci_hcd 0000:00:1d.7: new USB bus registered, assigned bus number 4
[    5.678818] ehci_hcd 0000:00:1d.7: debug port 1
[    5.682719] ehci_hcd 0000:00:1d.7: irq 20, io mem 0xfed1c000
[    5.721907] ehci_hcd 0000:00:1d.7: USB 2.0 started, EHCI 1.00
[    5.727730] usb usb4: configuration #1 chosen from 1 choice
[    5.733351] hub 4-0:1.0: USB hub found
[    5.733357] hub 4-0:1.0: 6 ports detected
[    5.733418] uhci_hcd 0000:00:1a.2: PCI INT C -> GSI 22 (level, low) -> IRQ 22
[    5.733428] uhci_hcd 0000:00:1a.2: UHCI Host Controller
[    5.733454] uhci_hcd 0000:00:1a.2: new USB bus registered, assigned bus number 5
[    5.733488] uhci_hcd 0000:00:1a.2: irq 22, io base 0x00006fa0
[    5.733557] usb usb5: configuration #1 chosen from 1 choice
[    5.733578] hub 5-0:1.0: USB hub found
[    5.733582] hub 5-0:1.0: 2 ports detected
[    5.733625] uhci_hcd 0000:00:1d.0: PCI INT A -> GSI 20 (level, low) -> IRQ 20
[    5.733635] uhci_hcd 0000:00:1d.0: UHCI Host Controller
[    5.733660] uhci_hcd 0000:00:1d.0: new USB bus registered, assigned bus number 6
[    5.733692] uhci_hcd 0000:00:1d.0: irq 20, io base 0x00006f00
[    5.733755] usb usb6: configuration #1 chosen from 1 choice
[    5.733777] hub 6-0:1.0: USB hub found
[    5.733781] hub 6-0:1.0: 2 ports detected
[    5.733824] uhci_hcd 0000:00:1d.1: PCI INT B -> GSI 21 (level, low) -> IRQ 21
[    5.733835] uhci_hcd 0000:00:1d.1: UHCI Host Controller
[    5.733860] uhci_hcd 0000:00:1d.1: new USB bus registered, assigned bus number 7
[    5.733895] uhci_hcd 0000:00:1d.1: irq 21, io base 0x00006f20
[    5.733961] usb usb7: configuration #1 chosen from 1 choice
[    5.733983] hub 7-0:1.0: USB hub found
[    5.733987] hub 7-0:1.0: 2 ports detected
[    5.734028] uhci_hcd 0000:00:1d.2: PCI INT C -> GSI 22 (level, low) -> IRQ 22
[    5.734038] uhci_hcd 0000:00:1d.2: UHCI Host Controller
[    5.734064] uhci_hcd 0000:00:1d.2: new USB bus registered, assigned bus number 8
[    5.734095] uhci_hcd 0000:00:1d.2: irq 22, io base 0x00006f40
[    5.734160] usb usb8: configuration #1 chosen from 1 choice
[    5.734180] hub 8-0:1.0: USB hub found
[    5.734185] hub 8-0:1.0: 2 ports detected
Begin: Loading essential drivers... ...
Done.
Begin: Running /scripts/init-premount ...
Done.
Begin: Mounting root file system... ...
Begin: Running /scripts/local-top ...
Done.
Begin: Waiting for root file system... ...
Done.
Begin: Running /scripts/local-premount ...
[    6.100112] PM: Starting manual resume from disk
Done.
[    6.155807] EXT4-fs (sda1): mounted filesystem with ordered data mode
Begin: Running /scripts/local-bottom ...
Done.
Done.
Begin: Running /scripts/init-bottom ...
Begin: Starting AppArmor profiles ...
[    6.221052] usb 2-3: new high speed USB device using ehci_hcd and address 3
[    6.360670] usb 2-3: configuration #1 chosen from 1 choice
usb_id[1290]: un[    6.366325] hub 2-3:1.0: USB hub found
able to access '[    6.371503] hub 2-3:1.0: 3 ports detected
/devices/pci0000:00/0000:00:1a.7/usb2/2-3'

[    6.488081] usb 2-4: new high speed USB device using ehci_hcd and address 4
[    6.625479] usb 2-4: configuration #1 chosen from 1 choice
usb_id[1296]: un[    6.631818] hub 2-4:1.0: USB hub found
able to access '[    6.637408] hub 2-4:1.0: 3 ports detected
/devices/pci0000:00/0000:00:1a.7/usb2/2-4'

Warning: unable to find a suitable fs in /proc/mounts, is it mounted?
Use --subdomainfs to override.
Failure: AppArmor profiles failed to load
Done.
[    6.865067] usb 2-6: new high speed USB device using ehci_hcd and address 6
[    7.045104] usb 2-6: configuration #1 chosen from 1 choice
[    7.289071] usb 5-1: new full speed USB device using uhci_hcd and address 2
[    7.477618] usb 5-1: configuration #0 chosen from 1 choice
[    7.483107] usb 5-1: config 0 descriptor??
[    7.733046] usb 1-1: new full speed USB device using uhci_hcd and address 2
[    7.910754] usb 1-1: configuration #1 chosen from 1 choice
[    7.918743] hub 1-1:1.0: USB hub found
[    7.924693] hub 1-1:1.0: 3 ports detected
[    8.210710] usb 1-1.1: new full speed USB device using uhci_hcd and address 3
[    8.340078] usb 1-1.1: configuration #1 chosen from 1 choice
[    8.422695] usb 1-1.2: new full speed USB device using uhci_hcd and address 4
fsck from util-linux-ng 2.16
[    8.552786] usb 1-1.2: configuration #1 chosen from 1 choice
/dev/sda1: clean, 255247/7028736 files, 4495552/28103701 blocks
 * Setting preliminary keymap...                                                 * Setting up console font and keymap...                                         * Starting OpenBSD Secure Shell server sshd                                     * Starting Postfix Mail Transport Agent postfix                                 * Speech-dispatcher configured for user sessions
 * Starting Common Unix Printing System: cupsd                                   * PulseAudio configured for per-user sessions
 * Enabling additional executable binary formats binfmt-support                  * Checking battery state...                                                       ...done.
 * Reloading Postfix configuration...
 * Reloading Postfix configuration...
[  456.016222] usb 4-1: new high speed USB device using ehci_hcd and address 2
[  456.282780] usb 4-1: configuration #1 chosen from 1 choice
[  456.331086] Initializing USB Mass Storage driver...
[  456.336168] scsi6 : SCSI emulation for USB Mass Storage devices
[  456.343192] usbcore: registered new interface driver usb-storage
[  456.343731] usb-storage: device found at 2
[  456.343732] usb-storage: waiting for device to settle before scanning
[  456.359719] USB Mass Storage support registered.
[  456.364371] usb 4-1: USB disconnect, address 2
[  460.066067] [drm] TV-25: set mode NTSC 480i 0
[  460.521116] [drm] TV-25: set mode NTSC 480i 0
[  462.668041] [drm:i915_hangcheck_elapsed] *ERROR* Hangcheck timer elapsed... GPU hung
[  462.675790] render error detected, EIR: 0x00000000
[  462.680743] [drm:i915_wait_request] *ERROR* i915_wait_request returns -5 (awaiting 4695 at 4691)
[  463.012206] [drm:i915_hangcheck_elapsed] *ERROR* Hangcheck timer elapsed... GPU hung
[  463.019953] render error detected, EIR: 0x00000000
[  463.024776] [drm:i915_wait_request] *ERROR* i915_wait_request returns -5 (awaiting 4701 at 4691)
[  463.024938] wlan0: deauthenticating from 00:0b:0e:46:5c:00 by local choice (reason=3)
[  463.025012] wlan0: deauthenticating from 00:0b:0e:46:5c:00 by local choice (reason=3)
[  463.049377] [drm:i915_gem_execbuffer] *ERROR* Execbuf while wedged
 * Reloading Postfix configuration...
[  463.376052] [drm:i915_hangcheck_elapsed] *ERROR* Hangcheck timer elapsed... GPU hung
[  463.383793] render error detected, EIR: 0x00000000
[  463.388736] [drm:i915_wait_request] *ERROR* i915_wait_request returns -5 (awaiting 4704 at 4691)
 * Reloading Postfix configuration...
[  463.716037] [drm:i915_hangcheck_elapsed] *ERROR* Hangcheck timer elapsed... GPU hung
[  463.723778] render error detected, EIR: 0x00000000
[  463.728718] [drm:i915_wait_request] *ERROR* i915_wait_request returns -5 (awaiting 4712 at 4691)
[  464.057021] [drm:i915_hangcheck_elapsed] *ERROR* Hangcheck timer elapsed... GPU hung
[  464.064766] render error detected, EIR: 0x00000000
[  464.069733] [drm:i915_wait_request] *ERROR* i915_wait_request returns -5 (awaiting 4717 at 4691)
[  464.078646] PM: Syncing filesystems ... done.
[  464.364849] PM: Preparing system for mem sleep
[  464.396212] [drm:i915_hangcheck_elapsed] *ERROR* Hangcheck timer elapsed... GPU hung
[  464.403950] render error detected, EIR: 0x00000000
[  464.408913] [drm:i915_wait_request] *ERROR* i915_wait_request returns -5 (awaiting 4719 at 4691)
[  464.952210] [drm:i915_hangcheck_elapsed] *ERROR* Hangcheck timer elapsed... GPU hung
[  464.960205] render error detected, EIR: 0x00000000
[  464.965202] [drm:i915_wait_request] *ERROR* i915_wait_request returns -5 (awaiting 4721 at 4691)
<9>[  464.995186] Freezing user space processes ... (elapsed 0.00 seconds) <9>[  465.002281] Freezing remaining freezable tasks ... (elapsed 0.00 seconds) done.[  465.009752] PM: Entering mem sleep
[  465.041768] btusb_intr_complete: hci0 urb ffff8801169f5180 failed to resubmit (1)
[  465.042768] btusb_bulk_complete: hci0 urb ffff8801169f5780 failed to resubmit (1)
[  465.043765] btusb_bulk_complete: hci0 urb ffff8801169f5240 failed to resubmit (1)
[  465.144298] sd 0:0:0:0: [sda] Synchronizing SCSI cache
[  465.144386] sd 0:0:0:0: [sda] Stopping disk
[  466.095292] parport_pc 00:0a: disabled
[  466.098084] serial 00:09: disabled
[  466.099143] ACPI handle has no context!
[  466.099151] sdhci-pci 0000:02:01.1: PCI INT B disabled
[  466.099156] ACPI handle has no context!
[  466.228261] ehci_hcd 0000:00:1d.7: PCI INT A disabled
[  466.228270] uhci_hcd 0000:00:1d.2: PCI INT C disabled
[  466.228278] uhci_hcd 0000:00:1d.1: PCI INT B disabled
[  466.228285] uhci_hcd 0000:00:1d.0: PCI INT A disabled
[  466.228317] HDA Intel 0000:00:1b.0: PCI INT A disabled
[  466.244223] ehci_hcd 0000:00:1a.7: PCI INT C disabled
[  466.244231] uhci_hcd 0000:00:1a.2: PCI INT C disabled
[  466.244238] uhci_hcd 0000:00:1a.1: PCI INT B disabled
[  466.244246] uhci_hcd 0000:00:1a.0: PCI INT A disabled
[  466.244448] e1000e 0000:00:19.0: PCI INT A disabled
[  466.244453] e1000e 0000:00:19.0: PME# enabled
[  466.244458]  pci0000:00: wake-up capability enabled by ACPI
[  466.260298] ACPI handle has no context!
[  467.908250] [drm:i915_gem_idle] *ERROR* hardware wedged
[  467.937258] PM: suspend devices took 2.924 seconds
[  467.976871] ACPI: Preparing to enter system sleep state S3
[  468.092016] CPU 1 is now offline
[  468.092018] SMP alternatives: switching to UP code
[  468.098904] CPU0 attaching NULL sched-domain.
[  468.098906] CPU1 attaching NULL sched-domain.
[  468.098912] CPU0 attaching NULL sched-domain.
[  468.099152] Extended CMOS year: 2000
[  468.099152] Back to C!
[  468.099152] CPU0: Thermal LVT vector (0xfa) already installed
[  468.099152] Extended CMOS year: 2000
[  468.099152] SMP alternatives: switching to SMP code
[  468.105927] Booting processor 1 APIC 0x1 ip 0x6000
[  468.098769] Initializing CPU#1
[  468.098769] Calibrating delay using timer specific routine.. 4788.10 BogoMIPS (lpj=9576207)
[  468.098769] CPU: L1 I cache: 32K, L1 D cache: 32K
[  468.098769] CPU: L2 cache: 6144K
[  468.098769] CPU: Physical Processor ID: 0
[  468.098769] CPU: Processor Core ID: 1
[  468.098769] CPU1: Thermal monitoring enabled (TM1)
[  468.196084] CPU1: Intel(R) Core(TM)2 Duo CPU     P9400  @ 2.40GHz stepping 06
[  468.196135] CPU0 attaching NULL sched-domain.
[  468.208014] CPU0 attaching sched-domain:
[  468.208016]  domain 0: span 0-1 level MC
[  468.208018]   groups: 0 1
[  468.208021] CPU1 attaching sched-domain:
[  468.208023]  domain 0: span 0-1 level MC
[  468.208024]   groups: 1 0
[  468.209016] ACPI: Waking up from system sleep state S3
[  468.272295] i915 0000:00:02.0: restoring config space at offset 0xf (was 0x100, writing 0x10b)
[  468.272302] i915 0000:00:02.0: restoring config space at offset 0x8 (was 0x1, writing 0xef71)
[  468.272306] i915 0000:00:02.0: restoring config space at offset 0x6 (was 0xc, writing 0xe000000c)
[  468.272310] i915 0000:00:02.0: restoring config space at offset 0x1 (was 0x900007, writing 0x900407)
[  468.272330] pci 0000:00:02.1: restoring config space at offset 0x4 (was 0x4, writing 0xf6b00004)
[  468.272333] pci 0000:00:02.1: restoring config space at offset 0x1 (was 0x900000, writing 0x900007)
[  468.272344] pci 0000:00:03.0: restoring config space at offset 0xf (was 0x100, writing 0x10b)
[  468.272354] pci 0000:00:03.0: restoring config space at offset 0x4 (was 0xfed15004, writing 0xf6ad9ef4)
[  468.272370] pci 0000:00:03.2: restoring config space at offset 0xf (was 0x300, writing 0x30b)
[  468.272377] pci 0000:00:03.2: restoring config space at offset 0x8 (was 0x6f81, writing 0xef91)
[  468.272380] pci 0000:00:03.2: restoring config space at offset 0x7 (was 0x6f69, writing 0xef6d)
[  468.272383] pci 0000:00:03.2: restoring config space at offset 0x6 (was 0x6f61, writing 0xef81)
[  468.272387] pci 0000:00:03.2: restoring config space at offset 0x5 (was 0x6f59, writing 0xef69)
[  468.272390] pci 0000:00:03.2: restoring config space at offset 0x4 (was 0x6f51, writing 0xef79)
[  468.272394] pci 0000:00:03.2: restoring config space at offset 0x1 (was 0xb00000, writing 0xb00001)
[  468.272408] serial 0000:00:03.3: restoring config space at offset 0xf (was 0x200, writing 0x205)
[  468.272418] serial 0000:00:03.3: restoring config space at offset 0x5 (was 0x0, writing 0xf6ada000)
[  468.272421] serial 0000:00:03.3: restoring config space at offset 0x4 (was 0x1, writing 0xef89)
[  468.272426] serial 0000:00:03.3: restoring config space at offset 0x1 (was 0xb00000, writing 0xb00007)
[  468.272447] e1000e 0000:00:19.0: restoring config space at offset 0xf (was 0x100, writing 0x10a)
[  468.272462] e1000e 0000:00:19.0: restoring config space at offset 0x6 (was 0x1, writing 0xefe1)
[  468.272466] e1000e 0000:00:19.0: restoring config space at offset 0x5 (was 0x0, writing 0xf6adb000)
[  468.272471] e1000e 0000:00:19.0: restoring config space at offset 0x4 (was 0x0, writing 0xf6ae0000)
[  468.272478] e1000e 0000:00:19.0: restoring config space at offset 0x1 (was 0x100000, writing 0x100107)
[  468.272501] uhci_hcd 0000:00:1a.0: restoring config space at offset 0xf (was 0x100, writing 0x103)
[  468.272513] uhci_hcd 0000:00:1a.0: restoring config space at offset 0x8 (was 0x1, writing 0x6f61)
[  468.272525] uhci_hcd 0000:00:1a.0: restoring config space at offset 0x1 (was 0x2900000, writing 0x2900001)
[  468.272543] uhci_hcd 0000:00:1a.1: restoring config space at offset 0xf (was 0x200, writing 0x20a)
[  468.272555] uhci_hcd 0000:00:1a.1: restoring config space at offset 0x8 (was 0x1, writing 0x6f81)
[  468.272567] uhci_hcd 0000:00:1a.1: restoring config space at offset 0x1 (was 0x2900000, writing 0x2900001)
[  468.272584] uhci_hcd 0000:00:1a.2: restoring config space at offset 0xf (was 0x300, writing 0x30a)
[  468.272596] uhci_hcd 0000:00:1a.2: restoring config space at offset 0x8 (was 0x1, writing 0x6fa1)
[  468.272608] uhci_hcd 0000:00:1a.2: restoring config space at offset 0x1 (was 0x2900000, writing 0x2900001)
[  468.272650] ehci_hcd 0000:00:1a.7: restoring config space at offset 0x1 (was 0x2900106, writing 0x2900102)
[  468.272681] HDA Intel 0000:00:1b.0: restoring config space at offset 0xf (was 0x100, writing 0x10a)
[  468.272698] HDA Intel 0000:00:1b.0: restoring config space at offset 0x4 (was 0xfebfc004, writing 0xf6adc004)
[  468.272702] HDA Intel 0000:00:1b.0: restoring config space at offset 0x3 (was 0x0, writing 0x10)
[  468.272708] HDA Intel 0000:00:1b.0: restoring config space at offset 0x1 (was 0x100000, writing 0x100102)
[  468.272737] pcieport 0000:00:1c.0: restoring config space at offset 0xf (was 0x100, writing 0x20100)
[  468.272748] pcieport 0000:00:1c.0: restoring config space at offset 0x9 (was 0x10001, writing 0xf051f041)
[  468.272752] pcieport 0000:00:1c.0: restoring config space at offset 0x8 (was 0x0, writing 0xf030f020)
[  468.272757] pcieport 0000:00:1c.0: restoring config space at offset 0x7 (was 0x20000000, writing 0x2020)
[  468.272761] pcieport 0000:00:1c.0: restoring config space at offset 0x6 (was 0x0, writing 0xb0b00)
[  468.272768] pcieport 0000:00:1c.0: restoring config space at offset 0x3 (was 0x810000, writing 0x810010)
[  468.272774] pcieport 0000:00:1c.0: restoring config space at offset 0x1 (was 0x100000, writing 0x100407)
[  468.272817] pcieport 0000:00:1c.1: restoring config space at offset 0xf (was 0x200, writing 0x20200)
[  468.272828] pcieport 0000:00:1c.1: restoring config space at offset 0x9 (was 0x10001, writing 0xf071f061)
[  468.272833] pcieport 0000:00:1c.1: restoring config space at offset 0x8 (was 0x0, writing 0xf690f690)
[  468.272837] pcieport 0000:00:1c.1: restoring config space at offset 0x7 (was 0x20000000, writing 0x3030)
[  468.272841] pcieport 0000:00:1c.1: restoring config space at offset 0x6 (was 0x0, writing 0xc0c00)
[  468.272849] pcieport 0000:00:1c.1: restoring config space at offset 0x3 (was 0x810000, writing 0x810010)
[  468.272854] pcieport 0000:00:1c.1: restoring config space at offset 0x1 (was 0x100000, writing 0x100507)
[  468.272897] pcieport 0000:00:1c.3: restoring config space at offset 0xf (was 0x400, writing 0x20400)
[  468.272908] pcieport 0000:00:1c.3: restoring config space at offset 0x9 (was 0x10001, writing 0xf011f001)
[  468.272912] pcieport 0000:00:1c.3: restoring config space at offset 0x8 (was 0x0, writing 0xf680f660)
[  468.272917] pcieport 0000:00:1c.3: restoring config space at offset 0x7 (was 0x20000000, writing 0xd0d0)
[  468.272921] pcieport 0000:00:1c.3: restoring config space at offset 0x6 (was 0x0, writing 0xe0d00)
[  468.272928] pcieport 0000:00:1c.3: restoring config space at offset 0x3 (was 0x810000, writing 0x810010)
[  468.272934] pcieport 0000:00:1c.3: restoring config space at offset 0x1 (was 0x100000, writing 0x100407)
[  468.272988] uhci_hcd 0000:00:1d.0: restoring config space at offset 0x1 (was 0x2900005, writing 0x2900001)
[  468.273009] uhci_hcd 0000:00:1d.1: restoring config space at offset 0xf (was 0x200, writing 0x20a)
[  468.273021] uhci_hcd 0000:00:1d.1: restoring config space at offset 0x8 (was 0x1, writing 0x6f21)
[  468.273033] uhci_hcd 0000:00:1d.1: restoring config space at offset 0x1 (was 0x2900000, writing 0x2900001)
[  468.273050] uhci_hcd 0000:00:1d.2: restoring config space at offset 0xf (was 0x300, writing 0x30a)
[  468.273063] uhci_hcd 0000:00:1d.2: restoring config space at offset 0x8 (was 0x1, writing 0x6f41)
[  468.273075] uhci_hcd 0000:00:1d.2: restoring config space at offset 0x1 (was 0x2900000, writing 0x2900001)
[  468.273117] ehci_hcd 0000:00:1d.7: restoring config space at offset 0x1 (was 0x2900106, writing 0x2900102)
[  468.273149] pci 0000:00:1e.0: restoring config space at offset 0x7 (was 0x2280e0f0, writing 0x228000f0)
[  468.273200] pci 0000:00:1f.0: restoring config space at offset 0x1 (was 0x2100007, writing 0x2100107)
[  468.273229] ahci 0000:00:1f.2: restoring config space at offset 0xf (was 0x400, writing 0x40a)
[  468.273250] ahci 0000:00:1f.2: restoring config space at offset 0x1 (was 0x2b00007, writing 0x2b00407)
[  468.273282] pci 0000:00:1f.3: restoring config space at offset 0xf (was 0x200, writing 0x205)
[  468.273300] pci 0000:00:1f.3: restoring config space at offset 0x4 (was 0x4, writing 0xf6ad9f04)
[  468.273307] pci 0000:00:1f.3: restoring config space at offset 0x1 (was 0x2800001, writing 0x2800103)
[  468.273367] iwlagn 0000:0c:00.0: restoring config space at offset 0xf (was 0x100, writing 0x105)
[  468.273405] iwlagn 0000:0c:00.0: restoring config space at offset 0x4 (was 0x4, writing 0xf69fe004)
[  468.273416] iwlagn 0000:0c:00.0: restoring config space at offset 0x3 (was 0x0, writing 0x10)
[  468.273430] iwlagn 0000:0c:00.0: restoring config space at offset 0x1 (was 0x100000, writing 0x100106)
[  468.273502] ohci1394 0000:02:01.0: restoring config space at offset 0xf (was 0x4020100, writing 0x402010a)
[  468.273523] ohci1394 0000:02:01.0: restoring config space at offset 0x3 (was 0x800000, writing 0x804010)
[  468.273530] ohci1394 0000:02:01.0: restoring config space at offset 0x1 (was 0x2100000, writing 0x2100106)
[  468.273550] sdhci-pci 0000:02:01.1: restoring config space at offset 0xf (was 0x200, writing 0x20b)
[  468.273570] sdhci-pci 0000:02:01.1: restoring config space at offset 0x4 (was 0x0, writing 0xf65ff700)
[  468.273574] sdhci-pci 0000:02:01.1: restoring config space at offset 0x3 (was 0x800000, writing 0x804010)
[  468.273580] sdhci-pci 0000:02:01.1: restoring config space at offset 0x1 (was 0x2100000, writing 0x2100106)
[  468.283890] PM: Device PNP0C0D:00 failed to resume: error 1
[  468.381961] i915 0000:00:02.0: setting latency timer to 64
[  468.462440] e1000e 0000:00:19.0: PCI INT A -> GSI 22 (level, low) -> IRQ 22
[  468.462445] e1000e 0000:00:19.0: setting latency timer to 64
[  468.462460]  pci0000:00: wake-up capability disabled by ACPI
[  468.462465] e1000e 0000:00:19.0: PME# disabled
[  468.462501] e1000e 0000:00:19.0: irq 29 for MSI/MSI-X
[  468.516169] uhci_hcd 0000:00:1a.0: PCI INT A -> GSI 20 (level, low) -> IRQ 20
[  468.516175] uhci_hcd 0000:00:1a.0: setting latency timer to 64
[  468.516197] usb usb1: root hub lost power or was reset
[  468.516228] uhci_hcd 0000:00:1a.1: PCI INT B -> GSI 21 (level, low) -> IRQ 21
[  468.516233] uhci_hcd 0000:00:1a.1: setting latency timer to 64
[  468.516254] usb usb3: root hub lost power or was reset
[  468.516270] uhci_hcd 0000:00:1a.2: PCI INT C -> GSI 22 (level, low) -> IRQ 22
[  468.516276] uhci_hcd 0000:00:1a.2: setting latency timer to 64
[  468.516299] usb usb5: root hub lost power or was reset
[  468.516324] ehci_hcd 0000:00:1a.7: PCI INT C -> GSI 22 (level, low) -> IRQ 22
[  468.516329] ehci_hcd 0000:00:1a.7: setting latency timer to 64
[  468.516351] HDA Intel 0000:00:1b.0: PCI INT A -> GSI 21 (level, low) -> IRQ 21
[  468.516357] HDA Intel 0000:00:1b.0: setting latency timer to 64
[  468.516377] uhci_hcd 0000:00:1d.0: PCI INT A -> GSI 20 (level, low) -> IRQ 20
[  468.516383] uhci_hcd 0000:00:1d.0: setting latency timer to 64
[  468.516405] usb usb6: root hub lost power or was reset
[  468.516422] uhci_hcd 0000:00:1d.1: PCI INT B -> GSI 21 (level, low) -> IRQ 21
[  468.516427] uhci_hcd 0000:00:1d.1: setting latency timer to 64
[  468.516449] usb usb7: root hub lost power or was reset
[  468.516466] uhci_hcd 0000:00:1d.2: PCI INT C -> GSI 22 (level, low) -> IRQ 22
[  468.516471] uhci_hcd 0000:00:1d.2: setting latency timer to 64
[  468.516492] usb usb8: root hub lost power or was reset
[  468.516508] ehci_hcd 0000:00:1d.7: PCI INT A -> GSI 20 (level, low) -> IRQ 20
[  468.516514] ehci_hcd 0000:00:1d.7: setting latency timer to 64
[  468.516524] pci 0000:00:1e.0: setting latency timer to 64
[  468.516535] ahci 0000:00:1f.2: setting latency timer to 64
[  468.574224] ohci1394: fw-host0: OHCI-1394 1.1 (PCI): IRQ=[19]  MMIO=[f65ff800-f65fffff]  Max Packet=[2048]  IR/IT contexts=[4/4]
[  468.580219] sdhci-pci 0000:02:01.1: PCI INT B -> GSI 18 (level, low) -> IRQ 18
[  468.614157] serial 00:09: activated
[  468.690414] parport_pc 00:0a: activated
[  468.691113] sd 0:0:0:0: [sda] Starting disk
[  468.852224] ata6: SATA link down (SStatus 0 SControl 300)
[  468.860222] ata5: SATA link down (SStatus 0 SControl 300)
[  469.008218] ata2: SATA link up 1.5 Gbps (SStatus 113 SControl 300)
[  469.109777] ata2.00: configured for UDMA/100
[  469.840219] ata1: SATA link up 1.5 Gbps (SStatus 113 SControl 300)
[  469.841885] ata1.00: configured for UDMA/100
[  470.764066] usb 2-6: reset high speed USB device using ehci_hcd and address 6
[  471.044066] usb 1-1: reset full speed USB device using uhci_hcd and address 2
[  471.486096] usb 1-1.1: reset full speed USB device using uhci_hcd and address 3
[  471.674102] usb 1-1.2: reset full speed USB device using uhci_hcd and address 4
[  471.792385] PM: resume devices took 3.520 seconds
[  473.106842] PM: Finishing wakeup.
<9>[  473.110166] Restarting tasks ... [  473.225075] usb 2-3: reset high speed USB device using ehci_hcd and address 3
[  473.580041] usb 2-4: reset high speed USB device using ehci_hcd and address 4
[  474.049220] [drm] LVDS-8: set mode ï¿½ï¿½ï¿½ 27
[  474.113576] usb 5-1: USB disconnect, address 2
[  474.120179] [drm:i915_gem_execbuffer] *ERROR* Execbuf while wedged
[  474.126481] [drm:i915_gem_execbuffer] *ERROR* Execbuf while wedged
[  474.132816] [drm:i915_gem_execbuffer] *ERROR* Execbuf while wedged
[  474.139124] [drm:i915_gem_execbuffer] *ERROR* Execbuf while wedged
[  474.145398] [drm:i915_gem_execbuffer] *ERROR* Execbuf while wedged
[  474.151721] [drm:i915_gem_execbuffer] *ERROR* Execbuf while wedged
[  474.162181] [drm:i915_gem_execbuffer] *ERROR* Execbuf while wedged
