[    0.000000] Initializing cgroup subsys cpuset
[    0.000000] Initializing cgroup subsys cpu
[    0.000000] Initializing cgroup subsys cpuacct
[    0.000000] Linux version 3.13.5-1-ARCH (nobody@var-lib-archbuild-extra-x86_64-thomas) (gcc version 4.8.2 20140206 (prerelease) (GCC) ) #1 SMP PREEMPT Sun Feb 23 00:25:24 CET 2014
[    0.000000] Command line: BOOT_IMAGE=/vmlinuz-linux root=UUID=95f69e61-d9fb-4ef3-80e8-a0d5fc0bebec rw quiet
[    0.000000] e820: BIOS-provided physical RAM map:
[    0.000000] BIOS-e820: [mem 0x0000000000000000-0x0000000000057fff] usable
[    0.000000] BIOS-e820: [mem 0x0000000000058000-0x0000000000058fff] reserved
[    0.000000] BIOS-e820: [mem 0x0000000000059000-0x000000000008efff] usable
[    0.000000] BIOS-e820: [mem 0x000000000008f000-0x000000000008ffff] reserved
[    0.000000] BIOS-e820: [mem 0x0000000000090000-0x000000000009ffff] usable
[    0.000000] BIOS-e820: [mem 0x00000000000a0000-0x00000000000bffff] reserved
[    0.000000] BIOS-e820: [mem 0x0000000000100000-0x000000008cd13fff] usable
[    0.000000] BIOS-e820: [mem 0x000000008cd14000-0x000000008cd52fff] ACPI NVS
[    0.000000] BIOS-e820: [mem 0x000000008cd53000-0x000000008cd63fff] usable
[    0.000000] BIOS-e820: [mem 0x000000008cd64000-0x000000008cd8efff] ACPI data
[    0.000000] BIOS-e820: [mem 0x000000008cd8f000-0x000000008ce38fff] usable
[    0.000000] BIOS-e820: [mem 0x000000008ce39000-0x000000008ce8efff] reserved
[    0.000000] BIOS-e820: [mem 0x000000008ce8f000-0x000000008ced0fff] usable
[    0.000000] BIOS-e820: [mem 0x000000008ced1000-0x000000008cefefff] type 20
[    0.000000] BIOS-e820: [mem 0x000000008ceff000-0x000000008cf86fff] usable
[    0.000000] BIOS-e820: [mem 0x000000008cf87000-0x000000008cfeffff] reserved
[    0.000000] BIOS-e820: [mem 0x000000008cff0000-0x000000008cffffff] usable
[    0.000000] BIOS-e820: [mem 0x000000008d000000-0x000000008f9fffff] reserved
[    0.000000] BIOS-e820: [mem 0x00000000e00f8000-0x00000000e00f8fff] reserved
[    0.000000] BIOS-e820: [mem 0x00000000fed1c000-0x00000000fed1ffff] reserved
[    0.000000] BIOS-e820: [mem 0x00000000ffe10000-0x00000000ffe3ffff] reserved
[    0.000000] BIOS-e820: [mem 0x0000000100000000-0x000000016f5fffff] usable
[    0.000000] NX (Execute Disable) protection: active
[    0.000000] efi: EFI v1.10 by Apple
[    0.000000] efi:  ACPI=0x8cd8e000  ACPI 2.0=0x8cd8e014  SMBIOS=0x8cd15000 
[    0.000000] efi: mem00: type=7, attr=0x80000000000000f, range=[0x0000000000000000-0x0000000000058000) (0MB)
[    0.000000] efi: mem01: type=0, attr=0x80000000000000f, range=[0x0000000000058000-0x0000000000059000) (0MB)
[    0.000000] efi: mem02: type=7, attr=0x80000000000000f, range=[0x0000000000059000-0x000000000008f000) (0MB)
[    0.000000] efi: mem03: type=0, attr=0x80000000000000f, range=[0x000000000008f000-0x0000000000090000) (0MB)
[    0.000000] efi: mem04: type=7, attr=0x80000000000000f, range=[0x0000000000090000-0x00000000000a0000) (0MB)
[    0.000000] efi: mem05: type=2, attr=0xf, range=[0x0000000000100000-0x0000000001061000) (15MB)
[    0.000000] efi: mem06: type=7, attr=0xf, range=[0x0000000001061000-0x0000000002000000) (15MB)
[    0.000000] efi: mem07: type=2, attr=0xf, range=[0x0000000002000000-0x0000000002f61000) (15MB)
[    0.000000] efi: mem08: type=7, attr=0xf, range=[0x0000000002f61000-0x0000000037a12000) (842MB)
[    0.000000] efi: mem09: type=2, attr=0xf, range=[0x0000000037a12000-0x0000000037d01000) (2MB)
[    0.000000] efi: mem10: type=7, attr=0xf, range=[0x0000000037d01000-0x000000006464c000) (713MB)
[    0.000000] efi: mem11: type=2, attr=0xf, range=[0x000000006464c000-0x000000008679a000) (545MB)
[    0.000000] efi: mem12: type=1, attr=0xf, range=[0x000000008679a000-0x00000000884a4000) (29MB)
[    0.000000] efi: mem13: type=7, attr=0xf, range=[0x00000000884a4000-0x000000008a1ae000) (29MB)
[    0.000000] efi: mem14: type=4, attr=0xf, range=[0x000000008a1ae000-0x000000008a1b9000) (0MB)
[    0.000000] efi: mem15: type=7, attr=0xf, range=[0x000000008a1b9000-0x000000008a1ba000) (0MB)
[    0.000000] efi: mem16: type=4, attr=0xf, range=[0x000000008a1ba000-0x000000008a1d0000) (0MB)
[    0.000000] efi: mem17: type=7, attr=0xf, range=[0x000000008a1d0000-0x000000008a1d3000) (0MB)
[    0.000000] efi: mem18: type=4, attr=0xf, range=[0x000000008a1d3000-0x000000008a7de000) (6MB)
[    0.000000] efi: mem19: type=1, attr=0xf, range=[0x000000008a7de000-0x000000008a809000) (0MB)
[    0.000000] efi: mem20: type=4, attr=0xf, range=[0x000000008a809000-0x000000008b914000) (17MB)
[    0.000000] efi: mem21: type=3, attr=0xf, range=[0x000000008b914000-0x000000008b91e000) (0MB)
[    0.000000] efi: mem22: type=4, attr=0xf, range=[0x000000008b91e000-0x000000008b92c000) (0MB)
[    0.000000] efi: mem23: type=3, attr=0xf, range=[0x000000008b92c000-0x000000008b92e000) (0MB)
[    0.000000] efi: mem24: type=4, attr=0xf, range=[0x000000008b92e000-0x000000008b931000) (0MB)
[    0.000000] efi: mem25: type=3, attr=0xf, range=[0x000000008b931000-0x000000008b932000) (0MB)
[    0.000000] efi: mem26: type=4, attr=0xf, range=[0x000000008b932000-0x000000008b935000) (0MB)
[    0.000000] efi: mem27: type=3, attr=0xf, range=[0x000000008b935000-0x000000008b936000) (0MB)
[    0.000000] efi: mem28: type=4, attr=0xf, range=[0x000000008b936000-0x000000008b939000) (0MB)
[    0.000000] efi: mem29: type=3, attr=0xf, range=[0x000000008b939000-0x000000008b93a000) (0MB)
[    0.000000] efi: mem30: type=4, attr=0xf, range=[0x000000008b93a000-0x000000008b93b000) (0MB)
[    0.000000] efi: mem31: type=3, attr=0xf, range=[0x000000008b93b000-0x000000008b93c000) (0MB)
[    0.000000] efi: mem32: type=4, attr=0xf, range=[0x000000008b93c000-0x000000008b948000) (0MB)
[    0.000000] efi: mem33: type=3, attr=0xf, range=[0x000000008b948000-0x000000008b95b000) (0MB)
[    0.000000] efi: mem34: type=4, attr=0xf, range=[0x000000008b95b000-0x000000008b964000) (0MB)
[    0.000000] efi: mem35: type=3, attr=0xf, range=[0x000000008b964000-0x000000008b965000) (0MB)
[    0.000000] efi: mem36: type=4, attr=0xf, range=[0x000000008b965000-0x000000008b973000) (0MB)
[    0.000000] efi: mem37: type=3, attr=0xf, range=[0x000000008b973000-0x000000008b977000) (0MB)
[    0.000000] efi: mem38: type=4, attr=0xf, range=[0x000000008b977000-0x000000008b97b000) (0MB)
[    0.000000] efi: mem39: type=3, attr=0xf, range=[0x000000008b97b000-0x000000008b986000) (0MB)
[    0.000000] efi: mem40: type=4, attr=0xf, range=[0x000000008b986000-0x000000008b989000) (0MB)
[    0.000000] efi: mem41: type=3, attr=0xf, range=[0x000000008b989000-0x000000008b98a000) (0MB)
[    0.000000] efi: mem42: type=4, attr=0xf, range=[0x000000008b98a000-0x000000008b98b000) (0MB)
[    0.000000] efi: mem43: type=3, attr=0xf, range=[0x000000008b98b000-0x000000008b98c000) (0MB)
[    0.000000] efi: mem44: type=4, attr=0xf, range=[0x000000008b98c000-0x000000008b991000) (0MB)
[    0.000000] efi: mem45: type=3, attr=0xf, range=[0x000000008b991000-0x000000008b993000) (0MB)
[    0.000000] efi: mem46: type=4, attr=0xf, range=[0x000000008b993000-0x000000008b9d4000) (0MB)
[    0.000000] efi: mem47: type=3, attr=0xf, range=[0x000000008b9d4000-0x000000008b9dd000) (0MB)
[    0.000000] efi: mem48: type=4, attr=0xf, range=[0x000000008b9dd000-0x000000008b9e2000) (0MB)
[    0.000000] efi: mem49: type=3, attr=0xf, range=[0x000000008b9e2000-0x000000008b9e5000) (0MB)
[    0.000000] efi: mem50: type=4, attr=0xf, range=[0x000000008b9e5000-0x000000008ba40000) (0MB)
[    0.000000] efi: mem51: type=3, attr=0xf, range=[0x000000008ba40000-0x000000008ba54000) (0MB)
[    0.000000] efi: mem52: type=4, attr=0xf, range=[0x000000008ba54000-0x000000008ba5a000) (0MB)
[    0.000000] efi: mem53: type=3, attr=0xf, range=[0x000000008ba5a000-0x000000008ba6d000) (0MB)
[    0.000000] efi: mem54: type=4, attr=0xf, range=[0x000000008ba6d000-0x000000008ba70000) (0MB)
[    0.000000] efi: mem55: type=3, attr=0xf, range=[0x000000008ba70000-0x000000008ba80000) (0MB)
[    0.000000] efi: mem56: type=4, attr=0xf, range=[0x000000008ba80000-0x000000008ba81000) (0MB)
[    0.000000] efi: mem57: type=3, attr=0xf, range=[0x000000008ba81000-0x000000008ba90000) (0MB)
[    0.000000] efi: mem58: type=4, attr=0xf, range=[0x000000008ba90000-0x000000008ba92000) (0MB)
[    0.000000] efi: mem59: type=3, attr=0xf, range=[0x000000008ba92000-0x000000008ba93000) (0MB)
[    0.000000] efi: mem60: type=4, attr=0xf, range=[0x000000008ba93000-0x000000008ba95000) (0MB)
[    0.000000] efi: mem61: type=3, attr=0xf, range=[0x000000008ba95000-0x000000008ba9f000) (0MB)
[    0.000000] efi: mem62: type=4, attr=0xf, range=[0x000000008ba9f000-0x000000008baa3000) (0MB)
[    0.000000] efi: mem63: type=3, attr=0xf, range=[0x000000008baa3000-0x000000008baa4000) (0MB)
[    0.000000] efi: mem64: type=4, attr=0xf, range=[0x000000008baa4000-0x000000008baa5000) (0MB)
[    0.000000] efi: mem65: type=3, attr=0xf, range=[0x000000008baa5000-0x000000008baa6000) (0MB)
[    0.000000] efi: mem66: type=4, attr=0xf, range=[0x000000008baa6000-0x000000008baa7000) (0MB)
[    0.000000] efi: mem67: type=3, attr=0xf, range=[0x000000008baa7000-0x000000008baa8000) (0MB)
[    0.000000] efi: mem68: type=4, attr=0xf, range=[0x000000008baa8000-0x000000008baac000) (0MB)
[    0.000000] efi: mem69: type=3, attr=0xf, range=[0x000000008baac000-0x000000008baaf000) (0MB)
[    0.000000] efi: mem70: type=4, attr=0xf, range=[0x000000008baaf000-0x000000008bab2000) (0MB)
[    0.000000] efi: mem71: type=3, attr=0xf, range=[0x000000008bab2000-0x000000008bab3000) (0MB)
[    0.000000] efi: mem72: type=4, attr=0xf, range=[0x000000008bab3000-0x000000008bab5000) (0MB)
[    0.000000] efi: mem73: type=3, attr=0xf, range=[0x000000008bab5000-0x000000008bac2000) (0MB)
[    0.000000] efi: mem74: type=4, attr=0xf, range=[0x000000008bac2000-0x000000008bac4000) (0MB)
[    0.000000] efi: mem75: type=3, attr=0xf, range=[0x000000008bac4000-0x000000008bacc000) (0MB)
[    0.000000] efi: mem76: type=4, attr=0xf, range=[0x000000008bacc000-0x000000008bacf000) (0MB)
[    0.000000] efi: mem77: type=3, attr=0xf, range=[0x000000008bacf000-0x000000008bad5000) (0MB)
[    0.000000] efi: mem78: type=4, attr=0xf, range=[0x000000008bad5000-0x000000008badf000) (0MB)
[    0.000000] efi: mem79: type=3, attr=0xf, range=[0x000000008badf000-0x000000008baf9000) (0MB)
[    0.000000] efi: mem80: type=4, attr=0xf, range=[0x000000008baf9000-0x000000008bafb000) (0MB)
[    0.000000] efi: mem81: type=3, attr=0xf, range=[0x000000008bafb000-0x000000008bb00000) (0MB)
[    0.000000] efi: mem82: type=4, attr=0xf, range=[0x000000008bb00000-0x000000008bb09000) (0MB)
[    0.000000] efi: mem83: type=3, attr=0xf, range=[0x000000008bb09000-0x000000008bb1a000) (0MB)
[    0.000000] efi: mem84: type=4, attr=0xf, range=[0x000000008bb1a000-0x000000008bb1c000) (0MB)
[    0.000000] efi: mem85: type=3, attr=0xf, range=[0x000000008bb1c000-0x000000008bb2d000) (0MB)
[    0.000000] efi: mem86: type=4, attr=0xf, range=[0x000000008bb2d000-0x000000008bb2f000) (0MB)
[    0.000000] efi: mem87: type=3, attr=0xf, range=[0x000000008bb2f000-0x000000008bb33000) (0MB)
[    0.000000] efi: mem88: type=4, attr=0xf, range=[0x000000008bb33000-0x000000008bb37000) (0MB)
[    0.000000] efi: mem89: type=3, attr=0xf, range=[0x000000008bb37000-0x000000008bb3b000) (0MB)
[    0.000000] efi: mem90: type=4, attr=0xf, range=[0x000000008bb3b000-0x000000008bb43000) (0MB)
[    0.000000] efi: mem91: type=3, attr=0xf, range=[0x000000008bb43000-0x000000008bb45000) (0MB)
[    0.000000] efi: mem92: type=4, attr=0xf, range=[0x000000008bb45000-0x000000008bb46000) (0MB)
[    0.000000] efi: mem93: type=3, attr=0xf, range=[0x000000008bb46000-0x000000008bb52000) (0MB)
[    0.000000] efi: mem94: type=4, attr=0xf, range=[0x000000008bb52000-0x000000008bb53000) (0MB)
[    0.000000] efi: mem95: type=3, attr=0xf, range=[0x000000008bb53000-0x000000008bb78000) (0MB)
[    0.000000] efi: mem96: type=4, attr=0xf, range=[0x000000008bb78000-0x000000008bb7b000) (0MB)
[    0.000000] efi: mem97: type=3, attr=0xf, range=[0x000000008bb7b000-0x000000008bb93000) (0MB)
[    0.000000] efi: mem98: type=4, attr=0xf, range=[0x000000008bb93000-0x000000008bb9a000) (0MB)
[    0.000000] efi: mem99: type=3, attr=0xf, range=[0x000000008bb9a000-0x000000008bb9b000) (0MB)
[    0.000000] efi: mem100: type=4, attr=0xf, range=[0x000000008bb9b000-0x000000008bba0000) (0MB)
[    0.000000] efi: mem101: type=3, attr=0xf, range=[0x000000008bba0000-0x000000008bba3000) (0MB)
[    0.000000] efi: mem102: type=4, attr=0xf, range=[0x000000008bba3000-0x000000008bba5000) (0MB)
[    0.000000] efi: mem103: type=3, attr=0xf, range=[0x000000008bba5000-0x000000008bbae000) (0MB)
[    0.000000] efi: mem104: type=4, attr=0xf, range=[0x000000008bbae000-0x000000008bbb1000) (0MB)
[    0.000000] efi: mem105: type=3, attr=0xf, range=[0x000000008bbb1000-0x000000008bbb2000) (0MB)
[    0.000000] efi: mem106: type=4, attr=0xf, range=[0x000000008bbb2000-0x000000008bbb4000) (0MB)
[    0.000000] efi: mem107: type=3, attr=0xf, range=[0x000000008bbb4000-0x000000008bbb5000) (0MB)
[    0.000000] efi: mem108: type=4, attr=0xf, range=[0x000000008bbb5000-0x000000008bbbb000) (0MB)
[    0.000000] efi: mem109: type=3, attr=0xf, range=[0x000000008bbbb000-0x000000008bbbd000) (0MB)
[    0.000000] efi: mem110: type=4, attr=0xf, range=[0x000000008bbbd000-0x000000008bbbf000) (0MB)
[    0.000000] efi: mem111: type=3, attr=0xf, range=[0x000000008bbbf000-0x000000008bbc0000) (0MB)
[    0.000000] efi: mem112: type=4, attr=0xf, range=[0x000000008bbc0000-0x000000008bbc3000) (0MB)
[    0.000000] efi: mem113: type=3, attr=0xf, range=[0x000000008bbc3000-0x000000008bbc6000) (0MB)
[    0.000000] efi: mem114: type=4, attr=0xf, range=[0x000000008bbc6000-0x000000008bbc7000) (0MB)
[    0.000000] efi: mem115: type=3, attr=0xf, range=[0x000000008bbc7000-0x000000008bbc9000) (0MB)
[    0.000000] efi: mem116: type=4, attr=0xf, range=[0x000000008bbc9000-0x000000008bbd0000) (0MB)
[    0.000000] efi: mem117: type=3, attr=0xf, range=[0x000000008bbd0000-0x000000008bbd2000) (0MB)
[    0.000000] efi: mem118: type=4, attr=0xf, range=[0x000000008bbd2000-0x000000008bbd6000) (0MB)
[    0.000000] efi: mem119: type=3, attr=0xf, range=[0x000000008bbd6000-0x000000008bbda000) (0MB)
[    0.000000] efi: mem120: type=4, attr=0xf, range=[0x000000008bbda000-0x000000008bbdf000) (0MB)
[    0.000000] efi: mem121: type=3, attr=0xf, range=[0x000000008bbdf000-0x000000008bbe0000) (0MB)
[    0.000000] efi: mem122: type=4, attr=0xf, range=[0x000000008bbe0000-0x000000008bbe5000) (0MB)
[    0.000000] efi: mem123: type=3, attr=0xf, range=[0x000000008bbe5000-0x000000008bbe7000) (0MB)
[    0.000000] efi: mem124: type=4, attr=0xf, range=[0x000000008bbe7000-0x000000008bbeb000) (0MB)
[    0.000000] efi: mem125: type=3, attr=0xf, range=[0x000000008bbeb000-0x000000008bbec000) (0MB)
[    0.000000] efi: mem126: type=4, attr=0xf, range=[0x000000008bbec000-0x000000008bbf0000) (0MB)
[    0.000000] efi: mem127: type=3, attr=0xf, range=[0x000000008bbf0000-0x000000008bbf1000) (0MB)
[    0.000000] efi: mem128: type=4, attr=0xf, range=[0x000000008bbf1000-0x000000008bbf2000) (0MB)
[    0.000000] efi: mem129: type=3, attr=0xf, range=[0x000000008bbf2000-0x000000008bbf3000) (0MB)
[    0.000000] efi: mem130: type=4, attr=0xf, range=[0x000000008bbf3000-0x000000008bc04000) (0MB)
[    0.000000] efi: mem131: type=3, attr=0xf, range=[0x000000008bc04000-0x000000008bc12000) (0MB)
[    0.000000] efi: mem132: type=4, attr=0xf, range=[0x000000008bc12000-0x000000008bc26000) (0MB)
[    0.000000] efi: mem133: type=3, attr=0xf, range=[0x000000008bc26000-0x000000008bc29000) (0MB)
[    0.000000] efi: mem134: type=4, attr=0xf, range=[0x000000008bc29000-0x000000008bc5c000) (0MB)
[    0.000000] efi: mem135: type=3, attr=0xf, range=[0x000000008bc5c000-0x000000008bc6e000) (0MB)
[    0.000000] efi: mem136: type=4, attr=0xf, range=[0x000000008bc6e000-0x000000008bc6f000) (0MB)
[    0.000000] efi: mem137: type=3, attr=0xf, range=[0x000000008bc6f000-0x000000008bc73000) (0MB)
[    0.000000] efi: mem138: type=4, attr=0xf, range=[0x000000008bc73000-0x000000008bc80000) (0MB)
[    0.000000] efi: mem139: type=3, attr=0xf, range=[0x000000008bc80000-0x000000008bc86000) (0MB)
[    0.000000] efi: mem140: type=4, attr=0xf, range=[0x000000008bc86000-0x000000008bc98000) (0MB)
[    0.000000] efi: mem141: type=3, attr=0xf, range=[0x000000008bc98000-0x000000008bc9a000) (0MB)
[    0.000000] efi: mem142: type=4, attr=0xf, range=[0x000000008bc9a000-0x000000008bc9e000) (0MB)
[    0.000000] efi: mem143: type=3, attr=0xf, range=[0x000000008bc9e000-0x000000008bca5000) (0MB)
[    0.000000] efi: mem144: type=4, attr=0xf, range=[0x000000008bca5000-0x000000008bcb3000) (0MB)
[    0.000000] efi: mem145: type=3, attr=0xf, range=[0x000000008bcb3000-0x000000008bcb5000) (0MB)
[    0.000000] efi: mem146: type=4, attr=0xf, range=[0x000000008bcb5000-0x000000008bcb7000) (0MB)
[    0.000000] efi: mem147: type=3, attr=0xf, range=[0x000000008bcb7000-0x000000008bcb8000) (0MB)
[    0.000000] efi: mem148: type=4, attr=0xf, range=[0x000000008bcb8000-0x000000008bcb9000) (0MB)
[    0.000000] efi: mem149: type=3, attr=0xf, range=[0x000000008bcb9000-0x000000008bcba000) (0MB)
[    0.000000] efi: mem150: type=4, attr=0xf, range=[0x000000008bcba000-0x000000008bcd1000) (0MB)
[    0.000000] efi: mem151: type=3, attr=0xf, range=[0x000000008bcd1000-0x000000008bcd9000) (0MB)
[    0.000000] efi: mem152: type=4, attr=0xf, range=[0x000000008bcd9000-0x000000008bcda000) (0MB)
[    0.000000] efi: mem153: type=3, attr=0xf, range=[0x000000008bcda000-0x000000008bcdb000) (0MB)
[    0.000000] efi: mem154: type=4, attr=0xf, range=[0x000000008bcdb000-0x000000008bcde000) (0MB)
[    0.000000] efi: mem155: type=3, attr=0xf, range=[0x000000008bcde000-0x000000008bcef000) (0MB)
[    0.000000] efi: mem156: type=4, attr=0xf, range=[0x000000008bcef000-0x000000008bcfd000) (0MB)
[    0.000000] efi: mem157: type=3, attr=0xf, range=[0x000000008bcfd000-0x000000008bcfe000) (0MB)
[    0.000000] efi: mem158: type=4, attr=0xf, range=[0x000000008bcfe000-0x000000008bcff000) (0MB)
[    0.000000] efi: mem159: type=3, attr=0xf, range=[0x000000008bcff000-0x000000008bd00000) (0MB)
[    0.000000] efi: mem160: type=4, attr=0xf, range=[0x000000008bd00000-0x000000008bd03000) (0MB)
[    0.000000] efi: mem161: type=3, attr=0xf, range=[0x000000008bd03000-0x000000008bd04000) (0MB)
[    0.000000] efi: mem162: type=4, attr=0xf, range=[0x000000008bd04000-0x000000008bd08000) (0MB)
[    0.000000] efi: mem163: type=3, attr=0xf, range=[0x000000008bd08000-0x000000008bd0a000) (0MB)
[    0.000000] efi: mem164: type=4, attr=0xf, range=[0x000000008bd0a000-0x000000008bd0b000) (0MB)
[    0.000000] efi: mem165: type=3, attr=0xf, range=[0x000000008bd0b000-0x000000008bd0d000) (0MB)
[    0.000000] efi: mem166: type=4, attr=0xf, range=[0x000000008bd0d000-0x000000008c132000) (4MB)
[    0.000000] efi: mem167: type=3, attr=0xf, range=[0x000000008c132000-0x000000008c13c000) (0MB)
[    0.000000] efi: mem168: type=4, attr=0xf, range=[0x000000008c13c000-0x000000008c13f000) (0MB)
[    0.000000] efi: mem169: type=3, attr=0xf, range=[0x000000008c13f000-0x000000008c141000) (0MB)
[    0.000000] efi: mem170: type=4, attr=0xf, range=[0x000000008c141000-0x000000008c148000) (0MB)
[    0.000000] efi: mem171: type=3, attr=0xf, range=[0x000000008c148000-0x000000008c149000) (0MB)
[    0.000000] efi: mem172: type=4, attr=0xf, range=[0x000000008c149000-0x000000008c150000) (0MB)
[    0.000000] efi: mem173: type=3, attr=0xf, range=[0x000000008c150000-0x000000008c151000) (0MB)
[    0.000000] efi: mem174: type=4, attr=0xf, range=[0x000000008c151000-0x000000008c154000) (0MB)
[    0.000000] efi: mem175: type=3, attr=0xf, range=[0x000000008c154000-0x000000008c159000) (0MB)
[    0.000000] efi: mem176: type=4, attr=0xf, range=[0x000000008c159000-0x000000008c15b000) (0MB)
[    0.000000] efi: mem177: type=3, attr=0xf, range=[0x000000008c15b000-0x000000008c15c000) (0MB)
[    0.000000] efi: mem178: type=4, attr=0xf, range=[0x000000008c15c000-0x000000008c190000) (0MB)
[    0.000000] efi: mem179: type=3, attr=0xf, range=[0x000000008c190000-0x000000008c191000) (0MB)
[    0.000000] efi: mem180: type=4, attr=0xf, range=[0x000000008c191000-0x000000008cd03000) (11MB)
[    0.000000] efi: mem181: type=7, attr=0xf, range=[0x000000008cd03000-0x000000008cd14000) (0MB)
[    0.000000] efi: mem182: type=10, attr=0xf, range=[0x000000008cd14000-0x000000008cd53000) (0MB)
[    0.000000] efi: mem183: type=7, attr=0xf, range=[0x000000008cd53000-0x000000008cd64000) (0MB)
[    0.000000] efi: mem184: type=9, attr=0xf, range=[0x000000008cd64000-0x000000008cd8f000) (0MB)
[    0.000000] efi: mem185: type=7, attr=0xf, range=[0x000000008cd8f000-0x000000008ce39000) (0MB)
[    0.000000] efi: mem186: type=6, attr=0x800000000000000f, range=[0x000000008ce39000-0x000000008ce8f000) (0MB)
[    0.000000] efi: mem187: type=7, attr=0xf, range=[0x000000008ce8f000-0x000000008ced1000) (0MB)
[    0.000000] efi: mem188: type=5, attr=0x800000000000000f, range=[0x000000008ced1000-0x000000008ceff000) (0MB)
[    0.000000] efi: mem189: type=7, attr=0xf, range=[0x000000008ceff000-0x000000008cf7a000) (0MB)
[    0.000000] efi: mem190: type=2, attr=0xf, range=[0x000000008cf7a000-0x000000008cf87000) (0MB)
[    0.000000] efi: mem191: type=0, attr=0xf, range=[0x000000008cf87000-0x000000008cff0000) (0MB)
[    0.000000] efi: mem192: type=4, attr=0xf, range=[0x000000008cff0000-0x000000008d000000) (0MB)
[    0.000000] efi: mem193: type=7, attr=0xf, range=[0x0000000100000000-0x000000016f600000) (1782MB)
[    0.000000] efi: mem194: type=0, attr=0x8000000000000000, range=[0x00000000000a0000-0x00000000000c0000) (0MB)
[    0.000000] efi: mem195: type=0, attr=0x8000000000000000, range=[0x000000008d000000-0x000000008fa00000) (42MB)
[    0.000000] efi: mem196: type=11, attr=0x8000000000000001, range=[0x00000000e00f8000-0x00000000e00f9000) (0MB)
[    0.000000] efi: mem197: type=11, attr=0x8000000000000001, range=[0x00000000fed1c000-0x00000000fed20000) (0MB)
[    0.000000] efi: mem198: type=11, attr=0x8000000000000001, range=[0x00000000ffe10000-0x00000000ffe40000) (0MB)
[    0.000000] SMBIOS 2.4 present.
[    0.000000] DMI: Apple Inc. MacBookAir6,2/Mac-7DF21CB3ED6977E5, BIOS MBA61.88Z.0099.B04.1309271229 09/27/2013
[    0.000000] e820: update [mem 0x00000000-0x00000fff] usable ==> reserved
[    0.000000] e820: remove [mem 0x000a0000-0x000fffff] usable
[    0.000000] No AGP bridge found
[    0.000000] e820: last_pfn = 0x16f600 max_arch_pfn = 0x400000000
[    0.000000] MTRR default type: write-back
[    0.000000] MTRR fixed ranges enabled:
[    0.000000]   00000-9FFFF write-back
[    0.000000]   A0000-BFFFF uncachable
[    0.000000]   C0000-DFFFF write-protect
[    0.000000]   E0000-FFFFF uncachable
[    0.000000] MTRR variable ranges enabled:
[    0.000000]   0 base 00C0000000 mask 7FC0000000 uncachable
[    0.000000]   1 base 00A0000000 mask 7FE0000000 uncachable
[    0.000000]   2 base 0090000000 mask 7FF0000000 uncachable
[    0.000000]   3 base 008E000000 mask 7FFE000000 uncachable
[    0.000000]   4 base 008D800000 mask 7FFF800000 uncachable
[    0.000000]   5 disabled
[    0.000000]   6 disabled
[    0.000000]   7 disabled
[    0.000000]   8 disabled
[    0.000000]   9 disabled
[    0.000000] x86 PAT enabled: cpu 0, old 0x7040600070406, new 0x7010600070106
[    0.000000] e820: last_pfn = 0x8d000 max_arch_pfn = 0x400000000
[    0.000000] Scanning 1 areas for low memory corruption
[    0.000000] Base memory trampoline at [ffff880000099000] 99000 size 24576
[    0.000000] Using GB pages for direct mapping
[    0.000000] init_memory_mapping: [mem 0x00000000-0x000fffff]
[    0.000000]  [mem 0x00000000-0x000fffff] page 4k
[    0.000000] BRK [0x02b3f000, 0x02b3ffff] PGTABLE
[    0.000000] BRK [0x02b40000, 0x02b40fff] PGTABLE
[    0.000000] BRK [0x02b41000, 0x02b41fff] PGTABLE
[    0.000000] init_memory_mapping: [mem 0x16f400000-0x16f5fffff]
[    0.000000]  [mem 0x16f400000-0x16f5fffff] page 2M
[    0.000000] BRK [0x02b42000, 0x02b42fff] PGTABLE
[    0.000000] init_memory_mapping: [mem 0x16c000000-0x16f3fffff]
[    0.000000]  [mem 0x16c000000-0x16f3fffff] page 2M
[    0.000000] init_memory_mapping: [mem 0x100000000-0x16bffffff]
[    0.000000]  [mem 0x100000000-0x13fffffff] page 1G
[    0.000000]  [mem 0x140000000-0x16bffffff] page 2M
[    0.000000] init_memory_mapping: [mem 0x00100000-0x8cd13fff]
[    0.000000]  [mem 0x00100000-0x001fffff] page 4k
[    0.000000]  [mem 0x00200000-0x3fffffff] page 2M
[    0.000000]  [mem 0x40000000-0x7fffffff] page 1G
[    0.000000]  [mem 0x80000000-0x8cbfffff] page 2M
[    0.000000]  [mem 0x8cc00000-0x8cd13fff] page 4k
[    0.000000] init_memory_mapping: [mem 0x8cd53000-0x8cd63fff]
[    0.000000]  [mem 0x8cd53000-0x8cd63fff] page 4k
[    0.000000] init_memory_mapping: [mem 0x8cd8f000-0x8ce38fff]
[    0.000000]  [mem 0x8cd8f000-0x8ce38fff] page 4k
[    0.000000] BRK [0x02b43000, 0x02b43fff] PGTABLE
[    0.000000] init_memory_mapping: [mem 0x8ce8f000-0x8ced0fff]
[    0.000000]  [mem 0x8ce8f000-0x8ced0fff] page 4k
[    0.000000] init_memory_mapping: [mem 0x8ceff000-0x8cf86fff]
[    0.000000]  [mem 0x8ceff000-0x8cf86fff] page 4k
[    0.000000] init_memory_mapping: [mem 0x8cff0000-0x8cffffff]
[    0.000000]  [mem 0x8cff0000-0x8cffffff] page 4k
[    0.000000] RAMDISK: [mem 0x37a12000-0x37d00fff]
[    0.000000] ACPI: RSDP 000000008cd8e014 000024 (v02 APPLE )
[    0.000000] ACPI: XSDT 000000008cd8e1c0 00009C (v01 APPLE   Apple00 00000000      01000013)
[    0.000000] ACPI: FACP 000000008cd8c000 0000F4 (v05 APPLE   Apple00 00000000 Loki 0000005F)
[    0.000000] ACPI Error: Gpe0Block - 32-bit FADT register is too long (32 bytes, 256 bits) to convert to GAS struct - 255 bits max, truncating (20131115/tbfadt-202)
[    0.000000] ACPI: DSDT 000000008cd7f000 007C2E (v03 APPLE  MacBookA 00060001 INTL 20100915)
[    0.000000] ACPI: FACS 000000008cd1c000 000040
[    0.000000] ACPI: HPET 000000008cd8b000 000038 (v01 APPLE   Apple00 00000001 Loki 0000005F)
[    0.000000] ACPI: APIC 000000008cd8a000 0000BC (v02 APPLE   Apple00 00000001 Loki 0000005F)
[    0.000000] ACPI: SBST 000000008cd88000 000030 (v01 APPLE   Apple00 00000001 Loki 0000005F)
[    0.000000] ACPI: ECDT 000000008cd87000 000053 (v01 APPLE   Apple00 00000001 Loki 0000005F)
[    0.000000] ACPI: SSDT 000000008cd7e000 00010B (v01 APPLE  SataAhci 00001000 INTL 20100915)
[    0.000000] ACPI: SSDT 000000008cd7d000 000024 (v01 APPLE   SmcDppt 00001000 INTL 20100915)
[    0.000000] ACPI: SSDT 000000008cd7a000 000DA9 (v01 APPLE  SDUsbLpt 00001000 INTL 20100915)
[    0.000000] ACPI: SSDT 000000008cd76000 000032 (v01 APPLE    SsdtS3 00001000 INTL 20100915)
[    0.000000] ACPI: SSDT 000000008cd74000 001EB7 (v01 APPLE   PcieTbt 00001000 INTL 20100915)
[    0.000000] ACPI: SSDT 000000008cd67000 0000B8 (v01 APPLE      Sdxc 00001000 INTL 20100915)
[    0.000000] ACPI: SSDT 000000008cd66000 000563 (v01  PmRef  Cpu0Ist 00003000 INTL 20100915)
[    0.000000] ACPI: SSDT 000000008cd65000 000B83 (v01  PmRef    CpuPm 00003000 INTL 20100915)
[    0.000000] ACPI: MCFG 000000008cd89000 00003C (v01 APPLE   Apple00 00000001 Loki 0000005F)
[    0.000000] ACPI: DMAR 000000008cd64000 000088 (v01 APPLE      HSW  00000001 AAPL 00000001)
[    0.000000] ACPI: Local APIC address 0xfee00000
[    0.000000] No NUMA configuration found
[    0.000000] Faking a node at [mem 0x0000000000000000-0x000000016f5fffff]
[    0.000000] Initmem setup node 0 [mem 0x00000000-0x16f5fffff]
[    0.000000]   NODE_DATA [mem 0x16f5f9000-0x16f5fdfff]
[    0.000000]  [ffffea0000000000-ffffea0005bfffff] PMD -> [ffff88016ac00000-ffff88016ebfffff] on node 0
[    0.000000] Zone ranges:
[    0.000000]   DMA      [mem 0x00001000-0x00ffffff]
[    0.000000]   DMA32    [mem 0x01000000-0xffffffff]
[    0.000000]   Normal   [mem 0x100000000-0x16f5fffff]
[    0.000000] Movable zone start for each node
[    0.000000] Early memory node ranges
[    0.000000]   node   0: [mem 0x00001000-0x00057fff]
[    0.000000]   node   0: [mem 0x00059000-0x0008efff]
[    0.000000]   node   0: [mem 0x00090000-0x0009ffff]
[    0.000000]   node   0: [mem 0x00100000-0x8cd13fff]
[    0.000000]   node   0: [mem 0x8cd53000-0x8cd63fff]
[    0.000000]   node   0: [mem 0x8cd8f000-0x8ce38fff]
[    0.000000]   node   0: [mem 0x8ce8f000-0x8ced0fff]
[    0.000000]   node   0: [mem 0x8ceff000-0x8cf86fff]
[    0.000000]   node   0: [mem 0x8cff0000-0x8cffffff]
[    0.000000]   node   0: [mem 0x100000000-0x16f5fffff]
[    0.000000] On node 0 totalpages: 1033286
[    0.000000]   DMA zone: 64 pages used for memmap
[    0.000000]   DMA zone: 25 pages reserved
[    0.000000]   DMA zone: 3997 pages, LIFO batch:0
[    0.000000]   DMA32 zone: 8955 pages used for memmap
[    0.000000]   DMA32 zone: 573097 pages, LIFO batch:31
[    0.000000]   Normal zone: 7128 pages used for memmap
[    0.000000]   Normal zone: 456192 pages, LIFO batch:31
[    0.000000] ACPI: PM-Timer IO Port: 0x408
[    0.000000] ACPI: Local APIC address 0xfee00000
[    0.000000] ACPI: LAPIC (acpi_id[0x01] lapic_id[0x00] enabled)
[    0.000000] ACPI: LAPIC (acpi_id[0x02] lapic_id[0x02] enabled)
[    0.000000] ACPI: LAPIC (acpi_id[0x03] lapic_id[0x01] enabled)
[    0.000000] ACPI: LAPIC (acpi_id[0x04] lapic_id[0x03] enabled)
[    0.000000] ACPI: LAPIC (acpi_id[0x05] lapic_id[0xff] disabled)
[    0.000000] ACPI: LAPIC (acpi_id[0x06] lapic_id[0xff] disabled)
[    0.000000] ACPI: LAPIC (acpi_id[0x07] lapic_id[0xff] disabled)
[    0.000000] ACPI: LAPIC (acpi_id[0x08] lapic_id[0xff] disabled)
[    0.000000] ACPI: LAPIC_NMI (acpi_id[0x01] high edge lint[0x1])
[    0.000000] ACPI: LAPIC_NMI (acpi_id[0x02] high edge lint[0x1])
[    0.000000] ACPI: LAPIC_NMI (acpi_id[0x03] high edge lint[0x1])
[    0.000000] ACPI: LAPIC_NMI (acpi_id[0x04] high edge lint[0x1])
[    0.000000] ACPI: LAPIC_NMI (acpi_id[0x05] high edge lint[0x1])
[    0.000000] ACPI: LAPIC_NMI (acpi_id[0x06] high edge lint[0x1])
[    0.000000] ACPI: LAPIC_NMI (acpi_id[0x07] high edge lint[0x1])
[    0.000000] ACPI: LAPIC_NMI (acpi_id[0x08] high edge lint[0x1])
[    0.000000] ACPI: IOAPIC (id[0x02] address[0xfec00000] gsi_base[0])
[    0.000000] IOAPIC[0]: apic_id 2, version 32, address 0xfec00000, GSI 0-39
[    0.000000] ACPI: INT_SRC_OVR (bus 0 bus_irq 0 global_irq 2 dfl dfl)
[    0.000000] ACPI: INT_SRC_OVR (bus 0 bus_irq 9 global_irq 9 high level)
[    0.000000] ACPI: IRQ0 used by override.
[    0.000000] ACPI: IRQ2 used by override.
[    0.000000] ACPI: IRQ9 used by override.
[    0.000000] Using ACPI (MADT) for SMP configuration information
[    0.000000] ACPI: HPET id: 0x8086a201 base: 0xfed00000
[    0.000000] smpboot: Allowing 8 CPUs, 4 hotplug CPUs
[    0.000000] nr_irqs_gsi: 56
[    0.000000] PM: Registered nosave memory: [mem 0x00058000-0x00058fff]
[    0.000000] PM: Registered nosave memory: [mem 0x0008f000-0x0008ffff]
[    0.000000] PM: Registered nosave memory: [mem 0x000a0000-0x000bffff]
[    0.000000] PM: Registered nosave memory: [mem 0x000c0000-0x000fffff]
[    0.000000] PM: Registered nosave memory: [mem 0x8cd14000-0x8cd52fff]
[    0.000000] PM: Registered nosave memory: [mem 0x8cd64000-0x8cd8efff]
[    0.000000] PM: Registered nosave memory: [mem 0x8ce39000-0x8ce8efff]
[    0.000000] PM: Registered nosave memory: [mem 0x8ced1000-0x8cefefff]
[    0.000000] PM: Registered nosave memory: [mem 0x8cf87000-0x8cfeffff]
[    0.000000] PM: Registered nosave memory: [mem 0x8d000000-0x8f9fffff]
[    0.000000] PM: Registered nosave memory: [mem 0x8fa00000-0xe00f7fff]
[    0.000000] PM: Registered nosave memory: [mem 0xe00f8000-0xe00f8fff]
[    0.000000] PM: Registered nosave memory: [mem 0xe00f9000-0xfed1bfff]
[    0.000000] PM: Registered nosave memory: [mem 0xfed1c000-0xfed1ffff]
[    0.000000] PM: Registered nosave memory: [mem 0xfed20000-0xffe0ffff]
[    0.000000] PM: Registered nosave memory: [mem 0xffe10000-0xffe3ffff]
[    0.000000] PM: Registered nosave memory: [mem 0xffe40000-0xffffffff]
[    0.000000] e820: [mem 0x8fa00000-0xe00f7fff] available for PCI devices
[    0.000000] Booting paravirtualized kernel on bare hardware
[    0.000000] setup_percpu: NR_CPUS:128 nr_cpumask_bits:128 nr_cpu_ids:8 nr_node_ids:1
[    0.000000] PERCPU: Embedded 29 pages/cpu @ffff88016f200000 s86336 r8192 d24256 u262144
[    0.000000] pcpu-alloc: s86336 r8192 d24256 u262144 alloc=1*2097152
[    0.000000] pcpu-alloc: [0] 0 1 2 3 4 5 6 7 
[    0.000000] Built 1 zonelists in Node order, mobility grouping on.  Total pages: 1017114
[    0.000000] Policy zone: Normal
[    0.000000] Kernel command line: BOOT_IMAGE=/vmlinuz-linux root=UUID=95f69e61-d9fb-4ef3-80e8-a0d5fc0bebec rw quiet
[    0.000000] PID hash table entries: 4096 (order: 3, 32768 bytes)
[    0.000000] xsave: enabled xstate_bv 0x7, cntxt size 0x340
[    0.000000] Checking aperture...
[    0.000000] No AGP bridge found
[    0.000000] Calgary: detecting Calgary via BIOS EBDA area
[    0.000000] Calgary: Unable to locate Rio Grande table in EBDA - bailing!
[    0.000000] Memory: 3941456K/4133144K available (5270K kernel code, 836K rwdata, 1672K rodata, 1128K init, 1324K bss, 191688K reserved)
[    0.000000] SLUB: HWalign=64, Order=0-3, MinObjects=0, CPUs=8, Nodes=1
[    0.000000] Preemptible hierarchical RCU implementation.
[    0.000000] 	RCU dyntick-idle grace-period acceleration is enabled.
[    0.000000] 	Dump stacks of tasks blocking RCU-preempt GP.
[    0.000000] 	RCU restricting CPUs from NR_CPUS=128 to nr_cpu_ids=8.
[    0.000000] NR_IRQS:8448 nr_irqs:1016 16
[    0.000000] Console: colour dummy device 80x25
[    0.000000] console [tty0] enabled
[    0.000000] allocated 16777216 bytes of page_cgroup
[    0.000000] please try 'cgroup_disable=memory' option if you don't want memory cgroups
[    0.000000] hpet clockevent registered
[    0.000000] tsc: Fast TSC calibration using PIT
[    0.003333] tsc: Detected 1899.817 MHz processor
[    0.000004] Calibrating delay loop (skipped), value calculated using timer frequency.. 3801.95 BogoMIPS (lpj=6332723)
[    0.000009] pid_max: default: 32768 minimum: 301
[    0.000049] init_memory_mapping: [mem 0x8ce39000-0x8ce8efff]
[    0.000052]  [mem 0x8ce39000-0x8ce8efff] page 4k
[    0.000071] init_memory_mapping: [mem 0x8ced1000-0x8cefefff]
[    0.000073]  [mem 0x8ced1000-0x8cefefff] page 4k
[    0.000150] init_memory_mapping: [mem 0x8d000000-0x8f9fffff]
[    0.000152]  [mem 0x8d000000-0x8f9fffff] page 2M
[    0.026755] Security Framework initialized
[    0.026768] AppArmor: AppArmor disabled by boot time parameter
[    0.026770] Yama: becoming mindful.
[    0.027247] Dentry cache hash table entries: 524288 (order: 10, 4194304 bytes)
[    0.028666] Inode-cache hash table entries: 262144 (order: 9, 2097152 bytes)
[    0.029283] Mount-cache hash table entries: 256
[    0.029584] Initializing cgroup subsys memory
[    0.029593] Initializing cgroup subsys devices
[    0.029596] Initializing cgroup subsys freezer
[    0.029598] Initializing cgroup subsys net_cls
[    0.029600] Initializing cgroup subsys blkio
[    0.029636] CPU: Physical Processor ID: 0
[    0.029638] CPU: Processor Core ID: 0
[    0.029645] ENERGY_PERF_BIAS: Set to 'normal', was 'performance'
ENERGY_PERF_BIAS: View and update with x86_energy_perf_policy(8)
[    0.031143] mce: CPU supports 7 MCE banks
[    0.031164] CPU0: Thermal monitoring enabled (TM1)
[    0.031181] Last level iTLB entries: 4KB 0, 2MB 0, 4MB 0
Last level dTLB entries: 4KB 64, 2MB 0, 4MB 0
tlb_flushall_shift: 6
[    0.031330] Freeing SMP alternatives memory: 20K (ffffffff819ed000 - ffffffff819f2000)
[    0.032767] ACPI: Core revision 20131115
[    0.047908] ACPI: All ACPI Tables successfully acquired
[    0.050874] ftrace: allocating 21057 entries in 83 pages
[    0.066324] dmar: Host address width 39
[    0.066327] dmar: DRHD base: 0x000000fed90000 flags: 0x0
[    0.066338] dmar: IOMMU 0: reg_base_addr fed90000 ver 1:0 cap c0000020660462 ecap f0101a
[    0.066340] dmar: DRHD base: 0x000000fed91000 flags: 0x1
[    0.066352] dmar: IOMMU 1: reg_base_addr fed91000 ver 1:0 cap d2008020660462 ecap f010da
[    0.066354] dmar: RMRR base: 0x0000008d800000 end: 0x0000008f9fffff
[    0.066485] IOAPIC id 2 under DRHD base  0xfed91000 IOMMU 1
[    0.066487] HPET id 0 under DRHD base 0xfed91000
[    0.066767] Enabled IRQ remapping in x2apic mode
[    0.066769] Enabling x2apic
[    0.066771] Enabled x2apic
[    0.066778] Switched APIC routing to cluster x2apic.
[    0.067425] ..TIMER: vector=0x30 apic1=0 pin1=2 apic2=-1 pin2=-1
[    0.100433] smpboot: CPU0: Intel(R) Core(TM) i5-4250U CPU @ 1.30GHz (fam: 06, model: 45, stepping: 01)
[    0.100444] TSC deadline timer enabled
[    0.100457] Performance Events: PEBS fmt2+, 16-deep LBR, Haswell events, full-width counters, Intel PMU driver.
[    0.100468] ... version:                3
[    0.100469] ... bit width:              48
[    0.100471] ... generic registers:      4
[    0.100473] ... value mask:             0000ffffffffffff
[    0.100474] ... max period:             0000ffffffffffff
[    0.100476] ... fixed-purpose events:   3
[    0.100478] ... event mask:             000000070000000f
[    0.127277] x86: Booting SMP configuration:
[    0.142154] NMI watchdog: enabled on all CPUs, permanently consumes one hw-PMU counter.
[    0.127281] .... node  #0, CPUs:      #1 #2 #3
[    0.185039] x86: Booted up 1 node, 4 CPUs
[    0.185045] smpboot: Total of 4 processors activated (15204.80 BogoMIPS)
[    0.191593] devtmpfs: initialized
[    0.195373] PM: Registering ACPI NVS region [mem 0x8cd14000-0x8cd52fff] (258048 bytes)
[    0.196614] RTC time: 21:14:16, date: 03/05/14
[    0.196671] NET: Registered protocol family 16
[    0.196818] cpuidle: using governor ladder
[    0.196820] cpuidle: using governor menu
[    0.196863] ACPI: bus type PCI registered
[    0.196866] acpiphp: ACPI Hot Plug PCI Controller Driver version: 0.5
[    0.196959] PCI: MMCONFIG for domain 0000 [bus 00-9b] at [mem 0xe0000000-0xe9bfffff] (base 0xe0000000)
[    0.196963] PCI: not using MMCONFIG
[    0.196965] PCI: Using configuration type 1 for base access
[    0.197875] bio: create slab <bio-0> at 0
[    0.198063] ACPI: Added _OSI(Module Device)
[    0.198066] ACPI: Added _OSI(Processor Device)
[    0.198068] ACPI: Added _OSI(3.0 _SCP Extensions)
[    0.198070] ACPI: Added _OSI(Processor Aggregator Device)
[    0.201370] ACPI : EC: EC description table is found, configuring boot EC
[    0.209575] [Firmware Bug]: ACPI: BIOS _OSI(Linux) query ignored
[    2.243156] ACPI: SSDT 000000008cf89890 0004F0 (v01  PmRef  Cpu0Cst 00003001 INTL 20100915)
[    2.243949] ACPI: Dynamic OEM Table Load:
[    2.243952] ACPI: SSDT           (null) 0004F0 (v01  PmRef  Cpu0Cst 00003001 INTL 20100915)
[    2.256695] ACPI: SSDT 000000008cf8a190 00067C (v01  PmRef    ApIst 00003000 INTL 20100915)
[    2.257619] ACPI: Dynamic OEM Table Load:
[    2.257622] ACPI: SSDT           (null) 00067C (v01  PmRef    ApIst 00003000 INTL 20100915)
[    2.273140] ACPI: SSDT 000000008cf88d90 000119 (v01  PmRef    ApCst 00003000 INTL 20100915)
[    2.273930] ACPI: Dynamic OEM Table Load:
[    2.273934] ACPI: SSDT           (null) 000119 (v01  PmRef    ApCst 00003000 INTL 20100915)
[    2.290581] ACPI: Interpreter enabled
[    2.290593] ACPI Exception: AE_NOT_FOUND, While evaluating Sleep State [\_S1_] (20131115/hwxface-580)
[    2.290603] ACPI Exception: AE_NOT_FOUND, While evaluating Sleep State [\_S2_] (20131115/hwxface-580)
[    2.290626] ACPI: (supports S0 S3 S4 S5)
[    2.290629] ACPI: Using IOAPIC for interrupt routing
[    2.290656] PCI: MMCONFIG for domain 0000 [bus 00-9b] at [mem 0xe0000000-0xe9bfffff] (base 0xe0000000)
[    2.303632] PCI: MMCONFIG at [mem 0xe0000000-0xe9bfffff] reserved in ACPI motherboard resources
[    2.344327] PCI: Using host bridge windows from ACPI; if necessary, use "pci=nocrs" and report a bug
[    2.344621] ACPI: No dock devices found.
[    2.360234] ACPI: PCI Root Bridge [PCI0] (domain 0000 [bus 00-ff])
[    2.360243] acpi PNP0A08:00: _OSC: OS supports [ExtendedConfig ASPM ClockPM Segments MSI]
[    2.360460] acpi PNP0A08:00: _OSC: OS now controls [PCIeHotplug PME AER PCIeCapability]
[    2.360780] acpi PNP0A08:00: [Firmware Info]: MMCONFIG for domain 0000 [bus 00-9b] only partially covers this bridge
[    2.360982] PCI host bridge to bus 0000:00
[    2.360986] pci_bus 0000:00: root bus resource [bus 00-ff]
[    2.360989] pci_bus 0000:00: root bus resource [io  0x0000-0x0cf7]
[    2.360991] pci_bus 0000:00: root bus resource [io  0x0d00-0xffff]
[    2.360994] pci_bus 0000:00: root bus resource [mem 0x000a0000-0x000bffff]
[    2.360997] pci_bus 0000:00: root bus resource [mem 0x000c0000-0x000c3fff]
[    2.360999] pci_bus 0000:00: root bus resource [mem 0x000c4000-0x000c7fff]
[    2.361001] pci_bus 0000:00: root bus resource [mem 0x000c8000-0x000cbfff]
[    2.361004] pci_bus 0000:00: root bus resource [mem 0x000cc000-0x000cffff]
[    2.361006] pci_bus 0000:00: root bus resource [mem 0x000d0000-0x000d3fff]
[    2.361009] pci_bus 0000:00: root bus resource [mem 0x000d4000-0x000d7fff]
[    2.361011] pci_bus 0000:00: root bus resource [mem 0x000d8000-0x000dbfff]
[    2.361013] pci_bus 0000:00: root bus resource [mem 0x000dc000-0x000dffff]
[    2.361016] pci_bus 0000:00: root bus resource [mem 0x000e0000-0x000e3fff]
[    2.361018] pci_bus 0000:00: root bus resource [mem 0x000e4000-0x000e7fff]
[    2.361021] pci_bus 0000:00: root bus resource [mem 0x000e8000-0x000ebfff]
[    2.361023] pci_bus 0000:00: root bus resource [mem 0x000ec000-0x000effff]
[    2.361025] pci_bus 0000:00: root bus resource [mem 0x000f0000-0x000fffff]
[    2.361028] pci_bus 0000:00: root bus resource [mem 0x8fa00000-0xfeafffff]
[    2.361030] pci_bus 0000:00: root bus resource [mem 0xfed40000-0xfed44fff]
[    2.361043] pci 0000:00:00.0: [8086:0a04] type 00 class 0x060000
[    2.361174] pci 0000:00:02.0: [8086:0a26] type 00 class 0x030000
[    2.361194] pci 0000:00:02.0: reg 0x10: [mem 0xb0000000-0xb03fffff 64bit]
[    2.361206] pci 0000:00:02.0: reg 0x18: [mem 0xa0000000-0xafffffff 64bit pref]
[    2.361214] pci 0000:00:02.0: reg 0x20: [io  0x2000-0x203f]
[    2.361331] pci 0000:00:03.0: [8086:0a0c] type 00 class 0x040300
[    2.361344] pci 0000:00:03.0: reg 0x10: [mem 0xb0a10000-0xb0a13fff 64bit]
[    2.361494] pci 0000:00:14.0: [8086:9c31] type 00 class 0x0c0330
[    2.361518] pci 0000:00:14.0: reg 0x10: [mem 0xb0a00000-0xb0a0ffff 64bit]
[    2.361594] pci 0000:00:14.0: PME# supported from D3hot D3cold
[    2.361643] pci 0000:00:14.0: System wakeup disabled by ACPI
[    2.361701] pci 0000:00:16.0: [8086:9c3a] type 00 class 0x078000
[    2.361728] pci 0000:00:16.0: reg 0x10: [mem 0xb0a2a100-0xb0a2a11f 64bit]
[    2.361815] pci 0000:00:16.0: PME# supported from D0 D3hot D3cold
[    2.361918] pci 0000:00:1b.0: [8086:9c20] type 00 class 0x040300
[    2.361936] pci 0000:00:1b.0: reg 0x10: [mem 0xb0a14000-0xb0a17fff 64bit]
[    2.362018] pci 0000:00:1b.0: PME# supported from D0 D3hot D3cold
[    2.362068] pci 0000:00:1b.0: System wakeup disabled by ACPI
[    2.362116] pci 0000:00:1c.0: [8086:9c10] type 01 class 0x060400
[    2.362198] pci 0000:00:1c.0: PME# supported from D0 D3hot D3cold
[    2.362252] pci 0000:00:1c.0: System wakeup disabled by ACPI
[    2.362298] pci 0000:00:1c.1: [8086:9c12] type 01 class 0x060400
[    2.362387] pci 0000:00:1c.1: PME# supported from D0 D3hot D3cold
[    2.362444] pci 0000:00:1c.1: System wakeup disabled by ACPI
[    2.362491] pci 0000:00:1c.2: [8086:9c14] type 01 class 0x060400
[    2.362581] pci 0000:00:1c.2: PME# supported from D0 D3hot D3cold
[    2.362635] pci 0000:00:1c.2: System wakeup disabled by ACPI
[    2.362683] pci 0000:00:1c.4: [8086:9c18] type 01 class 0x060400
[    2.362772] pci 0000:00:1c.4: PME# supported from D0 D3hot D3cold
[    2.362827] pci 0000:00:1c.4: System wakeup disabled by ACPI
[    2.362874] pci 0000:00:1c.5: [8086:9c1a] type 01 class 0x060400
[    2.362959] pci 0000:00:1c.5: PME# supported from D0 D3hot D3cold
[    2.363011] pci 0000:00:1c.5: System wakeup disabled by ACPI
[    2.363073] pci 0000:00:1f.0: [8086:9c43] type 00 class 0x060100
[    2.363281] pci 0000:00:1f.3: [8086:9c22] type 00 class 0x0c0500
[    2.363300] pci 0000:00:1f.3: reg 0x10: [mem 0xb0a2a000-0xb0a2a0ff 64bit]
[    2.363326] pci 0000:00:1f.3: reg 0x20: [io  0xefa0-0xefbf]
[    2.363488] pci 0000:00:1c.0: PCI bridge to [bus 01]
[    2.363603] pci 0000:02:00.0: [14e4:1570] type 00 class 0x048000
[    2.363625] pci 0000:02:00.0: reg 0x10: [mem 0xb0900000-0xb090ffff 64bit]
[    2.363642] pci 0000:02:00.0: reg 0x18: [mem 0x90000000-0x9fffffff 64bit pref]
[    2.363659] pci 0000:02:00.0: reg 0x20: [mem 0xb0800000-0xb08fffff 64bit]
[    2.363735] pci 0000:02:00.0: supports D1
[    2.363737] pci 0000:02:00.0: PME# supported from D0 D3hot
[    2.369765] pci 0000:00:1c.1: PCI bridge to [bus 02]
[    2.369772] pci 0000:00:1c.1:   bridge window [mem 0xb0800000-0xb09fffff]
[    2.369779] pci 0000:00:1c.1:   bridge window [mem 0x90000000-0x9fffffff 64bit pref]
[    2.369943] pci 0000:03:00.0: [14e4:43a0] type 00 class 0x028000
[    2.369973] pci 0000:03:00.0: reg 0x10: [mem 0xb0600000-0xb0607fff 64bit]
[    2.369997] pci 0000:03:00.0: reg 0x18: [mem 0xb0400000-0xb05fffff 64bit]
[    2.370130] pci 0000:03:00.0: supports D1 D2
[    2.370132] pci 0000:03:00.0: PME# supported from D0 D1 D2 D3hot D3cold
[    2.370225] pci 0000:03:00.0: System wakeup disabled by ACPI
[    2.376466] pci 0000:00:1c.2: PCI bridge to [bus 03]
[    2.376473] pci 0000:00:1c.2:   bridge window [mem 0xb0400000-0xb06fffff]
[    2.376568] pci 0000:00:1c.4: PCI bridge to [bus 05-9b]
[    2.376573] pci 0000:00:1c.4:   bridge window [io  0x3000-0x5fff]
[    2.376578] pci 0000:00:1c.4:   bridge window [mem 0xb0b00000-0xbcbfffff]
[    2.376585] pci 0000:00:1c.4:   bridge window [mem 0xbcc00000-0xc8bfffff 64bit pref]
[    2.376684] pci 0000:04:00.0: [1b4b:9183] type 00 class 0x010601
[    2.376702] pci 0000:04:00.0: reg 0x10: [io  0x1028-0x102f]
[    2.376714] pci 0000:04:00.0: reg 0x14: [io  0x1034-0x1037]
[    2.376727] pci 0000:04:00.0: reg 0x18: [io  0x1020-0x1027]
[    2.376739] pci 0000:04:00.0: reg 0x1c: [io  0x1030-0x1033]
[    2.376751] pci 0000:04:00.0: reg 0x20: [io  0x1000-0x101f]
[    2.376764] pci 0000:04:00.0: reg 0x24: [mem 0xb0700000-0xb07001ff]
[    2.376778] pci 0000:04:00.0: reg 0x30: [mem 0xfffe0000-0xffffffff pref]
[    2.376837] pci 0000:04:00.0: PME# supported from D3hot
[    2.386445] pci 0000:00:1c.5: PCI bridge to [bus 04]
[    2.386450] pci 0000:00:1c.5:   bridge window [io  0x1000-0x1fff]
[    2.386455] pci 0000:00:1c.5:   bridge window [mem 0xb0700000-0xb07fffff]
[    2.387973] ACPI: PCI Interrupt Link [LNKA] (IRQs 1 3 4 5 6 7 10 12 14 15) *0, disabled.
[    2.388050] ACPI: PCI Interrupt Link [LNKB] (IRQs 1 3 4 5 6 7 11 12 14 15) *0, disabled.
[    2.388122] ACPI: PCI Interrupt Link [LNKC] (IRQs 1 3 4 5 6 7 10 12 14 15) *0, disabled.
[    2.388192] ACPI: PCI Interrupt Link [LNKD] (IRQs 1 3 4 5 6 7 11 12 14 15) *0, disabled.
[    2.388262] ACPI: PCI Interrupt Link [LNKE] (IRQs 1 3 4 5 6 7 10 12 14 15) *0, disabled.
[    2.388332] ACPI: PCI Interrupt Link [LNKF] (IRQs 1 3 4 5 6 7 11 12 14 15) *0, disabled.
[    2.388401] ACPI: PCI Interrupt Link [LNKG] (IRQs 1 3 4 5 6 7 10 12 14 15) *0, disabled.
[    2.388471] ACPI: PCI Interrupt Link [LNKH] (IRQs 1 3 4 5 6 7 11 12 14 15) *0, disabled.
[    2.390192] ACPI: Enabled 2 GPEs in block 00 to 7F
[    2.390204] ACPI: \_SB_.PCI0: notify handler is installed
[    2.390310] Found 1 acpi root devices
[    2.390344] ACPI : EC: GPE = 0x4e, I/O: command/status = 0x66, data = 0x62
[    2.390467] vgaarb: device added: PCI:0000:00:02.0,decodes=io+mem,owns=io+mem,locks=none
[    2.390472] vgaarb: loaded
[    2.390473] vgaarb: bridge control possible 0000:00:02.0
[    2.390523] PCI: Using ACPI for IRQ routing
[    2.395494] PCI: pci_cache_line_size set to 64 bytes
[    2.395631] e820: reserve RAM buffer [mem 0x00058000-0x0005ffff]
[    2.395634] e820: reserve RAM buffer [mem 0x0008f000-0x0008ffff]
[    2.395636] e820: reserve RAM buffer [mem 0x8cd14000-0x8fffffff]
[    2.395640] e820: reserve RAM buffer [mem 0x8cd64000-0x8fffffff]
[    2.395643] e820: reserve RAM buffer [mem 0x8ce39000-0x8fffffff]
[    2.395647] e820: reserve RAM buffer [mem 0x8ced1000-0x8fffffff]
[    2.395649] e820: reserve RAM buffer [mem 0x8cf87000-0x8fffffff]
[    2.395652] e820: reserve RAM buffer [mem 0x8d000000-0x8fffffff]
[    2.395654] e820: reserve RAM buffer [mem 0x16f600000-0x16fffffff]
[    2.395777] NetLabel: Initializing
[    2.395779] NetLabel:  domain hash size = 128
[    2.395781] NetLabel:  protocols = UNLABELED CIPSOv4
[    2.395799] NetLabel:  unlabeled traffic allowed by default
[    2.395822] hpet0: at MMIO 0xfed00000, IRQs 2, 8, 0, 0, 0, 0, 0, 0
[    2.395831] hpet0: 8 comparators, 64-bit 14.318180 MHz counter
[    2.397865] Switched to clocksource hpet
[    2.404692] pnp: PnP ACPI init
[    2.404714] ACPI: bus type PNP registered
[    2.404788] pnp 00:00: [dma 4]
[    2.404821] pnp 00:00: Plug and Play ACPI device, IDs PNP0200 (active)
[    2.404853] pnp 00:01: Plug and Play ACPI device, IDs INT0800 (active)
[    2.405025] system 00:02: [mem 0xfed00000-0xfed003ff] has been reserved
[    2.405030] system 00:02: Plug and Play ACPI device, IDs PNP0103 PNP0c01 (active)
[    2.405075] pnp 00:03: Plug and Play ACPI device, IDs PNP0c04 (active)
[    2.405123] system 00:04: [io  0xffff] has been reserved
[    2.405127] system 00:04: [io  0x0400-0x047f] could not be reserved
[    2.405130] system 00:04: [io  0x0800-0x087f] has been reserved
[    2.405134] system 00:04: Plug and Play ACPI device, IDs PNP0c02 (active)
[    2.405169] pnp 00:05: Plug and Play ACPI device, IDs PNP0b00 (active)
[    2.405216] pnp 00:06: Plug and Play ACPI device, IDs APP0001 (active)
[    2.405936] pnp 00:07: Plug and Play ACPI device, IDs INT33c1 (active)
[    2.406135] system 00:08: [mem 0xfed1c000-0xfed1ffff] has been reserved
[    2.406138] system 00:08: [mem 0xfed10000-0xfed17fff] has been reserved
[    2.406141] system 00:08: [mem 0xfed18000-0xfed18fff] has been reserved
[    2.406144] system 00:08: [mem 0xfed19000-0xfed19fff] has been reserved
[    2.406148] system 00:08: [mem 0xe0000000-0xefffffff] could not be reserved
[    2.406151] system 00:08: [mem 0xfed20000-0xfed3ffff] has been reserved
[    2.406154] system 00:08: [mem 0xfed90000-0xfed93fff] could not be reserved
[    2.406157] system 00:08: [mem 0xfed45000-0xfed8ffff] has been reserved
[    2.406160] system 00:08: [mem 0xff000000-0xffffffff] could not be reserved
[    2.406163] system 00:08: [mem 0xfee00000-0xfeefffff] has been reserved
[    2.406167] system 00:08: Plug and Play ACPI device, IDs PNP0c02 (active)
[    2.406257] system 00:09: [mem 0x20000000-0x201fffff] could not be reserved
[    2.406261] system 00:09: [mem 0x40000000-0x401fffff] could not be reserved
[    2.406264] system 00:09: Plug and Play ACPI device, IDs PNP0c01 (active)
[    2.408564] pnp: PnP ACPI: found 10 devices
[    2.408567] ACPI: bus type PNP unregistered
[    2.415720] pci 0000:04:00.0: no compatible bridge window for [mem 0xfffe0000-0xffffffff pref]
[    2.415777] pci 0000:00:1c.5: BAR 15: assigned [mem 0x8fa00000-0x8fafffff pref]
[    2.415780] pci 0000:00:1c.0: PCI bridge to [bus 01]
[    2.415797] pci 0000:00:1c.1: PCI bridge to [bus 02]
[    2.415804] pci 0000:00:1c.1:   bridge window [mem 0xb0800000-0xb09fffff]
[    2.415810] pci 0000:00:1c.1:   bridge window [mem 0x90000000-0x9fffffff 64bit pref]
[    2.415817] pci 0000:00:1c.2: PCI bridge to [bus 03]
[    2.415824] pci 0000:00:1c.2:   bridge window [mem 0xb0400000-0xb06fffff]
[    2.415834] pci 0000:00:1c.4: PCI bridge to [bus 05-9b]
[    2.415838] pci 0000:00:1c.4:   bridge window [io  0x3000-0x5fff]
[    2.415844] pci 0000:00:1c.4:   bridge window [mem 0xb0b00000-0xbcbfffff]
[    2.415850] pci 0000:00:1c.4:   bridge window [mem 0xbcc00000-0xc8bfffff 64bit pref]
[    2.415859] pci 0000:04:00.0: BAR 6: assigned [mem 0x8fa00000-0x8fa1ffff pref]
[    2.415862] pci 0000:00:1c.5: PCI bridge to [bus 04]
[    2.415866] pci 0000:00:1c.5:   bridge window [io  0x1000-0x1fff]
[    2.415873] pci 0000:00:1c.5:   bridge window [mem 0xb0700000-0xb07fffff]
[    2.415877] pci 0000:00:1c.5:   bridge window [mem 0x8fa00000-0x8fafffff pref]
[    2.415886] pci_bus 0000:00: resource 4 [io  0x0000-0x0cf7]
[    2.415889] pci_bus 0000:00: resource 5 [io  0x0d00-0xffff]
[    2.415892] pci_bus 0000:00: resource 6 [mem 0x000a0000-0x000bffff]
[    2.415894] pci_bus 0000:00: resource 7 [mem 0x000c0000-0x000c3fff]
[    2.415897] pci_bus 0000:00: resource 8 [mem 0x000c4000-0x000c7fff]
[    2.415899] pci_bus 0000:00: resource 9 [mem 0x000c8000-0x000cbfff]
[    2.415902] pci_bus 0000:00: resource 10 [mem 0x000cc000-0x000cffff]
[    2.415904] pci_bus 0000:00: resource 11 [mem 0x000d0000-0x000d3fff]
[    2.415907] pci_bus 0000:00: resource 12 [mem 0x000d4000-0x000d7fff]
[    2.415909] pci_bus 0000:00: resource 13 [mem 0x000d8000-0x000dbfff]
[    2.415912] pci_bus 0000:00: resource 14 [mem 0x000dc000-0x000dffff]
[    2.415914] pci_bus 0000:00: resource 15 [mem 0x000e0000-0x000e3fff]
[    2.415917] pci_bus 0000:00: resource 16 [mem 0x000e4000-0x000e7fff]
[    2.415919] pci_bus 0000:00: resource 17 [mem 0x000e8000-0x000ebfff]
[    2.415922] pci_bus 0000:00: resource 18 [mem 0x000ec000-0x000effff]
[    2.415924] pci_bus 0000:00: resource 19 [mem 0x000f0000-0x000fffff]
[    2.415927] pci_bus 0000:00: resource 20 [mem 0x8fa00000-0xfeafffff]
[    2.415930] pci_bus 0000:00: resource 21 [mem 0xfed40000-0xfed44fff]
[    2.415933] pci_bus 0000:02: resource 1 [mem 0xb0800000-0xb09fffff]
[    2.415936] pci_bus 0000:02: resource 2 [mem 0x90000000-0x9fffffff 64bit pref]
[    2.415939] pci_bus 0000:03: resource 1 [mem 0xb0400000-0xb06fffff]
[    2.415941] pci_bus 0000:05: resource 0 [io  0x3000-0x5fff]
[    2.415944] pci_bus 0000:05: resource 1 [mem 0xb0b00000-0xbcbfffff]
[    2.415947] pci_bus 0000:05: resource 2 [mem 0xbcc00000-0xc8bfffff 64bit pref]
[    2.415949] pci_bus 0000:04: resource 0 [io  0x1000-0x1fff]
[    2.415952] pci_bus 0000:04: resource 1 [mem 0xb0700000-0xb07fffff]
[    2.415954] pci_bus 0000:04: resource 2 [mem 0x8fa00000-0x8fafffff pref]
[    2.416003] NET: Registered protocol family 2
[    2.416230] TCP established hash table entries: 32768 (order: 6, 262144 bytes)
[    2.416351] TCP bind hash table entries: 32768 (order: 7, 524288 bytes)
[    2.416444] TCP: Hash tables configured (established 32768 bind 32768)
[    2.416471] TCP: reno registered
[    2.416484] UDP hash table entries: 2048 (order: 4, 65536 bytes)
[    2.416511] UDP-Lite hash table entries: 2048 (order: 4, 65536 bytes)
[    2.416597] NET: Registered protocol family 1
[    2.416613] pci 0000:00:02.0: Boot video device
[    2.416978] PCI: CLS 256 bytes, default 64
[    2.417036] Unpacking initramfs...
[    2.512462] Freeing initrd memory: 3004K (ffff880037a12000 - ffff880037d01000)
[    2.512473] PCI-DMA: Using software bounce buffering for IO (SWIOTLB)
[    2.512477] software IO TLB [mem 0x861ae000-0x8a1ae000] (64MB) mapped at [ffff8800861ae000-ffff88008a1adfff]
[    2.512711] Scanning for low memory corruption every 60 seconds
[    2.513125] audit: initializing netlink socket (disabled)
[    2.513138] type=2000 audit(1394054057.496:1): initialized
[    2.535278] HugeTLB registered 2 MB page size, pre-allocated 0 pages
[    2.537093] zbud: loaded
[    2.537358] VFS: Disk quotas dquot_6.5.2
[    2.537417] Dquot-cache hash table entries: 512 (order 0, 4096 bytes)
[    2.537649] msgmni has been set to 7790
[    2.537728] Key type big_key registered
[    2.538030] Block layer SCSI generic (bsg) driver version 0.4 loaded (major 252)
[    2.538091] io scheduler noop registered
[    2.538094] io scheduler deadline registered
[    2.538132] io scheduler cfq registered (default)
[    2.538375] pcieport 0000:00:1c.0: irq 58 for MSI/MSI-X
[    2.538587] pcieport 0000:00:1c.1: irq 59 for MSI/MSI-X
[    2.538785] pcieport 0000:00:1c.2: irq 60 for MSI/MSI-X
[    2.538975] pcieport 0000:00:1c.4: irq 61 for MSI/MSI-X
[    2.539170] pcieport 0000:00:1c.5: irq 62 for MSI/MSI-X
[    2.539272] pcieport 0000:00:1c.0: Signaling PME through PCIe PME interrupt
[    2.539278] pcie_pme 0000:00:1c.0:pcie01: service driver pcie_pme loaded
[    2.539298] pcieport 0000:00:1c.1: Signaling PME through PCIe PME interrupt
[    2.539301] pci 0000:02:00.0: Signaling PME through PCIe PME interrupt
[    2.539306] pcie_pme 0000:00:1c.1:pcie01: service driver pcie_pme loaded
[    2.539329] pcieport 0000:00:1c.2: Signaling PME through PCIe PME interrupt
[    2.539332] pci 0000:03:00.0: Signaling PME through PCIe PME interrupt
[    2.539338] pcie_pme 0000:00:1c.2:pcie01: service driver pcie_pme loaded
[    2.539358] pcieport 0000:00:1c.4: Signaling PME through PCIe PME interrupt
[    2.539363] pcie_pme 0000:00:1c.4:pcie01: service driver pcie_pme loaded
[    2.539382] pcieport 0000:00:1c.5: Signaling PME through PCIe PME interrupt
[    2.539384] pci 0000:04:00.0: Signaling PME through PCIe PME interrupt
[    2.539391] pcie_pme 0000:00:1c.5:pcie01: service driver pcie_pme loaded
[    2.539408] pci_hotplug: PCI Hot Plug PCI Core version: 0.5
[    2.539431] pciehp: PCI Express Hot Plug Controller Driver version: 0.4
[    2.539498] efifb: probing for efifb
[    2.541012] efifb: framebuffer at 0xa0000000, mapped to 0xffffc9000a400000, using 5440k, total 5440k
[    2.541014] efifb: mode is 1440x900x32, linelength=6144, pages=1
[    2.541016] efifb: scrolling: redraw
[    2.541019] efifb: Truecolor: size=8:8:8:8, shift=24:16:8:0
[    2.546859] Console: switching to colour frame buffer device 180x56
[    2.552582] fb0: EFI VGA frame buffer device
[    2.552593] intel_idle: MWAIT substates: 0x11142120
[    2.552595] intel_idle: v0.4 model 0x45
[    2.552597] intel_idle: lapic_timer_reliable_states 0xffffffff
[    2.552860] GHES: HEST is not enabled!
[    2.552936] Serial: 8250/16550 driver, 4 ports, IRQ sharing disabled
[    2.553510] Linux agpgart interface v0.103
[    2.553593] rtc_cmos 00:05: RTC can wake from S4
[    2.553758] rtc_cmos 00:05: rtc core: registered rtc_cmos as rtc0
[    2.553795] rtc_cmos 00:05: alarms up to one month, y3k, 242 bytes nvram, hpet irqs
[    2.553809] Intel P-state driver initializing.
[    2.553823] Intel pstate controlling: cpu 0
[    2.553852] Intel pstate controlling: cpu 1
[    2.553866] Intel pstate controlling: cpu 2
[    2.553878] Intel pstate controlling: cpu 3
[    2.554015] drop_monitor: Initializing network drop monitor service
[    2.554081] TCP: cubic registered
[    2.554186] NET: Registered protocol family 10
[    2.554363] NET: Registered protocol family 17
[    2.554372] Key type dns_resolver registered
[    2.554665] registered taskstats version 1
[    2.555314]   Magic number: 6:751:246
[    2.555332] acpi device:5c: hash matches
[    2.555395] rtc_cmos 00:05: setting system clock to 2014-03-05 21:14:18 UTC (1394054058)
[    2.555444] PM: Hibernation image not present or could not be loaded.
[    2.556268] Freeing unused kernel memory: 1128K (ffffffff818d3000 - ffffffff819ed000)
[    2.556269] Write protecting the kernel read-only data: 8192k
[    2.558653] Freeing unused kernel memory: 864K (ffff880002528000 - ffff880002600000)
[    2.559668] Freeing unused kernel memory: 376K (ffff8800027a2000 - ffff880002800000)
[    2.567536] systemd-udevd[57]: starting version 208
[    2.588414] ACPI: bus type USB registered
[    2.588459] usbcore: registered new interface driver usbfs
[    2.588496] usbcore: registered new interface driver hub
[    2.588539] usbcore: registered new device driver usb
[    2.589296] SCSI subsystem initialized
[    2.590169] libata version 3.00 loaded.
[    2.591171] ahci 0000:04:00.0: version 3.0
[    2.591455] ahci 0000:04:00.0: irq 63 for MSI/MSI-X
[    2.597415] xhci_hcd 0000:00:14.0: xHCI Host Controller
[    2.597430] xhci_hcd 0000:00:14.0: new USB bus registered, assigned bus number 1
[    2.597512] xhci_hcd 0000:00:14.0: cache line size of 256 is not supported
[    2.597535] xhci_hcd 0000:00:14.0: irq 64 for MSI/MSI-X
[    2.597813] hub 1-0:1.0: USB hub found
[    2.597828] hub 1-0:1.0: 9 ports detected
[    2.598216] xhci_hcd 0000:00:14.0: xHCI Host Controller
[    2.598220] xhci_hcd 0000:00:14.0: new USB bus registered, assigned bus number 2
[    2.598552] hub 2-0:1.0: USB hub found
[    2.598564] hub 2-0:1.0: 4 ports detected
[    2.607943] ahci 0000:04:00.0: AHCI 0001.0000 32 slots 1 ports 6 Gbps 0x1 impl SATA mode
[    2.607949] ahci 0000:04:00.0: flags: 64bit ncq sntf led pio slum part 
[    2.608200] scsi0 : ahci
[    2.608281] ata1: SATA max UDMA/133 abar m512@0xb0700000 port 0xb0700100 irq 63
[    2.805181] usb 2-3: new SuperSpeed USB device number 2 using xhci_hcd
[    2.825051] usb-storage 2-3:1.0: USB Mass Storage device detected
[    2.825234] scsi1 : usb-storage 2-3:1.0
[    2.826168] usbcore: registered new interface driver usb-storage
[    2.928013] ata1: SATA link up 6.0 Gbps (SStatus 133 SControl 300)
[    2.928545] ata1.00: unexpected _GTF length (8)
[    2.928685] ata1.00: ATA-8: APPLE SSD SD0128F, A222821, max UDMA/133
[    2.928690] ata1.00: 236978176 sectors, multi 1: LBA48 NCQ (depth 31/32), AA
[    2.929369] ata1.00: unexpected _GTF length (8)
[    2.929512] ata1.00: configured for UDMA/133
[    2.929727] scsi 0:0:0:0: Direct-Access     ATA      APPLE SSD SD0128 A222 PQ: 0 ANSI: 5
[    2.931767] sd 0:0:0:0: [sda] 236978176 512-byte logical blocks: (121 GB/113 GiB)
[    2.931774] sd 0:0:0:0: [sda] 4096-byte physical blocks
[    2.931955] sd 0:0:0:0: [sda] Write Protect is off
[    2.931961] sd 0:0:0:0: [sda] Mode Sense: 00 3a 00 00
[    2.932017] sd 0:0:0:0: [sda] Write cache: enabled, read cache: enabled, doesn't support DPO or FUA
[    2.934347]  sda: sda1 sda2 sda3 sda4 sda5
[    2.935436] sd 0:0:0:0: [sda] Attached SCSI disk
[    2.981340] usb 1-3: new full-speed USB device number 2 using xhci_hcd
[    2.995735] usb 1-3: ep 0x81 - rounding interval to 1024 microframes, ep desc says 2040 microframes
[    2.996020] hub 1-3:1.0: USB hub found
[    2.996131] hub 1-3:1.0: 3 ports detected
[    3.009962] EXT4-fs (sda5): mounted filesystem with ordered data mode. Opts: (null)
[    3.154678] usb 1-5: new full-speed USB device number 3 using xhci_hcd
[    3.249460] random: systemd urandom read with 40 bits of entropy available
[    3.250982] systemd[1]: systemd 210 running in system mode. (+PAM -LIBWRAP -AUDIT -SELINUX -IMA -SYSVINIT +LIBCRYPTSETUP +GCRYPT +ACL +XZ -SECCOMP -APPARMOR)
[    3.251199] systemd[1]: Detected architecture 'x86-64'.
[    3.251276] systemd[1]: No hostname configured.
[    3.251304] systemd[1]: Set hostname to <localhost>.
[    3.264736] usb 1-3.1: new full-speed USB device number 4 using xhci_hcd
[    3.279960] usb 1-3.1: ep 0x81 - rounding interval to 64 microframes, ep desc says 80 microframes
[    3.344719] usb 1-3.2: new full-speed USB device number 5 using xhci_hcd
[    3.356312] systemd[1]: Starting Forward Password Requests to Wall Directory Watch.
[    3.356382] systemd[1]: Started Forward Password Requests to Wall Directory Watch.
[    3.356397] systemd[1]: Starting Login Prompts.
[    3.356412] systemd[1]: Reached target Login Prompts.
[    3.356424] systemd[1]: Starting Remote File Systems.
[    3.356436] systemd[1]: Reached target Remote File Systems.
[    3.356451] systemd[1]: Starting Dispatch Password Requests to Console Directory Watch.
[    3.356483] systemd[1]: Started Dispatch Password Requests to Console Directory Watch.
[    3.356495] systemd[1]: Starting Paths.
[    3.356507] systemd[1]: Reached target Paths.
[    3.356518] systemd[1]: Starting Encrypted Volumes.
[    3.356528] systemd[1]: Reached target Encrypted Volumes.
[    3.356549] systemd[1]: Starting Arbitrary Executable File Formats File System Automount Point.
[    3.356645] systemd[1]: Set up automount Arbitrary Executable File Formats File System Automount Point.
[    3.356660] systemd[1]: Starting Swap.
[    3.356670] systemd[1]: Reached target Swap.
[    3.356680] systemd[1]: Expecting device dev-sda4.device...
[    3.356691] systemd[1]: Starting Root Slice.
[    3.360660] usb 1-3.2: ep 0x81 - rounding interval to 64 microframes, ep desc says 80 microframes
[    3.362094] systemd[1]: Created slice Root Slice.
[    3.362111] systemd[1]: Starting User and Session Slice.
[    3.362282] systemd[1]: Created slice User and Session Slice.
[    3.362297] systemd[1]: Starting /dev/initctl Compatibility Named Pipe.
[    3.362327] systemd[1]: Listening on /dev/initctl Compatibility Named Pipe.
[    3.362338] systemd[1]: Starting Device-mapper event daemon FIFOs.
[    3.362364] systemd[1]: Listening on Device-mapper event daemon FIFOs.
[    3.362376] systemd[1]: Starting Delayed Shutdown Socket.
[    3.362407] systemd[1]: Listening on Delayed Shutdown Socket.
[    3.362417] systemd[1]: Starting LVM2 metadata daemon socket.
[    3.362445] systemd[1]: Listening on LVM2 metadata daemon socket.
[    3.362459] systemd[1]: Starting udev Control Socket.
[    3.362480] systemd[1]: Listening on udev Control Socket.
[    3.362492] systemd[1]: Starting udev Kernel Socket.
[    3.362514] systemd[1]: Listening on udev Kernel Socket.
[    3.362528] systemd[1]: Starting Journal Socket.
[    3.362572] systemd[1]: Listening on Journal Socket.
[    3.362591] systemd[1]: Starting System Slice.
[    3.362759] systemd[1]: Created slice System Slice.
[    3.362773] systemd[1]: Mounting Temporary Directory...
[    3.365406] systemd[1]: Starting system-getty.slice.
[    3.365674] systemd[1]: Created slice system-getty.slice.
[    3.365702] systemd[1]: Starting udev Coldplug all Devices...
[    3.366240] systemd[1]: Mounting Huge Pages File System...
[    3.367201] systemd[1]: Started Set Up Additional Binary Formats.
[    3.367239] systemd[1]: Mounting Debug File System...
[    3.373268] systemd[1]: Starting Create list of required static device nodes for the current kernel...
[    3.373910] systemd[1]: Starting Setup Virtual Console...
[    3.374927] systemd[1]: Mounting POSIX Message Queue File System...
[    3.376697] systemd[1]: Started Load Kernel Modules.
[    3.376737] systemd[1]: Mounted FUSE Control File System.
[    3.376776] systemd[1]: Mounting Configuration File System...
[    3.379046] systemd[1]: Starting Apply Kernel Variables...
[    3.379680] systemd[1]: Starting Journal Service...
[    3.383383] systemd[1]: Started Journal Service.
[    3.393157] EXT4-fs (sda5): re-mounted. Opts: discard
[    3.438039] usb 1-3.3: new full-speed USB device number 6 using xhci_hcd
[    3.442185] systemd-udevd[138]: starting version 210
[    3.512763] input: Lid Switch as /devices/LNXSYSTM:00/device:00/PNP0C0D:00/input/input0
[    3.512795] ACPI: Lid Switch [LID0]
[    3.512842] input: Power Button as /devices/LNXSYSTM:00/device:00/PNP0C0C:00/input/input1
[    3.512846] ACPI: Power Button [PWRB]
[    3.512879] input: Sleep Button as /devices/LNXSYSTM:00/device:00/PNP0C0E:00/input/input2
[    3.512882] ACPI: Sleep Button [SLPB]
[    3.512913] input: Power Button as /devices/LNXSYSTM:00/LNXPWRBN:00/input/input3
[    3.512915] ACPI: Power Button [PWRF]
[    3.514989] tsc: Refined TSC clocksource calibration: 1899.997 MHz
[    3.518065] shpchp: Standard Hot Plug PCI Controller Driver version: 0.4
[    3.518477] mei_me 0000:00:16.0: irq 65 for MSI/MSI-X
[    3.522107] ACPI: AC Adapter [ADP1] (on-line)
[    3.528567] [drm] Initialized drm 1.1.0 20060810
[    3.533273] snd_hda_intel 0000:00:1b.0: irq 66 for MSI/MSI-X
[    3.550359] input: HDA Intel PCH Headphone as /devices/pci0000:00/0000:00:1b.0/sound/card1/input4
[    3.552951] [drm] Memory usable by graphics device = 2048M
[    3.552956] checking generic (a0000000 550000) vs hw (a0000000 10000000)
[    3.552958] fb: conflicting fb hw usage inteldrmfb vs EFI VGA - removing generic driver
[    3.552973] Console: switching to colour dummy device 80x25
[    3.580566] input: PC Speaker as /devices/platform/pcspkr/input/input5
[    3.586486] microcode: CPU0 sig=0x40651, pf=0x40, revision=0x17
[    3.586805] platform microcode: Direct firmware load failed with error -2
[    3.586808] platform microcode: Falling back to user helper
[    3.601643] cfg80211: Calling CRDA to update world regulatory domain
[    3.602047] ACPI: Battery Slot [BAT0] (battery present)
[    3.605236] lib80211: common routines for IEEE802.11 drivers
[    3.605240] lib80211_crypt: registered algorithm 'NULL'
[    3.625433] wl: module license 'Mixed/Proprietary' taints kernel.
[    3.625437] Disabling lock debugging due to kernel taint
[    3.641474] wl 0000:03:00.0: enabling device (0000 -> 0002)
[    3.662285] FAT-fs (sda4): Volume was not properly unmounted. Some data may be corrupt. Please run fsck.
[    3.670063] systemd-journald[124]: Received request to flush runtime journal from PID 1
[    3.688640] i915 0000:00:02.0: irq 67 for MSI/MSI-X
[    3.688654] [drm] Supports vblank timestamp caching Rev 2 (21.10.2013).
[    3.688656] [drm] Driver supports precise vblank timestamp query.
[    3.688782] vgaarb: device changed decodes: PCI:0000:00:02.0,olddecodes=io+mem,decodes=io+mem:owns=io+mem
[    3.697425] INFO @wl_cfg80211_attach : Registered CFG80211 phy
[    3.701753] lib80211_crypt: registered algorithm 'TKIP'
[    3.701960] eth0: Broadcom BCM43a0 802.11 Hybrid Wireless Controller 6.30.223.141 (r415941)
[    3.793796] applesmc: key=518 fan=1 temp=32 index=32 acc=0 lux=2 kbd=1
[    3.801394] input: bcm5974 as /devices/pci0000:00/0000:00:14.0/usb1/1-5/1-5:1.2/input/input6
[    3.801472] usbcore: registered new interface driver bcm5974
[    3.801812] hidraw: raw HID events driver (C) Jiri Kosina
[    3.818481] usbcore: registered new interface driver usbhid
[    3.818485] usbhid: USB HID core driver
[    3.828373] [drm] GMBUS [i915 gmbus dpb] timed out, falling back to bit banging on pin 5
[    3.830215] scsi 1:0:0:0: Direct-Access     APPLE    SD Card Reader   3.00 PQ: 0 ANSI: 6
[    3.833135] sd 1:0:0:0: [sdb] Attached SCSI removable disk
[    3.911622] [drm] GMBUS [i915 gmbus dpc] timed out, falling back to bit banging on pin 4
[    3.926895] fbcon: inteldrmfb (fb0) is primary device
[    4.057065] microcode: CPU1 sig=0x40651, pf=0x40, revision=0x17
[    4.057081] platform microcode: Direct firmware load failed with error -2
[    4.057082] platform microcode: Falling back to user helper
[    4.080393] BUG: unable to handle kernel NULL pointer dereference at           (null)
[    4.080399] IP: [<ffffffffa0269317>] mousedev_open_device+0x77/0x100 [mousedev]
[    4.080401] PGD 166488067 PUD 1664fd067 PMD 0 
[    4.080402] Oops: 0000 [#1] PREEMPT SMP 
[    4.080428] Modules linked in: mousedev(+) usbhid bcm5974 hid evdev applesmc input_polldev lib80211_crypt_tkip nls_cp437 vfat fat wl(PO) lib80211 microcode(+) cfg80211 pcspkr lpc_ich(+) i2c_i801(+) rfkill snd_hda_codec_cirrus i915(+) intel_agp snd_hda_intel intel_gtt drm_kms_helper snd_hda_codec video spi_pxa2xx_platform drm snd_hwdep snd_pcm battery ac snd_page_alloc apple_bl snd_timer i2c_algo_bit mei_me snd mei i2c_core soundcore shpchp button processor ext4 crc16 mbcache jbd2 sd_mod usb_storage ahci libahci xhci_hcd libata scsi_mod usbcore usb_common
[    4.080431] CPU: 2 PID: 398 Comm: acpid Tainted: P           O 3.13.5-1-ARCH #1
[    4.080432] Hardware name: Apple Inc. MacBookAir6,2/Mac-7DF21CB3ED6977E5, BIOS MBA61.88Z.0099.B04.1309271229 09/27/2013
[    4.080433] task: ffff8801664f0000 ti: ffff88008a97e000 task.ti: ffff88008a97e000
[    4.080437] RIP: 0010:[<ffffffffa0269317>]  [<ffffffffa0269317>] mousedev_open_device+0x77/0x100 [mousedev]
[    4.080438] RSP: 0018:ffff88008a97fc10  EFLAGS: 00010202
[    4.080439] RAX: 0000000000000000 RBX: ffff88016665b800 RCX: ffff88016665b868
[    4.080440] RDX: 0000000000000000 RSI: 0000000000000000 RDI: 0000000000000246
[    4.080441] RBP: ffff88008a97fc28 R08: 0000000000000000 R09: ffff88016a803600
[    4.080441] R10: 0000000000000000 R11: 0000000000000004 R12: 0000000000000000
[    4.080442] R13: ffff88016665b880 R14: ffff880037b13778 R15: ffff8801687d5a00
[    4.080444] FS:  00007f3f2ca0c700(0000) GS:ffff88016f280000(0000) knlGS:0000000000000000
[    4.080445] CS:  0010 DS: 0000 ES: 0000 CR0: 0000000080050033
[    4.080446] CR2: 0000000000000000 CR3: 0000000167dda000 CR4: 00000000001407e0
[    4.080447] Stack:
[    4.080449]  ffff88008aa9d800 ffff88016665b800 ffff88016665b878 ffff88008a97fc60
[    4.080451]  ffffffffa026a0cc ffff88016665bb48 ffff880037b13778 ffff8801687d5a00
[    4.080453]  ffffffffa026ae80 ffff8801687d5a10 ffff88008a97fc98 ffffffff811a834f
[    4.080454] Call Trace:
[    4.080458]  [<ffffffffa026a0cc>] mousedev_open+0xcc/0x150 [mousedev]
[    4.080463]  [<ffffffff811a834f>] chrdev_open+0x9f/0x1d0
[    4.080467]  [<ffffffff811a19e7>] do_dentry_open+0x1b7/0x2c0
[    4.080469]  [<ffffffff811aedc1>] ? __inode_permission+0x41/0xb0
[    4.080471]  [<ffffffff811a82b0>] ? cdev_put+0x30/0x30
[    4.080474]  [<ffffffff811a1e01>] finish_open+0x31/0x40
[    4.080476]  [<ffffffff811b1bf2>] do_last+0x572/0xe90
[    4.080478]  [<ffffffff811af0b6>] ? link_path_walk+0x236/0x8d0
[    4.080480]  [<ffffffff811b25cb>] path_openat+0xbb/0x6b0
[    4.080482]  [<ffffffff811b3cda>] do_filp_open+0x3a/0x90
[    4.080485]  [<ffffffff811c05c7>] ? __alloc_fd+0xa7/0x130
[    4.080488]  [<ffffffff811a2fd4>] do_sys_open+0x124/0x220
[    4.080491]  [<ffffffff811a30ee>] SyS_open+0x1e/0x20
[    4.080494]  [<ffffffff8152142d>] system_call_fastpath+0x1a/0x1f
[    4.080514] Code: c0 ee 2a e1 5b 44 89 e0 41 5c 41 5d 5d c3 66 0f 1f 44 00 00 4c 89 ef 41 bc ed ff ff ff e8 a2 ee 2a e1 eb e0 48 8b 15 c9 21 00 00 <8b> 02 8d 48 01 85 c0 89 0a 75 c6 48 8b 05 37 1f 00 00 48 3d 60 
[    4.080517] RIP  [<ffffffffa0269317>] mousedev_open_device+0x77/0x100 [mousedev]
[    4.080517]  RSP <ffff88008a97fc10>
[    4.080518] CR2: 0000000000000000
[    4.080520] ---[ end trace 894fe010325d01f2 ]---
[    4.081023] random: nonblocking pool is initialized
[    4.081812] apple 0003:05AC:0291.0001: hiddev0,hidraw0: USB HID v1.10 Device [Apple Inc. Apple Internal Keyboard / Trackpad] on usb-0000:00:14.0-5/input0
[    4.082070] input: Apple Inc. Apple Internal Keyboard / Trackpad as /devices/pci0000:00/0000:00:14.0/usb1/1-5/1-5:1.1/input/input7
[    4.104987] microcode: CPU2 sig=0x40651, pf=0x40, revision=0x17
[    4.105002] platform microcode: Direct firmware load failed with error -2
[    4.105003] platform microcode: Falling back to user helper
[    4.117211] microcode: CPU3 sig=0x40651, pf=0x40, revision=0x17
[    4.117228] platform microcode: Direct firmware load failed with error -2
[    4.117229] platform microcode: Falling back to user helper
[    4.117909] microcode: Microcode Update Driver: v2.00 <tigran@aivazian.fsnet.co.uk>, Peter Oruba
[    4.216323] Bluetooth: Core ver 2.17
[    4.216392] NET: Registered protocol family 31
[    4.216393] Bluetooth: HCI device and connection manager initialized
[    4.216400] Bluetooth: HCI socket layer initialized
[    4.216403] Bluetooth: L2CAP socket layer initialized
[    4.216409] Bluetooth: SCO socket layer initialized
[    4.220965] usbcore: registered new interface driver btusb
[    4.233067] usb 1-3.1: USB disconnect, device number 4
[    4.269471] systemd-udevd[153]: renamed network interface eth0 to wlp3s0
[    4.269471] input: HID 05ac:820b as /devices/pci0000:00/0000:00:14.0/usb1/1-3/1-3.2/1-3.2:1.0/input/input8
[    4.351606] usb 1-3.2: USB disconnect, device number 5
[    4.423372] intel_rapl: domain uncore energy ctr 17203:17203 not working, skip
[    4.514967] Switched to clocksource tsc
[    5.361626] [drm] Enabling RC6 states: RC6 on, RC6p off, RC6pp off
[    6.104977] Console: switching to colour frame buffer device 180x56
[    6.135917] i915 0000:00:02.0: fb0: inteldrmfb frame buffer device
[    6.136971] i915 0000:00:02.0: registered panic notifier
[    6.172214] ACPI: Video Device [IGPU] (multi-head: yes  rom: no  post: no)
[    6.173620] acpi device:03: registered as cooling_device5
[    6.174779] input: Video Bus as /devices/LNXSYSTM:00/device:00/PNP0A08:00/LNXVIDEO:00/input/input9
[   36.209849] [drm] Initialized i915 1.6.0 20080730 for 0000:00:02.0 on minor 0
[   36.211772] hid-generic 0003:05AC:820B.0004: hidraw1: USB HID v1.11 Mouse [HID 05ac:820b] on usb-0000:00:14.0-3.2/input0
[   36.212290] apple 0003:05AC:0291.0002: hiddev0,hidraw1: USB HID v1.10 Keyboard [Apple Inc. Apple Internal Keyboard / Trackpad] on usb-0000:00:14.0-5/input1
[   36.218444] ACPI Warning: 0x000000000000efa0-0x000000000000efbf SystemIO conflicts with Region \_SB_.PCI0.SBUS.SMBI 1 (20131115/utaddress-251)
[   36.221383] ACPI: If an ACPI driver is available for this device, you should use it instead of the native driver
[   36.222012] input: failed to attach handler mousedev to device input6, error: -4
[   36.222070] mousedev: PS/2 mouse device common for all mice
[   36.229709] snd_hda_intel 0000:00:03.0: irq 68 for MSI/MSI-X
[   36.233958] ACPI Warning: 0x0000000000000830-0x000000000000083f SystemIO conflicts with Region \GPIO 1 (20131115/utaddress-251)
[   36.236975] ACPI: If an ACPI driver is available for this device, you should use it instead of the native driver
[   36.238744] iTCO_vendor_support: vendor-support=0
[   36.239507] iTCO_wdt: Intel TCO WatchDog Timer Driver v1.10
[   36.246108] ACPI Warning: 0x0000000000000800-0x000000000000082f SystemIO conflicts with Region \GPIO 1 (20131115/utaddress-251)
[   36.246117] ACPI Warning: 0x0000000000000800-0x000000000000082f SystemIO conflicts with Region \IO_D 2 (20131115/utaddress-251)
[   36.246122] ACPI Warning: 0x0000000000000800-0x000000000000082f SystemIO conflicts with Region \IO_T 3 (20131115/utaddress-251)
[   36.246127] ACPI: If an ACPI driver is available for this device, you should use it instead of the native driver
[   36.246130] lpc_ich: Resource conflict(s) found affecting gpio_ich
[   36.246442] iTCO_wdt: unable to reset NO_REBOOT flag, device disabled by hardware/BIOS
[   36.256516] input: HDA Intel HDMI HDMI/DP,pcm=8 as /devices/pci0000:00/0000:00:03.0/sound/card0/input12
[   36.256616] input: HDA Intel HDMI HDMI/DP,pcm=7 as /devices/pci0000:00/0000:00:03.0/sound/card0/input11
[   36.256685] input: HDA Intel HDMI HDMI/DP,pcm=3 as /devices/pci0000:00/0000:00:03.0/sound/card0/input10
[   37.009088] type=1006 audit(1394054092.946:2): pid=1537 uid=0 old auid=4294967295 new auid=120 old ses=4294967295 new ses=1 res=1
[   37.031499] systemd-journald[124]: File /var/log/journal/a1f928ebcba64e02bbc92eea02f67bc9/user-120.journal corrupted or uncleanly shut down, renaming and replacing.
[   87.895652] type=1006 audit(1394054143.826:3): pid=1680 uid=0 old auid=4294967295 new auid=1000 old ses=4294967295 new ses=2 res=1
[   87.905103] type=1006 audit(1394054143.836:4): pid=1685 uid=0 old auid=4294967295 new auid=1000 old ses=4294967295 new ses=3 res=1
[   88.322492] fuse init (API version 7.22)
[  150.895449] EXT4-fs (sda5): re-mounted. Opts: discard,data=ordered,commit=600
[  152.548200] NMI watchdog: enabled on all CPUs, permanently consumes one hw-PMU counter.
[  152.582179] EXT4-fs (sda5): re-mounted. Opts: discard,data=ordered,commit=0
[  296.982953] usb 1-2: new low-speed USB device number 7 using xhci_hcd
[  297.018638] usb 1-2: ep 0x81 - rounding interval to 64 microframes, ep desc says 80 microframes
[  297.018648] usb 1-2: ep 0x82 - rounding interval to 64 microframes, ep desc says 80 microframes
[  297.029741] input:   USB Keyboard as /devices/pci0000:00/0000:00:14.0/usb1/1-2/1-2:1.0/input/input13
[  297.029965] hid-generic 0003:1241:1603.0005: input,hidraw2: USB HID v1.10 Keyboard [  USB Keyboard] on usb-0000:00:14.0-2/input0
[  297.048282] input:   USB Keyboard as /devices/pci0000:00/0000:00:14.0/usb1/1-2/1-2:1.1/input/input14
[  297.048446] hid-generic 0003:1241:1603.0006: input,hidraw3: USB HID v1.10 Device [  USB Keyboard] on usb-0000:00:14.0-2/input1
