Initializing cgroup subsys cpuset
Initializing cgroup subsys cpu
Linux version 2.6.33-ARCH (thomas@evey) (gcc version 4.4.3 (GCC) ) #1 SMP PREEMPT Mon Mar 15 19:11:52 CET 2010
Command line: root=/dev/mapper/evey-root cryptdevice=/dev/disk/by-uuid/80cb58eb-c1f8-4a7c-8546-c6376a1c6961:pv ro
BIOS-provided physical RAM map:
 BIOS-e820: 0000000000000000 - 000000000009ec00 (usable)
 BIOS-e820: 000000000009ec00 - 00000000000a0000 (reserved)
 BIOS-e820: 00000000000e0000 - 0000000000100000 (reserved)
 BIOS-e820: 0000000000100000 - 00000000b70d0000 (usable)
 BIOS-e820: 00000000b70d0000 - 00000000b70d0200 (ACPI NVS)
 BIOS-e820: 00000000b70d0200 - 00000000b70d2000 (reserved)
 BIOS-e820: 00000000b70d2000 - 00000000b71d0000 (ACPI NVS)
 BIOS-e820: 00000000b71d0000 - 00000000b71f0000 (ACPI data)
 BIOS-e820: 00000000b71f0000 - 00000000c0000000 (reserved)
 BIOS-e820: 00000000e0000000 - 00000000f0000000 (reserved)
 BIOS-e820: 00000000fec00000 - 00000000fec01000 (reserved)
 BIOS-e820: 00000000fed10000 - 00000000fed14000 (reserved)
 BIOS-e820: 00000000fed18000 - 00000000fed1a000 (reserved)
 BIOS-e820: 00000000fed1c000 - 00000000fed20000 (reserved)
 BIOS-e820: 00000000fee00000 - 00000000fee01000 (reserved)
 BIOS-e820: 00000000ffe00000 - 0000000100000000 (reserved)
 BIOS-e820: 0000000100000000 - 0000000138000000 (usable)
NX (Execute Disable) protection: active
DMI 2.4 present.
No AGP bridge found
last_pfn = 0x138000 max_arch_pfn = 0x400000000
MTRR default type: uncachable
MTRR fixed ranges enabled:
  00000-9FFFF write-back
  A0000-BFFFF uncachable
  C0000-DFFFF write-protect
  E0000-EFFFF write-through
  F0000-FFFFF write-protect
MTRR variable ranges enabled:
  0 base 0FFE00000 mask FFFE00000 uncachable
  1 base 000000000 mask F80000000 write-back
  2 base 080000000 mask FC0000000 write-back
  3 base 0B8000000 mask FF8000000 uncachable
  4 base 100000000 mask FC0000000 write-back
  5 disabled
  6 disabled
  7 disabled
x86 PAT enabled: cpu 0, old 0x7040600070406, new 0x7010600070106
e820 update range: 00000000b8000000 - 0000000100000000 (usable) ==> (reserved)
last_pfn = 0xb70d0 max_arch_pfn = 0x400000000
e820 update range: 0000000000001000 - 0000000000010000 (usable) ==> (reserved)
Scanning 1 areas for low memory corruption
modified physical RAM map:
 modified: 0000000000000000 - 0000000000001000 (usable)
 modified: 0000000000001000 - 0000000000010000 (reserved)
 modified: 0000000000010000 - 000000000009ec00 (usable)
 modified: 000000000009ec00 - 00000000000a0000 (reserved)
 modified: 00000000000e0000 - 0000000000100000 (reserved)
 modified: 0000000000100000 - 00000000b70d0000 (usable)
 modified: 00000000b70d0000 - 00000000b70d0200 (ACPI NVS)
 modified: 00000000b70d0200 - 00000000b70d2000 (reserved)
 modified: 00000000b70d2000 - 00000000b71d0000 (ACPI NVS)
 modified: 00000000b71d0000 - 00000000b71f0000 (ACPI data)
 modified: 00000000b71f0000 - 00000000c0000000 (reserved)
 modified: 00000000e0000000 - 00000000f0000000 (reserved)
 modified: 00000000fec00000 - 00000000fec01000 (reserved)
 modified: 00000000fed10000 - 00000000fed14000 (reserved)
 modified: 00000000fed18000 - 00000000fed1a000 (reserved)
 modified: 00000000fed1c000 - 00000000fed20000 (reserved)
 modified: 00000000fee00000 - 00000000fee01000 (reserved)
 modified: 00000000ffe00000 - 0000000100000000 (reserved)
 modified: 0000000100000000 - 0000000138000000 (usable)
initial memory mapped : 0 - 20000000
init_memory_mapping: 0000000000000000-00000000b70d0000
 0000000000 - 00b7000000 page 2M
 00b7000000 - 00b70d0000 page 4k
kernel direct mapping tables up to b70d0000 @ 16000-1b000
init_memory_mapping: 0000000100000000-0000000138000000
 0100000000 - 0138000000 page 2M
kernel direct mapping tables up to 138000000 @ 19000-1f000
RAMDISK: 37d78000 - 37fefdad
ACPI: RSDP 00000000000f0030 00014 (v00 TOSHIB)
ACPI: RSDT 00000000b71ee038 00050 (v01 TOSHIB A0076    00000001      01000013)
ACPI: FACP 00000000b71ed000 00081 (v02 TOSHIB A0076    00000001 LOHR 0000005F)
ACPI: DSDT 00000000b71db000 09A12 (v02 TOSHIB A0076    20091213 INTL 20061109)
ACPI: FACS 00000000b715a000 00040
ACPI: HPET 00000000b71ec000 00038 (v01 TOSHIB A0076    00000001 LOHR 0000005F)
ACPI: APIC 00000000b71eb000 000BC (v01 TOSHIB A0076    00000001 LOHR 0000005F)
ACPI: MCFG 00000000b71ea000 0003C (v01 TOSHIB A0076    00000001 LOHR 0000005F)
ACPI: TCPA 00000000b71e8000 00032 (v02 TOSHIB A0076    00000000 LOHR 0000005F)
ACPI: BOOT 00000000b71e7000 00028 (v01 TOSHIB A0076    00000000 LOHR 0000005F)
ACPI: SLIC 00000000b71e6000 00176 (v01 TOSHIB A0076    00000000 LOHR 0000005F)
ACPI: SSDT 00000000b71da000 002A2 (v01 TOSHIB SataAhci 00001000 INTL 20061109)
ACPI: SSDT 00000000b71d7000 0072A (v01 TOSHIB PtidDevc 00001000 INTL 20061109)
ACPI: ASF! 00000000b71e9000 000A0 (v32 TOSHIB A0076    00000001 LOHR 0000005F)
ACPI: SSDT 00000000b71d6000 00A10 (v01  PmRef    CpuPm 00003000 INTL 20061109)
ACPI: Local APIC address 0xfee00000
(9 early reservations) ==> bootmem [0000000000 - 0138000000]
  #0 [0000000000 - 0000001000]   BIOS data page ==> [0000000000 - 0000001000]
  #1 [0001000000 - 00016d8958]    TEXT DATA BSS ==> [0001000000 - 00016d8958]
  #2 [0037d78000 - 0037fefdad]          RAMDISK ==> [0037d78000 - 0037fefdad]
  #3 [000009ec00 - 0000100000]    BIOS reserved ==> [000009ec00 - 0000100000]
  #4 [00016d9000 - 00016d9168]              BRK ==> [00016d9000 - 00016d9168]
  #5 [0000010000 - 0000012000]       TRAMPOLINE ==> [0000010000 - 0000012000]
  #6 [0000012000 - 0000016000]      ACPI WAKEUP ==> [0000012000 - 0000016000]
  #7 [0000016000 - 0000019000]          PGTABLE ==> [0000016000 - 0000019000]
  #8 [0000019000 - 000001a000]          PGTABLE ==> [0000019000 - 000001a000]
 [ffffea0000000000-ffffea00045fffff] PMD -> [ffff880001800000-ffff880004ffffff] on node 0
Zone PFN ranges:
  DMA      0x00000000 -> 0x00001000
  DMA32    0x00001000 -> 0x00100000
  Normal   0x00100000 -> 0x00138000
Movable zone start PFN for each node
early_node_map[4] active PFN ranges
    0: 0x00000000 -> 0x00000001
    0: 0x00000010 -> 0x0000009e
    0: 0x00000100 -> 0x000b70d0
    0: 0x00100000 -> 0x00138000
On node 0 totalpages: 979039
  DMA zone: 56 pages used for memmap
  DMA zone: 108 pages reserved
  DMA zone: 3819 pages, LIFO batch:0
  DMA32 zone: 14280 pages used for memmap
  DMA32 zone: 731400 pages, LIFO batch:31
  Normal zone: 3136 pages used for memmap
  Normal zone: 226240 pages, LIFO batch:31
ACPI: PM-Timer IO Port: 0x408
ACPI: Local APIC address 0xfee00000
ACPI: LAPIC (acpi_id[0x00] lapic_id[0x00] enabled)
ACPI: LAPIC (acpi_id[0x01] lapic_id[0x01] enabled)
ACPI: LAPIC (acpi_id[0x02] lapic_id[0x04] enabled)
ACPI: LAPIC (acpi_id[0x03] lapic_id[0x05] enabled)
ACPI: LAPIC (acpi_id[0x04] lapic_id[0x00] disabled)
ACPI: LAPIC (acpi_id[0x05] lapic_id[0x00] disabled)
ACPI: LAPIC (acpi_id[0x06] lapic_id[0x00] disabled)
ACPI: LAPIC (acpi_id[0x07] lapic_id[0x00] disabled)
ACPI: LAPIC_NMI (acpi_id[0x00] high edge lint[0x1])
ACPI: LAPIC_NMI (acpi_id[0x01] high edge lint[0x1])
ACPI: LAPIC_NMI (acpi_id[0x02] high edge lint[0x1])
ACPI: LAPIC_NMI (acpi_id[0x03] high edge lint[0x1])
ACPI: LAPIC_NMI (acpi_id[0x04] high edge lint[0x1])
ACPI: LAPIC_NMI (acpi_id[0x05] high edge lint[0x1])
ACPI: LAPIC_NMI (acpi_id[0x06] high edge lint[0x1])
ACPI: LAPIC_NMI (acpi_id[0x07] high edge lint[0x1])
ACPI: IOAPIC (id[0x01] address[0xfec00000] gsi_base[0])
IOAPIC[0]: apic_id 1, version 32, address 0xfec00000, GSI 0-23
ACPI: INT_SRC_OVR (bus 0 bus_irq 0 global_irq 2 dfl dfl)
ACPI: INT_SRC_OVR (bus 0 bus_irq 9 global_irq 9 high level)
ACPI: IRQ0 used by override.
ACPI: IRQ2 used by override.
ACPI: IRQ9 used by override.
Using ACPI (MADT) for SMP configuration information
ACPI: HPET id: 0x8086a201 base: 0xfed00000
SMP: Allowing 8 CPUs, 4 hotplug CPUs
nr_irqs_gsi: 24
PM: Registered nosave memory: 0000000000001000 - 0000000000010000
PM: Registered nosave memory: 000000000009e000 - 000000000009f000
PM: Registered nosave memory: 000000000009f000 - 00000000000a0000
PM: Registered nosave memory: 00000000000a0000 - 00000000000e0000
PM: Registered nosave memory: 00000000000e0000 - 0000000000100000
PM: Registered nosave memory: 00000000b70d0000 - 00000000b70d1000
PM: Registered nosave memory: 00000000b70d1000 - 00000000b70d2000
PM: Registered nosave memory: 00000000b70d2000 - 00000000b71d0000
PM: Registered nosave memory: 00000000b71d0000 - 00000000b71f0000
PM: Registered nosave memory: 00000000b71f0000 - 00000000c0000000
PM: Registered nosave memory: 00000000c0000000 - 00000000e0000000
PM: Registered nosave memory: 00000000e0000000 - 00000000f0000000
PM: Registered nosave memory: 00000000f0000000 - 00000000fec00000
PM: Registered nosave memory: 00000000fec00000 - 00000000fec01000
PM: Registered nosave memory: 00000000fec01000 - 00000000fed10000
PM: Registered nosave memory: 00000000fed10000 - 00000000fed14000
PM: Registered nosave memory: 00000000fed14000 - 00000000fed18000
PM: Registered nosave memory: 00000000fed18000 - 00000000fed1a000
PM: Registered nosave memory: 00000000fed1a000 - 00000000fed1c000
PM: Registered nosave memory: 00000000fed1c000 - 00000000fed20000
PM: Registered nosave memory: 00000000fed20000 - 00000000fee00000
PM: Registered nosave memory: 00000000fee00000 - 00000000fee01000
PM: Registered nosave memory: 00000000fee01000 - 00000000ffe00000
PM: Registered nosave memory: 00000000ffe00000 - 0000000100000000
Allocating PCI resources starting at c0000000 (gap: c0000000:20000000)
Booting paravirtualized kernel on bare hardware
setup_percpu: NR_CPUS:16 nr_cpumask_bits:16 nr_cpu_ids:8 nr_node_ids:1
PERCPU: Embedded 29 pages/cpu @ffff880005200000 s89176 r8192 d21416 u262144
pcpu-alloc: s89176 r8192 d21416 u262144 alloc=1*2097152
pcpu-alloc: [0] 0 1 2 3 4 5 6 7 
Built 1 zonelists in Zone order, mobility grouping on.  Total pages: 961459
Kernel command line: root=/dev/mapper/evey-root cryptdevice=/dev/disk/by-uuid/80cb58eb-c1f8-4a7c-8546-c6376a1c6961:pv ro
PID hash table entries: 4096 (order: 3, 32768 bytes)
Dentry cache hash table entries: 524288 (order: 10, 4194304 bytes)
Inode-cache hash table entries: 262144 (order: 9, 2097152 bytes)
Checking aperture...
No AGP bridge found
Calgary: detecting Calgary via BIOS EBDA area
Calgary: Unable to locate Rio Grande table in EBDA - bailing!
Memory: 3774940k/5111808k available (3451k kernel code, 1195652k absent, 140312k reserved, 1815k data, 484k init)
SLUB: Genslabs=13, HWalign=64, Order=0-3, MinObjects=0, CPUs=8, Nodes=1
Hierarchical RCU implementation.
NR_IRQS:768
Console: colour VGA+ 80x25
console [tty0] enabled
allocated 39321600 bytes of page_cgroup
please try 'cgroup_disable=memory' option if you don't want memory cgroups
hpet clockevent registered
Fast TSC calibration using PIT
Detected 2393.939 MHz processor.
Calibrating delay loop (skipped), value calculated using timer frequency.. 4789.37 BogoMIPS (lpj=7979796)
Security Framework initialized
Mount-cache hash table entries: 256
Initializing cgroup subsys ns
Initializing cgroup subsys cpuacct
Initializing cgroup subsys memory
Initializing cgroup subsys devices
Initializing cgroup subsys freezer
Initializing cgroup subsys net_cls
CPU: Physical Processor ID: 0
CPU: Processor Core ID: 0
mce: CPU supports 9 MCE banks
CPU0: Thermal monitoring handled by SMI
CPU 0 MCA banks CMCI:2 CMCI:3 CMCI:5 CMCI:6
using mwait in idle threads.
Performance Events: Nehalem/Corei7 events, Intel PMU driver.
... version:                3
... bit width:              48
... generic registers:      4
... value mask:             0000ffffffffffff
... max period:             000000007fffffff
... fixed-purpose events:   3
... event mask:             000000070000000f
ACPI: Core revision 20091214
Setting APIC routing to flat
..TIMER: vector=0x30 apic1=0 pin1=2 apic2=-1 pin2=-1
CPU0: Intel(R) Core(TM) i5 CPU       M 520  @ 2.40GHz stepping 02
Booting Node   0, Processors  #1
CPU1: Thermal monitoring handled by SMI
CPU 1 MCA banks SHD:2 SHD:3 SHD:5 SHD:6
 #2
CPU2: Thermal monitoring handled by SMI
CPU 2 MCA banks CMCI:2 CMCI:3 CMCI:5 SHD:6
 #3
CPU3: Thermal monitoring handled by SMI
CPU 3 MCA banks SHD:2 SHD:3 SHD:5 SHD:6
Brought up 4 CPUs
Total of 4 processors activated (19159.78 BogoMIPS).
NET: Registered protocol family 16
ACPI: bus type pci registered
PCI: MMCONFIG for domain 0000 [bus 00-ff] at [mem 0xe0000000-0xefffffff] (base 0xe0000000)
PCI: MMCONFIG at [mem 0xe0000000-0xefffffff] reserved in E820
PCI: Using configuration type 1 for base access
bio: create slab <bio-0> at 0
ACPI: EC: Look up EC in DSDT
ACPI: Executed 1 blocks of module-level executable AML code
ACPI: BIOS _OSI(Linux) query ignored
ACPI: Interpreter enabled
ACPI: (supports S0 S3 S4 S5)
ACPI: Using IOAPIC for interrupt routing
ACPI: ACPI Dock Station Driver: 1 docks/bays found
ACPI: PCI Root Bridge [PCI0] (0000:00)
pci_root PNP0A08:00: ignoring host bridge windows from ACPI; boot with "pci=use_crs" to use them
pci_root PNP0A08:00: host bridge window [io  0x0000-0x0cf7] (ignored)
pci_root PNP0A08:00: host bridge window [io  0x0d00-0xffff] (ignored)
pci_root PNP0A08:00: host bridge window [mem 0x000a0000-0x000bffff] (ignored)
pci_root PNP0A08:00: host bridge window [mem 0xc0000000-0xfeafffff] (ignored)
pci 0000:00:02.0: reg 10: [mem 0xd0000000-0xd03fffff 64bit]
pci 0000:00:02.0: reg 18: [mem 0xc0000000-0xcfffffff 64bit pref]
pci 0000:00:02.0: reg 20: [io  0x2050-0x2057]
pci 0000:00:16.0: reg 10: [mem 0xd0827000-0xd082700f 64bit]
pci 0000:00:16.0: PME# supported from D0 D3hot D3cold
pci 0000:00:16.0: PME# disabled
pci 0000:00:19.0: reg 10: [mem 0xd0800000-0xd081ffff]
pci 0000:00:19.0: reg 14: [mem 0xd0825000-0xd0825fff]
pci 0000:00:19.0: reg 18: [io  0x2020-0x203f]
pci 0000:00:19.0: PME# supported from D0 D3hot D3cold
pci 0000:00:19.0: PME# disabled
pci 0000:00:1a.0: reg 10: [mem 0xd0826c00-0xd0826fff]
pci 0000:00:1a.0: PME# supported from D0 D3hot D3cold
pci 0000:00:1a.0: PME# disabled
pci 0000:00:1b.0: reg 10: [mem 0xd0820000-0xd0823fff 64bit]
pci 0000:00:1b.0: PME# supported from D0 D3hot D3cold
pci 0000:00:1b.0: PME# disabled
pci 0000:00:1c.0: PME# supported from D0 D3hot D3cold
pci 0000:00:1c.0: PME# disabled
pci 0000:00:1c.1: PME# supported from D0 D3hot D3cold
pci 0000:00:1c.1: PME# disabled
pci 0000:00:1c.2: PME# supported from D0 D3hot D3cold
pci 0000:00:1c.2: PME# disabled
pci 0000:00:1d.0: reg 10: [mem 0xd0826800-0xd0826bff]
pci 0000:00:1d.0: PME# supported from D0 D3hot D3cold
pci 0000:00:1d.0: PME# disabled
pci 0000:00:1f.2: reg 10: [io  0x2048-0x204f]
pci 0000:00:1f.2: reg 14: [io  0x205c-0x205f]
pci 0000:00:1f.2: reg 18: [io  0x2040-0x2047]
pci 0000:00:1f.2: reg 1c: [io  0x2058-0x205b]
pci 0000:00:1f.2: reg 20: [io  0x2000-0x201f]
pci 0000:00:1f.2: reg 24: [mem 0xd0826000-0xd08267ff]
pci 0000:00:1f.2: PME# supported from D3hot
pci 0000:00:1f.2: PME# disabled
pci 0000:00:1f.6: reg 10: [mem 0xd0824000-0xd0824fff 64bit]
pci 0000:01:00.0: reg 10: [mem 0xd0700200-0xd07002ff]
pci 0000:01:00.0: supports D1 D2
pci 0000:01:00.0: PME# supported from D0 D1 D2 D3hot D3cold
pci 0000:01:00.0: PME# disabled
pci 0000:01:00.1: reg 10: [mem 0xd0700100-0xd07001ff]
pci 0000:01:00.1: supports D1 D2
pci 0000:01:00.1: PME# supported from D0 D1 D2 D3hot D3cold
pci 0000:01:00.1: PME# disabled
pci 0000:01:00.2: reg 10: [mem 0xd0700000-0xd07000ff]
pci 0000:01:00.2: supports D1 D2
pci 0000:01:00.2: PME# supported from D0 D1 D2 D3hot D3cold
pci 0000:01:00.2: PME# disabled
pci 0000:00:1c.0: PCI bridge to [bus 01-01]
pci 0000:00:1c.0:   bridge window [mem 0xd0700000-0xd07fffff]
pci 0000:02:00.0: reg 10: [mem 0xd0600000-0xd060ffff 64bit]
pci 0000:02:00.0: supports D1
pci 0000:02:00.0: PME# supported from D0 D1 D3hot
pci 0000:02:00.0: PME# disabled
pci 0000:00:1c.1: PCI bridge to [bus 02-02]
pci 0000:00:1c.1:   bridge window [mem 0xd0600000-0xd06fffff]
pci 0000:00:1c.2: PCI bridge to [bus 03-03]
pci 0000:00:1c.2:   bridge window [io  0xb000-0xbfff]
pci 0000:00:1c.2:   bridge window [mem 0xd0500000-0xd05fffff]
pci 0000:00:1e.0: PCI bridge to [bus 04-04] (subtractive decode)
pci 0000:00:1e.0:   bridge window [mem 0xd0400000-0xd04fffff]
pci_bus 0000:00: on NUMA node 0
ACPI: PCI Interrupt Routing Table [\_SB_.PCI0._PRT]
ACPI: PCI Interrupt Routing Table [\_SB_.PCI0.RP01._PRT]
ACPI: PCI Interrupt Routing Table [\_SB_.PCI0.RP02._PRT]
ACPI: PCI Interrupt Routing Table [\_SB_.PCI0.RP03._PRT]
ACPI: PCI Interrupt Routing Table [\_SB_.PCI0.PCIB._PRT]
ACPI: PCI Root Bridge [CPBG] (0000:ff)
pci_root PNP0A03:00: ignoring host bridge windows from ACPI; boot with "pci=use_crs" to use them
pci_bus 0000:ff: on NUMA node 0
ACPI: PCI Interrupt Link [LNKA] (IRQs 1 3 4 5 6 7 10 12 14 15) *11
ACPI: PCI Interrupt Link [LNKB] (IRQs 1 *3 4 5 6 7 11 12 14 15)
ACPI: PCI Interrupt Link [LNKC] (IRQs 1 3 4 5 6 7 *10 12 14 15)
ACPI: PCI Interrupt Link [LNKD] (IRQs 1 3 4 5 6 7 *11 12 14 15)
ACPI: PCI Interrupt Link [LNKE] (IRQs 1 3 4 5 *6 7 10 12 14 15)
ACPI: PCI Interrupt Link [LNKF] (IRQs 1 3 4 5 6 7 11 12 14 15) *0, disabled.
ACPI: PCI Interrupt Link [LNKG] (IRQs 1 3 4 *5 6 7 10 12 14 15)
ACPI: PCI Interrupt Link [LNKH] (IRQs 1 3 4 5 6 7 *11 12 14 15)
vgaarb: device added: PCI:0000:00:02.0,decodes=io+mem,owns=io+mem,locks=none
vgaarb: loaded
PCI: Using ACPI for IRQ routing
PCI: pci_cache_line_size set to 64 bytes
NetLabel: Initializing
NetLabel:  domain hash size = 128
NetLabel:  protocols = UNLABELED CIPSOv4
NetLabel:  unlabeled traffic allowed by default
hpet0: at MMIO 0xfed00000, IRQs 2, 8, 0, 0, 0, 0, 0, 0
hpet0: 8 comparators, 64-bit 14.318180 MHz counter
Switching to clocksource tsc
pnp: PnP ACPI init
ACPI: bus type pnp registered
pnp: PnP ACPI: found 13 devices
ACPI: ACPI bus type pnp unregistered
system 00:01: [mem 0xfed1c000-0xfed1ffff] has been reserved
system 00:01: [mem 0xfed10000-0xfed13fff] has been reserved
system 00:01: [mem 0xfed18000-0xfed18fff] has been reserved
system 00:01: [mem 0xfed19000-0xfed19fff] has been reserved
system 00:01: [mem 0xd0900000-0xd0900fff] has been reserved
system 00:01: [mem 0xfeb00000-0xfeb03fff] has been reserved
system 00:01: [mem 0xfed20000-0xfed3ffff] has been reserved
system 00:01: [mem 0xfed45000-0xfed8ffff] has been reserved
system 00:01: [mem 0xff000000-0xffffffff] could not be reserved
system 00:01: [mem 0xfee00000-0xfeefffff] could not be reserved
system 00:04: [mem 0xfed00000-0xfed003ff] has been reserved
system 00:06: [io  0x1000-0x100f] has been reserved
system 00:06: [io  0x1010-0x1013] has been reserved
system 00:06: [io  0xffff] has been reserved
system 00:06: [io  0x0400-0x047f] has been reserved
system 00:06: [io  0x0500-0x053f] has been reserved
system 00:07: [io  0x0680-0x06ff] has been reserved
system 00:07: [io  0x01e0-0x01e7] has been reserved
pci 0000:00:1c.0: BAR 15: assigned [mem 0xd0a00000-0xd0bfffff 64bit pref]
pci 0000:00:1c.1: BAR 15: assigned [mem 0xd0c00000-0xd0dfffff 64bit pref]
pci 0000:00:1c.2: BAR 15: assigned [mem 0xd0e00000-0xd0ffffff 64bit pref]
pci 0000:00:1c.0: BAR 13: assigned [io  0x3000-0x3fff]
pci 0000:00:1c.1: BAR 13: assigned [io  0x4000-0x4fff]
pci 0000:00:1c.0: PCI bridge to [bus 01-01]
pci 0000:00:1c.0:   bridge window [io  0x3000-0x3fff]
pci 0000:00:1c.0:   bridge window [mem 0xd0700000-0xd07fffff]
pci 0000:00:1c.0:   bridge window [mem 0xd0a00000-0xd0bfffff 64bit pref]
pci 0000:00:1c.1: PCI bridge to [bus 02-02]
pci 0000:00:1c.1:   bridge window [io  0x4000-0x4fff]
pci 0000:00:1c.1:   bridge window [mem 0xd0600000-0xd06fffff]
pci 0000:00:1c.1:   bridge window [mem 0xd0c00000-0xd0dfffff 64bit pref]
pci 0000:00:1c.2: PCI bridge to [bus 03-03]
pci 0000:00:1c.2:   bridge window [io  0xb000-0xbfff]
pci 0000:00:1c.2:   bridge window [mem 0xd0500000-0xd05fffff]
pci 0000:00:1c.2:   bridge window [mem 0xd0e00000-0xd0ffffff 64bit pref]
pci 0000:00:1e.0: PCI bridge to [bus 04-04]
pci 0000:00:1e.0:   bridge window [io  disabled]
pci 0000:00:1e.0:   bridge window [mem 0xd0400000-0xd04fffff]
pci 0000:00:1e.0:   bridge window [mem pref disabled]
pci 0000:00:1c.0: PCI INT A -> GSI 16 (level, low) -> IRQ 16
pci 0000:00:1c.0: setting latency timer to 64
pci 0000:00:1c.1: PCI INT B -> GSI 17 (level, low) -> IRQ 17
pci 0000:00:1c.1: setting latency timer to 64
pci 0000:00:1c.2: PCI INT C -> GSI 18 (level, low) -> IRQ 18
pci 0000:00:1c.2: setting latency timer to 64
pci 0000:00:1e.0: setting latency timer to 64
pci_bus 0000:00: resource 0 [io  0x0000-0xffff]
pci_bus 0000:00: resource 1 [mem 0x00000000-0xffffffffffffffff]
pci_bus 0000:01: resource 0 [io  0x3000-0x3fff]
pci_bus 0000:01: resource 1 [mem 0xd0700000-0xd07fffff]
pci_bus 0000:01: resource 2 [mem 0xd0a00000-0xd0bfffff 64bit pref]
pci_bus 0000:02: resource 0 [io  0x4000-0x4fff]
pci_bus 0000:02: resource 1 [mem 0xd0600000-0xd06fffff]
pci_bus 0000:02: resource 2 [mem 0xd0c00000-0xd0dfffff 64bit pref]
pci_bus 0000:03: resource 0 [io  0xb000-0xbfff]
pci_bus 0000:03: resource 1 [mem 0xd0500000-0xd05fffff]
pci_bus 0000:03: resource 2 [mem 0xd0e00000-0xd0ffffff 64bit pref]
pci_bus 0000:04: resource 1 [mem 0xd0400000-0xd04fffff]
pci_bus 0000:04: resource 3 [io  0x0000-0xffff]
pci_bus 0000:04: resource 4 [mem 0x00000000-0xffffffffffffffff]
pci_bus 0000:ff: resource 0 [io  0x0000-0xffff]
pci_bus 0000:ff: resource 1 [mem 0x00000000-0xffffffffffffffff]
NET: Registered protocol family 2
IP route cache hash table entries: 131072 (order: 8, 1048576 bytes)
TCP established hash table entries: 262144 (order: 10, 4194304 bytes)
TCP bind hash table entries: 65536 (order: 8, 1048576 bytes)
TCP: Hash tables configured (established 262144 bind 65536)
TCP reno registered
UDP hash table entries: 2048 (order: 4, 65536 bytes)
UDP-Lite hash table entries: 2048 (order: 4, 65536 bytes)
NET: Registered protocol family 1
pci 0000:00:02.0: Boot video device
PCI: CLS 64 bytes, default 64
Unpacking initramfs...
Freeing initrd memory: 2527k freed
PCI-DMA: Using software bounce buffering for IO (SWIOTLB)
Placing 64MB software IO TLB between ffff8800059dd000 - ffff8800099dd000
software IO TLB at phys 0x59dd000 - 0x99dd000
Simple Boot Flag at 0x7c set to 0x1
Scanning for low memory corruption every 60 seconds
audit: initializing netlink socket (disabled)
type=2000 audit(1268770224.841:1): initialized
VFS: Disk quotas dquot_6.5.2
Dquot-cache hash table entries: 512 (order 0, 4096 bytes)
msgmni has been set to 7379
alg: No test for stdrng (krng)
Block layer SCSI generic (bsg) driver version 0.4 loaded (major 254)
io scheduler noop registered
io scheduler deadline registered
io scheduler cfq registered (default)
pcieport 0000:00:1c.0: setting latency timer to 64
pcieport 0000:00:1c.0: irq 24 for MSI/MSI-X
pcieport 0000:00:1c.1: setting latency timer to 64
pcieport 0000:00:1c.1: irq 25 for MSI/MSI-X
pcieport 0000:00:1c.2: setting latency timer to 64
pcieport 0000:00:1c.2: irq 26 for MSI/MSI-X
Linux agpgart interface v0.103
Serial: 8250/16550 driver, 4 ports, IRQ sharing disabled
serial8250: ttyS0 at I/O 0x3f8 (irq = 4) is a 16550A
00:09: ttyS0 at I/O 0x3f8 (irq = 4) is a 16550A
input: Macintosh mouse button emulation as /devices/virtual/input/input0
PNP: PS/2 Controller [PNP0303:PS2K,PNP0f13:PS2M] at 0x60,0x64 irq 1,12
serio: i8042 KBD port at 0x60,0x64 irq 1
serio: i8042 AUX port at 0x60,0x64 irq 12
mice: PS/2 mouse device common for all mice
cpuidle: using governor ladder
cpuidle: using governor menu
TCP cubic registered
NET: Registered protocol family 17
PM: Resume from disk failed.
registered taskstats version 1
Initalizing network drop monitor service
Freeing unused kernel memory: 484k freed
input: AT Translated Set 2 keyboard as /devices/platform/i8042/serio0/input/input1
agpgart-intel 0000:00:00.0: Intel Ironlake/M Chipset
agpgart-intel 0000:00:00.0: detected 65532K stolen memory
agpgart-intel 0000:00:00.0: AGP aperture is 256M @ 0xc0000000
input: Power Button as /devices/LNXSYSTM:00/LNXSYBUS:00/PNP0C0C:00/input/input2
ACPI: Power Button [PWRB]
input: Lid Switch as /devices/LNXSYSTM:00/LNXSYBUS:00/PNP0C0D:00/input/input3
ACPI: Lid Switch [LID]
input: Power Button as /devices/LNXSYSTM:00/LNXPWRBN:00/input/input4
ACPI: Power Button [PWRF]
[drm] Initialized drm 1.1.0 20060810
i915 0000:00:02.0: power state changed by ACPI to D0
i915 0000:00:02.0: PCI INT A -> GSI 16 (level, low) -> IRQ 16
i915 0000:00:02.0: setting latency timer to 64
i915 0000:00:02.0: irq 27 for MSI/MSI-X
[drm] set up 63M of stolen space
Console: switching to colour frame buffer device 170x48
fb0: inteldrmfb frame buffer device
registered panic notifier
acpi device:08: registered as cooling_device0
input: Video Bus as /devices/LNXSYSTM:00/LNXSYBUS:00/PNP0A08:00/LNXVIDEO:01/input/input5
ACPI: Video Device [GFX0] (multi-head: yes  rom: yes  post: no)
[drm] Initialized i915 1.6.0 20080730 for 0000:00:02.0 on minor 0
SCSI subsystem initialized
libata version 3.00 loaded.
ahci 0000:00:1f.2: version 3.0
ahci 0000:00:1f.2: PCI INT B -> GSI 19 (level, low) -> IRQ 19
ahci 0000:00:1f.2: irq 28 for MSI/MSI-X
ahci: SSS flag set, parallel bus scan disabled
ahci 0000:00:1f.2: AHCI 0001.0300 32 slots 4 ports 3 Gbps 0x33 impl SATA mode
ahci 0000:00:1f.2: flags: 64bit ncq sntf stag pm led clo pio slum part ems sxs apst 
ahci 0000:00:1f.2: setting latency timer to 64
scsi0 : ahci
scsi1 : ahci
scsi2 : ahci
scsi3 : ahci
scsi4 : ahci
scsi5 : ahci
ata1: SATA max UDMA/133 abar m2048@0xd0826000 port 0xd0826100 irq 28
ata2: SATA max UDMA/133 abar m2048@0xd0826000 port 0xd0826180 irq 28
ata3: DUMMY
ata4: DUMMY
ata5: SATA max UDMA/133 abar m2048@0xd0826000 port 0xd0826300 irq 28
ata6: SATA max UDMA/133 abar m2048@0xd0826000 port 0xd0826380 irq 28
ata1: SATA link up 3.0 Gbps (SStatus 123 SControl 300)
ACPI Error (psargs-0359): [GTF0] Namespace lookup failure, AE_NOT_FOUND
ACPI Error (psparse-0537): Method parse/execution failed [\_SB_.PCI0.SAT0.PRT0._SDD] (Node ffff880137822b20), AE_NOT_FOUND
ACPI Error (psargs-0359): [GTF0] Namespace lookup failure, AE_NOT_FOUND
ACPI Error (psparse-0537): Method parse/execution failed [\_SB_.PCI0.SAT0.PRT0._GTF] (Node ffff880137822b40), AE_NOT_FOUND
ata1.00: ATA-8: FUJITSU MJA2320BH G2, 00400018, max UDMA/100
ata1.00: 625142448 sectors, multi 16: LBA48 NCQ (depth 31/32), AA
ACPI Error (psargs-0359): [GTF0] Namespace lookup failure, AE_NOT_FOUND
ACPI Error (psparse-0537): Method parse/execution failed [\_SB_.PCI0.SAT0.PRT0._SDD] (Node ffff880137822b20), AE_NOT_FOUND
ACPI Error (psargs-0359): [GTF0] Namespace lookup failure, AE_NOT_FOUND
ACPI Error (psparse-0537): Method parse/execution failed [\_SB_.PCI0.SAT0.PRT0._GTF] (Node ffff880137822b40), AE_NOT_FOUND
ata1.00: configured for UDMA/100
scsi 0:0:0:0: Direct-Access     ATA      FUJITSU MJA2320B 0040 PQ: 0 ANSI: 5
ata2: SATA link up 1.5 Gbps (SStatus 113 SControl 300)
ACPI Error (psargs-0359): [GTF1] Namespace lookup failure, AE_NOT_FOUND
ACPI Error (psparse-0537): Method parse/execution failed [\_SB_.PCI0.SAT0.PRT1._SDD] (Node ffff880137822c00), AE_NOT_FOUND
ACPI Error (psargs-0359): [GTF1] Namespace lookup failure, AE_NOT_FOUND
ACPI Error (psparse-0537): Method parse/execution failed [\_SB_.PCI0.SAT0.PRT1._GTF] (Node ffff880137822c20), AE_NOT_FOUND
ata2.00: ATAPI: MATSHITADVD-RAM UJ890AS, 1.00, max UDMA/100, ATAPI AN
ACPI Error (psargs-0359): [GTF1] Namespace lookup failure, AE_NOT_FOUND
ACPI Error (psparse-0537): Method parse/execution failed [\_SB_.PCI0.SAT0.PRT1._SDD] (Node ffff880137822c00), AE_NOT_FOUND
ACPI Error (psargs-0359): [GTF1] Namespace lookup failure, AE_NOT_FOUND
ACPI Error (psparse-0537): Method parse/execution failed [\_SB_.PCI0.SAT0.PRT1._GTF] (Node ffff880137822c20), AE_NOT_FOUND
ata2.00: configured for UDMA/100
scsi 1:0:0:0: CD-ROM            MATSHITA DVD-RAM UJ890AS  1.00 PQ: 0 ANSI: 5
ata5: SATA link down (SStatus 0 SControl 300)
ata6: SATA link down (SStatus 0 SControl 300)
sd 0:0:0:0: [sda] 625142448 512-byte logical blocks: (320 GB/298 GiB)
sd 0:0:0:0: [sda] Write Protect is off
sd 0:0:0:0: [sda] Mode Sense: 00 3a 00 00
sd 0:0:0:0: [sda] Write cache: enabled, read cache: enabled, doesn't support DPO or FUA
 sda: sda1 sda2
sd 0:0:0:0: [sda] Attached SCSI disk
device-mapper: uevent: version 1.0.3
device-mapper: ioctl: 4.16.0-ioctl (2009-11-05) initialised: dm-devel@redhat.com
padlock: VIA PadLock not detected.
alg: No test for __aes-aesni (__driver-aes-aesni)
alg: No test for __ecb-aes-aesni (__driver-ecb-aes-aesni)
alg: No test for __cbc-aes-aesni (__driver-cbc-aes-aesni)
alg: No test for __ecb-aes-aesni (cryptd(__driver-ecb-aes-aesni))
EXT4-fs (dm-1): INFO: recovery required on readonly filesystem
EXT4-fs (dm-1): write access will be enabled during recovery
EXT4-fs (dm-1): recovery complete
EXT4-fs (dm-1): mounted filesystem with ordered data mode
rtc_cmos 00:08: RTC can wake from S4
rtc_cmos 00:08: rtc core: registered rtc_cmos as rtc0
rtc0: alarms up to one year, 242 bytes nvram, hpet irqs
udev: starting version 151
ACPI: SSDT 00000000b77f8918 0040F (v01  PmRef  Cpu0Ist 00003000 INTL 20061109)
ACPI: SSDT 00000000b77f6698 005E5 (v01  PmRef  Cpu0Cst 00003001 INTL 20061109)
Monitor-Mwait will be used to enter C-1 state
Monitor-Mwait will be used to enter C-2 state
ACPI: SSDT 00000000b77f7a98 00303 (v01  PmRef    ApIst 00003000 INTL 20061109)
ACPI: SSDT 00000000b77fac18 00119 (v01  PmRef    ApCst 00003000 INTL 20061109)
thermal LNXTHERM:01: registered as thermal_zone0
ACPI: Thermal Zone [TZ01] (50 C)
ACPI: AC Adapter [ADP1] (on-line)
sd 0:0:0:0: Attached scsi generic sg0 type 0
scsi 1:0:0:0: Attached scsi generic sg1 type 5
ACPI: Battery Slot [BAT1] (battery present)
input: PC Speaker as /devices/platform/pcspkr/input/input6
usbcore: registered new interface driver usbfs
iTCO_vendor_support: vendor-support=0
usbcore: registered new interface driver hub
usbcore: registered new device driver usb
cfg80211: Calling CRDA to update world regulatory domain
toshiba_acpi: Toshiba Laptop ACPI Extras version 0.19
toshiba_acpi:     HCI method: \_SB_.VALZ.GHCI
Detected Toshiba ACPI Bluetooth device - installing RFKill handler
toshiba_bluetooth: Re-enabling Toshiba Bluetooth
e1000e: Intel(R) PRO/1000 Network Driver - 1.0.2-k2
e1000e: Copyright (c) 1999 - 2009 Intel Corporation.
e1000e 0000:00:19.0: PCI INT A -> GSI 20 (level, low) -> IRQ 20
e1000e 0000:00:19.0: setting latency timer to 64
e1000e 0000:00:19.0: irq 29 for MSI/MSI-X
iTCO_wdt: Intel TCO WatchDog Timer Driver v1.05
iTCO_wdt: Found a HM55 TCO device (Version=2, TCOBASE=0x0460)
iTCO_wdt: initialized. heartbeat=30 sec (nowayout=0)
tpm_tis 00:03: 1.2 TPM (device-id 0xB, rev-id 16)
ehci_hcd: USB 2.0 'Enhanced' Host Controller (EHCI) Driver
sr0: scsi3-mmc drive: 24x/24x writer dvd-ram cd/rw xa/form2 cdda tray
Uniform CD-ROM driver Revision: 3.20
sr 1:0:0:0: Attached scsi CD-ROM sr0
sdhci: Secure Digital Host Controller Interface driver
sdhci: Copyright(c) Pierre Ossman
alps.c: E6 report: 00 00 64
alps.c: E7 report: 52 01 14
alps.c: E6 report: 00 00 64
sdhci-pci 0000:01:00.0: SDHCI controller found [1180:e822] (rev 1)
sdhci-pci 0000:01:00.0: PCI INT A -> GSI 16 (level, low) -> IRQ 16
sdhci-pci 0000:01:00.0: Will use DMA mode even though HW doesn't fully claim to support it.
sdhci-pci 0000:01:00.0: setting latency timer to 64
Registered led device: mmc0::
mmc0: SDHCI controller on PCI [0000:01:00.0] using DMA
alps.c: E7 report: 52 01 14
0000:00:19.0: eth0: (PCI Express:2.5GB/s:Width x1) 00:23:18:b8:27:58
0000:00:19.0: eth0: Intel(R) PRO/1000 Network Connection
0000:00:19.0: eth0: MAC: 9, PHY: 10, PBA No: ffffff-0ff
ehci_hcd 0000:00:1a.0: PCI INT A -> GSI 16 (level, low) -> IRQ 16
ehci_hcd 0000:00:1a.0: setting latency timer to 64
ehci_hcd 0000:00:1a.0: EHCI Host Controller
ehci_hcd 0000:00:1a.0: new USB bus registered, assigned bus number 1
ehci_hcd 0000:00:1a.0: debug port 2
ehci_hcd 0000:00:1a.0: cache line size of 64 is not supported
ehci_hcd 0000:00:1a.0: irq 16, io mem 0xd0826c00
ehci_hcd 0000:00:1a.0: USB 2.0 started, EHCI 1.00
hub 1-0:1.0: USB hub found
hub 1-0:1.0: 2 ports detected
ehci_hcd 0000:00:1d.0: PCI INT A -> GSI 23 (level, low) -> IRQ 23
ehci_hcd 0000:00:1d.0: setting latency timer to 64
ehci_hcd 0000:00:1d.0: EHCI Host Controller
ehci_hcd 0000:00:1d.0: new USB bus registered, assigned bus number 2
ehci_hcd 0000:00:1d.0: debug port 2
ehci_hcd 0000:00:1d.0: cache line size of 64 is not supported
ehci_hcd 0000:00:1d.0: irq 23, io mem 0xd0826800
alps.c: Status: 05 01 0a
ehci_hcd 0000:00:1d.0: USB 2.0 started, EHCI 1.00
hub 2-0:1.0: USB hub found
hub 2-0:1.0: 2 ports detected
HDA Intel 0000:00:1b.0: PCI INT A -> GSI 22 (level, low) -> IRQ 22
HDA Intel 0000:00:1b.0: irq 30 for MSI/MSI-X
HDA Intel 0000:00:1b.0: setting latency timer to 64
input: DualPoint Stick as /devices/platform/i8042/serio1/input/input7
input: AlpsPS/2 ALPS DualPoint TouchPad as /devices/platform/i8042/serio1/input/input8
usb 1-1: new high speed USB device using ehci_hcd and address 2
hub 1-1:1.0: USB hub found
hub 1-1:1.0: 6 ports detected
usb 2-1: new high speed USB device using ehci_hcd and address 2
hda_codec: ALC268: BIOS auto-probing.
input: HDA Digital PCBeep as /devices/pci0000:00/0000:00:1b.0/input/input9
ath9k 0000:02:00.0: PCI INT A -> GSI 17 (level, low) -> IRQ 17
ath9k 0000:02:00.0: setting latency timer to 64
hub 2-1:1.0: USB hub found
hub 2-1:1.0: 8 ports detected
usb 1-1.2: new full speed USB device using ehci_hcd and address 3
usb 1-1.4: new high speed USB device using ehci_hcd and address 4
ath: EEPROM regdomain: 0x6a
ath: EEPROM indicates we should expect a direct regpair map
ath: Country alpha2 being used: 00
ath: Regpair used: 0x6a
usb 1-1.6: new full speed USB device using ehci_hcd and address 5
cfg80211: World regulatory domain updated:
    (start_freq - end_freq @ bandwidth), (max_antenna_gain, max_eirp)
    (2402000 KHz - 2472000 KHz @ 40000 KHz), (300 mBi, 2000 mBm)
    (2457000 KHz - 2482000 KHz @ 20000 KHz), (300 mBi, 2000 mBm)
    (2474000 KHz - 2494000 KHz @ 20000 KHz), (300 mBi, 2000 mBm)
    (5170000 KHz - 5250000 KHz @ 40000 KHz), (300 mBi, 2000 mBm)
    (5735000 KHz - 5835000 KHz @ 40000 KHz), (300 mBi, 2000 mBm)
phy0: Selected rate control algorithm 'ath9k_rate_control'
Registered led device: ath9k-phy0::radio
Registered led device: ath9k-phy0::assoc
Registered led device: ath9k-phy0::tx
Registered led device: ath9k-phy0::rx
phy0: Atheros AR9280 Rev:2 mem=0xffffc90010320000, irq=17
Linux video capture interface: v2.00
uvcvideo: Found UVC 1.00 device USB2.0 UVC WebCam (04f2:b130)
input: USB2.0 UVC WebCam as /devices/pci0000:00/0000:00:1a.0/usb1/1-1/1-1.4/1-1.4:1.0/input/input10
usbcore: registered new interface driver uvcvideo
USB Video Class driver (v0.1.0)
Bluetooth: Core ver 2.15
NET: Registered protocol family 31
Bluetooth: HCI device and connection manager initialized
Bluetooth: HCI socket layer initialized
Bluetooth: Generic Bluetooth USB driver ver 0.6
usbcore: registered new interface driver btusb
kjournald starting.  Commit interval 5 seconds
EXT3-fs (sda1): using internal journal
EXT3-fs (sda1): mounted filesystem with writeback data mode
EXT4-fs (dm-3): mounted filesystem with ordered data mode
EXT4-fs (dm-4): mounted filesystem with ordered data mode
Adding 4194296k swap on /dev/mapper/evey-swap.  Priority:-1 extents:1 across:4194296k 
tun: Universal TUN/TAP device driver, 1.6
tun: (C) 1999-2004 Max Krasnyansky <maxk@qualcomm.com>
microcode: CPU0 sig=0x20652, pf=0x10, revision=0x9
platform microcode: firmware: requesting intel-ucode/06-25-02
microcode: CPU1 sig=0x20652, pf=0x10, revision=0x9
platform microcode: firmware: requesting intel-ucode/06-25-02
microcode: CPU2 sig=0x20652, pf=0x10, revision=0x9
platform microcode: firmware: requesting intel-ucode/06-25-02
microcode: CPU3 sig=0x20652, pf=0x10, revision=0x9
platform microcode: firmware: requesting intel-ucode/06-25-02
microcode: Microcode Update Driver: v2.00 <tigran@aivazian.fsnet.co.uk>, Peter Oruba
microcode: Microcode Update Driver: v2.00 removed.
Bluetooth: L2CAP ver 2.14
Bluetooth: L2CAP socket layer initialized
cfg80211: Calling CRDA for country: de
Bluetooth: BNEP (Ethernet Emulation) ver 1.3
Bridge firewalling registered
Bluetooth: SCO (Voice Link) ver 0.6
Bluetooth: SCO socket layer initialized
Bluetooth: RFCOMM TTY layer initialized
Bluetooth: RFCOMM socket layer initialized
Bluetooth: RFCOMM ver 1.11
NET: Registered protocol family 10
lo: Disabled Privacy Extensions
ADDRCONF(NETDEV_UP): wlan0: link is not ready
wlan0: direct probe to AP 00:03:7f:bf:20:8c (try 1)
wlan0: direct probe to AP 00:03:7f:bf:20:8c (try 1)
wlan0: direct probe responded
wlan0: authenticate with AP 00:03:7f:bf:20:8c (try 1)
wlan0: authenticated
wlan0: associate with AP 00:03:7f:bf:20:8c (try 1)
wlan0: RX AssocResp from 00:03:7f:bf:20:8c (capab=0x411 status=0 aid=1)
wlan0: associated
ADDRCONF(NETDEV_CHANGE): wlan0: link becomes ready
cfg80211: Calling CRDA for country: DE
cfg80211: Current regulatory domain updated by AP to: DE
    (start_freq - end_freq @ bandwidth), (max_antenna_gain, max_eirp)
    (2402000 KHz - 2483500 KHz @ 40000 KHz), (N/A, 2000 mBm)
wlan0: no IPv6 routers present
CPUFREQ: Per core ondemand sysfs interface is deprecated - up_threshold
