[    0.000000] CPU0 microcode updated early to revision 0x29, date = 2013-06-12
[    0.000000] Initializing cgroup subsys cpuset
[    0.000000] Initializing cgroup subsys cpu
[    0.000000] Initializing cgroup subsys cpuacct
[    0.000000] Linux version 3.17.0+ (r@r-schnelltop) (gcc version 4.9.1 (Debian 4.9.1-16) ) #38 SMP Sun Nov 2 10:59:47 CET 2014
[    0.000000] Command line: BOOT_IMAGE=/vmlinuz-3.17.0+ root=/dev/mapper/cryptvg-rootlv ro quiet
[    0.000000] e820: BIOS-provided physical RAM map:
[    0.000000] BIOS-e820: [mem 0x0000000000000000-0x000000000009e7ff] usable
[    0.000000] BIOS-e820: [mem 0x000000000009e800-0x000000000009ffff] reserved
[    0.000000] BIOS-e820: [mem 0x00000000000e0000-0x00000000000fffff] reserved
[    0.000000] BIOS-e820: [mem 0x0000000000100000-0x000000001fffffff] usable
[    0.000000] BIOS-e820: [mem 0x0000000020000000-0x00000000201fffff] reserved
[    0.000000] BIOS-e820: [mem 0x0000000020200000-0x000000003fffffff] usable
[    0.000000] BIOS-e820: [mem 0x0000000040000000-0x00000000401fffff] reserved
[    0.000000] BIOS-e820: [mem 0x0000000040200000-0x00000000aabccfff] usable
[    0.000000] BIOS-e820: [mem 0x00000000aabcd000-0x00000000aacf3fff] reserved
[    0.000000] BIOS-e820: [mem 0x00000000aacf4000-0x00000000aacf5fff] usable
[    0.000000] BIOS-e820: [mem 0x00000000aacf6000-0x00000000aade7fff] reserved
[    0.000000] BIOS-e820: [mem 0x00000000aade8000-0x00000000aaf05fff] usable
[    0.000000] BIOS-e820: [mem 0x00000000aaf06000-0x00000000aafe7fff] ACPI NVS
[    0.000000] BIOS-e820: [mem 0x00000000aafe8000-0x00000000aaffcfff] usable
[    0.000000] BIOS-e820: [mem 0x00000000aaffd000-0x00000000aaffffff] ACPI data
[    0.000000] BIOS-e820: [mem 0x00000000ab000000-0x00000000af9fffff] reserved
[    0.000000] BIOS-e820: [mem 0x00000000e0000000-0x00000000e3ffffff] reserved
[    0.000000] BIOS-e820: [mem 0x00000000fec00000-0x00000000fec00fff] reserved
[    0.000000] BIOS-e820: [mem 0x00000000fed10000-0x00000000fed13fff] reserved
[    0.000000] BIOS-e820: [mem 0x00000000fed18000-0x00000000fed19fff] reserved
[    0.000000] BIOS-e820: [mem 0x00000000fed1c000-0x00000000fed1ffff] reserved
[    0.000000] BIOS-e820: [mem 0x00000000fee00000-0x00000000fee00fff] reserved
[    0.000000] BIOS-e820: [mem 0x00000000ff980000-0x00000000ffbfffff] reserved
[    0.000000] BIOS-e820: [mem 0x00000000ffd80000-0x00000000ffffffff] reserved
[    0.000000] BIOS-e820: [mem 0x0000000100000000-0x000000024fdfffff] usable
[    0.000000] NX (Execute Disable) protection: active
[    0.000000] SMBIOS 2.7 present.
[    0.000000] DMI: ASUSTeK Computer Inc. K53SM/K53SM, BIOS K53SM.214 08/15/2012
[    0.000000] e820: update [mem 0x00000000-0x00000fff] usable ==> reserved
[    0.000000] e820: remove [mem 0x000a0000-0x000fffff] usable
[    0.000000] AGP: No AGP bridge found
[    0.000000] e820: last_pfn = 0x24fe00 max_arch_pfn = 0x400000000
[    0.000000] MTRR default type: uncachable
[    0.000000] MTRR fixed ranges enabled:
[    0.000000]   00000-9FFFF write-back
[    0.000000]   A0000-BFFFF uncachable
[    0.000000]   C0000-D3FFF write-protect
[    0.000000]   D4000-E7FFF uncachable
[    0.000000]   E8000-FFFFF write-protect
[    0.000000] MTRR variable ranges enabled:
[    0.000000]   0 base 000000000 mask F80000000 write-back
[    0.000000]   1 base 080000000 mask FE0000000 write-back
[    0.000000]   2 base 0A0000000 mask FF8000000 write-back
[    0.000000]   3 base 0A8000000 mask FFC000000 write-back
[    0.000000]   4 base 0AB000000 mask FFF000000 uncachable
[    0.000000]   5 base 100000000 mask F00000000 write-back
[    0.000000]   6 base 200000000 mask FC0000000 write-back
[    0.000000]   7 base 240000000 mask FF0000000 write-back
[    0.000000]   8 base 24FE00000 mask FFFE00000 uncachable
[    0.000000]   9 disabled
[    0.000000] x86 PAT enabled: cpu 0, old 0x7040600070406, new 0x7010600070106
[    0.000000] e820: update [mem 0xab000000-0xffffffff] usable ==> reserved
[    0.000000] e820: last_pfn = 0xaaffd max_arch_pfn = 0x400000000
[    0.000000] found SMP MP-table at [mem 0x000fcc60-0x000fcc6f] mapped at [ffff8800000fcc60]
[    0.000000] Base memory trampoline at [ffff880000098000] 98000 size 24576
[    0.000000] reserving inaccessible SNB gfx pages
[    0.000000] init_memory_mapping: [mem 0x00000000-0x000fffff]
[    0.000000]  [mem 0x00000000-0x000fffff] page 4k
[    0.000000] BRK [0x01b0d000, 0x01b0dfff] PGTABLE
[    0.000000] BRK [0x01b0e000, 0x01b0efff] PGTABLE
[    0.000000] BRK [0x01b0f000, 0x01b0ffff] PGTABLE
[    0.000000] init_memory_mapping: [mem 0x24fc00000-0x24fdfffff]
[    0.000000]  [mem 0x24fc00000-0x24fdfffff] page 2M
[    0.000000] BRK [0x01b10000, 0x01b10fff] PGTABLE
[    0.000000] init_memory_mapping: [mem 0x24c000000-0x24fbfffff]
[    0.000000]  [mem 0x24c000000-0x24fbfffff] page 2M
[    0.000000] init_memory_mapping: [mem 0x200000000-0x24bffffff]
[    0.000000]  [mem 0x200000000-0x24bffffff] page 2M
[    0.000000] BRK [0x01b11000, 0x01b11fff] PGTABLE
[    0.000000] init_memory_mapping: [mem 0x00100000-0x1fffffff]
[    0.000000]  [mem 0x00100000-0x001fffff] page 4k
[    0.000000]  [mem 0x00200000-0x1fffffff] page 2M
[    0.000000] init_memory_mapping: [mem 0x20200000-0x3fffffff]
[    0.000000]  [mem 0x20200000-0x3fffffff] page 2M
[    0.000000] init_memory_mapping: [mem 0x40200000-0xaabccfff]
[    0.000000]  [mem 0x40200000-0xaa9fffff] page 2M
[    0.000000]  [mem 0xaaa00000-0xaabccfff] page 4k
[    0.000000] BRK [0x01b12000, 0x01b12fff] PGTABLE
[    0.000000] init_memory_mapping: [mem 0xaacf4000-0xaacf5fff]
[    0.000000]  [mem 0xaacf4000-0xaacf5fff] page 4k
[    0.000000] init_memory_mapping: [mem 0xaade8000-0xaaf05fff]
[    0.000000]  [mem 0xaade8000-0xaaf05fff] page 4k
[    0.000000] init_memory_mapping: [mem 0xaafe8000-0xaaffcfff]
[    0.000000]  [mem 0xaafe8000-0xaaffcfff] page 4k
[    0.000000] init_memory_mapping: [mem 0x100000000-0x1ffffffff]
[    0.000000]  [mem 0x100000000-0x1ffffffff] page 2M
[    0.000000] RAMDISK: [mem 0x35d44000-0x36e99fff]
[    0.000000] ACPI: Early table checksum verification disabled
[    0.000000] ACPI: RSDP 0x00000000000F0430 000024 (v02 _ASUS_)
[    0.000000] ACPI: XSDT 0x00000000AAFFEE18 00006C (v01 _ASUS_ Notebook 06222004 MSFT 00010013)
[    0.000000] ACPI: FACP 0x00000000AAF9BD98 0000F4 (v04 _ASUS_ NoteBook 06222004 MSFT 00010013)
[    0.000000] ACPI BIOS Warning (bug): 32/64X FACS address mismatch in FADT: 0xAAFE5E40/0x00000000AAFE5D40, using 32-bit address (20140724/tbfadt-283)
[    0.000000] ACPI: DSDT 0x00000000AAF7B018 00E0AD (v01 _ASUS_ NoteBook 00000000 INTL 20091112)
[    0.000000] ACPI: FACS 0x00000000AAFE5E40 000040
[    0.000000] ACPI: APIC 0x00000000AAFFDF18 0000CC (v02 _ASUS_ NoteBook 06222004 MSFT 00010013)
[    0.000000] ACPI: HPET 0x00000000AAFE6D18 000038 (v01 _ASUS_ NoteBook 06222004 AMI. 00000003)
[    0.000000] ACPI: ECDT 0x00000000AAFE5B18 0000C1 (v01 _ASUS_ NoteBook 06222004 AMI  00000000)
[    0.000000] ACPI: MCFG 0x00000000AAFE6C98 00003C (v01 _ASUS_ NoteBook 06222004 MSFT 00000097)
[    0.000000] ACPI: SSDT 0x00000000AAF7A018 0007DB (v01 PmRef  Cpu0Ist  00003000 INTL 20091112)
[    0.000000] ACPI: SSDT 0x00000000AAF79018 000996 (v01 PmRef  CpuPm    00003000 INTL 20091112)
[    0.000000] ACPI: SLIC 0x00000000AAF9CC18 000176 (v01 _ASUS_ Notebook 06222004 ASUS 00000001)
[    0.000000] ACPI: SSDT 0x00000000AAF4BA98 0002EF (v01 SataRe SataTabl 00001000 INTL 20091112)
[    0.000000] ACPI: Local APIC address 0xfee00000
[    0.000000] No NUMA configuration found
[    0.000000] Faking a node at [mem 0x0000000000000000-0x000000024fdfffff]
[    0.000000] Initmem setup node 0 [mem 0x00000000-0x24fdfffff]
[    0.000000]   NODE_DATA [mem 0x24fdf4000-0x24fdf7fff]
[    0.000000]  [ffffea0000000000-ffffea00081fffff] PMD -> [ffff880247400000-ffff88024e5fffff] on node 0
[    0.000000] Zone ranges:
[    0.000000]   DMA      [mem 0x00001000-0x00ffffff]
[    0.000000]   DMA32    [mem 0x01000000-0xffffffff]
[    0.000000]   Normal   [mem 0x100000000-0x24fdfffff]
[    0.000000] Movable zone start for each node
[    0.000000] Early memory node ranges
[    0.000000]   node   0: [mem 0x00001000-0x0009dfff]
[    0.000000]   node   0: [mem 0x00100000-0x1fffffff]
[    0.000000]   node   0: [mem 0x20200000-0x3fffffff]
[    0.000000]   node   0: [mem 0x40200000-0xaabccfff]
[    0.000000]   node   0: [mem 0xaacf4000-0xaacf5fff]
[    0.000000]   node   0: [mem 0xaade8000-0xaaf05fff]
[    0.000000]   node   0: [mem 0xaafe8000-0xaaffcfff]
[    0.000000]   node   0: [mem 0x100000000-0x24fdfffff]
[    0.000000] On node 0 totalpages: 2074271
[    0.000000]   DMA zone: 56 pages used for memmap
[    0.000000]   DMA zone: 157 pages reserved
[    0.000000]   DMA zone: 3997 pages, LIFO batch:0
[    0.000000]   DMA32 zone: 9496 pages used for memmap
[    0.000000]   DMA32 zone: 694530 pages, LIFO batch:31
[    0.000000]   Normal zone: 18809 pages used for memmap
[    0.000000]   Normal zone: 1375744 pages, LIFO batch:31
[    0.000000] Reserving Intel graphics stolen memory at 0xaba00000-0xaf9fffff
[    0.000000] ACPI: PM-Timer IO Port: 0x408
[    0.000000] ACPI: Local APIC address 0xfee00000
[    0.000000] ACPI: LAPIC (acpi_id[0x01] lapic_id[0x00] enabled)
[    0.000000] ACPI: LAPIC (acpi_id[0x02] lapic_id[0x02] enabled)
[    0.000000] ACPI: LAPIC (acpi_id[0x03] lapic_id[0x01] enabled)
[    0.000000] ACPI: LAPIC (acpi_id[0x04] lapic_id[0x03] enabled)
[    0.000000] ACPI: LAPIC (acpi_id[0x05] lapic_id[0x04] disabled)
[    0.000000] ACPI: LAPIC (acpi_id[0x06] lapic_id[0x05] disabled)
[    0.000000] ACPI: LAPIC (acpi_id[0x07] lapic_id[0x06] disabled)
[    0.000000] ACPI: LAPIC (acpi_id[0x08] lapic_id[0x07] disabled)
[    0.000000] ACPI: LAPIC (acpi_id[0x09] lapic_id[0x08] disabled)
[    0.000000] ACPI: LAPIC (acpi_id[0x0a] lapic_id[0x09] disabled)
[    0.000000] ACPI: LAPIC (acpi_id[0x0b] lapic_id[0x0a] disabled)
[    0.000000] ACPI: LAPIC (acpi_id[0x0c] lapic_id[0x0b] disabled)
[    0.000000] ACPI: LAPIC (acpi_id[0x0d] lapic_id[0x0c] disabled)
[    0.000000] ACPI: LAPIC (acpi_id[0x0e] lapic_id[0x0d] disabled)
[    0.000000] ACPI: LAPIC (acpi_id[0x0f] lapic_id[0x0e] disabled)
[    0.000000] ACPI: LAPIC (acpi_id[0x10] lapic_id[0x0f] disabled)
[    0.000000] ACPI: IOAPIC (id[0x02] address[0xfec00000] gsi_base[0])
[    0.000000] IOAPIC[0]: apic_id 2, version 32, address 0xfec00000, GSI 0-23
[    0.000000] ACPI: INT_SRC_OVR (bus 0 bus_irq 0 global_irq 2 dfl dfl)
[    0.000000] ACPI: INT_SRC_OVR (bus 0 bus_irq 9 global_irq 9 high level)
[    0.000000] ACPI: IRQ0 used by override.
[    0.000000] ACPI: IRQ9 used by override.
[    0.000000] Using ACPI (MADT) for SMP configuration information
[    0.000000] ACPI: HPET id: 0x8086a701 base: 0xfed00000
[    0.000000] smpboot: Allowing 16 CPUs, 12 hotplug CPUs
[    0.000000] PM: Registered nosave memory: [mem 0x0009e000-0x0009efff]
[    0.000000] PM: Registered nosave memory: [mem 0x0009f000-0x0009ffff]
[    0.000000] PM: Registered nosave memory: [mem 0x000a0000-0x000dffff]
[    0.000000] PM: Registered nosave memory: [mem 0x000e0000-0x000fffff]
[    0.000000] PM: Registered nosave memory: [mem 0x20000000-0x201fffff]
[    0.000000] PM: Registered nosave memory: [mem 0x40000000-0x401fffff]
[    0.000000] PM: Registered nosave memory: [mem 0xaabcd000-0xaacf3fff]
[    0.000000] PM: Registered nosave memory: [mem 0xaacf6000-0xaade7fff]
[    0.000000] PM: Registered nosave memory: [mem 0xaaf06000-0xaafe7fff]
[    0.000000] PM: Registered nosave memory: [mem 0xaaffd000-0xaaffffff]
[    0.000000] PM: Registered nosave memory: [mem 0xab000000-0xaf9fffff]
[    0.000000] PM: Registered nosave memory: [mem 0xafa00000-0xdfffffff]
[    0.000000] PM: Registered nosave memory: [mem 0xe0000000-0xe3ffffff]
[    0.000000] PM: Registered nosave memory: [mem 0xe4000000-0xfebfffff]
[    0.000000] PM: Registered nosave memory: [mem 0xfec00000-0xfec00fff]
[    0.000000] PM: Registered nosave memory: [mem 0xfec01000-0xfed0ffff]
[    0.000000] PM: Registered nosave memory: [mem 0xfed10000-0xfed13fff]
[    0.000000] PM: Registered nosave memory: [mem 0xfed14000-0xfed17fff]
[    0.000000] PM: Registered nosave memory: [mem 0xfed18000-0xfed19fff]
[    0.000000] PM: Registered nosave memory: [mem 0xfed1a000-0xfed1bfff]
[    0.000000] PM: Registered nosave memory: [mem 0xfed1c000-0xfed1ffff]
[    0.000000] PM: Registered nosave memory: [mem 0xfed20000-0xfedfffff]
[    0.000000] PM: Registered nosave memory: [mem 0xfee00000-0xfee00fff]
[    0.000000] PM: Registered nosave memory: [mem 0xfee01000-0xff97ffff]
[    0.000000] PM: Registered nosave memory: [mem 0xff980000-0xffbfffff]
[    0.000000] PM: Registered nosave memory: [mem 0xffc00000-0xffd7ffff]
[    0.000000] PM: Registered nosave memory: [mem 0xffd80000-0xffffffff]
[    0.000000] e820: [mem 0xafa00000-0xdfffffff] available for PCI devices
[    0.000000] Booting paravirtualized kernel on bare hardware
[    0.000000] setup_percpu: NR_CPUS:512 nr_cpumask_bits:512 nr_cpu_ids:16 nr_node_ids:1
[    0.000000] PERCPU: Embedded 29 pages/cpu @ffff88024fa00000 s86912 r8192 d23680 u131072
[    0.000000] pcpu-alloc: s86912 r8192 d23680 u131072 alloc=1*2097152
[    0.000000] pcpu-alloc: [0] 00 01 02 03 04 05 06 07 08 09 10 11 12 13 14 15 
[    0.000000] Built 1 zonelists in Zone order, mobility grouping on.  Total pages: 2045753
[    0.000000] Policy zone: Normal
[    0.000000] Kernel command line: BOOT_IMAGE=/vmlinuz-3.17.0+ root=/dev/mapper/cryptvg-rootlv ro quiet
[    0.000000] PID hash table entries: 4096 (order: 3, 32768 bytes)
[    0.000000] xsave: enabled xstate_bv 0x7, cntxt size 0x340 using standard form
[    0.000000] AGP: Checking aperture...
[    0.000000] AGP: No AGP bridge found
[    0.000000] Calgary: detecting Calgary via BIOS EBDA area
[    0.000000] Calgary: Unable to locate Rio Grande table in EBDA - bailing!
[    0.000000] Memory: 8082420K/8297084K available (5461K kernel code, 1021K rwdata, 1836K rodata, 1220K init, 848K bss, 214664K reserved)
[    0.000000] Hierarchical RCU implementation.
[    0.000000] 	RCU dyntick-idle grace-period acceleration is enabled.
[    0.000000] 	RCU restricting CPUs from NR_CPUS=512 to nr_cpu_ids=16.
[    0.000000] RCU: Adjusting geometry for rcu_fanout_leaf=16, nr_cpu_ids=16
[    0.000000] NR_IRQS:33024 nr_irqs:552 0
[    0.000000] Console: colour VGA+ 80x25
[    0.000000] console [tty0] enabled
[    0.000000] allocated 33554432 bytes of page_cgroup
[    0.000000] please try 'cgroup_disable=memory' option if you don't want memory cgroups
[    0.000000] hpet clockevent registered
[    0.000000] tsc: Fast TSC calibration using PIT
[    0.000000] tsc: Detected 2494.489 MHz processor
[    0.000034] Calibrating delay loop (skipped), value calculated using timer frequency.. 4988.97 BogoMIPS (lpj=9977956)
[    0.000036] pid_max: default: 32768 minimum: 301
[    0.000044] ACPI: Core revision 20140724
[    0.010825] ACPI: All ACPI Tables successfully acquired
[    0.023495] Security Framework initialized
[    0.023503] AppArmor: AppArmor disabled by boot time parameter
[    0.023504] Yama: becoming mindful.
[    0.024009] Dentry cache hash table entries: 1048576 (order: 11, 8388608 bytes)
[    0.025628] Inode-cache hash table entries: 524288 (order: 10, 4194304 bytes)
[    0.026325] Mount-cache hash table entries: 16384 (order: 5, 131072 bytes)
[    0.026336] Mountpoint-cache hash table entries: 16384 (order: 5, 131072 bytes)
[    0.026693] Initializing cgroup subsys memory
[    0.026698] Initializing cgroup subsys devices
[    0.026702] Initializing cgroup subsys freezer
[    0.026704] Initializing cgroup subsys net_cls
[    0.026705] Initializing cgroup subsys blkio
[    0.026708] Initializing cgroup subsys perf_event
[    0.026710] Initializing cgroup subsys net_prio
[    0.026732] CPU: Physical Processor ID: 0
[    0.026733] CPU: Processor Core ID: 0
[    0.026737] ENERGY_PERF_BIAS: Set to 'normal', was 'performance'
ENERGY_PERF_BIAS: View and update with x86_energy_perf_policy(8)
[    0.026739] mce: CPU supports 7 MCE banks
[    0.026750] CPU0: Thermal monitoring enabled (TM1)
[    0.026757] Last level iTLB entries: 4KB 512, 2MB 8, 4MB 8
Last level dTLB entries: 4KB 512, 2MB 32, 4MB 32, 1GB 0
[    0.026856] Freeing SMP alternatives memory: 20K (ffffffff81a32000 - ffffffff81a37000)
[    0.027895] ftrace: allocating 21740 entries in 85 pages
[    0.038135] Switched APIC routing to physical flat.
[    0.038560] ..TIMER: vector=0x30 apic1=0 pin1=2 apic2=-1 pin2=-1
[    0.078292] smpboot: CPU0: Intel(R) Core(TM) i5-2450M CPU @ 2.50GHz (fam: 06, model: 2a, stepping: 07)
[    0.078300] TSC deadline timer enabled
[    0.078323] Performance Events: PEBS fmt1+, 16-deep LBR, SandyBridge events, full-width counters, Intel PMU driver.
[    0.078343] ... version:                3
[    0.078344] ... bit width:              48
[    0.078344] ... generic registers:      4
[    0.078345] ... value mask:             0000ffffffffffff
[    0.078346] ... max period:             0000ffffffffffff
[    0.078347] ... fixed-purpose events:   3
[    0.078348] ... event mask:             000000070000000f
[    0.079687] x86: Booting SMP configuration:
[    0.079689] .... node  #0, CPUs:        #1
[    0.090169] CPU1 microcode updated early to revision 0x29, date = 2013-06-12
[    0.092855] NMI watchdog: enabled on all CPUs, permanently consumes one hw-PMU counter.
[    0.092955]   #2  #3
[    0.119189] x86: Booted up 1 node, 4 CPUs
[    0.119192] smpboot: Total of 4 processors activated (19955.91 BogoMIPS)
[    0.122450] devtmpfs: initialized
[    0.126644] PM: Registering ACPI NVS region [mem 0xaaf06000-0xaafe7fff] (925696 bytes)
[    0.127551] pinctrl core: initialized pinctrl subsystem
[    0.127664] NET: Registered protocol family 16
[    0.127786] cpuidle: using governor ladder
[    0.127788] cpuidle: using governor menu
[    0.127831] ACPI FADT declares the system doesn't support PCIe ASPM, so disable it
[    0.127833] ACPI: bus type PCI registered
[    0.127834] acpiphp: ACPI Hot Plug PCI Controller Driver version: 0.5
[    0.127934] PCI: MMCONFIG for domain 0000 [bus 00-3f] at [mem 0xe0000000-0xe3ffffff] (base 0xe0000000)
[    0.127936] PCI: MMCONFIG at [mem 0xe0000000-0xe3ffffff] reserved in E820
[    0.128018] PCI: Using configuration type 1 for base access
[    0.128267] mtrr: your CPUs had inconsistent variable MTRR settings
[    0.128268] mtrr: probably your BIOS does not setup all CPUs.
[    0.128269] mtrr: corrected configuration.
[    0.139733] ACPI: Added _OSI(Module Device)
[    0.139735] ACPI: Added _OSI(Processor Device)
[    0.139736] ACPI: Added _OSI(3.0 _SCP Extensions)
[    0.139737] ACPI: Added _OSI(Processor Aggregator Device)
[    0.141294] ACPI : EC: EC description table is found, configuring boot EC
[    0.142936] ACPI: Executed 1 blocks of module-level executable AML code
[    0.154379] [Firmware Bug]: ACPI: BIOS _OSI(Linux) query ignored
[    0.223783] ACPI: Dynamic OEM Table Load:
[    0.223791] ACPI: SSDT 0xFFFF88024494E000 000694 (v01 PmRef  Cpu0Cst  00003001 INTL 20091112)
[    0.235712] ACPI: Dynamic OEM Table Load:
[    0.235718] ACPI: SSDT 0xFFFF8802449E2000 000303 (v01 PmRef  ApIst    00003000 INTL 20091112)
[    0.246656] ACPI: Dynamic OEM Table Load:
[    0.246661] ACPI: SSDT 0xFFFF8802448ABE00 000119 (v01 PmRef  ApCst    00003000 INTL 20091112)
[    0.267711] ACPI: Interpreter enabled
[    0.267722] ACPI Exception: AE_NOT_FOUND, While evaluating Sleep State [\_S2_] (20140724/hwxface-580)
[    0.267736] ACPI: (supports S0 S1 S3 S4 S5)
[    0.267737] ACPI: Using IOAPIC for interrupt routing
[    0.267765] PCI: Using host bridge windows from ACPI; if necessary, use "pci=nocrs" and report a bug
[    0.389441] ACPI: PCI Root Bridge [PCI0] (domain 0000 [bus 00-3e])
[    0.389447] acpi PNP0A08:00: _OSC: OS supports [ExtendedConfig ASPM ClockPM Segments MSI]
[    0.389482] \_SB_.PCI0:_OSC invalid UUID
[    0.389483] _OSC request data:1 1f 0 
[    0.389486] acpi PNP0A08:00: _OSC failed (AE_ERROR); disabling ASPM
[    0.390124] PCI host bridge to bus 0000:00
[    0.390126] pci_bus 0000:00: root bus resource [bus 00-3e]
[    0.390128] pci_bus 0000:00: root bus resource [io  0x0000-0x0cf7]
[    0.390130] pci_bus 0000:00: root bus resource [io  0x0d00-0xffff]
[    0.390132] pci_bus 0000:00: root bus resource [mem 0x000a0000-0x000bffff]
[    0.390133] pci_bus 0000:00: root bus resource [mem 0x000d4000-0x000d7fff]
[    0.390135] pci_bus 0000:00: root bus resource [mem 0x000d8000-0x000dbfff]
[    0.390136] pci_bus 0000:00: root bus resource [mem 0x000dc000-0x000dffff]
[    0.390138] pci_bus 0000:00: root bus resource [mem 0x000e0000-0x000e3fff]
[    0.390140] pci_bus 0000:00: root bus resource [mem 0x000e4000-0x000e7fff]
[    0.390141] pci_bus 0000:00: root bus resource [mem 0xafa00000-0xfeafffff]
[    0.390143] pci_bus 0000:00: root bus resource [mem 0xfed40000-0xfed44fff]
[    0.390151] pci 0000:00:00.0: [8086:0104] type 00 class 0x060000
[    0.390247] pci 0000:00:01.0: [8086:0101] type 01 class 0x060400
[    0.390279] pci 0000:00:01.0: PME# supported from D0 D3hot D3cold
[    0.390324] pci 0000:00:01.0: System wakeup disabled by ACPI
[    0.390372] pci 0000:00:02.0: [8086:0126] type 00 class 0x030000
[    0.390382] pci 0000:00:02.0: reg 0x10: [mem 0xdc400000-0xdc7fffff 64bit]
[    0.390388] pci 0000:00:02.0: reg 0x18: [mem 0xb0000000-0xbfffffff 64bit pref]
[    0.390392] pci 0000:00:02.0: reg 0x20: [io  0xe000-0xe03f]
[    0.390507] pci 0000:00:16.0: [8086:1c3a] type 00 class 0x078000
[    0.390530] pci 0000:00:16.0: reg 0x10: [mem 0xdf00a000-0xdf00a00f 64bit]
[    0.390607] pci 0000:00:16.0: PME# supported from D0 D3hot D3cold
[    0.390706] pci 0000:00:1a.0: [8086:1c2d] type 00 class 0x0c0320
[    0.390728] pci 0000:00:1a.0: reg 0x10: [mem 0xdf008000-0xdf0083ff]
[    0.390822] pci 0000:00:1a.0: PME# supported from D0 D3hot D3cold
[    0.390886] pci 0000:00:1a.0: System wakeup disabled by ACPI
[    0.390934] pci 0000:00:1b.0: [8086:1c20] type 00 class 0x040300
[    0.390951] pci 0000:00:1b.0: reg 0x10: [mem 0xdf000000-0xdf003fff 64bit]
[    0.391026] pci 0000:00:1b.0: PME# supported from D0 D3hot D3cold
[    0.391122] pci 0000:00:1c.0: [8086:1c10] type 01 class 0x060400
[    0.391260] pci 0000:00:1c.0: PME# supported from D0 D3hot D3cold
[    0.391366] pci 0000:00:1c.1: [8086:1c12] type 01 class 0x060400
[    0.391505] pci 0000:00:1c.1: PME# supported from D0 D3hot D3cold
[    0.391614] pci 0000:00:1c.3: [8086:1c16] type 01 class 0x060400
[    0.391752] pci 0000:00:1c.3: PME# supported from D0 D3hot D3cold
[    0.391855] pci 0000:00:1c.5: [8086:1c1a] type 01 class 0x060400
[    0.391937] pci 0000:00:1c.5: PME# supported from D0 D3hot D3cold
[    0.392037] pci 0000:00:1d.0: [8086:1c26] type 00 class 0x0c0320
[    0.392059] pci 0000:00:1d.0: reg 0x10: [mem 0xdf007000-0xdf0073ff]
[    0.392149] pci 0000:00:1d.0: PME# supported from D0 D3hot D3cold
[    0.392212] pci 0000:00:1d.0: System wakeup disabled by ACPI
[    0.392259] pci 0000:00:1f.0: [8086:1c49] type 00 class 0x060100
[    0.392445] pci 0000:00:1f.2: [8086:1c03] type 00 class 0x010601
[    0.392463] pci 0000:00:1f.2: reg 0x10: [io  0xe0b0-0xe0b7]
[    0.392472] pci 0000:00:1f.2: reg 0x14: [io  0xe0a0-0xe0a3]
[    0.392480] pci 0000:00:1f.2: reg 0x18: [io  0xe090-0xe097]
[    0.392488] pci 0000:00:1f.2: reg 0x1c: [io  0xe080-0xe083]
[    0.392496] pci 0000:00:1f.2: reg 0x20: [io  0xe060-0xe07f]
[    0.392504] pci 0000:00:1f.2: reg 0x24: [mem 0xdf006000-0xdf0067ff]
[    0.392549] pci 0000:00:1f.2: PME# supported from D3hot
[    0.392635] pci 0000:00:1f.3: [8086:1c22] type 00 class 0x0c0500
[    0.392651] pci 0000:00:1f.3: reg 0x10: [mem 0xdf005000-0xdf0050ff 64bit]
[    0.392672] pci 0000:00:1f.3: reg 0x20: [io  0xe040-0xe05f]
[    0.392816] pci 0000:01:00.0: [10de:0de9] type 00 class 0x030000
[    0.392824] pci 0000:01:00.0: reg 0x10: [mem 0xdb000000-0xdbffffff]
[    0.392831] pci 0000:01:00.0: reg 0x14: [mem 0xc0000000-0xcfffffff 64bit pref]
[    0.392838] pci 0000:01:00.0: reg 0x1c: [mem 0xd0000000-0xd1ffffff 64bit pref]
[    0.392842] pci 0000:01:00.0: reg 0x24: [io  0xd000-0xd07f]
[    0.392847] pci 0000:01:00.0: reg 0x30: [mem 0xdc000000-0xdc07ffff pref]
[    0.392896] pci 0000:01:00.0: System wakeup disabled by ACPI
[    0.402803] pci 0000:00:01.0: PCI bridge to [bus 01]
[    0.402811] pci 0000:00:01.0:   bridge window [io  0xd000-0xdfff]
[    0.402818] pci 0000:00:01.0:   bridge window [mem 0xdb000000-0xdc0fffff]
[    0.402827] pci 0000:00:01.0:   bridge window [mem 0xc0000000-0xd1ffffff 64bit pref]
[    0.402953] pci 0000:00:1c.0: PCI bridge to [bus 02]
[    0.402957] pci 0000:00:1c.0:   bridge window [io  0xc000-0xcfff]
[    0.402963] pci 0000:00:1c.0:   bridge window [mem 0xde600000-0xdeffffff]
[    0.402971] pci 0000:00:1c.0:   bridge window [mem 0xd4200000-0xd4bfffff 64bit pref]
[    0.403195] pci 0000:03:00.0: [8086:08b1] type 00 class 0x028000
[    0.403264] pci 0000:03:00.0: reg 0x10: [mem 0xddc00000-0xddc01fff 64bit]
[    0.403598] pci 0000:03:00.0: PME# supported from D0 D3hot D3cold
[    0.403667] pci 0000:03:00.0: System wakeup disabled by ACPI
[    0.414882] pci 0000:00:1c.1: PCI bridge to [bus 03]
[    0.414893] pci 0000:00:1c.1:   bridge window [io  0xb000-0xbfff]
[    0.414902] pci 0000:00:1c.1:   bridge window [mem 0xddc00000-0xde5fffff]
[    0.414917] pci 0000:00:1c.1:   bridge window [mem 0xd3700000-0xd40fffff 64bit pref]
[    0.415080] pci 0000:04:00.0: [1b21:1042] type 00 class 0x0c0330
[    0.415121] pci 0000:04:00.0: reg 0x10: [mem 0xdd200000-0xdd207fff 64bit]
[    0.415325] pci 0000:04:00.0: PME# supported from D3hot D3cold
[    0.415363] pci 0000:04:00.0: System wakeup disabled by ACPI
[    0.422881] pci 0000:00:1c.3: PCI bridge to [bus 04]
[    0.422891] pci 0000:00:1c.3:   bridge window [io  0xa000-0xafff]
[    0.422900] pci 0000:00:1c.3:   bridge window [mem 0xdd200000-0xddbfffff]
[    0.422914] pci 0000:00:1c.3:   bridge window [mem 0xd2c00000-0xd35fffff 64bit pref]
[    0.423033] pci 0000:05:00.0: [10ec:8168] type 00 class 0x020000
[    0.423057] pci 0000:05:00.0: reg 0x10: [io  0x9000-0x90ff]
[    0.423091] pci 0000:05:00.0: reg 0x18: [mem 0xd2104000-0xd2104fff 64bit pref]
[    0.423113] pci 0000:05:00.0: reg 0x20: [mem 0xd2100000-0xd2103fff 64bit pref]
[    0.423225] pci 0000:05:00.0: supports D1 D2
[    0.423226] pci 0000:05:00.0: PME# supported from D0 D1 D2 D3hot D3cold
[    0.423268] pci 0000:05:00.0: System wakeup disabled by ACPI
[    0.430864] pci 0000:00:1c.5: PCI bridge to [bus 05]
[    0.430874] pci 0000:00:1c.5:   bridge window [io  0x9000-0x9fff]
[    0.430883] pci 0000:00:1c.5:   bridge window [mem 0xdc800000-0xdd1fffff]
[    0.430897] pci 0000:00:1c.5:   bridge window [mem 0xd2100000-0xd2afffff 64bit pref]
[    0.487349] ACPI: PCI Interrupt Link [LNKA] (IRQs 1 3 4 5 6 *10 11 12 14 15)
[    0.487403] ACPI: PCI Interrupt Link [LNKB] (IRQs 1 3 4 5 6 10 *11 12 14 15)
[    0.487454] ACPI: PCI Interrupt Link [LNKC] (IRQs 1 3 4 5 6 10 *11 12 14 15)
[    0.487505] ACPI: PCI Interrupt Link [LNKD] (IRQs 1 3 4 *5 6 10 11 12 14 15)
[    0.487555] ACPI: PCI Interrupt Link [LNKE] (IRQs 1 3 4 5 6 10 11 12 14 15) *0, disabled.
[    0.487607] ACPI: PCI Interrupt Link [LNKF] (IRQs 1 3 4 5 6 10 11 12 14 15) *0, disabled.
[    0.487659] ACPI: PCI Interrupt Link [LNKG] (IRQs 1 *3 4 5 6 10 11 12 14 15)
[    0.487709] ACPI: PCI Interrupt Link [LNKH] (IRQs 1 3 *4 5 6 10 11 12 14 15)
[    0.487829] ACPI: Enabled 2 GPEs in block 00 to 3F
[    0.487881] ACPI : EC: GPE = 0x1b, I/O: command/status = 0x66, data = 0x62
[    0.487989] vgaarb: setting as boot device: PCI:0000:00:02.0
[    0.487992] vgaarb: device added: PCI:0000:00:02.0,decodes=io+mem,owns=io+mem,locks=none
[    0.487996] vgaarb: device added: PCI:0000:01:00.0,decodes=io+mem,owns=none,locks=none
[    0.487997] vgaarb: loaded
[    0.487998] vgaarb: bridge control possible 0000:01:00.0
[    0.487999] vgaarb: no bridge control possible 0000:00:02.0
[    0.488060] PCI: Using ACPI for IRQ routing
[    0.489521] PCI: pci_cache_line_size set to 64 bytes
[    0.489593] e820: reserve RAM buffer [mem 0x0009e800-0x0009ffff]
[    0.489595] e820: reserve RAM buffer [mem 0xaabcd000-0xabffffff]
[    0.489597] e820: reserve RAM buffer [mem 0xaacf6000-0xabffffff]
[    0.489598] e820: reserve RAM buffer [mem 0xaaf06000-0xabffffff]
[    0.489600] e820: reserve RAM buffer [mem 0xaaffd000-0xabffffff]
[    0.489601] e820: reserve RAM buffer [mem 0x24fe00000-0x24fffffff]
[    0.489745] hpet0: at MMIO 0xfed00000, IRQs 2, 8, 0, 0, 0, 0, 0, 0
[    0.489749] hpet0: 8 comparators, 64-bit 14.318180 MHz counter
[    0.491780] Switched to clocksource hpet
[    0.496925] pnp: PnP ACPI init
[    0.497067] system 00:00: [io  0x0680-0x069f] has been reserved
[    0.497070] system 00:00: [io  0x1000-0x100f] has been reserved
[    0.497072] system 00:00: [io  0xffff] has been reserved
[    0.497074] system 00:00: [io  0xffff] has been reserved
[    0.497076] system 00:00: [io  0x0400-0x0453] could not be reserved
[    0.497077] system 00:00: [io  0x0458-0x047f] has been reserved
[    0.497079] system 00:00: [io  0x0500-0x057f] has been reserved
[    0.497081] system 00:00: [io  0x164e-0x164f] has been reserved
[    0.497084] system 00:00: Plug and Play ACPI device, IDs PNP0c02 (active)
[    0.497118] pnp 00:01: Plug and Play ACPI device, IDs PNP0b00 (active)
[    0.497162] system 00:02: [io  0x0454-0x0457] has been reserved
[    0.497164] system 00:02: Plug and Play ACPI device, IDs INT3f0d PNP0c02 (active)
[    0.497213] pnp 00:03: Plug and Play ACPI device, IDs PNP0303 PNP030b (active)
[    0.497269] pnp 00:04: Plug and Play ACPI device, IDs SYN0a17 SYN0a00 SYN0002 PNP0f13 (active)
[    0.552147] system 00:05: [mem 0xfed1c000-0xfed1ffff] has been reserved
[    0.552150] system 00:05: [mem 0xfed10000-0xfed17fff] could not be reserved
[    0.552152] system 00:05: [mem 0xfed18000-0xfed18fff] has been reserved
[    0.552154] system 00:05: [mem 0xfed19000-0xfed19fff] has been reserved
[    0.552156] system 00:05: [mem 0xe0000000-0xe3ffffff] has been reserved
[    0.552158] system 00:05: [mem 0xfed20000-0xfed3ffff] has been reserved
[    0.552159] system 00:05: [mem 0xfed90000-0xfed93fff] has been reserved
[    0.552161] system 00:05: [mem 0xfed45000-0xfed8ffff] has been reserved
[    0.552163] system 00:05: [mem 0xff000000-0xffffffff] could not be reserved
[    0.552165] system 00:05: [mem 0xfee00000-0xfeefffff] could not be reserved
[    0.552167] system 00:05: [mem 0xafa00000-0xafa00fff] has been reserved
[    0.552169] system 00:05: Plug and Play ACPI device, IDs PNP0c02 (active)
[    0.552221] system 00:06: [mem 0xafa00000-0xafa00fff] has been reserved
[    0.552224] system 00:06: Plug and Play ACPI device, IDs PNP0c02 (active)
[    0.552353] system 00:07: [mem 0x20000000-0x201fffff] has been reserved
[    0.552355] system 00:07: [mem 0x40000000-0x401fffff] has been reserved
[    0.552357] system 00:07: Plug and Play ACPI device, IDs PNP0c01 (active)
[    0.552370] pnp: PnP ACPI: found 8 devices
[    0.559197] pci 0000:00:01.0: PCI bridge to [bus 01]
[    0.559200] pci 0000:00:01.0:   bridge window [io  0xd000-0xdfff]
[    0.559203] pci 0000:00:01.0:   bridge window [mem 0xdb000000-0xdc0fffff]
[    0.559205] pci 0000:00:01.0:   bridge window [mem 0xc0000000-0xd1ffffff 64bit pref]
[    0.559209] pci 0000:00:1c.0: PCI bridge to [bus 02]
[    0.559212] pci 0000:00:1c.0:   bridge window [io  0xc000-0xcfff]
[    0.559217] pci 0000:00:1c.0:   bridge window [mem 0xde600000-0xdeffffff]
[    0.559221] pci 0000:00:1c.0:   bridge window [mem 0xd4200000-0xd4bfffff 64bit pref]
[    0.559228] pci 0000:00:1c.1: PCI bridge to [bus 03]
[    0.559231] pci 0000:00:1c.1:   bridge window [io  0xb000-0xbfff]
[    0.559236] pci 0000:00:1c.1:   bridge window [mem 0xddc00000-0xde5fffff]
[    0.559240] pci 0000:00:1c.1:   bridge window [mem 0xd3700000-0xd40fffff 64bit pref]
[    0.559246] pci 0000:00:1c.3: PCI bridge to [bus 04]
[    0.559249] pci 0000:00:1c.3:   bridge window [io  0xa000-0xafff]
[    0.559254] pci 0000:00:1c.3:   bridge window [mem 0xdd200000-0xddbfffff]
[    0.559258] pci 0000:00:1c.3:   bridge window [mem 0xd2c00000-0xd35fffff 64bit pref]
[    0.559264] pci 0000:00:1c.5: PCI bridge to [bus 05]
[    0.559267] pci 0000:00:1c.5:   bridge window [io  0x9000-0x9fff]
[    0.559272] pci 0000:00:1c.5:   bridge window [mem 0xdc800000-0xdd1fffff]
[    0.559276] pci 0000:00:1c.5:   bridge window [mem 0xd2100000-0xd2afffff 64bit pref]
[    0.559283] pci_bus 0000:00: resource 4 [io  0x0000-0x0cf7]
[    0.559285] pci_bus 0000:00: resource 5 [io  0x0d00-0xffff]
[    0.559287] pci_bus 0000:00: resource 6 [mem 0x000a0000-0x000bffff]
[    0.559288] pci_bus 0000:00: resource 7 [mem 0x000d4000-0x000d7fff]
[    0.559290] pci_bus 0000:00: resource 8 [mem 0x000d8000-0x000dbfff]
[    0.559291] pci_bus 0000:00: resource 9 [mem 0x000dc000-0x000dffff]
[    0.559293] pci_bus 0000:00: resource 10 [mem 0x000e0000-0x000e3fff]
[    0.559294] pci_bus 0000:00: resource 11 [mem 0x000e4000-0x000e7fff]
[    0.559296] pci_bus 0000:00: resource 12 [mem 0xafa00000-0xfeafffff]
[    0.559298] pci_bus 0000:00: resource 13 [mem 0xfed40000-0xfed44fff]
[    0.559299] pci_bus 0000:01: resource 0 [io  0xd000-0xdfff]
[    0.559301] pci_bus 0000:01: resource 1 [mem 0xdb000000-0xdc0fffff]
[    0.559302] pci_bus 0000:01: resource 2 [mem 0xc0000000-0xd1ffffff 64bit pref]
[    0.559304] pci_bus 0000:02: resource 0 [io  0xc000-0xcfff]
[    0.559306] pci_bus 0000:02: resource 1 [mem 0xde600000-0xdeffffff]
[    0.559307] pci_bus 0000:02: resource 2 [mem 0xd4200000-0xd4bfffff 64bit pref]
[    0.559309] pci_bus 0000:03: resource 0 [io  0xb000-0xbfff]
[    0.559311] pci_bus 0000:03: resource 1 [mem 0xddc00000-0xde5fffff]
[    0.559312] pci_bus 0000:03: resource 2 [mem 0xd3700000-0xd40fffff 64bit pref]
[    0.559314] pci_bus 0000:04: resource 0 [io  0xa000-0xafff]
[    0.559315] pci_bus 0000:04: resource 1 [mem 0xdd200000-0xddbfffff]
[    0.559317] pci_bus 0000:04: resource 2 [mem 0xd2c00000-0xd35fffff 64bit pref]
[    0.559318] pci_bus 0000:05: resource 0 [io  0x9000-0x9fff]
[    0.559320] pci_bus 0000:05: resource 1 [mem 0xdc800000-0xdd1fffff]
[    0.559322] pci_bus 0000:05: resource 2 [mem 0xd2100000-0xd2afffff 64bit pref]
[    0.559380] NET: Registered protocol family 2
[    0.559621] TCP established hash table entries: 65536 (order: 7, 524288 bytes)
[    0.559771] TCP bind hash table entries: 65536 (order: 8, 1048576 bytes)
[    0.559901] TCP: Hash tables configured (established 65536 bind 65536)
[    0.559920] TCP: reno registered
[    0.559930] UDP hash table entries: 4096 (order: 5, 131072 bytes)
[    0.559960] UDP-Lite hash table entries: 4096 (order: 5, 131072 bytes)
[    0.560065] NET: Registered protocol family 1
[    0.560081] pci 0000:00:02.0: Video device with shadowed ROM
[    0.808493] PCI: CLS 64 bytes, default 64
[    0.808543] Unpacking initramfs...
[    1.114664] Freeing initrd memory: 17752K (ffff880035d44000 - ffff880036e9a000)
[    1.114675] PCI-DMA: Using software bounce buffering for IO (SWIOTLB)
[    1.114678] software IO TLB [mem 0xa6bcd000-0xaabcd000] (64MB) mapped at [ffff8800a6bcd000-ffff8800aabccfff]
[    1.114898] RAPL PMU detected, hw unit 2^-16 Joules, API unit is 2^-32 Joules, 3 fixed counters 163840 ms ovfl timer
[    1.114946] microcode: CPU0 sig=0x206a7, pf=0x10, revision=0x29
[    1.114952] microcode: CPU1 sig=0x206a7, pf=0x10, revision=0x29
[    1.114958] microcode: CPU2 sig=0x206a7, pf=0x10, revision=0x29
[    1.114966] microcode: CPU3 sig=0x206a7, pf=0x10, revision=0x29
[    1.115031] microcode: Microcode Update Driver: v2.00 <tigran@aivazian.fsnet.co.uk>, Peter Oruba
[    1.115490] futex hash table entries: 4096 (order: 6, 262144 bytes)
[    1.115544] audit: initializing netlink subsys (disabled)
[    1.115562] audit: type=2000 audit(1414924077.100:1): initialized
[    1.115888] HugeTLB registered 2 MB page size, pre-allocated 0 pages
[    1.115908] zpool: loaded
[    1.115910] zbud: loaded
[    1.116103] VFS: Disk quotas dquot_6.5.2
[    1.116124] Dquot-cache hash table entries: 512 (order 0, 4096 bytes)
[    1.116189] msgmni has been set to 15820
[    1.116552] alg: No test for stdrng (krng)
[    1.116583] Block layer SCSI generic (bsg) driver version 0.4 loaded (major 252)
[    1.116630] io scheduler noop registered
[    1.116635] io scheduler deadline registered
[    1.116655] io scheduler cfq registered (default)
[    1.116830] pcieport 0000:00:01.0: irq 24 for MSI/MSI-X
[    1.117262] pci_hotplug: PCI Hot Plug PCI Core version: 0.5
[    1.117279] pciehp: PCI Express Hot Plug Controller Driver version: 0.4
[    1.117324] intel_idle: MWAIT substates: 0x21120
[    1.117325] intel_idle: v0.4 model 0x2A
[    1.117326] intel_idle: lapic_timer_reliable_states 0xffffffff
[    1.117537] GHES: HEST is not enabled!
[    1.117619] Serial: 8250/16550 driver, 4 ports, IRQ sharing enabled
[    1.118083] Linux agpgart interface v0.103
[    1.118194] i8042: PNP: PS/2 Controller [PNP0303:PS2K,PNP0f13:PS2M] at 0x60,0x64 irq 1,12
[    1.119838] i8042: Detected active multiplexing controller, rev 1.1
[    1.120772] serio: i8042 KBD port at 0x60,0x64 irq 1
[    1.120777] serio: i8042 AUX0 port at 0x60,0x64 irq 12
[    1.120803] serio: i8042 AUX1 port at 0x60,0x64 irq 12
[    1.120824] serio: i8042 AUX2 port at 0x60,0x64 irq 12
[    1.120845] serio: i8042 AUX3 port at 0x60,0x64 irq 12
[    1.120971] mousedev: PS/2 mouse device common for all mice
[    1.121016] rtc_cmos 00:01: RTC can wake from S4
[    1.121153] rtc_cmos 00:01: rtc core: registered rtc_cmos as rtc0
[    1.121181] rtc_cmos 00:01: alarms up to one year, y3k, 242 bytes nvram, hpet irqs
[    1.121192] Intel P-state driver initializing.
[    1.121373] ledtrig-cpu: registered to indicate activity on CPUs
[    1.122880] AMD IOMMUv2 driver by Joerg Roedel <joerg.roedel@amd.com>
[    1.122883] AMD IOMMUv2 functionality not available on this system
[    1.123117] TCP: cubic registered
[    1.123257] NET: Registered protocol family 10
[    1.123869] mip6: Mobile IPv6
[    1.123880] NET: Registered protocol family 17
[    1.123897] mpls_gso: MPLS GSO support
[    1.124824] registered taskstats version 1
[    1.126112] rtc_cmos 00:01: setting system clock to 2014-11-02 10:27:57 UTC (1414924077)
[    1.126399] PM: Hibernation image not present or could not be loaded.
[    1.129777] Freeing unused kernel memory: 1220K (ffffffff81901000 - ffffffff81a32000)
[    1.129781] Write protecting the kernel read-only data: 8192k
[    1.134117] Freeing unused kernel memory: 672K (ffff880001558000 - ffff880001600000)
[    1.135442] Freeing unused kernel memory: 212K (ffff8800017cb000 - ffff880001800000)
[    1.157751] input: AT Translated Set 2 keyboard as /devices/platform/i8042/serio0/input/input0
[    1.248014] systemd-udevd[72]: starting version 215
[    1.248609] random: systemd-udevd urandom read with 2 bits of entropy available
[    1.264622] input: Lid Switch as /devices/LNXSYSTM:00/LNXSYBUS:00/PNP0C0D:00/input/input4
[    1.270532] ACPI: Lid Switch [LID]
[    1.270616] input: Sleep Button as /devices/LNXSYSTM:00/LNXSYBUS:00/PNP0C0E:00/input/input6
[    1.270622] ACPI: Sleep Button [SLPB]
[    1.270677] input: Power Button as /devices/LNXSYSTM:00/LNXPWRBN:00/input/input7
[    1.270681] ACPI: Power Button [PWRF]
[    1.276288] thermal LNXTHERM:00: registered as thermal_zone0
[    1.276291] ACPI: Thermal Zone [TZ00] (58 C)
[    1.277670] [drm] Initialized drm 1.1.0 20060810
[    1.278794] r8169 Gigabit Ethernet driver 2.3LK-NAPI loaded
[    1.278806] r8169 0000:05:00.0: can't disable ASPM; OS doesn't have ASPM control
[    1.279053] r8169 0000:05:00.0: irq 25 for MSI/MSI-X
[    1.279239] r8169 0000:05:00.0 eth0: RTL8168e/8111e at 0xffffc90000c6a000, 10:bf:48:05:c7:f7, XID 0c200000 IRQ 25
[    1.279241] r8169 0000:05:00.0 eth0: jumbo features [frames: 9200 bytes, tx checksumming: ko]
[    1.279861] ACPI: bus type USB registered
[    1.279895] usbcore: registered new interface driver usbfs
[    1.279910] usbcore: registered new interface driver hub
[    1.280835] usbcore: registered new device driver usb
[    1.281847] SCSI subsystem initialized
[    1.281925] xhci_hcd 0000:04:00.0: xHCI Host Controller
[    1.281933] xhci_hcd 0000:04:00.0: new USB bus registered, assigned bus number 1
[    1.284737] libata version 3.00 loaded.
[    1.285684] ahci 0000:00:1f.2: version 3.0
[    1.285886] ahci 0000:00:1f.2: irq 26 for MSI/MSI-X
[    1.285966] ahci 0000:00:1f.2: AHCI 0001.0300 32 slots 6 ports 6 Gbps 0x3 impl SATA mode
[    1.285971] ahci 0000:00:1f.2: flags: 64bit ncq sntf pm led clo pio slum part ems apst 
[    1.286870] AVX version of gcm_enc/dec engaged.
[    1.292053] ehci_hcd: USB 2.0 'Enhanced' Host Controller (EHCI) Driver
[    1.292279] ehci-pci: EHCI PCI platform driver
[    1.294006] scsi host0: ahci
[    1.294168] scsi host1: ahci
[    1.294277] scsi host2: ahci
[    1.294392] scsi host3: ahci
[    1.294501] scsi host4: ahci
[    1.294642] scsi host5: ahci
[    1.294702] ata1: SATA max UDMA/133 abar m2048@0xdf006000 port 0xdf006100 irq 26
[    1.294707] ata2: SATA max UDMA/133 abar m2048@0xdf006000 port 0xdf006180 irq 26
[    1.294708] ata3: DUMMY
[    1.294710] ata4: DUMMY
[    1.294711] ata5: DUMMY
[    1.294713] ata6: DUMMY
[    1.295206] xhci_hcd 0000:04:00.0: irq 27 for MSI/MSI-X
[    1.295212] xhci_hcd 0000:04:00.0: irq 28 for MSI/MSI-X
[    1.295218] xhci_hcd 0000:04:00.0: irq 29 for MSI/MSI-X
[    1.295224] xhci_hcd 0000:04:00.0: irq 30 for MSI/MSI-X
[    1.295227] xhci_hcd 0000:04:00.0: irq 31 for MSI/MSI-X
[    1.295363] usb usb1: New USB device found, idVendor=1d6b, idProduct=0002
[    1.295365] usb usb1: New USB device strings: Mfr=3, Product=2, SerialNumber=1
[    1.295367] usb usb1: Product: xHCI Host Controller
[    1.295368] usb usb1: Manufacturer: Linux 3.17.0+ xhci_hcd
[    1.295369] usb usb1: SerialNumber: 0000:04:00.0
[    1.295508] hub 1-0:1.0: USB hub found
[    1.295520] hub 1-0:1.0: 2 ports detected
[    1.295635] xhci_hcd 0000:04:00.0: xHCI Host Controller
[    1.295639] xhci_hcd 0000:04:00.0: new USB bus registered, assigned bus number 2
[    1.295694] usb usb2: New USB device found, idVendor=1d6b, idProduct=0003
[    1.295696] usb usb2: New USB device strings: Mfr=3, Product=2, SerialNumber=1
[    1.295698] usb usb2: Product: xHCI Host Controller
[    1.295700] usb usb2: Manufacturer: Linux 3.17.0+ xhci_hcd
[    1.295701] usb usb2: SerialNumber: 0000:04:00.0
[    1.295807] hub 2-0:1.0: USB hub found
[    1.295818] hub 2-0:1.0: 2 ports detected
[    1.295846] ehci-pci 0000:00:1a.0: EHCI Host Controller
[    1.295932] ehci-pci 0000:00:1a.0: new USB bus registered, assigned bus number 3
[    1.295957] ehci-pci 0000:00:1a.0: debug port 2
[    1.296370] alg: No test for __gcm-aes-aesni (__driver-gcm-aes-aesni)
[    1.299873] ehci-pci 0000:00:1a.0: cache line size of 64 is not supported
[    1.299888] ehci-pci 0000:00:1a.0: irq 16, io mem 0xdf008000
[    1.303159] alg: No test for crc32 (crc32-pclmul)
[    1.308733] ehci-pci 0000:00:1a.0: USB 2.0 started, EHCI 1.00
[    1.308778] usb usb3: New USB device found, idVendor=1d6b, idProduct=0002
[    1.308780] usb usb3: New USB device strings: Mfr=3, Product=2, SerialNumber=1
[    1.308781] usb usb3: Product: EHCI Host Controller
[    1.308782] usb usb3: Manufacturer: Linux 3.17.0+ ehci_hcd
[    1.308784] usb usb3: SerialNumber: 0000:00:1a.0
[    1.308931] hub 3-0:1.0: USB hub found
[    1.308936] hub 3-0:1.0: 2 ports detected
[    1.309155] ehci-pci 0000:00:1d.0: EHCI Host Controller
[    1.309160] ehci-pci 0000:00:1d.0: new USB bus registered, assigned bus number 4
[    1.309173] ehci-pci 0000:00:1d.0: debug port 2
[    1.313071] ehci-pci 0000:00:1d.0: cache line size of 64 is not supported
[    1.313094] ehci-pci 0000:00:1d.0: irq 23, io mem 0xdf007000
[    1.324754] ehci-pci 0000:00:1d.0: USB 2.0 started, EHCI 1.00
[    1.324781] usb usb4: New USB device found, idVendor=1d6b, idProduct=0002
[    1.324783] usb usb4: New USB device strings: Mfr=3, Product=2, SerialNumber=1
[    1.324784] usb usb4: Product: EHCI Host Controller
[    1.324785] usb usb4: Manufacturer: Linux 3.17.0+ ehci_hcd
[    1.324787] usb usb4: SerialNumber: 0000:00:1d.0
[    1.324891] hub 4-0:1.0: USB hub found
[    1.324896] hub 4-0:1.0: 2 ports detected
[    1.326018] [drm] Memory usable by graphics device = 2048M
[    1.326021] [drm] Replacing VGA console driver
[    1.326509] Console: switching to colour dummy device 80x25
[    1.381011] i915 0000:00:02.0: irq 32 for MSI/MSI-X
[    1.381038] [drm] Supports vblank timestamp caching Rev 2 (21.10.2013).
[    1.381040] [drm] Driver supports precise vblank timestamp query.
[    1.389421] vgaarb: device changed decodes: PCI:0000:00:02.0,olddecodes=io+mem,decodes=none:owns=io+mem
[    1.478035] fbcon: inteldrmfb (fb0) is primary device
[    1.517382] Console: switching to colour frame buffer device 170x48
[    1.520472] i915 0000:00:02.0: fb0: inteldrmfb frame buffer device
[    1.520474] i915 0000:00:02.0: registered panic notifier
[    1.565434] ACPI: Video Device [GFX0] (multi-head: yes  rom: yes  post: no)
[    1.567942] acpi device:50: registered as cooling_device0
[    1.567999] input: Video Bus as /devices/LNXSYSTM:00/LNXSYBUS:00/PNP0A08:00/device:4c/LNXVIDEO:00/input/input8
[    1.597837] ACPI: Video Device [GFX0] (multi-head: yes  rom: no  post: no)
[    1.597939] input: Video Bus as /devices/LNXSYSTM:00/LNXSYBUS:00/PNP0A08:00/LNXVIDEO:01/input/input9
[    1.597974] [drm] Initialized i915 1.6.0 20140725 for 0000:00:02.0 on minor 0
[    1.613203] ata2: SATA link up 6.0 Gbps (SStatus 133 SControl 300)
[    1.613242] ata1: SATA link up 3.0 Gbps (SStatus 123 SControl 300)
[    1.614084] ata2.00: failed to get NCQ Send/Recv Log Emask 0x1
[    1.614089] ata2.00: ATA-9: Samsung SSD 840 PRO Series, DXM05B0Q, max UDMA/133
[    1.614092] ata2.00: 500118192 sectors, multi 16: LBA48 NCQ (depth 31/32), AA
[    1.614570] ata1.00: ACPI cmd ef/90:06:00:00:00:00 (SET FEATURES) succeeded
[    1.614576] ata1.00: ACPI cmd f5/00:00:00:00:00:00 (SECURITY FREEZE LOCK) filtered out
[    1.614580] ata1.00: ACPI cmd b1/c1:00:00:00:00:00 (DEVICE CONFIGURATION OVERLAY) filtered out
[    1.614801] ata2.00: failed to get NCQ Send/Recv Log Emask 0x1
[    1.614884] ata2.00: configured for UDMA/133
[    1.615796] ata1.00: ATA-8: Hitachi HTS547575A9E384, JE4OA60A, max UDMA/133
[    1.615814] ata1.00: 1465149168 sectors, multi 16: LBA48 NCQ (depth 31/32), AA
[    1.617319] ata1.00: ACPI cmd ef/90:06:00:00:00:00 (SET FEATURES) succeeded
[    1.617338] ata1.00: ACPI cmd f5/00:00:00:00:00:00 (SECURITY FREEZE LOCK) filtered out
[    1.617341] ata1.00: ACPI cmd b1/c1:00:00:00:00:00 (DEVICE CONFIGURATION OVERLAY) filtered out
[    1.618592] ata1.00: configured for UDMA/133
[    1.618931] scsi 0:0:0:0: Direct-Access     ATA      Hitachi HTS54757 A60A PQ: 0 ANSI: 5
[    1.619679] scsi 1:0:0:0: Direct-Access     ATA      Samsung SSD 840  5B0Q PQ: 0 ANSI: 5
[    1.621113] usb 3-1: new high-speed USB device number 2 using ehci-pci
[    1.623355] sd 0:0:0:0: [sda] 1465149168 512-byte logical blocks: (750 GB/698 GiB)
[    1.623360] sd 0:0:0:0: [sda] 4096-byte physical blocks
[    1.623416] sd 1:0:0:0: [sdb] 500118192 512-byte logical blocks: (256 GB/238 GiB)
[    1.623465] sd 0:0:0:0: [sda] Write Protect is off
[    1.623470] sd 0:0:0:0: [sda] Mode Sense: 00 3a 00 00
[    1.623519] sd 0:0:0:0: [sda] Write cache: enabled, read cache: enabled, doesn't support DPO or FUA
[    1.623545] sd 1:0:0:0: [sdb] Write Protect is off
[    1.623551] sd 1:0:0:0: [sdb] Mode Sense: 00 3a 00 00
[    1.623597] sd 1:0:0:0: [sdb] Write cache: enabled, read cache: enabled, doesn't support DPO or FUA
[    1.624103]  sdb: sdb2 sdb3
[    1.624520] sd 1:0:0:0: [sdb] Attached SCSI disk
[    1.754089] usb 3-1: New USB device found, idVendor=8087, idProduct=0024
[    1.754098] usb 3-1: New USB device strings: Mfr=0, Product=0, SerialNumber=0
[    1.754767] hub 3-1:1.0: USB hub found
[    1.754849] hub 3-1:1.0: 6 ports detected
[    1.869480] usb 4-1: new high-speed USB device number 2 using ehci-pci
[    2.002162] usb 4-1: New USB device found, idVendor=8087, idProduct=0024
[    2.002171] usb 4-1: New USB device strings: Mfr=0, Product=0, SerialNumber=0
[    2.002831] hub 4-1:1.0: USB hub found
[    2.003020] hub 4-1:1.0: 6 ports detected
[    2.077912] usb 3-1.1: new full-speed USB device number 3 using ehci-pci
[    2.113757] tsc: Refined TSC clocksource calibration: 2494.334 MHz
[    2.172467] usb 3-1.1: New USB device found, idVendor=8087, idProduct=07dc
[    2.172477] usb 3-1.1: New USB device strings: Mfr=0, Product=0, SerialNumber=0
[    2.246109] usb 3-1.2: new high-speed USB device number 4 using ehci-pci
[    2.326809]  sda: sda1 sda2 sda4
[    2.328779] sd 0:0:0:0: [sda] Attached SCSI disk
[    2.330293] sd 0:0:0:0: Attached scsi generic sg0 type 0
[    2.330455] sd 1:0:0:0: Attached scsi generic sg1 type 0
[    2.398904] usb 3-1.2: New USB device found, idVendor=13d3, idProduct=5710
[    2.398913] usb 3-1.2: New USB device strings: Mfr=3, Product=1, SerialNumber=2
[    2.398917] usb 3-1.2: Product: USB 2.0 UVC VGA WebCam
[    2.398921] usb 3-1.2: Manufacturer: Azurewave
[    2.398925] usb 3-1.2: SerialNumber: 0x0001
[    2.470372] usb 3-1.4: new high-speed USB device number 5 using ehci-pci
[    2.563740] usb 3-1.4: New USB device found, idVendor=0bda, idProduct=0139
[    2.563750] usb 3-1.4: New USB device strings: Mfr=1, Product=2, SerialNumber=3
[    2.563755] usb 3-1.4: Product: USB2.0-CRW
[    2.563759] usb 3-1.4: Manufacturer: Generic
[    2.563763] usb 3-1.4: SerialNumber: 20100201396000000
[    2.569158] usbcore: registered new interface driver rtsx_usb
[    2.634559] usb 4-1.2: new high-speed USB device number 3 using ehci-pci
[    2.726866] usb 4-1.2: New USB device found, idVendor=0424, idProduct=2514
[    2.726878] usb 4-1.2: New USB device strings: Mfr=0, Product=0, SerialNumber=0
[    2.727474] hub 4-1.2:1.0: USB hub found
[    2.727577] hub 4-1.2:1.0: 4 ports detected
[    2.738789] device-mapper: uevent: version 1.0.3
[    2.738964] device-mapper: ioctl: 4.27.0-ioctl (2013-10-30) initialised: dm-devel@redhat.com
[    2.934870] usb 4-1-port3: over-current condition
[    3.115288] Switched to clocksource tsc
[    3.143111] usb 4-1-port4: over-current condition
[    3.215201] usb 4-1.2.1: new low-speed USB device number 4 using ehci-pci
[    3.328454] usb 4-1.2.1: New USB device found, idVendor=046d, idProduct=c069
[    3.328464] usb 4-1.2.1: New USB device strings: Mfr=1, Product=2, SerialNumber=0
[    3.328468] usb 4-1.2.1: Product: USB Laser Mouse
[    3.328473] usb 4-1.2.1: Manufacturer: Logitech
[    3.333544] hidraw: raw HID events driver (C) Jiri Kosina
[    3.338118] usbcore: registered new interface driver usbhid
[    3.338122] usbhid: USB HID core driver
[    3.339361] input: Logitech USB Laser Mouse as /devices/pci0000:00/0000:00:1d.0/usb4/4-1/4-1.2/4-1.2.1/4-1.2.1:1.0/0003:046D:C069.0001/input/input10
[    3.339534] hid-generic 0003:046D:C069.0001: input,hidraw0: USB HID v1.10 Mouse [Logitech USB Laser Mouse] on usb-0000:00:1d.0-1.2.1/input0
[    3.415431] usb 4-1.2.2: new low-speed USB device number 5 using ehci-pci
[    3.534508] usb 4-1.2.2: New USB device found, idVendor=046a, idProduct=0023
[    3.534517] usb 4-1.2.2: New USB device strings: Mfr=0, Product=0, SerialNumber=0
[    3.553888] input: HID 046a:0023 as /devices/pci0000:00/0000:00:1d.0/usb4/4-1/4-1.2/4-1.2.2/4-1.2.2:1.0/0003:046A:0023.0002/input/input11
[    3.554028] cherry 0003:046A:0023.0002: input,hidraw1: USB HID v1.11 Keyboard [HID 046a:0023] on usb-0000:00:1d.0-1.2.2/input0
[    3.556901] input: HID 046a:0023 as /devices/pci0000:00/0000:00:1d.0/usb4/4-1/4-1.2/4-1.2.2/4-1.2.2:1.1/0003:046A:0023.0003/input/input12
[    3.557057] cherry 0003:046A:0023.0003: input,hidraw2: USB HID v1.11 Device [HID 046a:0023] on usb-0000:00:1d.0-1.2.2/input1
[    5.762509] random: nonblocking pool is initialized
[   10.169285] NET: Registered protocol family 38
[   11.267449] EXT4-fs (dm-1): mounted filesystem with ordered data mode. Opts: (null)
[   11.695693] lp: driver loaded but no devices found
[   11.703610] ppdev: user-space parallel port driver
[   11.719334] fuse init (API version 7.23)
[   11.732307] systemd-udevd[294]: starting version 215
[   11.743480] ip_tables: (C) 2000-2006 Netfilter Core Team
[   11.748347] nf_conntrack version 0.5.0 (16384 buckets, 65536 max)
[   11.790871] ip6_tables: (C) 2000-2006 Netfilter Core Team
[   11.822377] EXT4-fs (dm-1): re-mounted. Opts: errors=remount-ro,discard
[   11.948110] shpchp: Standard Hot Plug PCI Controller Driver version: 0.4
[   11.954903] mei_me 0000:00:16.0: irq 33 for MSI/MSI-X
[   11.960490] ACPI: Battery Slot [BAT0] (battery present)
[   11.960611] ACPI: AC Adapter [AC0] (on-line)
[   11.964638] wmi: Mapper loaded
[   11.992604] cfg80211: Calling CRDA to update world regulatory domain
[   11.996662] Intel(R) Wireless WiFi driver for Linux, in-tree:d
[   11.996666] Copyright(c) 2003- 2014 Intel Corporation
[   11.997013] iwlwifi 0000:03:00.0: irq 34 for MSI/MSI-X
[   12.000476] iwlwifi 0000:03:00.0: U iwl_request_firmware attempting to load firmware 'iwlwifi-7260-10.ucode'
[   12.000519] iwlwifi 0000:03:00.0: U set_dflt_pwr_limit SPL method not found
[   12.000718] iwlwifi 0000:03:00.0: Direct firmware load for iwlwifi-7260-10.ucode failed with error -2
[   12.000723] iwlwifi 0000:03:00.0: U iwl_request_firmware attempting to load firmware 'iwlwifi-7260-9.ucode'
[   12.003389] iwlwifi 0000:03:00.0: U iwl_req_fw_callback Loaded firmware file 'iwlwifi-7260-9.ucode' (680432 bytes).
[   12.003569] iwlwifi 0000:03:00.0: loaded firmware version 25.228.9.0 op_mode iwlmvm
[   12.005079] input: PC Speaker as /devices/platform/pcspkr/input/input13
[   12.008074] Error: Driver 'pcspkr' is already registered, aborting...
[   12.018621] iwlwifi 0000:03:00.0: Detected Intel(R) Dual Band Wireless AC 7260, REV=0x144
[   12.018628] iwlwifi 0000:03:00.0: U iwl_pcie_prepare_card_hw iwl_trans_prepare_card_hw enter
[   12.018648] iwlwifi 0000:03:00.0: U iwl_pcie_set_hw_ready hardware ready
[   12.018672] iwlwifi 0000:03:00.0: U iwl_pcie_apm_init Init card's basic functions
[   12.018717] iwlwifi 0000:03:00.0: L1 Enabled; Disabling L0S
[   12.018952] iwlwifi 0000:03:00.0: U iwl_pcie_prepare_card_hw iwl_trans_prepare_card_hw enter
[   12.018962] iwlwifi 0000:03:00.0: U iwl_pcie_set_hw_ready hardware ready
[   12.018969] iwlwifi 0000:03:00.0: U iwl_pcie_apm_init Init card's basic functions
[   12.018994] iwlwifi 0000:03:00.0: L1 Enabled; Disabling L0S
[   12.019169] iwlwifi 0000:03:00.0: U iwl_mvm_nic_config Radio type=0x0-0x2-0x1
[   12.019777] iwlwifi 0000:03:00.0: U iwl_pcie_nic_init Enabling shadow registers in device
[   12.019782] iwlwifi 0000:03:00.0: U iwl_pcie_load_given_ucode working with Non Secured image
[   12.019784] iwlwifi 0000:03:00.0: U iwl_pcie_load_given_ucode working with Single CPU
[   12.019787] iwlwifi 0000:03:00.0: U iwl_pcie_load_section [0] uCode section being loaded...
[   12.022490] iwlwifi 0000:03:00.0: U iwl_pcie_load_section [1] uCode section being loaded...
[   12.025017] iwlwifi 0000:03:00.0: U iwl_pcie_load_cpu_sections Break since Data not valid or Empty section, sec = 2
[   12.025492] iwlwifi 0000:03:00.0: I iwl_alive_fn Alive VER2 ucode status 0xcafe revision 0x9 0x0 flags 0x0
[   12.025497] iwlwifi 0000:03:00.0: I iwl_alive_fn UMAC version: Major - 0x0, Minor - 0x0
[   12.025903] iwlwifi 0000:03:00.0: U iwl_pcie_send_hcmd_sync Attempting to send sync command BT_COEX_PRIO_TABLE
[   12.025907] iwlwifi 0000:03:00.0: U iwl_pcie_send_hcmd_sync Setting HCMD_ACTIVE for command BT_COEX_PRIO_TABLE
[   12.025913] iwlwifi 0000:03:00.0: I iwl_pcie_enqueue_hcmd Sending command BT_COEX_PRIO_TABLE (#cc), seq: 0x0900, 20 bytes at 0[0]:9
[   12.027977] iwlwifi 0000:03:00.0: I iwl_pcie_hcmd_complete Clearing HCMD_ACTIVE for command BT_COEX_PRIO_TABLE
[   12.027990] iwlwifi 0000:03:00.0: U iwl_pcie_send_hcmd_sync Attempting to send sync command BT_CONFIG
[   12.027995] iwlwifi 0000:03:00.0: U iwl_pcie_send_hcmd_sync Setting HCMD_ACTIVE for command BT_CONFIG
[   12.027999] iwlwifi 0000:03:00.0: I iwl_pcie_enqueue_hcmd Sending command BT_CONFIG (#9b), seq: 0x0901, 460 bytes at 1[1]:9
[   12.028062] iwlwifi 0000:03:00.0: I iwl_pcie_hcmd_complete Clearing HCMD_ACTIVE for command BT_CONFIG
[   12.028072] iwlwifi 0000:03:00.0: U iwl_nvm_init Read from NVM
[   12.028077] iwlwifi 0000:03:00.0: U iwl_pcie_send_hcmd_sync Attempting to send sync command NVM_ACCESS_CMD
[   12.028080] iwlwifi 0000:03:00.0: U iwl_pcie_send_hcmd_sync Setting HCMD_ACTIVE for command NVM_ACCESS_CMD
[   12.028084] iwlwifi 0000:03:00.0: I iwl_pcie_enqueue_hcmd Sending command NVM_ACCESS_CMD (#88), seq: 0x0902, 12 bytes at 2[2]:9
[   12.028171] iwlwifi 0000:03:00.0: I iwl_pcie_hcmd_complete Clearing HCMD_ACTIVE for command NVM_ACCESS_CMD
[   12.028181] iwlwifi 0000:03:00.0: U iwl_nvm_read_section NVM section 0 read completed
[   12.028185] iwlwifi 0000:03:00.0: U iwl_pcie_send_hcmd_sync Attempting to send sync command NVM_ACCESS_CMD
[   12.028188] iwlwifi 0000:03:00.0: U iwl_pcie_send_hcmd_sync Setting HCMD_ACTIVE for command NVM_ACCESS_CMD
[   12.028192] iwlwifi 0000:03:00.0: I iwl_pcie_enqueue_hcmd Sending command NVM_ACCESS_CMD (#88), seq: 0x0903, 12 bytes at 3[3]:9
[   12.028264] iwlwifi 0000:03:00.0: I iwl_pcie_hcmd_complete Clearing HCMD_ACTIVE for command NVM_ACCESS_CMD
[   12.028274] iwlwifi 0000:03:00.0: U iwl_nvm_read_section NVM section 1 read completed
[   12.028277] iwlwifi 0000:03:00.0: U iwl_pcie_send_hcmd_sync Attempting to send sync command NVM_ACCESS_CMD
[   12.028280] iwlwifi 0000:03:00.0: U iwl_pcie_send_hcmd_sync Setting HCMD_ACTIVE for command NVM_ACCESS_CMD
[   12.028284] iwlwifi 0000:03:00.0: I iwl_pcie_enqueue_hcmd Sending command NVM_ACCESS_CMD (#88), seq: 0x0904, 12 bytes at 4[4]:9
[   12.028389] iwlwifi 0000:03:00.0: I iwl_pcie_hcmd_complete Clearing HCMD_ACTIVE for command NVM_ACCESS_CMD
[   12.028398] iwlwifi 0000:03:00.0: U iwl_pcie_send_hcmd_sync Attempting to send sync command NVM_ACCESS_CMD
[   12.028402] iwlwifi 0000:03:00.0: U iwl_pcie_send_hcmd_sync Setting HCMD_ACTIVE for command NVM_ACCESS_CMD
[   12.028406] iwlwifi 0000:03:00.0: I iwl_pcie_enqueue_hcmd Sending command NVM_ACCESS_CMD (#88), seq: 0x0905, 12 bytes at 5[5]:9
[   12.028509] iwlwifi 0000:03:00.0: I iwl_pcie_hcmd_complete Clearing HCMD_ACTIVE for command NVM_ACCESS_CMD
[   12.028518] iwlwifi 0000:03:00.0: U iwl_pcie_send_hcmd_sync Attempting to send sync command NVM_ACCESS_CMD
[   12.028521] iwlwifi 0000:03:00.0: U iwl_pcie_send_hcmd_sync Setting HCMD_ACTIVE for command NVM_ACCESS_CMD
[   12.028525] iwlwifi 0000:03:00.0: I iwl_pcie_enqueue_hcmd Sending command NVM_ACCESS_CMD (#88), seq: 0x0906, 12 bytes at 6[6]:9
[   12.028632] iwlwifi 0000:03:00.0: I iwl_pcie_hcmd_complete Clearing HCMD_ACTIVE for command NVM_ACCESS_CMD
[   12.028672] intel_rapl: Found RAPL domain package
[   12.028675] intel_rapl: Found RAPL domain core
[   12.028677] intel_rapl: Found RAPL domain uncore
[   12.031741] iwlwifi 0000:03:00.0: U iwl_pcie_send_hcmd_sync Attempting to send sync command NVM_ACCESS_CMD
[   12.031746] iwlwifi 0000:03:00.0: U iwl_pcie_send_hcmd_sync Setting HCMD_ACTIVE for command NVM_ACCESS_CMD
[   12.031751] iwlwifi 0000:03:00.0: I iwl_pcie_enqueue_hcmd Sending command NVM_ACCESS_CMD (#88), seq: 0x0907, 12 bytes at 7[7]:9
[   12.031812] iwlwifi 0000:03:00.0: I iwl_pcie_hcmd_complete Clearing HCMD_ACTIVE for command NVM_ACCESS_CMD
[   12.031822] iwlwifi 0000:03:00.0: U iwl_nvm_read_chunk NVM access command failed on offset 0x1800 since that section size is multiple 2K
[   12.031826] iwlwifi 0000:03:00.0: U iwl_nvm_read_section NVM section 2 read completed
[   12.031830] iwlwifi 0000:03:00.0: U iwl_pcie_send_hcmd_sync Attempting to send sync command NVM_ACCESS_CMD
[   12.031833] iwlwifi 0000:03:00.0: U iwl_pcie_send_hcmd_sync Setting HCMD_ACTIVE for command NVM_ACCESS_CMD
[   12.031836] iwlwifi 0000:03:00.0: I iwl_pcie_enqueue_hcmd Sending command NVM_ACCESS_CMD (#88), seq: 0x0908, 12 bytes at 8[8]:9
[   12.031894] iwlwifi 0000:03:00.0: I iwl_pcie_hcmd_complete Clearing HCMD_ACTIVE for command NVM_ACCESS_CMD
[   12.031904] iwlwifi 0000:03:00.0: U iwl_nvm_read_section NVM section 3 read completed
[   12.031907] iwlwifi 0000:03:00.0: U iwl_pcie_send_hcmd_sync Attempting to send sync command NVM_ACCESS_CMD
[   12.031910] iwlwifi 0000:03:00.0: U iwl_pcie_send_hcmd_sync Setting HCMD_ACTIVE for command NVM_ACCESS_CMD
[   12.031914] iwlwifi 0000:03:00.0: I iwl_pcie_enqueue_hcmd Sending command NVM_ACCESS_CMD (#88), seq: 0x0909, 12 bytes at 9[9]:9
[   12.031985] iwlwifi 0000:03:00.0: I iwl_pcie_hcmd_complete Clearing HCMD_ACTIVE for command NVM_ACCESS_CMD
[   12.031994] iwlwifi 0000:03:00.0: U iwl_nvm_read_section NVM section 4 read completed
[   12.031997] iwlwifi 0000:03:00.0: U iwl_pcie_send_hcmd_sync Attempting to send sync command NVM_ACCESS_CMD
[   12.031999] iwlwifi 0000:03:00.0: U iwl_pcie_send_hcmd_sync Setting HCMD_ACTIVE for command NVM_ACCESS_CMD
[   12.032002] iwlwifi 0000:03:00.0: I iwl_pcie_enqueue_hcmd Sending command NVM_ACCESS_CMD (#88), seq: 0x090A, 12 bytes at 10[10]:9
[   12.032078] iwlwifi 0000:03:00.0: I iwl_pcie_hcmd_complete Clearing HCMD_ACTIVE for command NVM_ACCESS_CMD
[   12.032086] iwlwifi 0000:03:00.0: U iwl_nvm_read_section NVM section 5 read completed
[   12.032090] iwlwifi 0000:03:00.0: U iwl_pcie_send_hcmd_sync Attempting to send sync command NVM_ACCESS_CMD
[   12.032092] iwlwifi 0000:03:00.0: U iwl_pcie_send_hcmd_sync Setting HCMD_ACTIVE for command NVM_ACCESS_CMD
[   12.032096] iwlwifi 0000:03:00.0: I iwl_pcie_enqueue_hcmd Sending command NVM_ACCESS_CMD (#88), seq: 0x090B, 12 bytes at 11[11]:9
[   12.032146] iwlwifi 0000:03:00.0: I iwl_pcie_hcmd_complete Clearing HCMD_ACTIVE for command NVM_ACCESS_CMD
[   12.032153] iwlwifi 0000:03:00.0: U iwl_nvm_read_chunk NVM access command failed with status 256 (device: Intel(R) Dual Band Wireless AC 7260)
[   12.032157] iwlwifi 0000:03:00.0: U iwl_nvm_read_section Cannot read NVM from section 6 offset 0, length 2048
[   12.032160] iwlwifi 0000:03:00.0: U iwl_pcie_send_hcmd_sync Attempting to send sync command NVM_ACCESS_CMD
[   12.032162] iwlwifi 0000:03:00.0: U iwl_pcie_send_hcmd_sync Setting HCMD_ACTIVE for command NVM_ACCESS_CMD
[   12.032166] iwlwifi 0000:03:00.0: I iwl_pcie_enqueue_hcmd Sending command NVM_ACCESS_CMD (#88), seq: 0x090C, 12 bytes at 12[12]:9
[   12.032227] iwlwifi 0000:03:00.0: I iwl_pcie_hcmd_complete Clearing HCMD_ACTIVE for command NVM_ACCESS_CMD
[   12.032234] iwlwifi 0000:03:00.0: U iwl_nvm_read_chunk NVM access command failed with status 256 (device: Intel(R) Dual Band Wireless AC 7260)
[   12.032238] iwlwifi 0000:03:00.0: U iwl_nvm_read_section Cannot read NVM from section 7 offset 0, length 2048
[   12.032240] iwlwifi 0000:03:00.0: U iwl_pcie_send_hcmd_sync Attempting to send sync command NVM_ACCESS_CMD
[   12.032243] iwlwifi 0000:03:00.0: U iwl_pcie_send_hcmd_sync Setting HCMD_ACTIVE for command NVM_ACCESS_CMD
[   12.032246] iwlwifi 0000:03:00.0: I iwl_pcie_enqueue_hcmd Sending command NVM_ACCESS_CMD (#88), seq: 0x090D, 12 bytes at 13[13]:9
[   12.032305] iwlwifi 0000:03:00.0: I iwl_pcie_hcmd_complete Clearing HCMD_ACTIVE for command NVM_ACCESS_CMD
[   12.032317] iwlwifi 0000:03:00.0: U iwl_nvm_read_chunk NVM access command failed with status 256 (device: Intel(R) Dual Band Wireless AC 7260)
[   12.032320] iwlwifi 0000:03:00.0: U iwl_nvm_read_section Cannot read NVM from section 8 offset 0, length 2048
[   12.032323] iwlwifi 0000:03:00.0: U iwl_pcie_send_hcmd_sync Attempting to send sync command NVM_ACCESS_CMD
[   12.032325] iwlwifi 0000:03:00.0: U iwl_pcie_send_hcmd_sync Setting HCMD_ACTIVE for command NVM_ACCESS_CMD
[   12.032329] iwlwifi 0000:03:00.0: I iwl_pcie_enqueue_hcmd Sending command NVM_ACCESS_CMD (#88), seq: 0x090E, 12 bytes at 14[14]:9
[   12.032389] iwlwifi 0000:03:00.0: I iwl_pcie_hcmd_complete Clearing HCMD_ACTIVE for command NVM_ACCESS_CMD
[   12.032398] iwlwifi 0000:03:00.0: U iwl_nvm_read_chunk NVM access command failed with status 256 (device: Intel(R) Dual Band Wireless AC 7260)
[   12.032402] iwlwifi 0000:03:00.0: U iwl_nvm_read_section Cannot read NVM from section 9 offset 0, length 2048
[   12.032405] iwlwifi 0000:03:00.0: U iwl_pcie_send_hcmd_sync Attempting to send sync command NVM_ACCESS_CMD
[   12.032407] iwlwifi 0000:03:00.0: U iwl_pcie_send_hcmd_sync Setting HCMD_ACTIVE for command NVM_ACCESS_CMD
[   12.032411] iwlwifi 0000:03:00.0: I iwl_pcie_enqueue_hcmd Sending command NVM_ACCESS_CMD (#88), seq: 0x090F, 12 bytes at 15[15]:9
[   12.032467] iwlwifi 0000:03:00.0: I iwl_pcie_hcmd_complete Clearing HCMD_ACTIVE for command NVM_ACCESS_CMD
[   12.032475] iwlwifi 0000:03:00.0: U iwl_nvm_read_chunk NVM access command failed with status 256 (device: Intel(R) Dual Band Wireless AC 7260)
[   12.032478] iwlwifi 0000:03:00.0: U iwl_nvm_read_section Cannot read NVM from section 10 offset 0, length 2048
[   12.032481] iwlwifi 0000:03:00.0: U iwl_pcie_send_hcmd_sync Attempting to send sync command NVM_ACCESS_CMD
[   12.032484] iwlwifi 0000:03:00.0: U iwl_pcie_send_hcmd_sync Setting HCMD_ACTIVE for command NVM_ACCESS_CMD
[   12.032488] iwlwifi 0000:03:00.0: I iwl_pcie_enqueue_hcmd Sending command NVM_ACCESS_CMD (#88), seq: 0x0910, 12 bytes at 16[16]:9
[   12.032543] iwlwifi 0000:03:00.0: I iwl_pcie_hcmd_complete Clearing HCMD_ACTIVE for command NVM_ACCESS_CMD
[   12.032552] iwlwifi 0000:03:00.0: U iwl_nvm_read_chunk NVM access command failed with status 256 (device: Intel(R) Dual Band Wireless AC 7260)
[   12.032555] iwlwifi 0000:03:00.0: U iwl_nvm_read_section Cannot read NVM from section 11 offset 0, length 2048
[   12.032562] iwlwifi 0000:03:00.0: U iwl_init_channel_map Ch. 1 [2.4GHz] VALID IBSS ACTIVE WIDE GO_CONCURRENT (0x34b 22dBm): Ad-Hoc supported
[   12.032566] iwlwifi 0000:03:00.0: U iwl_init_channel_map Ch. 2 [2.4GHz] VALID IBSS ACTIVE WIDE GO_CONCURRENT (0x34b 22dBm): Ad-Hoc supported
[   12.032569] iwlwifi 0000:03:00.0: U iwl_init_channel_map Ch. 3 [2.4GHz] VALID IBSS ACTIVE WIDE GO_CONCURRENT (0x34b 22dBm): Ad-Hoc supported
[   12.032573] iwlwifi 0000:03:00.0: U iwl_init_channel_map Ch. 4 [2.4GHz] VALID IBSS ACTIVE WIDE GO_CONCURRENT (0x34b 22dBm): Ad-Hoc supported
[   12.032576] iwlwifi 0000:03:00.0: U iwl_init_channel_map Ch. 5 [2.4GHz] VALID IBSS ACTIVE WIDE GO_CONCURRENT (0x34b 22dBm): Ad-Hoc supported
[   12.032580] iwlwifi 0000:03:00.0: U iwl_init_channel_map Ch. 6 [2.4GHz] VALID IBSS ACTIVE WIDE GO_CONCURRENT (0x34b 22dBm): Ad-Hoc supported
[   12.032583] iwlwifi 0000:03:00.0: U iwl_init_channel_map Ch. 7 [2.4GHz] VALID IBSS ACTIVE WIDE GO_CONCURRENT (0x34b 22dBm): Ad-Hoc supported
[   12.032586] iwlwifi 0000:03:00.0: U iwl_init_channel_map Ch. 8 [2.4GHz] VALID IBSS ACTIVE WIDE GO_CONCURRENT (0x34b 22dBm): Ad-Hoc supported
[   12.032589] iwlwifi 0000:03:00.0: U iwl_init_channel_map Ch. 9 [2.4GHz] VALID IBSS ACTIVE WIDE GO_CONCURRENT (0x34b 22dBm): Ad-Hoc supported
[   12.032593] iwlwifi 0000:03:00.0: U iwl_init_channel_map Ch. 10 [2.4GHz] VALID IBSS ACTIVE WIDE GO_CONCURRENT (0x34b 22dBm): Ad-Hoc supported
[   12.032596] iwlwifi 0000:03:00.0: U iwl_init_channel_map Ch. 11 [2.4GHz] VALID IBSS ACTIVE WIDE GO_CONCURRENT (0x34b 22dBm): Ad-Hoc supported
[   12.032599] iwlwifi 0000:03:00.0: U iwl_init_channel_map Ch. 12 [2.4GHz] VALID WIDE GO_CONCURRENT (0x341 22dBm): Ad-Hoc not supported
[   12.032602] iwlwifi 0000:03:00.0: U iwl_init_channel_map Ch. 13 [2.4GHz] VALID WIDE GO_CONCURRENT (0x341 22dBm): Ad-Hoc not supported
[   12.032605] iwlwifi 0000:03:00.0: U iwl_init_channel_map Ch. 14 Flags 0 [2.4GHz] - No traffic
[   12.032609] iwlwifi 0000:03:00.0: U iwl_init_channel_map Ch. 36 [5.2GHz] VALID WIDE INDOOR_ONLY GO_CONCURRENT (0x7e1 22dBm): Ad-Hoc not supported
[   12.032613] iwlwifi 0000:03:00.0: U iwl_init_channel_map Ch. 40 [5.2GHz] VALID WIDE INDOOR_ONLY GO_CONCURRENT (0x7e1 22dBm): Ad-Hoc not supported
[   12.032617] iwlwifi 0000:03:00.0: U iwl_init_channel_map Ch. 44 [5.2GHz] VALID WIDE INDOOR_ONLY GO_CONCURRENT (0x7e1 22dBm): Ad-Hoc not supported
[   12.032620] iwlwifi 0000:03:00.0: U iwl_init_channel_map Ch. 48 [5.2GHz] VALID WIDE INDOOR_ONLY GO_CONCURRENT (0x7e1 22dBm): Ad-Hoc not supported
[   12.032624] iwlwifi 0000:03:00.0: U iwl_init_channel_map Ch. 52 [5.2GHz] VALID RADAR WIDE (0x711 22dBm): Ad-Hoc not supported
[   12.032627] iwlwifi 0000:03:00.0: U iwl_init_channel_map Ch. 56 [5.2GHz] VALID RADAR WIDE (0x711 22dBm): Ad-Hoc not supported
[   12.032630] iwlwifi 0000:03:00.0: U iwl_init_channel_map Ch. 60 [5.2GHz] VALID RADAR WIDE (0x711 22dBm): Ad-Hoc not supported
[   12.032634] iwlwifi 0000:03:00.0: U iwl_init_channel_map Ch. 64 [5.2GHz] VALID RADAR WIDE (0x711 22dBm): Ad-Hoc not supported
[   12.032637] iwlwifi 0000:03:00.0: U iwl_init_channel_map Ch. 100 [5.2GHz] VALID RADAR WIDE (0x711 22dBm): Ad-Hoc not supported
[   12.032641] iwlwifi 0000:03:00.0: U iwl_init_channel_map Ch. 104 [5.2GHz] VALID RADAR WIDE (0x711 22dBm): Ad-Hoc not supported
[   12.032644] iwlwifi 0000:03:00.0: U iwl_init_channel_map Ch. 108 [5.2GHz] VALID RADAR WIDE (0x711 22dBm): Ad-Hoc not supported
[   12.032647] iwlwifi 0000:03:00.0: U iwl_init_channel_map Ch. 112 [5.2GHz] VALID RADAR WIDE (0x711 22dBm): Ad-Hoc not supported
[   12.032649] iwlwifi 0000:03:00.0: U iwl_init_channel_map Ch. 116 [5.2GHz] VALID RADAR WIDE (0x711 22dBm): Ad-Hoc not supported
[   12.032652] iwlwifi 0000:03:00.0: U iwl_init_channel_map Ch. 120 [5.2GHz] VALID RADAR WIDE (0x711 22dBm): Ad-Hoc not supported
[   12.032656] iwlwifi 0000:03:00.0: U iwl_init_channel_map Ch. 124 [5.2GHz] VALID RADAR WIDE (0x711 22dBm): Ad-Hoc not supported
[   12.032659] iwlwifi 0000:03:00.0: U iwl_init_channel_map Ch. 128 [5.2GHz] VALID RADAR WIDE (0x711 22dBm): Ad-Hoc not supported
[   12.032662] iwlwifi 0000:03:00.0: U iwl_init_channel_map Ch. 132 [5.2GHz] VALID RADAR WIDE (0x711 22dBm): Ad-Hoc not supported
[   12.032666] iwlwifi 0000:03:00.0: U iwl_init_channel_map Ch. 136 [5.2GHz] VALID RADAR WIDE (0x711 22dBm): Ad-Hoc not supported
[   12.032669] iwlwifi 0000:03:00.0: U iwl_init_channel_map Ch. 140 [5.2GHz] VALID RADAR WIDE (0x711 22dBm): Ad-Hoc not supported
[   12.032673] iwlwifi 0000:03:00.0: U iwl_init_channel_map Ch. 144 [5.2GHz] VALID RADAR WIDE (0x711 22dBm): Ad-Hoc not supported
[   12.032676] iwlwifi 0000:03:00.0: U iwl_init_channel_map Ch. 149 [5.2GHz] VALID WIDE GO_CONCURRENT (0x7c1 22dBm): Ad-Hoc not supported
[   12.032680] iwlwifi 0000:03:00.0: U iwl_init_channel_map Ch. 153 [5.2GHz] VALID WIDE GO_CONCURRENT (0x7c1 22dBm): Ad-Hoc not supported
[   12.032683] iwlwifi 0000:03:00.0: U iwl_init_channel_map Ch. 157 [5.2GHz] VALID WIDE GO_CONCURRENT (0x7c1 22dBm): Ad-Hoc not supported
[   12.032687] iwlwifi 0000:03:00.0: U iwl_init_channel_map Ch. 161 [5.2GHz] VALID WIDE GO_CONCURRENT (0x7c1 22dBm): Ad-Hoc not supported
[   12.032690] iwlwifi 0000:03:00.0: U iwl_init_channel_map Ch. 165 [5.2GHz] VALID WIDE GO_CONCURRENT (0x1c1 22dBm): Ad-Hoc not supported
[   12.032694] iwlwifi 0000:03:00.0: U iwl_nvm_check_version device EEPROM VER=0xa2a, CALIB=0xff
[   12.032697] iwlwifi 0000:03:00.0: U iwl_send_tx_ant_cfg select valid tx ant: 3
[   12.032700] iwlwifi 0000:03:00.0: U iwl_pcie_send_hcmd_sync Attempting to send sync command TX_ANT_CONFIGURATION_CMD
[   12.032702] iwlwifi 0000:03:00.0: U iwl_pcie_send_hcmd_sync Setting HCMD_ACTIVE for command TX_ANT_CONFIGURATION_CMD
[   12.032706] iwlwifi 0000:03:00.0: I iwl_pcie_enqueue_hcmd Sending command TX_ANT_CONFIGURATION_CMD (#98), seq: 0x0911, 8 bytes at 17[17]:9
[   12.032761] iwlwifi 0000:03:00.0: I iwl_pcie_hcmd_complete Clearing HCMD_ACTIVE for command TX_ANT_CONFIGURATION_CMD
[   12.032770] iwlwifi 0000:03:00.0: U iwl_send_phy_cfg_cmd Sending Phy CFG command: 0x330018
[   12.032773] iwlwifi 0000:03:00.0: U iwl_pcie_send_hcmd_sync Attempting to send sync command PHY_CONFIGURATION_CMD
[   12.032775] iwlwifi 0000:03:00.0: U iwl_pcie_send_hcmd_sync Setting HCMD_ACTIVE for command PHY_CONFIGURATION_CMD
[   12.032779] iwlwifi 0000:03:00.0: I iwl_pcie_enqueue_hcmd Sending command PHY_CONFIGURATION_CMD (#6a), seq: 0x0912, 16 bytes at 18[18]:9
[   12.032840] iwlwifi 0000:03:00.0: I iwl_pcie_hcmd_complete Clearing HCMD_ACTIVE for command PHY_CONFIGURATION_CMD
[   12.057885] snd_hda_intel 0000:00:1b.0: irq 35 for MSI/MSI-X
[   12.057997] ACPI Warning: SystemIO range 0x0000000000000428-0x000000000000042f conflicts with OpRegion 0x0000000000000400-0x000000000000047f (\PMIO) (20140724/utaddress-258)
[   12.058004] ACPI: If an ACPI driver is available for this device, you should use it instead of the native driver
[   12.058008] ACPI Warning: SystemIO range 0x0000000000000540-0x000000000000054f conflicts with OpRegion 0x0000000000000500-0x0000000000000549 (\SBGP) (20140724/utaddress-258)
[   12.058011] ACPI Warning: SystemIO range 0x0000000000000540-0x000000000000054f conflicts with OpRegion 0x0000000000000500-0x0000000000000563 (\GPIO) (20140724/utaddress-258)
[   12.058015] ACPI: If an ACPI driver is available for this device, you should use it instead of the native driver
[   12.058016] ACPI Warning: SystemIO range 0x0000000000000530-0x000000000000053f conflicts with OpRegion 0x0000000000000500-0x0000000000000549 (\SBGP) (20140724/utaddress-258)
[   12.058019] ACPI Warning: SystemIO range 0x0000000000000530-0x000000000000053f conflicts with OpRegion 0x0000000000000500-0x0000000000000563 (\GPIO) (20140724/utaddress-258)
[   12.058022] ACPI: If an ACPI driver is available for this device, you should use it instead of the native driver
[   12.058024] ACPI Warning: SystemIO range 0x0000000000000500-0x000000000000052f conflicts with OpRegion 0x0000000000000500-0x0000000000000549 (\SBGP) (20140724/utaddress-258)
[   12.058027] ACPI Warning: SystemIO range 0x0000000000000500-0x000000000000052f conflicts with OpRegion 0x0000000000000500-0x0000000000000563 (\GPIO) (20140724/utaddress-258)
[   12.058031] ACPI: If an ACPI driver is available for this device, you should use it instead of the native driver
[   12.058032] lpc_ich: Resource conflict(s) found affecting gpio_ich
[   12.058404] ACPI Warning: SystemIO range 0x000000000000e040-0x000000000000e05f conflicts with OpRegion 0x000000000000e040-0x000000000000e04f (\_SB_.PCI0.SBUS.SMBI) (20140724/utaddress-258)
[   12.058411] ACPI: If an ACPI driver is available for this device, you should use it instead of the native driver
[   12.072033] sound hdaudioC0D0: autoconfig: line_outs=1 (0x14/0x0/0x0/0x0/0x0) type:speaker
[   12.072037] sound hdaudioC0D0:    speaker_outs=0 (0x0/0x0/0x0/0x0/0x0)
[   12.072040] sound hdaudioC0D0:    hp_outs=1 (0x21/0x0/0x0/0x0/0x0)
[   12.072042] sound hdaudioC0D0:    mono: mono_out=0x0
[   12.072044] sound hdaudioC0D0:    inputs:
[   12.072047] sound hdaudioC0D0:      Internal Mic=0x19
[   12.072050] sound hdaudioC0D0:      Mic=0x18
[   12.073959] asus_wmi: ASUS WMI generic driver loaded
[   12.074502] asus_wmi: Initialization: 0x1
[   12.074674] asus_wmi: SFUN value: 0x1a0af7
[   12.075254] input: Asus WMI hotkeys as /devices/platform/asus-nb-wmi/input/input18
[   12.081671] input: HDA Intel PCH Mic as /devices/pci0000:00/0000:00:1b.0/sound/card0/input19
[   12.081754] input: HDA Intel PCH Headphone as /devices/pci0000:00/0000:00:1b.0/sound/card0/input20
[   12.081836] input: HDA Intel PCH HDMI/DP,pcm=3 as /devices/pci0000:00/0000:00:1b.0/sound/card0/input21
[   12.090020] Bluetooth: Core ver 2.19
[   12.090034] NET: Registered protocol family 31
[   12.090036] Bluetooth: HCI device and connection manager initialized
[   12.090043] Bluetooth: HCI socket layer initialized
[   12.090045] Bluetooth: L2CAP socket layer initialized
[   12.090050] Bluetooth: SCO socket layer initialized
[   12.090612] media: Linux media interface: v0.10
[   12.093962] Linux video capture interface: v2.00
[   12.094950] iTCO_vendor_support: vendor-support=0
[   12.097834] iTCO_wdt: Intel TCO WatchDog Timer Driver v1.11
[   12.097878] iTCO_wdt: Found a Cougar Point TCO device (Version=2, TCOBASE=0x0460)
[   12.098277] iTCO_wdt: initialized. heartbeat=30 sec (nowayout=0)
[   12.106111] usbcore: registered new interface driver btusb
[   12.107541] uvcvideo: Found UVC 1.00 device USB 2.0 UVC VGA WebCam (13d3:5710)
[   12.112749] asus_wmi: Backlight controlled by ACPI video driver
[   12.118801] input: USB 2.0 UVC VGA WebCam as /devices/pci0000:00/0000:00:1a.0/usb3/3-1/3-1.2/3-1.2:1.0/input/input22
[   12.119465] usbcore: registered new interface driver uvcvideo
[   12.119469] USB Video Class driver (1.1.1)
[   12.119485] Bluetooth: hci0: read Intel version: 370710018002030d37
[   12.119487] Bluetooth: hci0: Intel device is already patched. patch num: 37
[   12.123307] iwlwifi 0000:03:00.0: RF_KILL bit toggled to disable radio.
[   12.123354] iwlwifi 0000:03:00.0: U iwl_pcie_apm_stop Stop card, put in low power state
[   12.123370] iwlwifi 0000:03:00.0: U iwl_pcie_apm_stop_master stop master
[   12.156052] ------------[ cut here ]------------
[   12.156064] WARNING: CPU: 1 PID: 403 at drivers/net/wireless/iwlwifi/pcie/trans.c:1263 iwl_trans_pcie_grab_nic_access+0xf9/0x110 [iwlwifi]()
[   12.156066] Timeout waiting for hardware access (CSR_GP_CNTRL 0x000403d8)
[   12.156067] Modules linked in: joydev uvcvideo ecb videobuf2_vmalloc videobuf2_memops iTCO_wdt videobuf2_core iTCO_vendor_support v4l2_common btusb videodev media bluetooth snd_hda_codec_hdmi asus_nb_wmi asus_wmi sparse_keymap mxm_wmi snd_hda_codec_realtek snd_hda_codec_generic x86_pkg_temp_thermal intel_powerclamp intel_rapl coretemp kvm_intel kvm iwlmvm(+) mac80211 psmouse pcspkr serio_raw i2c_i801 iwlwifi cfg80211 rfkill lpc_ich snd_hda_intel snd_hda_controller evdev wmi snd_hda_codec ac snd_hwdep battery snd_pcm snd_timer mei_me snd mei soundcore shpchp processor nf_conntrack_ipv6 nf_defrag_ipv6 ip6table_filter ip6_tables xt_tcpudp nf_conntrack_ipv4 nf_defrag_ipv4 xt_conntrack nf_conntrack iptable_filter ip_tables x_tables cuse fuse parport_pc ppdev lp parport autofs4 ext4 crc16 mbcache jbd2
[   12.156110]  algif_skcipher af_alg hid_cherry hid_generic usbhid hid dm_crypt dm_mod rtsx_usb_sdmmc mmc_core rtsx_usb mfd_core sg sd_mod crc_t10dif crct10dif_generic crct10dif_pclmul crct10dif_common crc32_pclmul crc32c_intel ghash_clmulni_intel ehci_pci ehci_hcd aesni_intel aes_x86_64 lrw gf128mul glue_helper ahci ablk_helper cryptd libahci libata xhci_hcd scsi_mod i915 r8169 i2c_algo_bit usbcore mii drm_kms_helper usb_common drm i2c_core thermal video thermal_sys button
[   12.156140] CPU: 1 PID: 403 Comm: irq/34-iwlwifi Not tainted 3.17.0+ #38
[   12.156142] Hardware name: ASUSTeK Computer Inc. K53SM/K53SM, BIOS K53SM.214 08/15/2012
[   12.156143]  0000000000000009 ffff880036dafbc0 ffffffff8154a3cb ffff880036dafc08
[   12.156146]  ffff880036dafbf8 ffffffff8106a5dd ffff880036da4000 0000000000000000
[   12.156148]  ffff880036da7bb8 ffff880036dafca0 0000000000000000 ffff880036dafc58
[   12.156151] Call Trace:
[   12.156157]  [<ffffffff8154a3cb>] dump_stack+0x45/0x56
[   12.156162]  [<ffffffff8106a5dd>] warn_slowpath_common+0x7d/0xa0
[   12.156164]  [<ffffffff8106a64c>] warn_slowpath_fmt+0x4c/0x50
[   12.156169]  [<ffffffffa0651069>] iwl_trans_pcie_grab_nic_access+0xf9/0x110 [iwlwifi]
[   12.156173]  [<ffffffffa06450b5>] iwl_read_direct32+0x25/0x80 [iwlwifi]
[   12.156176]  [<ffffffffa0645155>] iwl_poll_direct_bit+0x45/0x70 [iwlwifi]
[   12.156180]  [<ffffffffa064dbb8>] iwl_pcie_tx_stop+0x78/0x120 [iwlwifi]
[   12.156184]  [<ffffffffa0651f68>] iwl_trans_pcie_stop_device+0x218/0x250 [iwlwifi]
[   12.156187]  [<ffffffffa0651d45>] iwl_trans_pcie_rf_kill+0x35/0x40 [iwlwifi]
[   12.156191]  [<ffffffffa064b980>] iwl_pcie_irq_handler+0x970/0xf70 [iwlwifi]
[   12.156195]  [<ffffffff81011661>] ? __switch_to+0x191/0x5f0
[   12.156198]  [<ffffffff8154b919>] ? __schedule+0x2e9/0x840
[   12.156202]  [<ffffffff810ba5e0>] ? irq_finalize_oneshot.part.30+0xf0/0xf0
[   12.156205]  [<ffffffff810ba600>] irq_thread_fn+0x20/0x50
[   12.156208]  [<ffffffff810ba5e0>] ? irq_finalize_oneshot.part.30+0xf0/0xf0
[   12.156211]  [<ffffffff810ba947>] irq_thread+0x137/0x160
[   12.156214]  [<ffffffff810ba690>] ? irq_forced_thread_fn+0x60/0x60
[   12.156217]  [<ffffffff810ba810>] ? irq_thread_check_affinity+0xc0/0xc0
[   12.156220]  [<ffffffff810875cb>] kthread+0xdb/0x100
[   12.156223]  [<ffffffff810874f0>] ? kthread_create_on_node+0x180/0x180
[   12.156226]  [<ffffffff815505fc>] ret_from_fork+0x7c/0xb0
[   12.156228]  [<ffffffff810874f0>] ? kthread_create_on_node+0x180/0x180
[   12.156230] ---[ end trace 10e0332b26e46729 ]---
[   12.162139] cfg80211: World regulatory domain updated:
[   12.162143] cfg80211:  DFS Master region: unset
[   12.162144] cfg80211:   (start_freq - end_freq @ bandwidth), (max_antenna_gain, max_eirp), (dfs_cac_time)
[   12.162147] cfg80211:   (2402000 KHz - 2472000 KHz @ 40000 KHz), (N/A, 2000 mBm), (N/A)
[   12.162150] cfg80211:   (2457000 KHz - 2482000 KHz @ 40000 KHz), (N/A, 2000 mBm), (N/A)
[   12.162152] cfg80211:   (2474000 KHz - 2494000 KHz @ 20000 KHz), (N/A, 2000 mBm), (N/A)
[   12.162154] cfg80211:   (5170000 KHz - 5250000 KHz @ 160000 KHz), (N/A, 2000 mBm), (N/A)
[   12.162156] cfg80211:   (5250000 KHz - 5330000 KHz @ 160000 KHz), (N/A, 2000 mBm), (0 s)
[   12.162158] cfg80211:   (5490000 KHz - 5730000 KHz @ 160000 KHz), (N/A, 2000 mBm), (0 s)
[   12.162160] cfg80211:   (5735000 KHz - 5835000 KHz @ 80000 KHz), (N/A, 2000 mBm), (N/A)
[   12.162162] cfg80211:   (57240000 KHz - 63720000 KHz @ 2160000 KHz), (N/A, 0 mBm), (N/A)
[   12.208141] EXT4-fs (dm-2): mounted filesystem with ordered data mode. Opts: errors=remount-ro,discard
[   12.242853] EXT4-fs (sdb2): mounted filesystem with ordered data mode. Opts: errors=remount-ro,discard
[   12.806839] psmouse serio4: synaptics: Touchpad model: 1, fw: 7.5, id: 0x1e0b1, caps: 0xd00073/0x240000/0xa0400, board id: 1704, fw id: 705499
[   12.839008] input: SynPS/2 Synaptics TouchPad as /devices/platform/i8042/serio4/input/input17
[   15.553199] iwlwifi 0000:03:00.0: Failing on timeout while stopping DMA channel 2 [0x5a5a5a5a]
[   19.015180] iwlwifi 0000:03:00.0: Failing on timeout while stopping DMA channel 5 [0x5a5a5a5a]
[   22.412162] iwlwifi 0000:03:00.0: Failing on timeout while stopping DMA channel 7 [0x5a5a5a5a]
[   22.412212] iwlwifi 0000:03:00.0: Failed to run INIT ucode: -5
[   22.412243] iwlwifi 0000:03:00.0: U iwl_pcie_apm_stop Stop card, put in low power state
[   22.444881] iwlwifi 0000:03:00.0: U iwl_pcie_apm_stop_master stop master
[   22.510738] iwlwifi 0000:03:00.0: U iwl_pcie_apm_stop Stop card, put in low power state
[   22.510763] iwlwifi 0000:03:00.0: U iwl_pcie_apm_stop_master stop master
[   22.947267] systemd-journald[268]: Received request to flush runtime journal from PID 1
[   23.228493] bbswitch: version 0.8
[   23.228498] bbswitch: Found integrated VGA device 0000:00:02.0: \_SB_.PCI0.GFX0
[   23.228503] bbswitch: Found discrete VGA device 0000:01:00.0: \_SB_.PCI0.PEGR.GFX0
[   23.228517] ACPI Warning: \_SB_.PCI0.PEGR.GFX0._DSM: Argument #4 type mismatch - Found [Buffer], ACPI requires [Package] (20140724/nsarguments-95)
[   23.228689] bbswitch: detected an Optimus _DSM function
[   23.228701] pci 0000:01:00.0: enabling device (0000 -> 0003)
[   23.228745] bbswitch: Succesfully loaded. Discrete card 0000:01:00.0 is on
[   23.238590] bbswitch: disabling discrete graphics
[   23.238605] ACPI Warning: \_SB_.PCI0.PEGR.GFX0._DSM: Argument #4 type mismatch - Found [Buffer], ACPI requires [Package] (20140724/nsarguments-95)
[   23.268437] vboxdrv: Found 4 processor cores.
[   23.268733] vboxdrv: fAsync=0 offMin=0x474 offMax=0x1035
[   23.268813] vboxdrv: TSC mode is 'synchronous', kernel timer mode is 'normal'.
[   23.268815] vboxdrv: Successfully loaded version 4.3.18_Debian (interface 0x001a0008).
[   23.288022] vboxpci: IOMMU not found (not registered)
[   23.313479] Bluetooth: BNEP (Ethernet Emulation) ver 1.3
[   23.313482] Bluetooth: BNEP filters: protocol multicast
[   23.313491] Bluetooth: BNEP socket layer initialized
[   23.866294] r8169 0000:05:00.0 eth0: link down
[   23.866305] r8169 0000:05:00.0 eth0: link down
[   23.866376] IPv6: ADDRCONF(NETDEV_UP): eth0: link is not ready
[   25.526648] r8169 0000:05:00.0 eth0: link up
[   25.526666] IPv6: ADDRCONF(NETDEV_CHANGE): eth0: link becomes ready
[   25.928133] EXT4-fs (dm-4): mounted filesystem with ordered data mode. Opts: errors=remount-ro
[   46.773078] cfg80211: Calling CRDA to update world regulatory domain
[   46.776107] Intel(R) Wireless WiFi driver for Linux, in-tree:d
[   46.776115] Copyright(c) 2003- 2014 Intel Corporation
[   46.776517] iwlwifi 0000:03:00.0: irq 34 for MSI/MSI-X
[   46.776774] iwlwifi 0000:03:00.0: U iwl_request_firmware attempting to load firmware 'iwlwifi-7260-10.ucode'
[   46.776807] iwlwifi 0000:03:00.0: Direct firmware load for iwlwifi-7260-10.ucode failed with error -2
[   46.776816] iwlwifi 0000:03:00.0: U iwl_request_firmware attempting to load firmware 'iwlwifi-7260-9.ucode'
[   46.777200] iwlwifi 0000:03:00.0: U iwl_req_fw_callback Loaded firmware file 'iwlwifi-7260-9.ucode' (680432 bytes).
[   46.777536] iwlwifi 0000:03:00.0: loaded firmware version 25.228.9.0 op_mode iwlmvm
[   46.777570] iwlwifi 0000:03:00.0: U set_dflt_pwr_limit SPL method not found
[   46.779221] cfg80211: World regulatory domain updated:
[   46.779230] cfg80211:  DFS Master region: unset
[   46.779235] cfg80211:   (start_freq - end_freq @ bandwidth), (max_antenna_gain, max_eirp), (dfs_cac_time)
[   46.779244] cfg80211:   (2402000 KHz - 2472000 KHz @ 40000 KHz), (N/A, 2000 mBm), (N/A)
[   46.779251] cfg80211:   (2457000 KHz - 2482000 KHz @ 40000 KHz), (N/A, 2000 mBm), (N/A)
[   46.779258] cfg80211:   (2474000 KHz - 2494000 KHz @ 20000 KHz), (N/A, 2000 mBm), (N/A)
[   46.779264] cfg80211:   (5170000 KHz - 5250000 KHz @ 160000 KHz), (N/A, 2000 mBm), (N/A)
[   46.779271] cfg80211:   (5250000 KHz - 5330000 KHz @ 160000 KHz), (N/A, 2000 mBm), (0 s)
[   46.779278] cfg80211:   (5490000 KHz - 5730000 KHz @ 160000 KHz), (N/A, 2000 mBm), (0 s)
[   46.779284] cfg80211:   (5735000 KHz - 5835000 KHz @ 80000 KHz), (N/A, 2000 mBm), (N/A)
[   46.779291] cfg80211:   (57240000 KHz - 63720000 KHz @ 2160000 KHz), (N/A, 0 mBm), (N/A)
[   46.789232] iwlwifi 0000:03:00.0: Detected Intel(R) Dual Band Wireless AC 7260, REV=0x144
[   46.789243] iwlwifi 0000:03:00.0: U iwl_pcie_prepare_card_hw iwl_trans_prepare_card_hw enter
[   46.789266] iwlwifi 0000:03:00.0: U iwl_pcie_set_hw_ready hardware ready
[   46.789295] iwlwifi 0000:03:00.0: U iwl_pcie_apm_init Init card's basic functions
[   46.789328] iwlwifi 0000:03:00.0: L1 Enabled; Disabling L0S
[   46.789575] iwlwifi 0000:03:00.0: RF_KILL bit toggled to disable radio.
[   46.789829] iwlwifi 0000:03:00.0: U iwl_pcie_apm_stop Stop card, put in low power state
[   46.789839] iwlwifi 0000:03:00.0: U iwl_pcie_apm_stop_master stop master
[   46.790056] iwlwifi 0000:03:00.0: U iwl_pcie_apm_stop Stop card, put in low power state
[   46.790073] iwlwifi 0000:03:00.0: U iwl_pcie_apm_stop_master stop master
[   46.790273] iwlwifi 0000:03:00.0: U iwl_pcie_prepare_card_hw iwl_trans_prepare_card_hw enter
[   46.790292] iwlwifi 0000:03:00.0: U iwl_pcie_set_hw_ready hardware ready
[   46.790309] iwlwifi 0000:03:00.0: U iwl_pcie_apm_init Init card's basic functions
[   46.790338] iwlwifi 0000:03:00.0: L1 Enabled; Disabling L0S
[   46.790568] iwlwifi 0000:03:00.0: U iwl_mvm_nic_config Radio type=0x0-0x2-0x1
[   46.791202] iwlwifi 0000:03:00.0: U iwl_pcie_nic_init Enabling shadow registers in device
[   46.791207] iwlwifi 0000:03:00.0: U iwl_pcie_load_given_ucode working with Non Secured image
[   46.791210] iwlwifi 0000:03:00.0: U iwl_pcie_load_given_ucode working with Single CPU
[   46.791214] iwlwifi 0000:03:00.0: U iwl_pcie_load_section [0] uCode section being loaded...
[   46.793679] iwlwifi 0000:03:00.0: U iwl_pcie_load_section [1] uCode section being loaded...
[   46.796317] iwlwifi 0000:03:00.0: U iwl_pcie_load_cpu_sections Break since Data not valid or Empty section, sec = 2
[   46.797043] iwlwifi 0000:03:00.0: I iwl_alive_fn Alive VER2 ucode status 0xcafe revision 0x9 0x0 flags 0x1
[   46.797049] iwlwifi 0000:03:00.0: I iwl_alive_fn UMAC version: Major - 0x0, Minor - 0x0
[   46.797471] iwlwifi 0000:03:00.0: U iwl_nvm_init Read from NVM
[   46.797478] iwlwifi 0000:03:00.0: U iwl_pcie_send_hcmd_sync Attempting to send sync command NVM_ACCESS_CMD
[   46.797481] iwlwifi 0000:03:00.0: U iwl_pcie_send_hcmd_sync Setting HCMD_ACTIVE for command NVM_ACCESS_CMD
[   46.797488] iwlwifi 0000:03:00.0: I iwl_pcie_enqueue_hcmd Sending command NVM_ACCESS_CMD (#88), seq: 0x0900, 12 bytes at 0[0]:9
[   46.799561] iwlwifi 0000:03:00.0: I iwl_pcie_hcmd_complete Clearing HCMD_ACTIVE for command NVM_ACCESS_CMD
[   46.799593] iwlwifi 0000:03:00.0: U iwl_nvm_read_section NVM section 0 read completed
[   46.799600] iwlwifi 0000:03:00.0: U iwl_pcie_send_hcmd_sync Attempting to send sync command NVM_ACCESS_CMD
[   46.799604] iwlwifi 0000:03:00.0: U iwl_pcie_send_hcmd_sync Setting HCMD_ACTIVE for command NVM_ACCESS_CMD
[   46.799619] iwlwifi 0000:03:00.0: I iwl_pcie_enqueue_hcmd Sending command NVM_ACCESS_CMD (#88), seq: 0x0901, 12 bytes at 1[1]:9
[   46.799749] iwlwifi 0000:03:00.0: I iwl_pcie_hcmd_complete Clearing HCMD_ACTIVE for command NVM_ACCESS_CMD
[   46.799783] iwlwifi 0000:03:00.0: U iwl_nvm_read_section NVM section 1 read completed
[   46.799789] iwlwifi 0000:03:00.0: U iwl_pcie_send_hcmd_sync Attempting to send sync command NVM_ACCESS_CMD
[   46.799792] iwlwifi 0000:03:00.0: U iwl_pcie_send_hcmd_sync Setting HCMD_ACTIVE for command NVM_ACCESS_CMD
[   46.799808] iwlwifi 0000:03:00.0: I iwl_pcie_enqueue_hcmd Sending command NVM_ACCESS_CMD (#88), seq: 0x0902, 12 bytes at 2[2]:9
[   46.799930] iwlwifi 0000:03:00.0: I iwl_pcie_hcmd_complete Clearing HCMD_ACTIVE for command NVM_ACCESS_CMD
[   46.799952] iwlwifi 0000:03:00.0: U iwl_pcie_send_hcmd_sync Attempting to send sync command NVM_ACCESS_CMD
[   46.799966] iwlwifi 0000:03:00.0: U iwl_pcie_send_hcmd_sync Setting HCMD_ACTIVE for command NVM_ACCESS_CMD
[   46.799981] iwlwifi 0000:03:00.0: I iwl_pcie_enqueue_hcmd Sending command NVM_ACCESS_CMD (#88), seq: 0x0903, 12 bytes at 3[3]:9
[   46.800085] iwlwifi 0000:03:00.0: I iwl_pcie_hcmd_complete Clearing HCMD_ACTIVE for command NVM_ACCESS_CMD
[   46.800103] iwlwifi 0000:03:00.0: U iwl_pcie_send_hcmd_sync Attempting to send sync command NVM_ACCESS_CMD
[   46.800108] iwlwifi 0000:03:00.0: U iwl_pcie_send_hcmd_sync Setting HCMD_ACTIVE for command NVM_ACCESS_CMD
[   46.800124] iwlwifi 0000:03:00.0: I iwl_pcie_enqueue_hcmd Sending command NVM_ACCESS_CMD (#88), seq: 0x0904, 12 bytes at 4[4]:9
[   46.800236] iwlwifi 0000:03:00.0: I iwl_pcie_hcmd_complete Clearing HCMD_ACTIVE for command NVM_ACCESS_CMD
[   46.800253] iwlwifi 0000:03:00.0: U iwl_pcie_send_hcmd_sync Attempting to send sync command NVM_ACCESS_CMD
[   46.800258] iwlwifi 0000:03:00.0: U iwl_pcie_send_hcmd_sync Setting HCMD_ACTIVE for command NVM_ACCESS_CMD
[   46.800265] iwlwifi 0000:03:00.0: I iwl_pcie_enqueue_hcmd Sending command NVM_ACCESS_CMD (#88), seq: 0x0905, 12 bytes at 5[5]:9
[   46.800350] iwlwifi 0000:03:00.0: I iwl_pcie_hcmd_complete Clearing HCMD_ACTIVE for command NVM_ACCESS_CMD
[   46.800366] iwlwifi 0000:03:00.0: U iwl_nvm_read_chunk NVM access command failed on offset 0x1800 since that section size is multiple 2K
[   46.800372] iwlwifi 0000:03:00.0: U iwl_nvm_read_section NVM section 2 read completed
[   46.800401] iwlwifi 0000:03:00.0: U iwl_pcie_send_hcmd_sync Attempting to send sync command NVM_ACCESS_CMD
[   46.800405] iwlwifi 0000:03:00.0: U iwl_pcie_send_hcmd_sync Setting HCMD_ACTIVE for command NVM_ACCESS_CMD
[   46.800410] iwlwifi 0000:03:00.0: I iwl_pcie_enqueue_hcmd Sending command NVM_ACCESS_CMD (#88), seq: 0x0906, 12 bytes at 6[6]:9
[   46.800477] iwlwifi 0000:03:00.0: I iwl_pcie_hcmd_complete Clearing HCMD_ACTIVE for command NVM_ACCESS_CMD
[   46.800493] iwlwifi 0000:03:00.0: U iwl_nvm_read_section NVM section 3 read completed
[   46.800510] iwlwifi 0000:03:00.0: U iwl_pcie_send_hcmd_sync Attempting to send sync command NVM_ACCESS_CMD
[   46.800522] iwlwifi 0000:03:00.0: U iwl_pcie_send_hcmd_sync Setting HCMD_ACTIVE for command NVM_ACCESS_CMD
[   46.800527] iwlwifi 0000:03:00.0: I iwl_pcie_enqueue_hcmd Sending command NVM_ACCESS_CMD (#88), seq: 0x0907, 12 bytes at 7[7]:9
[   46.800597] iwlwifi 0000:03:00.0: I iwl_pcie_hcmd_complete Clearing HCMD_ACTIVE for command NVM_ACCESS_CMD
[   46.800613] iwlwifi 0000:03:00.0: U iwl_nvm_read_section NVM section 4 read completed
[   46.800619] iwlwifi 0000:03:00.0: U iwl_pcie_send_hcmd_sync Attempting to send sync command NVM_ACCESS_CMD
[   46.800633] iwlwifi 0000:03:00.0: U iwl_pcie_send_hcmd_sync Setting HCMD_ACTIVE for command NVM_ACCESS_CMD
[   46.800647] iwlwifi 0000:03:00.0: I iwl_pcie_enqueue_hcmd Sending command NVM_ACCESS_CMD (#88), seq: 0x0908, 12 bytes at 8[8]:9
[   46.800731] iwlwifi 0000:03:00.0: I iwl_pcie_hcmd_complete Clearing HCMD_ACTIVE for command NVM_ACCESS_CMD
[   46.800755] iwlwifi 0000:03:00.0: U iwl_nvm_read_section NVM section 5 read completed
[   46.800769] iwlwifi 0000:03:00.0: U iwl_pcie_send_hcmd_sync Attempting to send sync command NVM_ACCESS_CMD
[   46.800772] iwlwifi 0000:03:00.0: U iwl_pcie_send_hcmd_sync Setting HCMD_ACTIVE for command NVM_ACCESS_CMD
[   46.800777] iwlwifi 0000:03:00.0: I iwl_pcie_enqueue_hcmd Sending command NVM_ACCESS_CMD (#88), seq: 0x0909, 12 bytes at 9[9]:9
[   46.800837] iwlwifi 0000:03:00.0: I iwl_pcie_hcmd_complete Clearing HCMD_ACTIVE for command NVM_ACCESS_CMD
[   46.800858] iwlwifi 0000:03:00.0: U iwl_nvm_read_chunk NVM access command failed with status 256 (device: Intel(R) Dual Band Wireless AC 7260)
[   46.800862] iwlwifi 0000:03:00.0: U iwl_nvm_read_section Cannot read NVM from section 6 offset 0, length 2048
[   46.800865] iwlwifi 0000:03:00.0: U iwl_pcie_send_hcmd_sync Attempting to send sync command NVM_ACCESS_CMD
[   46.800868] iwlwifi 0000:03:00.0: U iwl_pcie_send_hcmd_sync Setting HCMD_ACTIVE for command NVM_ACCESS_CMD
[   46.800882] iwlwifi 0000:03:00.0: I iwl_pcie_enqueue_hcmd Sending command NVM_ACCESS_CMD (#88), seq: 0x090A, 12 bytes at 10[10]:9
[   46.800933] iwlwifi 0000:03:00.0: I iwl_pcie_hcmd_complete Clearing HCMD_ACTIVE for command NVM_ACCESS_CMD
[   46.800943] iwlwifi 0000:03:00.0: U iwl_nvm_read_chunk NVM access command failed with status 256 (device: Intel(R) Dual Band Wireless AC 7260)
[   46.800956] iwlwifi 0000:03:00.0: U iwl_nvm_read_section Cannot read NVM from section 7 offset 0, length 2048
[   46.800959] iwlwifi 0000:03:00.0: U iwl_pcie_send_hcmd_sync Attempting to send sync command NVM_ACCESS_CMD
[   46.800972] iwlwifi 0000:03:00.0: U iwl_pcie_send_hcmd_sync Setting HCMD_ACTIVE for command NVM_ACCESS_CMD
[   46.800977] iwlwifi 0000:03:00.0: I iwl_pcie_enqueue_hcmd Sending command NVM_ACCESS_CMD (#88), seq: 0x090B, 12 bytes at 11[11]:9
[   46.801032] iwlwifi 0000:03:00.0: I iwl_pcie_hcmd_complete Clearing HCMD_ACTIVE for command NVM_ACCESS_CMD
[   46.801050] iwlwifi 0000:03:00.0: U iwl_nvm_read_chunk NVM access command failed with status 256 (device: Intel(R) Dual Band Wireless AC 7260)
[   46.801054] iwlwifi 0000:03:00.0: U iwl_nvm_read_section Cannot read NVM from section 8 offset 0, length 2048
[   46.801057] iwlwifi 0000:03:00.0: U iwl_pcie_send_hcmd_sync Attempting to send sync command NVM_ACCESS_CMD
[   46.801060] iwlwifi 0000:03:00.0: U iwl_pcie_send_hcmd_sync Setting HCMD_ACTIVE for command NVM_ACCESS_CMD
[   46.801074] iwlwifi 0000:03:00.0: I iwl_pcie_enqueue_hcmd Sending command NVM_ACCESS_CMD (#88), seq: 0x090C, 12 bytes at 12[12]:9
[   46.801131] iwlwifi 0000:03:00.0: I iwl_pcie_hcmd_complete Clearing HCMD_ACTIVE for command NVM_ACCESS_CMD
[   46.801149] iwlwifi 0000:03:00.0: U iwl_nvm_read_chunk NVM access command failed with status 256 (device: Intel(R) Dual Band Wireless AC 7260)
[   46.801153] iwlwifi 0000:03:00.0: U iwl_nvm_read_section Cannot read NVM from section 9 offset 0, length 2048
[   46.801156] iwlwifi 0000:03:00.0: U iwl_pcie_send_hcmd_sync Attempting to send sync command NVM_ACCESS_CMD
[   46.801159] iwlwifi 0000:03:00.0: U iwl_pcie_send_hcmd_sync Setting HCMD_ACTIVE for command NVM_ACCESS_CMD
[   46.801173] iwlwifi 0000:03:00.0: I iwl_pcie_enqueue_hcmd Sending command NVM_ACCESS_CMD (#88), seq: 0x090D, 12 bytes at 13[13]:9
[   46.801232] iwlwifi 0000:03:00.0: I iwl_pcie_hcmd_complete Clearing HCMD_ACTIVE for command NVM_ACCESS_CMD
[   46.801250] iwlwifi 0000:03:00.0: U iwl_nvm_read_chunk NVM access command failed with status 256 (device: Intel(R) Dual Band Wireless AC 7260)
[   46.801254] iwlwifi 0000:03:00.0: U iwl_nvm_read_section Cannot read NVM from section 10 offset 0, length 2048
[   46.801258] iwlwifi 0000:03:00.0: U iwl_pcie_send_hcmd_sync Attempting to send sync command NVM_ACCESS_CMD
[   46.801261] iwlwifi 0000:03:00.0: U iwl_pcie_send_hcmd_sync Setting HCMD_ACTIVE for command NVM_ACCESS_CMD
[   46.801274] iwlwifi 0000:03:00.0: I iwl_pcie_enqueue_hcmd Sending command NVM_ACCESS_CMD (#88), seq: 0x090E, 12 bytes at 14[14]:9
[   46.801331] iwlwifi 0000:03:00.0: I iwl_pcie_hcmd_complete Clearing HCMD_ACTIVE for command NVM_ACCESS_CMD
[   46.801349] iwlwifi 0000:03:00.0: U iwl_nvm_read_chunk NVM access command failed with status 256 (device: Intel(R) Dual Band Wireless AC 7260)
[   46.801353] iwlwifi 0000:03:00.0: U iwl_nvm_read_section Cannot read NVM from section 11 offset 0, length 2048
[   46.801371] iwlwifi 0000:03:00.0: U iwl_init_channel_map Ch. 1 [2.4GHz] VALID IBSS ACTIVE WIDE GO_CONCURRENT (0x34b 22dBm): Ad-Hoc supported
[   46.801376] iwlwifi 0000:03:00.0: U iwl_init_channel_map Ch. 2 [2.4GHz] VALID IBSS ACTIVE WIDE GO_CONCURRENT (0x34b 22dBm): Ad-Hoc supported
[   46.801381] iwlwifi 0000:03:00.0: U iwl_init_channel_map Ch. 3 [2.4GHz] VALID IBSS ACTIVE WIDE GO_CONCURRENT (0x34b 22dBm): Ad-Hoc supported
[   46.801386] iwlwifi 0000:03:00.0: U iwl_init_channel_map Ch. 4 [2.4GHz] VALID IBSS ACTIVE WIDE GO_CONCURRENT (0x34b 22dBm): Ad-Hoc supported
[   46.801390] iwlwifi 0000:03:00.0: U iwl_init_channel_map Ch. 5 [2.4GHz] VALID IBSS ACTIVE WIDE GO_CONCURRENT (0x34b 22dBm): Ad-Hoc supported
[   46.801395] iwlwifi 0000:03:00.0: U iwl_init_channel_map Ch. 6 [2.4GHz] VALID IBSS ACTIVE WIDE GO_CONCURRENT (0x34b 22dBm): Ad-Hoc supported
[   46.801399] iwlwifi 0000:03:00.0: U iwl_init_channel_map Ch. 7 [2.4GHz] VALID IBSS ACTIVE WIDE GO_CONCURRENT (0x34b 22dBm): Ad-Hoc supported
[   46.801404] iwlwifi 0000:03:00.0: U iwl_init_channel_map Ch. 8 [2.4GHz] VALID IBSS ACTIVE WIDE GO_CONCURRENT (0x34b 22dBm): Ad-Hoc supported
[   46.801409] iwlwifi 0000:03:00.0: U iwl_init_channel_map Ch. 9 [2.4GHz] VALID IBSS ACTIVE WIDE GO_CONCURRENT (0x34b 22dBm): Ad-Hoc supported
[   46.801413] iwlwifi 0000:03:00.0: U iwl_init_channel_map Ch. 10 [2.4GHz] VALID IBSS ACTIVE WIDE GO_CONCURRENT (0x34b 22dBm): Ad-Hoc supported
[   46.801418] iwlwifi 0000:03:00.0: U iwl_init_channel_map Ch. 11 [2.4GHz] VALID IBSS ACTIVE WIDE GO_CONCURRENT (0x34b 22dBm): Ad-Hoc supported
[   46.801423] iwlwifi 0000:03:00.0: U iwl_init_channel_map Ch. 12 [2.4GHz] VALID WIDE GO_CONCURRENT (0x341 22dBm): Ad-Hoc not supported
[   46.801427] iwlwifi 0000:03:00.0: U iwl_init_channel_map Ch. 13 [2.4GHz] VALID WIDE GO_CONCURRENT (0x341 22dBm): Ad-Hoc not supported
[   46.801431] iwlwifi 0000:03:00.0: U iwl_init_channel_map Ch. 14 Flags 0 [2.4GHz] - No traffic
[   46.801436] iwlwifi 0000:03:00.0: U iwl_init_channel_map Ch. 36 [5.2GHz] VALID WIDE INDOOR_ONLY GO_CONCURRENT (0x7e1 22dBm): Ad-Hoc not supported
[   46.801441] iwlwifi 0000:03:00.0: U iwl_init_channel_map Ch. 40 [5.2GHz] VALID WIDE INDOOR_ONLY GO_CONCURRENT (0x7e1 22dBm): Ad-Hoc not supported
[   46.801446] iwlwifi 0000:03:00.0: U iwl_init_channel_map Ch. 44 [5.2GHz] VALID WIDE INDOOR_ONLY GO_CONCURRENT (0x7e1 22dBm): Ad-Hoc not supported
