[    0.000000] SMBIOS 2.7 present.
[    0.000000] DMI: ASUSTeK Computer Inc. K53SM/K53SM, BIOS K53SM.214 08/15/2012
[    0.000000] e820: update [mem 0x00000000-0x00000fff] usable ==> reserved
[    0.000000] e820: remove [mem 0x000a0000-0x000fffff] usable
[    0.000000] AGP: No AGP bridge found
[    0.000000] e820: last_pfn = 0x24fe00 max_arch_pfn = 0x400000000
[    0.000000] MTRR default type: uncachable
[    0.000000] MTRR fixed ranges enabled:
[    0.000000]   00000-9FFFF write-back
[    0.000000]   A0000-BFFFF uncachable
[    0.000000]   C0000-D3FFF write-protect
[    0.000000]   D4000-E7FFF uncachable
[    0.000000]   E8000-FFFFF write-protect
[    0.000000] MTRR variable ranges enabled:
[    0.000000]   0 base 000000000 mask F80000000 write-back
[    0.000000]   1 base 080000000 mask FE0000000 write-back
[    0.000000]   2 base 0A0000000 mask FF8000000 write-back
[    0.000000]   3 base 0A8000000 mask FFC000000 write-back
[    0.000000]   4 base 0AB000000 mask FFF000000 uncachable
[    0.000000]   5 base 100000000 mask F00000000 write-back
[    0.000000]   6 base 200000000 mask FC0000000 write-back
[    0.000000]   7 base 240000000 mask FF0000000 write-back
[    0.000000]   8 base 24FE00000 mask FFFE00000 uncachable
[    0.000000]   9 disabled
[    0.000000] x86 PAT enabled: cpu 0, old 0x7040600070406, new 0x7010600070106
[    0.000000] e820: update [mem 0xab000000-0xffffffff] usable ==> reserved
[    0.000000] e820: last_pfn = 0xaaffd max_arch_pfn = 0x400000000
[    0.000000] found SMP MP-table at [mem 0x000fcc60-0x000fcc6f] mapped at [ffff8800000fcc60]
[    0.000000] Base memory trampoline at [ffff880000098000] 98000 size 24576
[    0.000000] reserving inaccessible SNB gfx pages
[    0.000000] init_memory_mapping: [mem 0x00000000-0x000fffff]
[    0.000000]  [mem 0x00000000-0x000fffff] page 4k
[    0.000000] BRK [0x01b0d000, 0x01b0dfff] PGTABLE
[    0.000000] BRK [0x01b0e000, 0x01b0efff] PGTABLE
[    0.000000] BRK [0x01b0f000, 0x01b0ffff] PGTABLE
[    0.000000] init_memory_mapping: [mem 0x24fc00000-0x24fdfffff]
[    0.000000]  [mem 0x24fc00000-0x24fdfffff] page 2M
[    0.000000] BRK [0x01b10000, 0x01b10fff] PGTABLE
[    0.000000] init_memory_mapping: [mem 0x24c000000-0x24fbfffff]
[    0.000000]  [mem 0x24c000000-0x24fbfffff] page 2M
[    0.000000] init_memory_mapping: [mem 0x200000000-0x24bffffff]
[    0.000000]  [mem 0x200000000-0x24bffffff] page 2M
[    0.000000] BRK [0x01b11000, 0x01b11fff] PGTABLE
[    0.000000] init_memory_mapping: [mem 0x00100000-0x1fffffff]
[    0.000000]  [mem 0x00100000-0x001fffff] page 4k
[    0.000000]  [mem 0x00200000-0x1fffffff] page 2M
[    0.000000] init_memory_mapping: [mem 0x20200000-0x3fffffff]
[    0.000000]  [mem 0x20200000-0x3fffffff] page 2M
[    0.000000] init_memory_mapping: [mem 0x40200000-0xaabccfff]
[    0.000000]  [mem 0x40200000-0xaa9fffff] page 2M
[    0.000000]  [mem 0xaaa00000-0xaabccfff] page 4k
[    0.000000] BRK [0x01b12000, 0x01b12fff] PGTABLE
[    0.000000] init_memory_mapping: [mem 0xaacf4000-0xaacf5fff]
[    0.000000]  [mem 0xaacf4000-0xaacf5fff] page 4k
[    0.000000] init_memory_mapping: [mem 0xaade8000-0xaaf05fff]
[    0.000000]  [mem 0xaade8000-0xaaf05fff] page 4k
[    0.000000] init_memory_mapping: [mem 0xaafe8000-0xaaffcfff]
[    0.000000]  [mem 0xaafe8000-0xaaffcfff] page 4k
[    0.000000] init_memory_mapping: [mem 0x100000000-0x1ffffffff]
[    0.000000]  [mem 0x100000000-0x1ffffffff] page 2M
[    0.000000] RAMDISK: [mem 0x35d42000-0x36e98fff]
[    0.000000] ACPI: Early table checksum verification disabled
[    0.000000] ACPI: RSDP 0x00000000000F0430 000024 (v02 _ASUS_)
[    0.000000] ACPI: XSDT 0x00000000AAFFEE18 00006C (v01 _ASUS_ Notebook 06222004 MSFT 00010013)
[    0.000000] ACPI: FACP 0x00000000AAF9BD98 0000F4 (v04 _ASUS_ NoteBook 06222004 MSFT 00010013)
[    0.000000] ACPI BIOS Warning (bug): 32/64X FACS address mismatch in FADT: 0xAAFE5E40/0x00000000AAFE5D40, using 32-bit address (20140724/tbfadt-283)
[    0.000000] ACPI: DSDT 0x00000000AAF7B018 00E0AD (v01 _ASUS_ NoteBook 00000000 INTL 20091112)
[    0.000000] ACPI: FACS 0x00000000AAFE5E40 000040
[    0.000000] ACPI: APIC 0x00000000AAFFDF18 0000CC (v02 _ASUS_ NoteBook 06222004 MSFT 00010013)
[    0.000000] ACPI: HPET 0x00000000AAFE6D18 000038 (v01 _ASUS_ NoteBook 06222004 AMI. 00000003)
[    0.000000] ACPI: ECDT 0x00000000AAFE5B18 0000C1 (v01 _ASUS_ NoteBook 06222004 AMI  00000000)
[    0.000000] ACPI: MCFG 0x00000000AAFE6C98 00003C (v01 _ASUS_ NoteBook 06222004 MSFT 00000097)
[    0.000000] ACPI: SSDT 0x00000000AAF7A018 0007DB (v01 PmRef  Cpu0Ist  00003000 INTL 20091112)
[    0.000000] ACPI: SSDT 0x00000000AAF79018 000996 (v01 PmRef  CpuPm    00003000 INTL 20091112)
[    0.000000] ACPI: SLIC 0x00000000AAF9CC18 000176 (v01 _ASUS_ Notebook 06222004 ASUS 00000001)
[    0.000000] ACPI: SSDT 0x00000000AAF4BA98 0002EF (v01 SataRe SataTabl 00001000 INTL 20091112)
[    0.000000] ACPI: Local APIC address 0xfee00000
[    0.000000] No NUMA configuration found
[    0.000000] Faking a node at [mem 0x0000000000000000-0x000000024fdfffff]
[    0.000000] Initmem setup node 0 [mem 0x00000000-0x24fdfffff]
[    0.000000]   NODE_DATA [mem 0x24fdf4000-0x24fdf7fff]
[    0.000000]  [ffffea0000000000-ffffea00081fffff] PMD -> [ffff880247400000-ffff88024e5fffff] on node 0
[    0.000000] Zone ranges:
[    0.000000]   DMA      [mem 0x00001000-0x00ffffff]
[    0.000000]   DMA32    [mem 0x01000000-0xffffffff]
[    0.000000]   Normal   [mem 0x100000000-0x24fdfffff]
[    0.000000] Movable zone start for each node
[    0.000000] Early memory node ranges
[    0.000000]   node   0: [mem 0x00001000-0x0009dfff]
[    0.000000]   node   0: [mem 0x00100000-0x1fffffff]
[    0.000000]   node   0: [mem 0x20200000-0x3fffffff]
[    0.000000]   node   0: [mem 0x40200000-0xaabccfff]
[    0.000000]   node   0: [mem 0xaacf4000-0xaacf5fff]
[    0.000000]   node   0: [mem 0xaade8000-0xaaf05fff]
[    0.000000]   node   0: [mem 0xaafe8000-0xaaffcfff]
[    0.000000]   node   0: [mem 0x100000000-0x24fdfffff]
[    0.000000] On node 0 totalpages: 2074271
[    0.000000]   DMA zone: 56 pages used for memmap
[    0.000000]   DMA zone: 157 pages reserved
[    0.000000]   DMA zone: 3997 pages, LIFO batch:0
[    0.000000]   DMA32 zone: 9496 pages used for memmap
[    0.000000]   DMA32 zone: 694530 pages, LIFO batch:31
[    0.000000]   Normal zone: 18809 pages used for memmap
[    0.000000]   Normal zone: 1375744 pages, LIFO batch:31
[    0.000000] Reserving Intel graphics stolen memory at 0xaba00000-0xaf9fffff
[    0.000000] ACPI: PM-Timer IO Port: 0x408
[    0.000000] ACPI: Local APIC address 0xfee00000
[    0.000000] ACPI: LAPIC (acpi_id[0x01] lapic_id[0x00] enabled)
[    0.000000] ACPI: LAPIC (acpi_id[0x02] lapic_id[0x02] enabled)
[    0.000000] ACPI: LAPIC (acpi_id[0x03] lapic_id[0x01] enabled)
[    0.000000] ACPI: LAPIC (acpi_id[0x04] lapic_id[0x03] enabled)
[    0.000000] ACPI: LAPIC (acpi_id[0x05] lapic_id[0x04] disabled)
[    0.000000] ACPI: LAPIC (acpi_id[0x06] lapic_id[0x05] disabled)
[    0.000000] ACPI: LAPIC (acpi_id[0x07] lapic_id[0x06] disabled)
[    0.000000] ACPI: LAPIC (acpi_id[0x08] lapic_id[0x07] disabled)
[    0.000000] ACPI: LAPIC (acpi_id[0x09] lapic_id[0x08] disabled)
[    0.000000] ACPI: LAPIC (acpi_id[0x0a] lapic_id[0x09] disabled)
[    0.000000] ACPI: LAPIC (acpi_id[0x0b] lapic_id[0x0a] disabled)
[    0.000000] ACPI: LAPIC (acpi_id[0x0c] lapic_id[0x0b] disabled)
[    0.000000] ACPI: LAPIC (acpi_id[0x0d] lapic_id[0x0c] disabled)
[    0.000000] ACPI: LAPIC (acpi_id[0x0e] lapic_id[0x0d] disabled)
[    0.000000] ACPI: LAPIC (acpi_id[0x0f] lapic_id[0x0e] disabled)
[    0.000000] ACPI: LAPIC (acpi_id[0x10] lapic_id[0x0f] disabled)
[    0.000000] ACPI: IOAPIC (id[0x02] address[0xfec00000] gsi_base[0])
[    0.000000] IOAPIC[0]: apic_id 2, version 32, address 0xfec00000, GSI 0-23
[    0.000000] ACPI: INT_SRC_OVR (bus 0 bus_irq 0 global_irq 2 dfl dfl)
[    0.000000] ACPI: INT_SRC_OVR (bus 0 bus_irq 9 global_irq 9 high level)
[    0.000000] ACPI: IRQ0 used by override.
[    0.000000] ACPI: IRQ9 used by override.
[    0.000000] Using ACPI (MADT) for SMP configuration information
[    0.000000] ACPI: HPET id: 0x8086a701 base: 0xfed00000
[    0.000000] smpboot: Allowing 16 CPUs, 12 hotplug CPUs
[    0.000000] PM: Registered nosave memory: [mem 0x0009e000-0x0009efff]
[    0.000000] PM: Registered nosave memory: [mem 0x0009f000-0x0009ffff]
[    0.000000] PM: Registered nosave memory: [mem 0x000a0000-0x000dffff]
[    0.000000] PM: Registered nosave memory: [mem 0x000e0000-0x000fffff]
[    0.000000] PM: Registered nosave memory: [mem 0x20000000-0x201fffff]
[    0.000000] PM: Registered nosave memory: [mem 0x40000000-0x401fffff]
[    0.000000] PM: Registered nosave memory: [mem 0xaabcd000-0xaacf3fff]
[    0.000000] PM: Registered nosave memory: [mem 0xaacf6000-0xaade7fff]
[    0.000000] PM: Registered nosave memory: [mem 0xaaf06000-0xaafe7fff]
[    0.000000] PM: Registered nosave memory: [mem 0xaaffd000-0xaaffffff]
[    0.000000] PM: Registered nosave memory: [mem 0xab000000-0xaf9fffff]
[    0.000000] PM: Registered nosave memory: [mem 0xafa00000-0xdfffffff]
[    0.000000] PM: Registered nosave memory: [mem 0xe0000000-0xe3ffffff]
[    0.000000] PM: Registered nosave memory: [mem 0xe4000000-0xfebfffff]
[    0.000000] PM: Registered nosave memory: [mem 0xfec00000-0xfec00fff]
[    0.000000] PM: Registered nosave memory: [mem 0xfec01000-0xfed0ffff]
[    0.000000] PM: Registered nosave memory: [mem 0xfed10000-0xfed13fff]
[    0.000000] PM: Registered nosave memory: [mem 0xfed14000-0xfed17fff]
[    0.000000] PM: Registered nosave memory: [mem 0xfed18000-0xfed19fff]
[    0.000000] PM: Registered nosave memory: [mem 0xfed1a000-0xfed1bfff]
[    0.000000] PM: Registered nosave memory: [mem 0xfed1c000-0xfed1ffff]
[    0.000000] PM: Registered nosave memory: [mem 0xfed20000-0xfedfffff]
[    0.000000] PM: Registered nosave memory: [mem 0xfee00000-0xfee00fff]
[    0.000000] PM: Registered nosave memory: [mem 0xfee01000-0xff97ffff]
[    0.000000] PM: Registered nosave memory: [mem 0xff980000-0xffbfffff]
[    0.000000] PM: Registered nosave memory: [mem 0xffc00000-0xffd7ffff]
[    0.000000] PM: Registered nosave memory: [mem 0xffd80000-0xffffffff]
[    0.000000] e820: [mem 0xafa00000-0xdfffffff] available for PCI devices
[    0.000000] Booting paravirtualized kernel on bare hardware
[    0.000000] setup_percpu: NR_CPUS:512 nr_cpumask_bits:512 nr_cpu_ids:16 nr_node_ids:1
[    0.000000] PERCPU: Embedded 29 pages/cpu @ffff88024fa00000 s86912 r8192 d23680 u131072
[    0.000000] pcpu-alloc: s86912 r8192 d23680 u131072 alloc=1*2097152
[    0.000000] pcpu-alloc: [0] 00 01 02 03 04 05 06 07 08 09 10 11 12 13 14 15 
[    0.000000] Built 1 zonelists in Zone order, mobility grouping on.  Total pages: 2045753
[    0.000000] Policy zone: Normal
[    0.000000] Kernel command line: BOOT_IMAGE=/vmlinuz-3.17.0+ root=/dev/mapper/cryptvg-rootlv ro quiet
[    0.000000] PID hash table entries: 4096 (order: 3, 32768 bytes)
[    0.000000] xsave: enabled xstate_bv 0x7, cntxt size 0x340 using standard form
[    0.000000] AGP: Checking aperture...
[    0.000000] AGP: No AGP bridge found
[    0.000000] Calgary: detecting Calgary via BIOS EBDA area
[    0.000000] Calgary: Unable to locate Rio Grande table in EBDA - bailing!
[    0.000000] Memory: 8082416K/8297084K available (5461K kernel code, 1021K rwdata, 1836K rodata, 1220K init, 848K bss, 214668K reserved)
[    0.000000] Hierarchical RCU implementation.
[    0.000000] 	RCU dyntick-idle grace-period acceleration is enabled.
[    0.000000] 	RCU restricting CPUs from NR_CPUS=512 to nr_cpu_ids=16.
[    0.000000] RCU: Adjusting geometry for rcu_fanout_leaf=16, nr_cpu_ids=16
[    0.000000] NR_IRQS:33024 nr_irqs:552 0
[    0.000000] Console: colour VGA+ 80x25
[    0.000000] console [tty0] enabled
[    0.000000] allocated 33554432 bytes of page_cgroup
[    0.000000] please try 'cgroup_disable=memory' option if you don't want memory cgroups
[    0.000000] hpet clockevent registered
[    0.000000] tsc: Fast TSC calibration failed
[    0.000000] tsc: PIT calibration matches HPET. 1 loops
[    0.000000] tsc: Detected 2494.095 MHz processor
[    0.000034] Calibrating delay loop (skipped), value calculated using timer frequency.. 4988.19 BogoMIPS (lpj=9976380)
[    0.000036] pid_max: default: 32768 minimum: 301
[    0.000044] ACPI: Core revision 20140724
[    0.011218] ACPI: All ACPI Tables successfully acquired
[    0.024676] Security Framework initialized
[    0.024683] AppArmor: AppArmor disabled by boot time parameter
[    0.024684] Yama: becoming mindful.
[    0.025190] Dentry cache hash table entries: 1048576 (order: 11, 8388608 bytes)
[    0.026785] Inode-cache hash table entries: 524288 (order: 10, 4194304 bytes)
[    0.027480] Mount-cache hash table entries: 16384 (order: 5, 131072 bytes)
[    0.027490] Mountpoint-cache hash table entries: 16384 (order: 5, 131072 bytes)
[    0.027692] Initializing cgroup subsys memory
[    0.027697] Initializing cgroup subsys devices
[    0.027701] Initializing cgroup subsys freezer
[    0.027703] Initializing cgroup subsys net_cls
[    0.027705] Initializing cgroup subsys blkio
[    0.027707] Initializing cgroup subsys perf_event
[    0.027709] Initializing cgroup subsys net_prio
[    0.027731] CPU: Physical Processor ID: 0
[    0.027731] CPU: Processor Core ID: 0
[    0.027736] ENERGY_PERF_BIAS: Set to 'normal', was 'performance'
ENERGY_PERF_BIAS: View and update with x86_energy_perf_policy(8)
[    0.027738] mce: CPU supports 7 MCE banks
[    0.027749] CPU0: Thermal monitoring enabled (TM1)
[    0.027757] Last level iTLB entries: 4KB 512, 2MB 8, 4MB 8
Last level dTLB entries: 4KB 512, 2MB 32, 4MB 32, 1GB 0
[    0.027857] Freeing SMP alternatives memory: 20K (ffffffff81a32000 - ffffffff81a37000)
[    0.028913] ftrace: allocating 21740 entries in 85 pages
[    0.039286] Switched APIC routing to physical flat.
[    0.039712] ..TIMER: vector=0x30 apic1=0 pin1=2 apic2=-1 pin2=-1
[    0.079438] smpboot: CPU0: Intel(R) Core(TM) i5-2450M CPU @ 2.50GHz (fam: 06, model: 2a, stepping: 07)
[    0.079446] TSC deadline timer enabled
[    0.079470] Performance Events: PEBS fmt1+, 16-deep LBR, SandyBridge events, full-width counters, Intel PMU driver.
[    0.079490] ... version:                3
[    0.079491] ... bit width:              48
[    0.079491] ... generic registers:      4
[    0.079493] ... value mask:             0000ffffffffffff
[    0.079493] ... max period:             0000ffffffffffff
[    0.079494] ... fixed-purpose events:   3
[    0.079495] ... event mask:             000000070000000f
[    0.080837] x86: Booting SMP configuration:
[    0.080839] .... node  #0, CPUs:        #1
[    0.091318] CPU1 microcode updated early to revision 0x29, date = 2013-06-12
[    0.093996] NMI watchdog: enabled on all CPUs, permanently consumes one hw-PMU counter.
[    0.094093]   #2  #3
[    0.130313] x86: Booted up 1 node, 4 CPUs
[    0.130316] smpboot: Total of 4 processors activated (19952.76 BogoMIPS)
[    0.133548] devtmpfs: initialized
[    0.137580] PM: Registering ACPI NVS region [mem 0xaaf06000-0xaafe7fff] (925696 bytes)
[    0.138478] pinctrl core: initialized pinctrl subsystem
[    0.138591] NET: Registered protocol family 16
[    0.138713] cpuidle: using governor ladder
[    0.138715] cpuidle: using governor menu
[    0.138759] ACPI FADT declares the system doesn't support PCIe ASPM, so disable it
[    0.138760] ACPI: bus type PCI registered
[    0.138762] acpiphp: ACPI Hot Plug PCI Controller Driver version: 0.5
[    0.138862] PCI: MMCONFIG for domain 0000 [bus 00-3f] at [mem 0xe0000000-0xe3ffffff] (base 0xe0000000)
[    0.138864] PCI: MMCONFIG at [mem 0xe0000000-0xe3ffffff] reserved in E820
[    0.138946] PCI: Using configuration type 1 for base access
[    0.139195] mtrr: your CPUs had inconsistent variable MTRR settings
[    0.139196] mtrr: probably your BIOS does not setup all CPUs.
[    0.139197] mtrr: corrected configuration.
[    0.149876] ACPI: Added _OSI(Module Device)
[    0.149878] ACPI: Added _OSI(Processor Device)
[    0.149879] ACPI: Added _OSI(3.0 _SCP Extensions)
[    0.149880] ACPI: Added _OSI(Processor Aggregator Device)
[    0.151438] ACPI : EC: EC description table is found, configuring boot EC
[    0.153072] ACPI: Executed 1 blocks of module-level executable AML code
[    0.169450] [Firmware Bug]: ACPI: BIOS _OSI(Linux) query ignored
[    0.245949] ACPI: Dynamic OEM Table Load:
[    0.245957] ACPI: SSDT 0xFFFF88024494E000 000694 (v01 PmRef  Cpu0Cst  00003001 INTL 20091112)
[    0.257866] ACPI: Dynamic OEM Table Load:
[    0.257872] ACPI: SSDT 0xFFFF880244A1B800 000303 (v01 PmRef  ApIst    00003000 INTL 20091112)
[    0.273755] ACPI: Dynamic OEM Table Load:
[    0.273760] ACPI: SSDT 0xFFFF8802448A7E00 000119 (v01 PmRef  ApCst    00003000 INTL 20091112)
[    0.293862] ACPI: Interpreter enabled
[    0.293873] ACPI Exception: AE_NOT_FOUND, While evaluating Sleep State [\_S2_] (20140724/hwxface-580)
[    0.293886] ACPI: (supports S0 S1 S3 S4 S5)
[    0.293887] ACPI: Using IOAPIC for interrupt routing
[    0.293913] PCI: Using host bridge windows from ACPI; if necessary, use "pci=nocrs" and report a bug
[    0.412532] ACPI: PCI Root Bridge [PCI0] (domain 0000 [bus 00-3e])
[    0.412538] acpi PNP0A08:00: _OSC: OS supports [ExtendedConfig ASPM ClockPM Segments MSI]
[    0.412573] \_SB_.PCI0:_OSC invalid UUID
[    0.412574] _OSC request data:1 1f 0 
[    0.412577] acpi PNP0A08:00: _OSC failed (AE_ERROR); disabling ASPM
[    0.413216] PCI host bridge to bus 0000:00
[    0.413218] pci_bus 0000:00: root bus resource [bus 00-3e]
[    0.413220] pci_bus 0000:00: root bus resource [io  0x0000-0x0cf7]
[    0.413222] pci_bus 0000:00: root bus resource [io  0x0d00-0xffff]
[    0.413223] pci_bus 0000:00: root bus resource [mem 0x000a0000-0x000bffff]
[    0.413225] pci_bus 0000:00: root bus resource [mem 0x000d4000-0x000d7fff]
[    0.413227] pci_bus 0000:00: root bus resource [mem 0x000d8000-0x000dbfff]
[    0.413228] pci_bus 0000:00: root bus resource [mem 0x000dc000-0x000dffff]
[    0.413230] pci_bus 0000:00: root bus resource [mem 0x000e0000-0x000e3fff]
[    0.413231] pci_bus 0000:00: root bus resource [mem 0x000e4000-0x000e7fff]
[    0.413233] pci_bus 0000:00: root bus resource [mem 0xafa00000-0xfeafffff]
[    0.413235] pci_bus 0000:00: root bus resource [mem 0xfed40000-0xfed44fff]
[    0.413242] pci 0000:00:00.0: [8086:0104] type 00 class 0x060000
[    0.413339] pci 0000:00:01.0: [8086:0101] type 01 class 0x060400
[    0.413371] pci 0000:00:01.0: PME# supported from D0 D3hot D3cold
[    0.413416] pci 0000:00:01.0: System wakeup disabled by ACPI
[    0.413463] pci 0000:00:02.0: [8086:0126] type 00 class 0x030000
[    0.413473] pci 0000:00:02.0: reg 0x10: [mem 0xdc400000-0xdc7fffff 64bit]
[    0.413479] pci 0000:00:02.0: reg 0x18: [mem 0xb0000000-0xbfffffff 64bit pref]
[    0.413483] pci 0000:00:02.0: reg 0x20: [io  0xe000-0xe03f]
[    0.413596] pci 0000:00:16.0: [8086:1c3a] type 00 class 0x078000
[    0.413620] pci 0000:00:16.0: reg 0x10: [mem 0xdf00a000-0xdf00a00f 64bit]
[    0.413696] pci 0000:00:16.0: PME# supported from D0 D3hot D3cold
[    0.413793] pci 0000:00:1a.0: [8086:1c2d] type 00 class 0x0c0320
[    0.413816] pci 0000:00:1a.0: reg 0x10: [mem 0xdf008000-0xdf0083ff]
[    0.413912] pci 0000:00:1a.0: PME# supported from D0 D3hot D3cold
[    0.413976] pci 0000:00:1a.0: System wakeup disabled by ACPI
[    0.414025] pci 0000:00:1b.0: [8086:1c20] type 00 class 0x040300
[    0.414042] pci 0000:00:1b.0: reg 0x10: [mem 0xdf000000-0xdf003fff 64bit]
[    0.414117] pci 0000:00:1b.0: PME# supported from D0 D3hot D3cold
[    0.414214] pci 0000:00:1c.0: [8086:1c10] type 01 class 0x060400
[    0.414354] pci 0000:00:1c.0: PME# supported from D0 D3hot D3cold
[    0.414461] pci 0000:00:1c.1: [8086:1c12] type 01 class 0x060400
[    0.414597] pci 0000:00:1c.1: PME# supported from D0 D3hot D3cold
[    0.414703] pci 0000:00:1c.3: [8086:1c16] type 01 class 0x060400
[    0.414842] pci 0000:00:1c.3: PME# supported from D0 D3hot D3cold
[    0.414944] pci 0000:00:1c.5: [8086:1c1a] type 01 class 0x060400
[    0.415026] pci 0000:00:1c.5: PME# supported from D0 D3hot D3cold
[    0.415125] pci 0000:00:1d.0: [8086:1c26] type 00 class 0x0c0320
[    0.415146] pci 0000:00:1d.0: reg 0x10: [mem 0xdf007000-0xdf0073ff]
[    0.415237] pci 0000:00:1d.0: PME# supported from D0 D3hot D3cold
[    0.415299] pci 0000:00:1d.0: System wakeup disabled by ACPI
[    0.415345] pci 0000:00:1f.0: [8086:1c49] type 00 class 0x060100
[    0.415532] pci 0000:00:1f.2: [8086:1c03] type 00 class 0x010601
[    0.415551] pci 0000:00:1f.2: reg 0x10: [io  0xe0b0-0xe0b7]
[    0.415559] pci 0000:00:1f.2: reg 0x14: [io  0xe0a0-0xe0a3]
[    0.415567] pci 0000:00:1f.2: reg 0x18: [io  0xe090-0xe097]
[    0.415575] pci 0000:00:1f.2: reg 0x1c: [io  0xe080-0xe083]
[    0.415583] pci 0000:00:1f.2: reg 0x20: [io  0xe060-0xe07f]
[    0.415591] pci 0000:00:1f.2: reg 0x24: [mem 0xdf006000-0xdf0067ff]
[    0.415637] pci 0000:00:1f.2: PME# supported from D3hot
[    0.415722] pci 0000:00:1f.3: [8086:1c22] type 00 class 0x0c0500
[    0.415738] pci 0000:00:1f.3: reg 0x10: [mem 0xdf005000-0xdf0050ff 64bit]
[    0.415759] pci 0000:00:1f.3: reg 0x20: [io  0xe040-0xe05f]
[    0.415903] pci 0000:01:00.0: [10de:0de9] type 00 class 0x030000
[    0.415911] pci 0000:01:00.0: reg 0x10: [mem 0xdb000000-0xdbffffff]
[    0.415919] pci 0000:01:00.0: reg 0x14: [mem 0xc0000000-0xcfffffff 64bit pref]
[    0.415926] pci 0000:01:00.0: reg 0x1c: [mem 0xd0000000-0xd1ffffff 64bit pref]
[    0.415930] pci 0000:01:00.0: reg 0x24: [io  0xd000-0xd07f]
[    0.415935] pci 0000:01:00.0: reg 0x30: [mem 0xdc000000-0xdc07ffff pref]
[    0.415984] pci 0000:01:00.0: System wakeup disabled by ACPI
[    0.421892] pci 0000:00:01.0: PCI bridge to [bus 01]
[    0.421900] pci 0000:00:01.0:   bridge window [io  0xd000-0xdfff]
[    0.421907] pci 0000:00:01.0:   bridge window [mem 0xdb000000-0xdc0fffff]
[    0.421916] pci 0000:00:01.0:   bridge window [mem 0xc0000000-0xd1ffffff 64bit pref]
[    0.422043] pci 0000:00:1c.0: PCI bridge to [bus 02]
[    0.422048] pci 0000:00:1c.0:   bridge window [io  0xc000-0xcfff]
[    0.422053] pci 0000:00:1c.0:   bridge window [mem 0xde600000-0xdeffffff]
[    0.422061] pci 0000:00:1c.0:   bridge window [mem 0xd4200000-0xd4bfffff 64bit pref]
[    0.422226] pci 0000:03:00.0: [8086:08b1] type 00 class 0x028000
[    0.422294] pci 0000:03:00.0: reg 0x10: [mem 0xddc00000-0xddc01fff 64bit]
[    0.422596] pci 0000:03:00.0: PME# supported from D0 D3hot D3cold
[    0.422664] pci 0000:03:00.0: System wakeup disabled by ACPI
[    0.429962] pci 0000:00:1c.1: PCI bridge to [bus 03]
[    0.429972] pci 0000:00:1c.1:   bridge window [io  0xb000-0xbfff]
[    0.429982] pci 0000:00:1c.1:   bridge window [mem 0xddc00000-0xde5fffff]
[    0.429996] pci 0000:00:1c.1:   bridge window [mem 0xd3700000-0xd40fffff 64bit pref]
[    0.430159] pci 0000:04:00.0: [1b21:1042] type 00 class 0x0c0330
[    0.430199] pci 0000:04:00.0: reg 0x10: [mem 0xdd200000-0xdd207fff 64bit]
[    0.430402] pci 0000:04:00.0: PME# supported from D3hot D3cold
[    0.430441] pci 0000:04:00.0: System wakeup disabled by ACPI
[    0.437962] pci 0000:00:1c.3: PCI bridge to [bus 04]
[    0.437972] pci 0000:00:1c.3:   bridge window [io  0xa000-0xafff]
[    0.437982] pci 0000:00:1c.3:   bridge window [mem 0xdd200000-0xddbfffff]
[    0.437996] pci 0000:00:1c.3:   bridge window [mem 0xd2c00000-0xd35fffff 64bit pref]
[    0.438114] pci 0000:05:00.0: [10ec:8168] type 00 class 0x020000
[    0.438137] pci 0000:05:00.0: reg 0x10: [io  0x9000-0x90ff]
[    0.438172] pci 0000:05:00.0: reg 0x18: [mem 0xd2104000-0xd2104fff 64bit pref]
[    0.438194] pci 0000:05:00.0: reg 0x20: [mem 0xd2100000-0xd2103fff 64bit pref]
[    0.438305] pci 0000:05:00.0: supports D1 D2
[    0.438307] pci 0000:05:00.0: PME# supported from D0 D1 D2 D3hot D3cold
[    0.438348] pci 0000:05:00.0: System wakeup disabled by ACPI
[    0.445945] pci 0000:00:1c.5: PCI bridge to [bus 05]
[    0.445955] pci 0000:00:1c.5:   bridge window [io  0x9000-0x9fff]
[    0.445964] pci 0000:00:1c.5:   bridge window [mem 0xdc800000-0xdd1fffff]
[    0.445978] pci 0000:00:1c.5:   bridge window [mem 0xd2100000-0xd2afffff 64bit pref]
[    0.502236] ACPI: PCI Interrupt Link [LNKA] (IRQs 1 3 4 5 6 *10 11 12 14 15)
[    0.502290] ACPI: PCI Interrupt Link [LNKB] (IRQs 1 3 4 5 6 10 *11 12 14 15)
[    0.502341] ACPI: PCI Interrupt Link [LNKC] (IRQs 1 3 4 5 6 10 *11 12 14 15)
[    0.502392] ACPI: PCI Interrupt Link [LNKD] (IRQs 1 3 4 *5 6 10 11 12 14 15)
[    0.502442] ACPI: PCI Interrupt Link [LNKE] (IRQs 1 3 4 5 6 10 11 12 14 15) *0, disabled.
[    0.502493] ACPI: PCI Interrupt Link [LNKF] (IRQs 1 3 4 5 6 10 11 12 14 15) *0, disabled.
[    0.502544] ACPI: PCI Interrupt Link [LNKG] (IRQs 1 *3 4 5 6 10 11 12 14 15)
[    0.502595] ACPI: PCI Interrupt Link [LNKH] (IRQs 1 3 *4 5 6 10 11 12 14 15)
[    0.502714] ACPI: Enabled 2 GPEs in block 00 to 3F
[    0.502763] ACPI : EC: GPE = 0x1b, I/O: command/status = 0x66, data = 0x62
[    0.502869] vgaarb: setting as boot device: PCI:0000:00:02.0
[    0.502871] vgaarb: device added: PCI:0000:00:02.0,decodes=io+mem,owns=io+mem,locks=none
[    0.502875] vgaarb: device added: PCI:0000:01:00.0,decodes=io+mem,owns=none,locks=none
[    0.502876] vgaarb: loaded
[    0.502877] vgaarb: bridge control possible 0000:01:00.0
[    0.502878] vgaarb: no bridge control possible 0000:00:02.0
[    0.502938] PCI: Using ACPI for IRQ routing
[    0.504399] PCI: pci_cache_line_size set to 64 bytes
[    0.504472] e820: reserve RAM buffer [mem 0x0009e800-0x0009ffff]
[    0.504474] e820: reserve RAM buffer [mem 0xaabcd000-0xabffffff]
[    0.504476] e820: reserve RAM buffer [mem 0xaacf6000-0xabffffff]
[    0.504477] e820: reserve RAM buffer [mem 0xaaf06000-0xabffffff]
[    0.504479] e820: reserve RAM buffer [mem 0xaaffd000-0xabffffff]
[    0.504480] e820: reserve RAM buffer [mem 0x24fe00000-0x24fffffff]
[    0.504622] hpet0: at MMIO 0xfed00000, IRQs 2, 8, 0, 0, 0, 0, 0, 0
[    0.504627] hpet0: 8 comparators, 64-bit 14.318180 MHz counter
[    0.506657] Switched to clocksource hpet
[    0.511783] pnp: PnP ACPI init
[    0.511925] system 00:00: [io  0x0680-0x069f] has been reserved
[    0.511928] system 00:00: [io  0x1000-0x100f] has been reserved
[    0.511930] system 00:00: [io  0xffff] has been reserved
[    0.511932] system 00:00: [io  0xffff] has been reserved
[    0.511934] system 00:00: [io  0x0400-0x0453] could not be reserved
[    0.511936] system 00:00: [io  0x0458-0x047f] has been reserved
[    0.511937] system 00:00: [io  0x0500-0x057f] has been reserved
[    0.511939] system 00:00: [io  0x164e-0x164f] has been reserved
[    0.511942] system 00:00: Plug and Play ACPI device, IDs PNP0c02 (active)
[    0.511978] pnp 00:01: Plug and Play ACPI device, IDs PNP0b00 (active)
[    0.512023] system 00:02: [io  0x0454-0x0457] has been reserved
[    0.512026] system 00:02: Plug and Play ACPI device, IDs INT3f0d PNP0c02 (active)
[    0.512075] pnp 00:03: Plug and Play ACPI device, IDs PNP0303 PNP030b (active)
[    0.512131] pnp 00:04: Plug and Play ACPI device, IDs SYN0a17 SYN0a00 SYN0002 PNP0f13 (active)
[    0.567012] system 00:05: [mem 0xfed1c000-0xfed1ffff] has been reserved
[    0.567015] system 00:05: [mem 0xfed10000-0xfed17fff] could not be reserved
[    0.567017] system 00:05: [mem 0xfed18000-0xfed18fff] has been reserved
[    0.567018] system 00:05: [mem 0xfed19000-0xfed19fff] has been reserved
[    0.567021] system 00:05: [mem 0xe0000000-0xe3ffffff] has been reserved
[    0.567022] system 00:05: [mem 0xfed20000-0xfed3ffff] has been reserved
[    0.567024] system 00:05: [mem 0xfed90000-0xfed93fff] has been reserved
[    0.567027] system 00:05: [mem 0xfed45000-0xfed8ffff] has been reserved
[    0.567029] system 00:05: [mem 0xff000000-0xffffffff] could not be reserved
[    0.567031] system 00:05: [mem 0xfee00000-0xfeefffff] could not be reserved
[    0.567033] system 00:05: [mem 0xafa00000-0xafa00fff] has been reserved
[    0.567035] system 00:05: Plug and Play ACPI device, IDs PNP0c02 (active)
[    0.567088] system 00:06: [mem 0xafa00000-0xafa00fff] has been reserved
[    0.567091] system 00:06: Plug and Play ACPI device, IDs PNP0c02 (active)
[    0.567218] system 00:07: [mem 0x20000000-0x201fffff] has been reserved
[    0.567220] system 00:07: [mem 0x40000000-0x401fffff] has been reserved
[    0.567222] system 00:07: Plug and Play ACPI device, IDs PNP0c01 (active)
[    0.567234] pnp: PnP ACPI: found 8 devices
[    0.573866] pci 0000:00:01.0: PCI bridge to [bus 01]
[    0.573869] pci 0000:00:01.0:   bridge window [io  0xd000-0xdfff]
[    0.573872] pci 0000:00:01.0:   bridge window [mem 0xdb000000-0xdc0fffff]
[    0.573874] pci 0000:00:01.0:   bridge window [mem 0xc0000000-0xd1ffffff 64bit pref]
[    0.573877] pci 0000:00:1c.0: PCI bridge to [bus 02]
[    0.573880] pci 0000:00:1c.0:   bridge window [io  0xc000-0xcfff]
[    0.573886] pci 0000:00:1c.0:   bridge window [mem 0xde600000-0xdeffffff]
[    0.573890] pci 0000:00:1c.0:   bridge window [mem 0xd4200000-0xd4bfffff 64bit pref]
[    0.573896] pci 0000:00:1c.1: PCI bridge to [bus 03]
[    0.573900] pci 0000:00:1c.1:   bridge window [io  0xb000-0xbfff]
[    0.573905] pci 0000:00:1c.1:   bridge window [mem 0xddc00000-0xde5fffff]
[    0.573909] pci 0000:00:1c.1:   bridge window [mem 0xd3700000-0xd40fffff 64bit pref]
[    0.573915] pci 0000:00:1c.3: PCI bridge to [bus 04]
[    0.573918] pci 0000:00:1c.3:   bridge window [io  0xa000-0xafff]
[    0.573924] pci 0000:00:1c.3:   bridge window [mem 0xdd200000-0xddbfffff]
[    0.573928] pci 0000:00:1c.3:   bridge window [mem 0xd2c00000-0xd35fffff 64bit pref]
[    0.573934] pci 0000:00:1c.5: PCI bridge to [bus 05]
[    0.573937] pci 0000:00:1c.5:   bridge window [io  0x9000-0x9fff]
[    0.573943] pci 0000:00:1c.5:   bridge window [mem 0xdc800000-0xdd1fffff]
[    0.573947] pci 0000:00:1c.5:   bridge window [mem 0xd2100000-0xd2afffff 64bit pref]
[    0.573954] pci_bus 0000:00: resource 4 [io  0x0000-0x0cf7]
[    0.573955] pci_bus 0000:00: resource 5 [io  0x0d00-0xffff]
[    0.573957] pci_bus 0000:00: resource 6 [mem 0x000a0000-0x000bffff]
[    0.573959] pci_bus 0000:00: resource 7 [mem 0x000d4000-0x000d7fff]
[    0.573960] pci_bus 0000:00: resource 8 [mem 0x000d8000-0x000dbfff]
[    0.573962] pci_bus 0000:00: resource 9 [mem 0x000dc000-0x000dffff]
[    0.573963] pci_bus 0000:00: resource 10 [mem 0x000e0000-0x000e3fff]
[    0.573965] pci_bus 0000:00: resource 11 [mem 0x000e4000-0x000e7fff]
[    0.573966] pci_bus 0000:00: resource 12 [mem 0xafa00000-0xfeafffff]
[    0.573968] pci_bus 0000:00: resource 13 [mem 0xfed40000-0xfed44fff]
[    0.573970] pci_bus 0000:01: resource 0 [io  0xd000-0xdfff]
[    0.573971] pci_bus 0000:01: resource 1 [mem 0xdb000000-0xdc0fffff]
[    0.573973] pci_bus 0000:01: resource 2 [mem 0xc0000000-0xd1ffffff 64bit pref]
[    0.573975] pci_bus 0000:02: resource 0 [io  0xc000-0xcfff]
[    0.573976] pci_bus 0000:02: resource 1 [mem 0xde600000-0xdeffffff]
[    0.573978] pci_bus 0000:02: resource 2 [mem 0xd4200000-0xd4bfffff 64bit pref]
[    0.573980] pci_bus 0000:03: resource 0 [io  0xb000-0xbfff]
[    0.573981] pci_bus 0000:03: resource 1 [mem 0xddc00000-0xde5fffff]
[    0.573983] pci_bus 0000:03: resource 2 [mem 0xd3700000-0xd40fffff 64bit pref]
[    0.573984] pci_bus 0000:04: resource 0 [io  0xa000-0xafff]
[    0.573986] pci_bus 0000:04: resource 1 [mem 0xdd200000-0xddbfffff]
[    0.573988] pci_bus 0000:04: resource 2 [mem 0xd2c00000-0xd35fffff 64bit pref]
[    0.573990] pci_bus 0000:05: resource 0 [io  0x9000-0x9fff]
[    0.573991] pci_bus 0000:05: resource 1 [mem 0xdc800000-0xdd1fffff]
[    0.573993] pci_bus 0000:05: resource 2 [mem 0xd2100000-0xd2afffff 64bit pref]
[    0.574052] NET: Registered protocol family 2
[    0.574306] TCP established hash table entries: 65536 (order: 7, 524288 bytes)
[    0.574460] TCP bind hash table entries: 65536 (order: 8, 1048576 bytes)
[    0.574581] TCP: Hash tables configured (established 65536 bind 65536)
[    0.574600] TCP: reno registered
[    0.574611] UDP hash table entries: 4096 (order: 5, 131072 bytes)
[    0.574641] UDP-Lite hash table entries: 4096 (order: 5, 131072 bytes)
[    0.574756] NET: Registered protocol family 1
[    0.574774] pci 0000:00:02.0: Video device with shadowed ROM
[    0.827371] PCI: CLS 64 bytes, default 64
[    0.827418] Unpacking initramfs...
[    1.133801] Freeing initrd memory: 17756K (ffff880035d42000 - ffff880036e99000)
[    1.133812] PCI-DMA: Using software bounce buffering for IO (SWIOTLB)
[    1.133815] software IO TLB [mem 0xa6bcd000-0xaabcd000] (64MB) mapped at [ffff8800a6bcd000-ffff8800aabccfff]
[    1.134037] RAPL PMU detected, hw unit 2^-16 Joules, API unit is 2^-32 Joules, 3 fixed counters 163840 ms ovfl timer
[    1.134085] microcode: CPU0 sig=0x206a7, pf=0x10, revision=0x29
[    1.134095] microcode: CPU1 sig=0x206a7, pf=0x10, revision=0x29
[    1.134101] microcode: CPU2 sig=0x206a7, pf=0x10, revision=0x29
[    1.134107] microcode: CPU3 sig=0x206a7, pf=0x10, revision=0x29
[    1.134164] microcode: Microcode Update Driver: v2.00 <tigran@aivazian.fsnet.co.uk>, Peter Oruba
[    1.134615] futex hash table entries: 4096 (order: 6, 262144 bytes)
[    1.134667] audit: initializing netlink subsys (disabled)
[    1.134687] audit: type=2000 audit(1414928758.120:1): initialized
[    1.135002] HugeTLB registered 2 MB page size, pre-allocated 0 pages
[    1.135024] zpool: loaded
[    1.135026] zbud: loaded
[    1.135226] VFS: Disk quotas dquot_6.5.2
[    1.135248] Dquot-cache hash table entries: 512 (order 0, 4096 bytes)
[    1.135309] msgmni has been set to 15820
[    1.135663] alg: No test for stdrng (krng)
[    1.135694] Block layer SCSI generic (bsg) driver version 0.4 loaded (major 252)
[    1.135743] io scheduler noop registered
[    1.135747] io scheduler deadline registered
[    1.135766] io scheduler cfq registered (default)
[    1.135944] pcieport 0000:00:01.0: irq 24 for MSI/MSI-X
[    1.136379] pci_hotplug: PCI Hot Plug PCI Core version: 0.5
[    1.136395] pciehp: PCI Express Hot Plug Controller Driver version: 0.4
[    1.136441] intel_idle: MWAIT substates: 0x21120
[    1.136442] intel_idle: v0.4 model 0x2A
[    1.136443] intel_idle: lapic_timer_reliable_states 0xffffffff
[    1.136649] GHES: HEST is not enabled!
[    1.136732] Serial: 8250/16550 driver, 4 ports, IRQ sharing enabled
[    1.137183] Linux agpgart interface v0.103
[    1.137291] i8042: PNP: PS/2 Controller [PNP0303:PS2K,PNP0f13:PS2M] at 0x60,0x64 irq 1,12
[    1.139246] i8042: Detected active multiplexing controller, rev 1.1
[    1.140128] serio: i8042 KBD port at 0x60,0x64 irq 1
[    1.140133] serio: i8042 AUX0 port at 0x60,0x64 irq 12
[    1.140140] serio: i8042 AUX1 port at 0x60,0x64 irq 12
[    1.140142] serio: i8042 AUX2 port at 0x60,0x64 irq 12
[    1.140144] serio: i8042 AUX3 port at 0x60,0x64 irq 12
[    1.140246] mousedev: PS/2 mouse device common for all mice
[    1.140284] rtc_cmos 00:01: RTC can wake from S4
[    1.140434] rtc_cmos 00:01: rtc core: registered rtc_cmos as rtc0
[    1.140464] rtc_cmos 00:01: alarms up to one year, y3k, 242 bytes nvram, hpet irqs
[    1.140475] Intel P-state driver initializing.
[    1.140653] ledtrig-cpu: registered to indicate activity on CPUs
[    1.142152] AMD IOMMUv2 driver by Joerg Roedel <joerg.roedel@amd.com>
[    1.142155] AMD IOMMUv2 functionality not available on this system
[    1.142398] TCP: cubic registered
[    1.142543] NET: Registered protocol family 10
[    1.143188] mip6: Mobile IPv6
[    1.143198] NET: Registered protocol family 17
[    1.143214] mpls_gso: MPLS GSO support
[    1.144649] registered taskstats version 1
[    1.146127] rtc_cmos 00:01: setting system clock to 2014-11-02 11:45:58 UTC (1414928758)
[    1.146423] PM: Hibernation image not present or could not be loaded.
[    1.149635] Freeing unused kernel memory: 1220K (ffffffff81901000 - ffffffff81a32000)
[    1.149639] Write protecting the kernel read-only data: 8192k
[    1.153848] Freeing unused kernel memory: 672K (ffff880001558000 - ffff880001600000)
[    1.155171] Freeing unused kernel memory: 212K (ffff8800017cb000 - ffff880001800000)
[    1.233913] input: AT Translated Set 2 keyboard as /devices/platform/i8042/serio0/input/input2
[    1.263949] systemd-udevd[74]: starting version 215
[    1.264519] random: systemd-udevd urandom read with 2 bits of entropy available
[    1.276531] input: Lid Switch as /devices/LNXSYSTM:00/LNXSYBUS:00/PNP0C0D:00/input/input4
[    1.288670] thermal LNXTHERM:00: registered as thermal_zone0
[    1.288673] ACPI: Thermal Zone [TZ00] (56 C)
[    1.289404] [drm] Initialized drm 1.1.0 20060810
[    1.291447] r8169 Gigabit Ethernet driver 2.3LK-NAPI loaded
[    1.291456] r8169 0000:05:00.0: can't disable ASPM; OS doesn't have ASPM control
[    1.291707] r8169 0000:05:00.0: irq 25 for MSI/MSI-X
[    1.291891] r8169 0000:05:00.0 eth0: RTL8168e/8111e at 0xffffc90000c6a000, 10:bf:48:05:c7:f7, XID 0c200000 IRQ 25
[    1.291893] r8169 0000:05:00.0 eth0: jumbo features [frames: 9200 bytes, tx checksumming: ko]
[    1.291895] ACPI: bus type USB registered
[    1.291938] usbcore: registered new interface driver usbfs
[    1.291954] usbcore: registered new interface driver hub
[    1.292133] usbcore: registered new device driver usb
[    1.292677] ehci_hcd: USB 2.0 'Enhanced' Host Controller (EHCI) Driver
[    1.292896] ehci-pci: EHCI PCI platform driver
[    1.292927] xhci_hcd 0000:04:00.0: xHCI Host Controller
[    1.292934] xhci_hcd 0000:04:00.0: new USB bus registered, assigned bus number 1
[    1.293856] SCSI subsystem initialized
[    1.295016] libata version 3.00 loaded.
[    1.302090] AVX version of gcm_enc/dec engaged.
[    1.302686] xhci_hcd 0000:04:00.0: irq 26 for MSI/MSI-X
[    1.302693] xhci_hcd 0000:04:00.0: irq 27 for MSI/MSI-X
[    1.302698] xhci_hcd 0000:04:00.0: irq 28 for MSI/MSI-X
[    1.302702] xhci_hcd 0000:04:00.0: irq 29 for MSI/MSI-X
[    1.302706] xhci_hcd 0000:04:00.0: irq 30 for MSI/MSI-X
[    1.302861] usb usb1: New USB device found, idVendor=1d6b, idProduct=0002
[    1.302864] usb usb1: New USB device strings: Mfr=3, Product=2, SerialNumber=1
[    1.302866] usb usb1: Product: xHCI Host Controller
[    1.302868] usb usb1: Manufacturer: Linux 3.17.0+ xhci_hcd
[    1.302870] usb usb1: SerialNumber: 0000:04:00.0
[    1.303039] hub 1-0:1.0: USB hub found
[    1.303052] hub 1-0:1.0: 2 ports detected
[    1.303196] ehci-pci 0000:00:1a.0: EHCI Host Controller
[    1.303203] ehci-pci 0000:00:1a.0: new USB bus registered, assigned bus number 2
[    1.303219] ehci-pci 0000:00:1a.0: debug port 2
[    1.307141] ehci-pci 0000:00:1a.0: cache line size of 64 is not supported
[    1.307157] ehci-pci 0000:00:1a.0: irq 16, io mem 0xdf008000
[    1.307169] xhci_hcd 0000:04:00.0: xHCI Host Controller
[    1.307172] xhci_hcd 0000:04:00.0: new USB bus registered, assigned bus number 3
[    1.307215] usb usb3: New USB device found, idVendor=1d6b, idProduct=0003
[    1.307216] usb usb3: New USB device strings: Mfr=3, Product=2, SerialNumber=1
[    1.307218] usb usb3: Product: xHCI Host Controller
[    1.307219] usb usb3: Manufacturer: Linux 3.17.0+ xhci_hcd
[    1.307220] usb usb3: SerialNumber: 0000:04:00.0
[    1.307353] hub 3-0:1.0: USB hub found
[    1.307365] hub 3-0:1.0: 2 ports detected
[    1.307515] alg: No test for __gcm-aes-aesni (__driver-gcm-aes-aesni)
[    1.308665] alg: No test for crc32 (crc32-pclmul)
[    1.315652] ehci-pci 0000:00:1a.0: USB 2.0 started, EHCI 1.00
[    1.315706] usb usb2: New USB device found, idVendor=1d6b, idProduct=0002
[    1.315709] usb usb2: New USB device strings: Mfr=3, Product=2, SerialNumber=1
[    1.315712] usb usb2: Product: EHCI Host Controller
[    1.315714] usb usb2: Manufacturer: Linux 3.17.0+ ehci_hcd
[    1.315716] usb usb2: SerialNumber: 0000:00:1a.0
[    1.315899] hub 2-0:1.0: USB hub found
[    1.315905] hub 2-0:1.0: 2 ports detected
[    1.316106] ehci-pci 0000:00:1d.0: EHCI Host Controller
[    1.316111] ehci-pci 0000:00:1d.0: new USB bus registered, assigned bus number 4
[    1.316124] ehci-pci 0000:00:1d.0: debug port 2
[    1.320034] ehci-pci 0000:00:1d.0: cache line size of 64 is not supported
[    1.320075] ehci-pci 0000:00:1d.0: irq 23, io mem 0xdf007000
[    1.331634] ehci-pci 0000:00:1d.0: USB 2.0 started, EHCI 1.00
[    1.331668] usb usb4: New USB device found, idVendor=1d6b, idProduct=0002
[    1.331669] usb usb4: New USB device strings: Mfr=3, Product=2, SerialNumber=1
[    1.331671] usb usb4: Product: EHCI Host Controller
[    1.331672] usb usb4: Manufacturer: Linux 3.17.0+ ehci_hcd
[    1.331673] usb usb4: SerialNumber: 0000:00:1d.0
[    1.331815] hub 4-0:1.0: USB hub found
[    1.331821] hub 4-0:1.0: 2 ports detected
[    1.331909] ahci 0000:00:1f.2: version 3.0
[    1.332025] ahci 0000:00:1f.2: irq 31 for MSI/MSI-X
[    1.332066] ahci 0000:00:1f.2: AHCI 0001.0300 32 slots 6 ports 6 Gbps 0x3 impl SATA mode
[    1.332069] ahci 0000:00:1f.2: flags: 64bit ncq sntf pm led clo pio slum part ems apst 
[    1.340343] scsi host0: ahci
[    1.340466] scsi host1: ahci
[    1.340560] scsi host2: ahci
[    1.340652] scsi host3: ahci
[    1.340745] scsi host4: ahci
[    1.340834] scsi host5: ahci
[    1.340877] ata1: SATA max UDMA/133 abar m2048@0xdf006000 port 0xdf006100 irq 31
[    1.340879] ata2: SATA max UDMA/133 abar m2048@0xdf006000 port 0xdf006180 irq 31
[    1.340880] ata3: DUMMY
[    1.340881] ata4: DUMMY
[    1.340882] ata5: DUMMY
[    1.340882] ata6: DUMMY
[    1.344536] ACPI: Lid Switch [LID]
[    1.344584] input: Sleep Button as /devices/LNXSYSTM:00/LNXSYBUS:00/PNP0C0E:00/input/input8
[    1.344589] ACPI: Sleep Button [SLPB]
[    1.344643] input: Power Button as /devices/LNXSYSTM:00/LNXPWRBN:00/input/input9
[    1.344646] ACPI: Power Button [PWRF]
[    1.348916] [drm] Memory usable by graphics device = 2048M
[    1.348918] [drm] Replacing VGA console driver
[    1.349347] Console: switching to colour dummy device 80x25
[    1.419908] i915 0000:00:02.0: irq 32 for MSI/MSI-X
[    1.419937] [drm] Supports vblank timestamp caching Rev 2 (21.10.2013).
[    1.419940] [drm] Driver supports precise vblank timestamp query.
[    1.428268] vgaarb: device changed decodes: PCI:0000:00:02.0,olddecodes=io+mem,decodes=none:owns=io+mem
[    1.518442] fbcon: inteldrmfb (fb0) is primary device
[    1.556532] Console: switching to colour frame buffer device 170x48
[    1.562600] i915 0000:00:02.0: fb0: inteldrmfb frame buffer device
[    1.562604] i915 0000:00:02.0: registered panic notifier
[    1.600772] ACPI: Video Device [GFX0] (multi-head: yes  rom: yes  post: no)
[    1.609199] acpi device:50: registered as cooling_device0
[    1.609376] input: Video Bus as /devices/LNXSYSTM:00/LNXSYBUS:00/PNP0A08:00/device:4c/LNXVIDEO:00/input/input10
[    1.628124] usb 2-1: new high-speed USB device number 2 using ehci-pci
[    1.637267] ACPI: Video Device [GFX0] (multi-head: yes  rom: no  post: no)
[    1.637463] input: Video Bus as /devices/LNXSYSTM:00/LNXSYBUS:00/PNP0A08:00/LNXVIDEO:01/input/input11
[    1.637543] [drm] Initialized i915 1.6.0 20140725 for 0000:00:02.0 on minor 0
[    1.660137] ata1: SATA link up 3.0 Gbps (SStatus 123 SControl 300)
[    1.660172] ata2: SATA link up 6.0 Gbps (SStatus 133 SControl 300)
[    1.661418] ata2.00: failed to get NCQ Send/Recv Log Emask 0x1
[    1.661424] ata2.00: ATA-9: Samsung SSD 840 PRO Series, DXM05B0Q, max UDMA/133
[    1.661428] ata2.00: 500118192 sectors, multi 16: LBA48 NCQ (depth 31/32), AA
[    1.661580] ata1.00: ACPI cmd ef/90:06:00:00:00:00 (SET FEATURES) succeeded
[    1.661588] ata1.00: ACPI cmd f5/00:00:00:00:00:00 (SECURITY FREEZE LOCK) filtered out
[    1.661593] ata1.00: ACPI cmd b1/c1:00:00:00:00:00 (DEVICE CONFIGURATION OVERLAY) filtered out
[    1.662022] ata2.00: failed to get NCQ Send/Recv Log Emask 0x1
[    1.662096] ata2.00: configured for UDMA/133
[    1.662642] ata1.00: ATA-8: Hitachi HTS547575A9E384, JE4OA60A, max UDMA/133
[    1.662648] ata1.00: 1465149168 sectors, multi 16: LBA48 NCQ (depth 31/32), AA
[    1.664400] ata1.00: ACPI cmd ef/90:06:00:00:00:00 (SET FEATURES) succeeded
[    1.664412] ata1.00: ACPI cmd f5/00:00:00:00:00:00 (SECURITY FREEZE LOCK) filtered out
[    1.664418] ata1.00: ACPI cmd b1/c1:00:00:00:00:00 (DEVICE CONFIGURATION OVERLAY) filtered out
[    1.665763] ata1.00: configured for UDMA/133
[    1.666161] scsi 0:0:0:0: Direct-Access     ATA      Hitachi HTS54757 A60A PQ: 0 ANSI: 5
[    1.668395] scsi 1:0:0:0: Direct-Access     ATA      Samsung SSD 840  5B0Q PQ: 0 ANSI: 5
[    1.673840] sd 0:0:0:0: [sda] 1465149168 512-byte logical blocks: (750 GB/698 GiB)
[    1.673848] sd 0:0:0:0: [sda] 4096-byte physical blocks
[    1.673881] sd 1:0:0:0: [sdb] 500118192 512-byte logical blocks: (256 GB/238 GiB)
[    1.673961] sd 0:0:0:0: [sda] Write Protect is off
[    1.673968] sd 0:0:0:0: [sda] Mode Sense: 00 3a 00 00
[    1.674060] sd 1:0:0:0: [sdb] Write Protect is off
[    1.674078] sd 1:0:0:0: [sdb] Mode Sense: 00 3a 00 00
[    1.674085] sd 0:0:0:0: [sda] Write cache: enabled, read cache: enabled, doesn't support DPO or FUA
[    1.674163] sd 1:0:0:0: [sdb] Write cache: enabled, read cache: enabled, doesn't support DPO or FUA
[    1.674830]  sdb: sdb2 sdb3
[    1.675456] sd 1:0:0:0: [sdb] Attached SCSI disk
[    1.761027] usb 2-1: New USB device found, idVendor=8087, idProduct=0024
[    1.761038] usb 2-1: New USB device strings: Mfr=0, Product=0, SerialNumber=0
[    1.761751] hub 2-1:1.0: USB hub found
[    1.761881] hub 2-1:1.0: 6 ports detected
[    1.876306] usb 4-1: new high-speed USB device number 2 using ehci-pci
[    2.008810] usb 4-1: New USB device found, idVendor=8087, idProduct=0024
[    2.008819] usb 4-1: New USB device strings: Mfr=0, Product=0, SerialNumber=0
[    2.009433] hub 4-1:1.0: USB hub found
[    2.009521] hub 4-1:1.0: 6 ports detected
[    2.080609] usb 2-1.1: new full-speed USB device number 3 using ehci-pci
[    2.132604] tsc: Refined TSC clocksource calibration: 2494.334 MHz
[    2.175181] usb 2-1.1: New USB device found, idVendor=8087, idProduct=07dc
[    2.175189] usb 2-1.1: New USB device strings: Mfr=0, Product=0, SerialNumber=0
[    2.249018] usb 2-1.2: new high-speed USB device number 4 using ehci-pci
[    2.275501]  sda: sda1 sda2 sda4
[    2.276959] sd 0:0:0:0: [sda] Attached SCSI disk
[    2.278313] sd 0:0:0:0: Attached scsi generic sg0 type 0
[    2.278476] sd 1:0:0:0: Attached scsi generic sg1 type 0
[    2.406161] usb 2-1.2: New USB device found, idVendor=13d3, idProduct=5710
[    2.406172] usb 2-1.2: New USB device strings: Mfr=3, Product=1, SerialNumber=2
[    2.406178] usb 2-1.2: Product: USB 2.0 UVC VGA WebCam
[    2.406182] usb 2-1.2: Manufacturer: Azurewave
[    2.406187] usb 2-1.2: SerialNumber: 0x0001
[    2.481299] usb 2-1.4: new high-speed USB device number 5 using ehci-pci
[    2.574387] usb 2-1.4: New USB device found, idVendor=0bda, idProduct=0139
[    2.574396] usb 2-1.4: New USB device strings: Mfr=1, Product=2, SerialNumber=3
[    2.574401] usb 2-1.4: Product: USB2.0-CRW
[    2.574405] usb 2-1.4: Manufacturer: Generic
[    2.574409] usb 2-1.4: SerialNumber: 20100201396000000
[    2.580267] usbcore: registered new interface driver rtsx_usb
[    2.645281] usb 4-1.2: new high-speed USB device number 3 using ehci-pci
[    2.700654] device-mapper: uevent: version 1.0.3
[    2.700830] device-mapper: ioctl: 4.27.0-ioctl (2013-10-30) initialised: dm-devel@redhat.com
[    2.737881] usb 4-1.2: New USB device found, idVendor=0424, idProduct=2514
[    2.737889] usb 4-1.2: New USB device strings: Mfr=0, Product=0, SerialNumber=0
[    2.738502] hub 4-1.2:1.0: USB hub found
[    2.738632] hub 4-1.2:1.0: 4 ports detected
[    2.945650] usb 4-1-port3: over-current condition
[    3.134013] Switched to clocksource tsc
[    3.154013] usb 4-1-port4: over-current condition
[    3.226098] usb 4-1.2.1: new low-speed USB device number 4 using ehci-pci
[    3.323211] usb 4-1.2.1: New USB device found, idVendor=046d, idProduct=c069
[    3.323221] usb 4-1.2.1: New USB device strings: Mfr=1, Product=2, SerialNumber=0
[    3.323226] usb 4-1.2.1: Product: USB Laser Mouse
[    3.323231] usb 4-1.2.1: Manufacturer: Logitech
[    3.328132] hidraw: raw HID events driver (C) Jiri Kosina
[    3.332584] usbcore: registered new interface driver usbhid
[    3.332589] usbhid: USB HID core driver
[    3.333754] input: Logitech USB Laser Mouse as /devices/pci0000:00/0000:00:1d.0/usb4/4-1/4-1.2/4-1.2.1/4-1.2.1:1.0/0003:046D:C069.0001/input/input12
[    3.333966] hid-generic 0003:046D:C069.0001: input,hidraw0: USB HID v1.10 Mouse [Logitech USB Laser Mouse] on usb-0000:00:1d.0-1.2.1/input0
[    3.410330] usb 4-1.2.2: new low-speed USB device number 5 using ehci-pci
[    3.529512] usb 4-1.2.2: New USB device found, idVendor=046a, idProduct=0023
[    3.529521] usb 4-1.2.2: New USB device strings: Mfr=0, Product=0, SerialNumber=0
[    3.549835] input: HID 046a:0023 as /devices/pci0000:00/0000:00:1d.0/usb4/4-1/4-1.2/4-1.2.2/4-1.2.2:1.0/0003:046A:0023.0002/input/input13
[    3.550019] cherry 0003:046A:0023.0002: input,hidraw1: USB HID v1.11 Keyboard [HID 046a:0023] on usb-0000:00:1d.0-1.2.2/input0
[    3.553302] input: HID 046a:0023 as /devices/pci0000:00/0000:00:1d.0/usb4/4-1/4-1.2/4-1.2.2/4-1.2.2:1.1/0003:046A:0023.0003/input/input14
[    3.553510] cherry 0003:046A:0023.0003: input,hidraw2: USB HID v1.11 Device [HID 046a:0023] on usb-0000:00:1d.0-1.2.2/input1
[    5.520459] random: nonblocking pool is initialized
[   10.206331] NET: Registered protocol family 38
[   11.395142] EXT4-fs (dm-1): mounted filesystem with ordered data mode. Opts: (null)
[   11.819054] lp: driver loaded but no devices found
[   11.824590] ppdev: user-space parallel port driver
[   11.835009] fuse init (API version 7.23)
[   11.869677] systemd-udevd[294]: starting version 215
[   11.879498] ip_tables: (C) 2000-2006 Netfilter Core Team
[   11.894074] nf_conntrack version 0.5.0 (16384 buckets, 65536 max)
[   11.932473] ip6_tables: (C) 2000-2006 Netfilter Core Team
[   11.975348] EXT4-fs (dm-1): re-mounted. Opts: errors=remount-ro,discard
[   12.082058] ACPI: AC Adapter [AC0] (on-line)
[   12.083645] ACPI: Battery Slot [BAT0] (battery present)
[   12.084341] shpchp: Standard Hot Plug PCI Controller Driver version: 0.4
[   12.084958] wmi: Mapper loaded
[   12.098432] mei_me 0000:00:16.0: irq 33 for MSI/MSI-X
[   12.107554] cfg80211: Calling CRDA to update world regulatory domain
[   12.117031] Intel(R) Wireless WiFi driver for Linux, in-tree:d
[   12.117034] Copyright(c) 2003- 2014 Intel Corporation
[   12.117267] iwlwifi 0000:03:00.0: irq 34 for MSI/MSI-X
[   12.118680] iwlwifi 0000:03:00.0: U iwl_request_firmware attempting to load firmware 'iwlwifi-7260-10.ucode'
[   12.118714] iwlwifi 0000:03:00.0: U set_dflt_pwr_limit SPL method not found
[   12.118871] iwlwifi 0000:03:00.0: Direct firmware load for iwlwifi-7260-10.ucode failed with error -2
[   12.118875] iwlwifi 0000:03:00.0: U iwl_request_firmware attempting to load firmware 'iwlwifi-7260-9.ucode'
[   12.120255] input: PC Speaker as /devices/platform/pcspkr/input/input16
[   12.121574] iwlwifi 0000:03:00.0: U iwl_req_fw_callback Loaded firmware file 'iwlwifi-7260-9.ucode' (680432 bytes).
[   12.121787] iwlwifi 0000:03:00.0: loaded firmware version 25.228.9.0 op_mode iwlmvm
[   12.123017] Error: Driver 'pcspkr' is already registered, aborting...
[   12.135492] iwlwifi 0000:03:00.0: Detected Intel(R) Dual Band Wireless AC 7260, REV=0x144
[   12.135497] iwlwifi 0000:03:00.0: U iwl_pcie_prepare_card_hw iwl_trans_prepare_card_hw enter
[   12.135514] iwlwifi 0000:03:00.0: U iwl_pcie_set_hw_ready hardware ready
[   12.135539] iwlwifi 0000:03:00.0: U iwl_pcie_apm_init Init card's basic functions
[   12.135570] iwlwifi 0000:03:00.0: L1 Enabled; Disabling L0S
[   12.135786] iwlwifi 0000:03:00.0: U iwl_pcie_apm_init DEVICE_ENABLED bit is now set
[   12.135793] iwlwifi 0000:03:00.0: U iwl_pcie_prepare_card_hw iwl_trans_prepare_card_hw enter
[   12.135801] iwlwifi 0000:03:00.0: U iwl_pcie_set_hw_ready hardware ready
[   12.135808] iwlwifi 0000:03:00.0: U iwl_pcie_apm_init Init card's basic functions
[   12.135831] iwlwifi 0000:03:00.0: L1 Enabled; Disabling L0S
[   12.135984] iwlwifi 0000:03:00.0: U iwl_pcie_apm_init DEVICE_ENABLED bit is now set
[   12.136009] iwlwifi 0000:03:00.0: U iwl_mvm_nic_config Radio type=0x0-0x2-0x1
[   12.136596] iwlwifi 0000:03:00.0: U iwl_pcie_nic_init Enabling shadow registers in device
[   12.136600] iwlwifi 0000:03:00.0: U iwl_pcie_load_given_ucode working with Non Secured image
[   12.136603] iwlwifi 0000:03:00.0: U iwl_pcie_load_given_ucode working with Single CPU
[   12.136606] iwlwifi 0000:03:00.0: U iwl_pcie_load_section [0] uCode section being loaded...
[   12.139002] iwlwifi 0000:03:00.0: U iwl_pcie_load_section [1] uCode section being loaded...
[   12.141547] iwlwifi 0000:03:00.0: U iwl_pcie_load_cpu_sections Break since Data not valid or Empty section, sec = 2
[   12.142022] iwlwifi 0000:03:00.0: I iwl_alive_fn Alive VER2 ucode status 0xcafe revision 0x9 0x0 flags 0x0
[   12.142026] iwlwifi 0000:03:00.0: I iwl_alive_fn UMAC version: Major - 0x0, Minor - 0x0
[   12.142039] intel_rapl: Found RAPL domain package
[   12.142042] intel_rapl: Found RAPL domain core
[   12.142044] intel_rapl: Found RAPL domain uncore
[   12.143097] iwlwifi 0000:03:00.0: U iwl_pcie_send_hcmd_sync Attempting to send sync command BT_COEX_PRIO_TABLE
[   12.143101] iwlwifi 0000:03:00.0: U iwl_pcie_send_hcmd_sync Setting HCMD_ACTIVE for command BT_COEX_PRIO_TABLE
[   12.143106] iwlwifi 0000:03:00.0: I iwl_pcie_enqueue_hcmd Sending command BT_COEX_PRIO_TABLE (#cc), seq: 0x0900, 20 bytes at 0[0]:9
[   12.144507] iwlwifi 0000:03:00.0: I iwl_pcie_hcmd_complete Clearing HCMD_ACTIVE for command BT_COEX_PRIO_TABLE
[   12.144521] iwlwifi 0000:03:00.0: U iwl_pcie_send_hcmd_sync Attempting to send sync command BT_CONFIG
[   12.144525] iwlwifi 0000:03:00.0: U iwl_pcie_send_hcmd_sync Setting HCMD_ACTIVE for command BT_CONFIG
[   12.144529] iwlwifi 0000:03:00.0: I iwl_pcie_enqueue_hcmd Sending command BT_CONFIG (#9b), seq: 0x0901, 460 bytes at 1[1]:9
[   12.144590] iwlwifi 0000:03:00.0: I iwl_pcie_hcmd_complete Clearing HCMD_ACTIVE for command BT_CONFIG
[   12.144600] iwlwifi 0000:03:00.0: U iwl_nvm_init Read from NVM
[   12.144604] iwlwifi 0000:03:00.0: U iwl_pcie_send_hcmd_sync Attempting to send sync command NVM_ACCESS_CMD
[   12.144606] iwlwifi 0000:03:00.0: U iwl_pcie_send_hcmd_sync Setting HCMD_ACTIVE for command NVM_ACCESS_CMD
[   12.144610] iwlwifi 0000:03:00.0: I iwl_pcie_enqueue_hcmd Sending command NVM_ACCESS_CMD (#88), seq: 0x0902, 12 bytes at 2[2]:9
[   12.144692] iwlwifi 0000:03:00.0: I iwl_pcie_hcmd_complete Clearing HCMD_ACTIVE for command NVM_ACCESS_CMD
[   12.144700] iwlwifi 0000:03:00.0: U iwl_nvm_read_section NVM section 0 read completed
[   12.144703] iwlwifi 0000:03:00.0: U iwl_pcie_send_hcmd_sync Attempting to send sync command NVM_ACCESS_CMD
[   12.144706] iwlwifi 0000:03:00.0: U iwl_pcie_send_hcmd_sync Setting HCMD_ACTIVE for command NVM_ACCESS_CMD
[   12.144709] iwlwifi 0000:03:00.0: I iwl_pcie_enqueue_hcmd Sending command NVM_ACCESS_CMD (#88), seq: 0x0903, 12 bytes at 3[3]:9
[   12.144782] iwlwifi 0000:03:00.0: I iwl_pcie_hcmd_complete Clearing HCMD_ACTIVE for command NVM_ACCESS_CMD
[   12.144790] iwlwifi 0000:03:00.0: U iwl_nvm_read_section NVM section 1 read completed
[   12.144793] iwlwifi 0000:03:00.0: U iwl_pcie_send_hcmd_sync Attempting to send sync command NVM_ACCESS_CMD
[   12.144795] iwlwifi 0000:03:00.0: U iwl_pcie_send_hcmd_sync Setting HCMD_ACTIVE for command NVM_ACCESS_CMD
[   12.144798] iwlwifi 0000:03:00.0: I iwl_pcie_enqueue_hcmd Sending command NVM_ACCESS_CMD (#88), seq: 0x0904, 12 bytes at 4[4]:9
[   12.144903] iwlwifi 0000:03:00.0: I iwl_pcie_hcmd_complete Clearing HCMD_ACTIVE for command NVM_ACCESS_CMD
[   12.144911] iwlwifi 0000:03:00.0: U iwl_pcie_send_hcmd_sync Attempting to send sync command NVM_ACCESS_CMD
[   12.144913] iwlwifi 0000:03:00.0: U iwl_pcie_send_hcmd_sync Setting HCMD_ACTIVE for command NVM_ACCESS_CMD
[   12.144916] iwlwifi 0000:03:00.0: I iwl_pcie_enqueue_hcmd Sending command NVM_ACCESS_CMD (#88), seq: 0x0905, 12 bytes at 5[5]:9
[   12.145013] iwlwifi 0000:03:00.0: I iwl_pcie_hcmd_complete Clearing HCMD_ACTIVE for command NVM_ACCESS_CMD
[   12.145021] iwlwifi 0000:03:00.0: U iwl_pcie_send_hcmd_sync Attempting to send sync command NVM_ACCESS_CMD
[   12.145024] iwlwifi 0000:03:00.0: U iwl_pcie_send_hcmd_sync Setting HCMD_ACTIVE for command NVM_ACCESS_CMD
[   12.145027] iwlwifi 0000:03:00.0: I iwl_pcie_enqueue_hcmd Sending command NVM_ACCESS_CMD (#88), seq: 0x0906, 12 bytes at 6[6]:9
[   12.145121] iwlwifi 0000:03:00.0: I iwl_pcie_hcmd_complete Clearing HCMD_ACTIVE for command NVM_ACCESS_CMD
[   12.145130] iwlwifi 0000:03:00.0: U iwl_pcie_send_hcmd_sync Attempting to send sync command NVM_ACCESS_CMD
[   12.145132] iwlwifi 0000:03:00.0: U iwl_pcie_send_hcmd_sync Setting HCMD_ACTIVE for command NVM_ACCESS_CMD
[   12.145135] iwlwifi 0000:03:00.0: I iwl_pcie_enqueue_hcmd Sending command NVM_ACCESS_CMD (#88), seq: 0x0907, 12 bytes at 7[7]:9
[   12.145187] iwlwifi 0000:03:00.0: I iwl_pcie_hcmd_complete Clearing HCMD_ACTIVE for command NVM_ACCESS_CMD
[   12.145193] iwlwifi 0000:03:00.0: U iwl_nvm_read_chunk NVM access command failed on offset 0x1800 since that section size is multiple 2K
[   12.145196] iwlwifi 0000:03:00.0: U iwl_nvm_read_section NVM section 2 read completed
[   12.145200] iwlwifi 0000:03:00.0: U iwl_pcie_send_hcmd_sync Attempting to send sync command NVM_ACCESS_CMD
[   12.145202] iwlwifi 0000:03:00.0: U iwl_pcie_send_hcmd_sync Setting HCMD_ACTIVE for command NVM_ACCESS_CMD
[   12.145206] iwlwifi 0000:03:00.0: I iwl_pcie_enqueue_hcmd Sending command NVM_ACCESS_CMD (#88), seq: 0x0908, 12 bytes at 8[8]:9
[   12.145264] iwlwifi 0000:03:00.0: I iwl_pcie_hcmd_complete Clearing HCMD_ACTIVE for command NVM_ACCESS_CMD
[   12.145270] iwlwifi 0000:03:00.0: U iwl_nvm_read_section NVM section 3 read completed
[   12.145273] iwlwifi 0000:03:00.0: U iwl_pcie_send_hcmd_sync Attempting to send sync command NVM_ACCESS_CMD
[   12.145276] iwlwifi 0000:03:00.0: U iwl_pcie_send_hcmd_sync Setting HCMD_ACTIVE for command NVM_ACCESS_CMD
[   12.145279] iwlwifi 0000:03:00.0: I iwl_pcie_enqueue_hcmd Sending command NVM_ACCESS_CMD (#88), seq: 0x0909, 12 bytes at 9[9]:9
[   12.145347] iwlwifi 0000:03:00.0: I iwl_pcie_hcmd_complete Clearing HCMD_ACTIVE for command NVM_ACCESS_CMD
[   12.145352] iwlwifi 0000:03:00.0: U iwl_nvm_read_section NVM section 4 read completed
[   12.145355] iwlwifi 0000:03:00.0: U iwl_pcie_send_hcmd_sync Attempting to send sync command NVM_ACCESS_CMD
[   12.145358] iwlwifi 0000:03:00.0: U iwl_pcie_send_hcmd_sync Setting HCMD_ACTIVE for command NVM_ACCESS_CMD
[   12.145361] iwlwifi 0000:03:00.0: I iwl_pcie_enqueue_hcmd Sending command NVM_ACCESS_CMD (#88), seq: 0x090A, 12 bytes at 10[10]:9
[   12.145434] iwlwifi 0000:03:00.0: I iwl_pcie_hcmd_complete Clearing HCMD_ACTIVE for command NVM_ACCESS_CMD
[   12.145439] iwlwifi 0000:03:00.0: U iwl_nvm_read_section NVM section 5 read completed
[   12.145441] iwlwifi 0000:03:00.0: U iwl_pcie_send_hcmd_sync Attempting to send sync command NVM_ACCESS_CMD
[   12.145444] iwlwifi 0000:03:00.0: U iwl_pcie_send_hcmd_sync Setting HCMD_ACTIVE for command NVM_ACCESS_CMD
[   12.145447] iwlwifi 0000:03:00.0: I iwl_pcie_enqueue_hcmd Sending command NVM_ACCESS_CMD (#88), seq: 0x090B, 12 bytes at 11[11]:9
[   12.145506] iwlwifi 0000:03:00.0: I iwl_pcie_hcmd_complete Clearing HCMD_ACTIVE for command NVM_ACCESS_CMD
[   12.145513] iwlwifi 0000:03:00.0: U iwl_nvm_read_chunk NVM access command failed with status 256 (device: Intel(R) Dual Band Wireless AC 7260)
[   12.145516] iwlwifi 0000:03:00.0: U iwl_nvm_read_section Cannot read NVM from section 6 offset 0, length 2048
[   12.145518] iwlwifi 0000:03:00.0: U iwl_pcie_send_hcmd_sync Attempting to send sync command NVM_ACCESS_CMD
[   12.145520] iwlwifi 0000:03:00.0: U iwl_pcie_send_hcmd_sync Setting HCMD_ACTIVE for command NVM_ACCESS_CMD
[   12.145523] iwlwifi 0000:03:00.0: I iwl_pcie_enqueue_hcmd Sending command NVM_ACCESS_CMD (#88), seq: 0x090C, 12 bytes at 12[12]:9
[   12.145581] iwlwifi 0000:03:00.0: I iwl_pcie_hcmd_complete Clearing HCMD_ACTIVE for command NVM_ACCESS_CMD
[   12.145587] iwlwifi 0000:03:00.0: U iwl_nvm_read_chunk NVM access command failed with status 256 (device: Intel(R) Dual Band Wireless AC 7260)
[   12.145590] iwlwifi 0000:03:00.0: U iwl_nvm_read_section Cannot read NVM from section 7 offset 0, length 2048
[   12.145592] iwlwifi 0000:03:00.0: U iwl_pcie_send_hcmd_sync Attempting to send sync command NVM_ACCESS_CMD
[   12.145595] iwlwifi 0000:03:00.0: U iwl_pcie_send_hcmd_sync Setting HCMD_ACTIVE for command NVM_ACCESS_CMD
[   12.145598] iwlwifi 0000:03:00.0: I iwl_pcie_enqueue_hcmd Sending command NVM_ACCESS_CMD (#88), seq: 0x090D, 12 bytes at 13[13]:9
[   12.145644] iwlwifi 0000:03:00.0: I iwl_pcie_hcmd_complete Clearing HCMD_ACTIVE for command NVM_ACCESS_CMD
[   12.145655] iwlwifi 0000:03:00.0: U iwl_nvm_read_chunk NVM access command failed with status 256 (device: Intel(R) Dual Band Wireless AC 7260)
[   12.145658] iwlwifi 0000:03:00.0: U iwl_nvm_read_section Cannot read NVM from section 8 offset 0, length 2048
[   12.145661] iwlwifi 0000:03:00.0: U iwl_pcie_send_hcmd_sync Attempting to send sync command NVM_ACCESS_CMD
[   12.145663] iwlwifi 0000:03:00.0: U iwl_pcie_send_hcmd_sync Setting HCMD_ACTIVE for command NVM_ACCESS_CMD
[   12.145667] iwlwifi 0000:03:00.0: I iwl_pcie_enqueue_hcmd Sending command NVM_ACCESS_CMD (#88), seq: 0x090E, 12 bytes at 14[14]:9
[   12.145721] iwlwifi 0000:03:00.0: I iwl_pcie_hcmd_complete Clearing HCMD_ACTIVE for command NVM_ACCESS_CMD
[   12.145728] iwlwifi 0000:03:00.0: U iwl_nvm_read_chunk NVM access command failed with status 256 (device: Intel(R) Dual Band Wireless AC 7260)
[   12.145731] iwlwifi 0000:03:00.0: U iwl_nvm_read_section Cannot read NVM from section 9 offset 0, length 2048
[   12.145734] iwlwifi 0000:03:00.0: U iwl_pcie_send_hcmd_sync Attempting to send sync command NVM_ACCESS_CMD
[   12.145736] iwlwifi 0000:03:00.0: U iwl_pcie_send_hcmd_sync Setting HCMD_ACTIVE for command NVM_ACCESS_CMD
[   12.145740] iwlwifi 0000:03:00.0: I iwl_pcie_enqueue_hcmd Sending command NVM_ACCESS_CMD (#88), seq: 0x090F, 12 bytes at 15[15]:9
[   12.145799] iwlwifi 0000:03:00.0: I iwl_pcie_hcmd_complete Clearing HCMD_ACTIVE for command NVM_ACCESS_CMD
[   12.145806] iwlwifi 0000:03:00.0: U iwl_nvm_read_chunk NVM access command failed with status 256 (device: Intel(R) Dual Band Wireless AC 7260)
[   12.145809] iwlwifi 0000:03:00.0: U iwl_nvm_read_section Cannot read NVM from section 10 offset 0, length 2048
[   12.145812] iwlwifi 0000:03:00.0: U iwl_pcie_send_hcmd_sync Attempting to send sync command NVM_ACCESS_CMD
[   12.145814] iwlwifi 0000:03:00.0: U iwl_pcie_send_hcmd_sync Setting HCMD_ACTIVE for command NVM_ACCESS_CMD
[   12.145817] iwlwifi 0000:03:00.0: I iwl_pcie_enqueue_hcmd Sending command NVM_ACCESS_CMD (#88), seq: 0x0910, 12 bytes at 16[16]:9
[   12.145874] iwlwifi 0000:03:00.0: I iwl_pcie_hcmd_complete Clearing HCMD_ACTIVE for command NVM_ACCESS_CMD
[   12.145881] iwlwifi 0000:03:00.0: U iwl_nvm_read_chunk NVM access command failed with status 256 (device: Intel(R) Dual Band Wireless AC 7260)
[   12.145884] iwlwifi 0000:03:00.0: U iwl_nvm_read_section Cannot read NVM from section 11 offset 0, length 2048
[   12.145890] iwlwifi 0000:03:00.0: U iwl_init_channel_map Ch. 1 [2.4GHz] VALID IBSS ACTIVE WIDE GO_CONCURRENT (0x34b 22dBm): Ad-Hoc supported
[   12.145894] iwlwifi 0000:03:00.0: U iwl_init_channel_map Ch. 2 [2.4GHz] VALID IBSS ACTIVE WIDE GO_CONCURRENT (0x34b 22dBm): Ad-Hoc supported
[   12.145897] iwlwifi 0000:03:00.0: U iwl_init_channel_map Ch. 3 [2.4GHz] VALID IBSS ACTIVE WIDE GO_CONCURRENT (0x34b 22dBm): Ad-Hoc supported
[   12.145901] iwlwifi 0000:03:00.0: U iwl_init_channel_map Ch. 4 [2.4GHz] VALID IBSS ACTIVE WIDE GO_CONCURRENT (0x34b 22dBm): Ad-Hoc supported
[   12.145904] iwlwifi 0000:03:00.0: U iwl_init_channel_map Ch. 5 [2.4GHz] VALID IBSS ACTIVE WIDE GO_CONCURRENT (0x34b 22dBm): Ad-Hoc supported
[   12.145907] iwlwifi 0000:03:00.0: U iwl_init_channel_map Ch. 6 [2.4GHz] VALID IBSS ACTIVE WIDE GO_CONCURRENT (0x34b 22dBm): Ad-Hoc supported
[   12.145911] iwlwifi 0000:03:00.0: U iwl_init_channel_map Ch. 7 [2.4GHz] VALID IBSS ACTIVE WIDE GO_CONCURRENT (0x34b 22dBm): Ad-Hoc supported
[   12.145914] iwlwifi 0000:03:00.0: U iwl_init_channel_map Ch. 8 [2.4GHz] VALID IBSS ACTIVE WIDE GO_CONCURRENT (0x34b 22dBm): Ad-Hoc supported
[   12.145917] iwlwifi 0000:03:00.0: U iwl_init_channel_map Ch. 9 [2.4GHz] VALID IBSS ACTIVE WIDE GO_CONCURRENT (0x34b 22dBm): Ad-Hoc supported
[   12.145921] iwlwifi 0000:03:00.0: U iwl_init_channel_map Ch. 10 [2.4GHz] VALID IBSS ACTIVE WIDE GO_CONCURRENT (0x34b 22dBm): Ad-Hoc supported
[   12.145924] iwlwifi 0000:03:00.0: U iwl_init_channel_map Ch. 11 [2.4GHz] VALID IBSS ACTIVE WIDE GO_CONCURRENT (0x34b 22dBm): Ad-Hoc supported
[   12.145928] iwlwifi 0000:03:00.0: U iwl_init_channel_map Ch. 12 [2.4GHz] VALID WIDE GO_CONCURRENT (0x341 22dBm): Ad-Hoc not supported
[   12.145931] iwlwifi 0000:03:00.0: U iwl_init_channel_map Ch. 13 [2.4GHz] VALID WIDE GO_CONCURRENT (0x341 22dBm): Ad-Hoc not supported
[   12.145934] iwlwifi 0000:03:00.0: U iwl_init_channel_map Ch. 14 Flags 0 [2.4GHz] - No traffic
[   12.145938] iwlwifi 0000:03:00.0: U iwl_init_channel_map Ch. 36 [5.2GHz] VALID WIDE INDOOR_ONLY GO_CONCURRENT (0x7e1 22dBm): Ad-Hoc not supported
[   12.145941] iwlwifi 0000:03:00.0: U iwl_init_channel_map Ch. 40 [5.2GHz] VALID WIDE INDOOR_ONLY GO_CONCURRENT (0x7e1 22dBm): Ad-Hoc not supported
[   12.145945] iwlwifi 0000:03:00.0: U iwl_init_channel_map Ch. 44 [5.2GHz] VALID WIDE INDOOR_ONLY GO_CONCURRENT (0x7e1 22dBm): Ad-Hoc not supported
[   12.145948] iwlwifi 0000:03:00.0: U iwl_init_channel_map Ch. 48 [5.2GHz] VALID WIDE INDOOR_ONLY GO_CONCURRENT (0x7e1 22dBm): Ad-Hoc not supported
[   12.145952] iwlwifi 0000:03:00.0: U iwl_init_channel_map Ch. 52 [5.2GHz] VALID RADAR WIDE (0x711 22dBm): Ad-Hoc not supported
[   12.145955] iwlwifi 0000:03:00.0: U iwl_init_channel_map Ch. 56 [5.2GHz] VALID RADAR WIDE (0x711 22dBm): Ad-Hoc not supported
[   12.145959] iwlwifi 0000:03:00.0: U iwl_init_channel_map Ch. 60 [5.2GHz] VALID RADAR WIDE (0x711 22dBm): Ad-Hoc not supported
[   12.145962] iwlwifi 0000:03:00.0: U iwl_init_channel_map Ch. 64 [5.2GHz] VALID RADAR WIDE (0x711 22dBm): Ad-Hoc not supported
[   12.145965] iwlwifi 0000:03:00.0: U iwl_init_channel_map Ch. 100 [5.2GHz] VALID RADAR WIDE (0x711 22dBm): Ad-Hoc not supported
[   12.145969] iwlwifi 0000:03:00.0: U iwl_init_channel_map Ch. 104 [5.2GHz] VALID RADAR WIDE (0x711 22dBm): Ad-Hoc not supported
[   12.145972] iwlwifi 0000:03:00.0: U iwl_init_channel_map Ch. 108 [5.2GHz] VALID RADAR WIDE (0x711 22dBm): Ad-Hoc not supported
[   12.145975] iwlwifi 0000:03:00.0: U iwl_init_channel_map Ch. 112 [5.2GHz] VALID RADAR WIDE (0x711 22dBm): Ad-Hoc not supported
[   12.145979] iwlwifi 0000:03:00.0: U iwl_init_channel_map Ch. 116 [5.2GHz] VALID RADAR WIDE (0x711 22dBm): Ad-Hoc not supported
[   12.145982] iwlwifi 0000:03:00.0: U iwl_init_channel_map Ch. 120 [5.2GHz] VALID RADAR WIDE (0x711 22dBm): Ad-Hoc not supported
[   12.145985] iwlwifi 0000:03:00.0: U iwl_init_channel_map Ch. 124 [5.2GHz] VALID RADAR WIDE (0x711 22dBm): Ad-Hoc not supported
[   12.145989] iwlwifi 0000:03:00.0: U iwl_init_channel_map Ch. 128 [5.2GHz] VALID RADAR WIDE (0x711 22dBm): Ad-Hoc not supported
[   12.145992] iwlwifi 0000:03:00.0: U iwl_init_channel_map Ch. 132 [5.2GHz] VALID RADAR WIDE (0x711 22dBm): Ad-Hoc not supported
[   12.145995] iwlwifi 0000:03:00.0: U iwl_init_channel_map Ch. 136 [5.2GHz] VALID RADAR WIDE (0x711 22dBm): Ad-Hoc not supported
[   12.145999] iwlwifi 0000:03:00.0: U iwl_init_channel_map Ch. 140 [5.2GHz] VALID RADAR WIDE (0x711 22dBm): Ad-Hoc not supported
[   12.146002] iwlwifi 0000:03:00.0: U iwl_init_channel_map Ch. 144 [5.2GHz] VALID RADAR WIDE (0x711 22dBm): Ad-Hoc not supported
[   12.146006] iwlwifi 0000:03:00.0: U iwl_init_channel_map Ch. 149 [5.2GHz] VALID WIDE GO_CONCURRENT (0x7c1 22dBm): Ad-Hoc not supported
[   12.146009] iwlwifi 0000:03:00.0: U iwl_init_channel_map Ch. 153 [5.2GHz] VALID WIDE GO_CONCURRENT (0x7c1 22dBm): Ad-Hoc not supported
[   12.146012] iwlwifi 0000:03:00.0: U iwl_init_channel_map Ch. 157 [5.2GHz] VALID WIDE GO_CONCURRENT (0x7c1 22dBm): Ad-Hoc not supported
[   12.146016] iwlwifi 0000:03:00.0: U iwl_init_channel_map Ch. 161 [5.2GHz] VALID WIDE GO_CONCURRENT (0x7c1 22dBm): Ad-Hoc not supported
[   12.146019] iwlwifi 0000:03:00.0: U iwl_init_channel_map Ch. 165 [5.2GHz] VALID WIDE GO_CONCURRENT (0x1c1 22dBm): Ad-Hoc not supported
[   12.146023] iwlwifi 0000:03:00.0: U iwl_nvm_check_version device EEPROM VER=0xa2a, CALIB=0xff
[   12.146026] iwlwifi 0000:03:00.0: U iwl_send_tx_ant_cfg select valid tx ant: 3
[   12.146028] iwlwifi 0000:03:00.0: U iwl_pcie_send_hcmd_sync Attempting to send sync command TX_ANT_CONFIGURATION_CMD
[   12.146031] iwlwifi 0000:03:00.0: U iwl_pcie_send_hcmd_sync Setting HCMD_ACTIVE for command TX_ANT_CONFIGURATION_CMD
[   12.146035] iwlwifi 0000:03:00.0: I iwl_pcie_enqueue_hcmd Sending command TX_ANT_CONFIGURATION_CMD (#98), seq: 0x0911, 8 bytes at 17[17]:9
[   12.146087] iwlwifi 0000:03:00.0: I iwl_pcie_hcmd_complete Clearing HCMD_ACTIVE for command TX_ANT_CONFIGURATION_CMD
[   12.146093] iwlwifi 0000:03:00.0: U iwl_send_phy_cfg_cmd Sending Phy CFG command: 0x330018
[   12.146096] iwlwifi 0000:03:00.0: U iwl_pcie_send_hcmd_sync Attempting to send sync command PHY_CONFIGURATION_CMD
[   12.146098] iwlwifi 0000:03:00.0: U iwl_pcie_send_hcmd_sync Setting HCMD_ACTIVE for command PHY_CONFIGURATION_CMD
[   12.146101] iwlwifi 0000:03:00.0: I iwl_pcie_enqueue_hcmd Sending command PHY_CONFIGURATION_CMD (#6a), seq: 0x0912, 16 bytes at 18[18]:9
[   12.146153] iwlwifi 0000:03:00.0: I iwl_pcie_hcmd_complete Clearing HCMD_ACTIVE for command PHY_CONFIGURATION_CMD
[   12.189310] asus_wmi: ASUS WMI generic driver loaded
[   12.189837] asus_wmi: Initialization: 0x1
[   12.190017] asus_wmi: SFUN value: 0x1a0af7
[   12.190732] input: Asus WMI hotkeys as /devices/platform/asus-nb-wmi/input/input20
[   12.225380] Bluetooth: Core ver 2.19
[   12.225393] NET: Registered protocol family 31
[   12.225394] Bluetooth: HCI device and connection manager initialized
[   12.225401] Bluetooth: HCI socket layer initialized
[   12.225403] Bluetooth: L2CAP socket layer initialized
[   12.225408] Bluetooth: SCO socket layer initialized
[   12.226907] asus_wmi: Backlight controlled by ACPI video driver
[   12.229832] media: Linux media interface: v0.10
[   12.234403] Linux video capture interface: v2.00
[   12.236863] iwlwifi 0000:03:00.0: RF_KILL bit toggled to disable radio.
[   12.236887] iwlwifi 0000:03:00.0: U iwl_trans_pcie_stop_device DEVICE_ENABLED bit was set and is now cleared
[   12.237124] iwlwifi 0000:03:00.0: U iwl_trans_pcie_stop_device DEVICE_ENABLED bit was already clearn
[   12.237142] iwlwifi 0000:03:00.0: U iwl_pcie_apm_stop Stop card, put in low power state ENABLED bit clear!
[   12.237167] iwlwifi 0000:03:00.0: U iwl_pcie_apm_stop_master stop master
[   12.237175] CPU: 3 PID: 403 Comm: modprobe Not tainted 3.17.0+ #38
[   12.237177] Hardware name: ASUSTeK Computer Inc. K53SM/K53SM, BIOS K53SM.214 08/15/2012
[   12.237179]  0000000000000001 ffff8800a66bfc38
[   12.237181] iwlwifi 0000:03:00.0: U iwl_trans_pcie_stop_device DEVICE_ENABLED bit was already clearn
[   12.237182]  ffffffff8154a3cb ffff88024217c000
[   12.237194] iwlwifi 0000:03:00.0: U iwl_pcie_apm_stop Stop card, put in low power state ENABLED bit clear!
[   12.237195]  ffff8800a66bfc58 ffffffffa062f977 ffff88024217c000 0000000000000001
[   12.237201]  ffff8800a66bfc80
[   12.237202] iwlwifi 0000:03:00.0: U iwl_pcie_apm_stop_master stop master
[   12.237203]  ffffffffa062fe4c
[   12.237204]  ffff88024217c000 ffffffffa0636f80
[   12.237206] Call Trace:
[   12.237213]  [<ffffffff8154a3cb>] dump_stack+0x45/0x56
[   12.237221]  [<ffffffffa062f977>] iwl_pcie_apm_stop+0xa7/0x320 [iwlwifi]
[   12.237225]  [<ffffffffa062fe4c>] iwl_trans_pcie_stop_device+0xfc/0x290 [iwlwifi]
[   12.237234]  [<ffffffffa08fb01b>] iwl_op_mode_mvm_start+0x4fb/0x640 [iwlmvm]
[   12.237242]  [<ffffffffa0924000>] ? 0xffffffffa0924000
[   12.237246]  [<ffffffffa0623982>] iwl_opmode_register+0xb2/0xf0 [iwlwifi]
[   12.237252]  [<ffffffffa0924037>] iwl_mvm_init+0x37/0x1000 [iwlmvm]
[   12.237256]  [<ffffffff81002148>] do_one_initcall+0xd8/0x210
[   12.237260]  [<ffffffff8118ac72>] ? __vunmap+0xa2/0x100
[   12.237264]  [<ffffffff810e3ff2>] load_module+0x2222/0x26c0
[   12.237267]  [<ffffffff810df650>] ? store_uevent+0x40/0x40
[   12.237272]  [<ffffffff811c3e68>] ? kernel_read+0x48/0x60
[   12.237275]  [<ffffffff810e4606>] SyS_finit_module+0x86/0xb0
[   12.237279]  [<ffffffff815506ad>] system_call_fastpath+0x1a/0x1f
[   12.237281] CPU: 1 PID: 395 Comm: irq/34-iwlwifi Not tainted 3.17.0+ #38
[   12.237293] Hardware name: ASUSTeK Computer Inc. K53SM/K53SM, BIOS K53SM.214 08/15/2012
[   12.237296]  0000000000000001 ffff880240cbfd00 ffffffff8154a3cb ffff88024217c000
[   12.237299]  ffff880240cbfd20 ffffffffa062f977 ffff88024217c000 0000000000000001
[   12.237302]  ffff880240cbfd48 ffffffffa062fe4c 0000000000000001 ffff8800a5385a60
[   12.237304] Call Trace:
[   12.237317]  [<ffffffff8154a3cb>] dump_stack+0x45/0x56
[   12.237323]  [<ffffffffa062f977>] iwl_pcie_apm_stop+0xa7/0x320 [iwlwifi]
[   12.237327]  [<ffffffffa062fe4c>] iwl_trans_pcie_stop_device+0xfc/0x290 [iwlwifi]
[   12.237330]  [<ffffffffa062fd45>] iwl_trans_pcie_rf_kill+0x35/0x40 [iwlwifi]
[   12.237344]  [<ffffffffa0629980>] iwl_pcie_irq_handler+0x970/0xf70 [iwlwifi]
[   12.237348]  [<ffffffff81011661>] ? __switch_to+0x191/0x5f0
[   12.237351]  [<ffffffff8154b919>] ? __schedule+0x2e9/0x840
[   12.237365]  [<ffffffff810ba5e0>] ? irq_finalize_oneshot.part.30+0xf0/0xf0
[   12.237368]  [<ffffffff810ba600>] irq_thread_fn+0x20/0x50
[   12.237371]  [<ffffffff810ba5e0>] ? irq_finalize_oneshot.part.30+0xf0/0xf0
[   12.237374]  [<ffffffff810ba947>] irq_thread+0x137/0x160
[   12.237384]  [<ffffffff810ba690>] ? irq_forced_thread_fn+0x60/0x60
[   12.237391]  [<ffffffff810ba810>] ? irq_thread_check_affinity+0xc0/0xc0
[   12.237400]  [<ffffffff810875cb>] kthread+0xdb/0x100
[   12.237405]  [<ffffffff810874f0>] ? kthread_create_on_node+0x180/0x180
[   12.237407]  [<ffffffff815505fc>] ret_from_fork+0x7c/0xb0
[   12.237410]  [<ffffffff810874f0>] ? kthread_create_on_node+0x180/0x180
[   12.237481] iwlwifi 0000:03:00.0: Failed to run INIT ucode: -5
[   12.237562] iwlwifi 0000:03:00.0: U iwl_pcie_apm_stop Stop card, put in low power state ENABLED bit clear!
[   12.237583] iwlwifi 0000:03:00.0: U iwl_pcie_apm_stop_master stop master
[   12.237585] CPU: 3 PID: 403 Comm: modprobe Not tainted 3.17.0+ #38
[   12.237587] Hardware name: ASUSTeK Computer Inc. K53SM/K53SM, BIOS K53SM.214 08/15/2012
[   12.237588]  ffff88024217fafc ffff8800a66bfc40 ffffffff8154a3cb ffff88024217c000
[   12.237591]  ffff8800a66bfc60 ffffffffa062f977 ffff88024217c000 ffff88024217fafc
[   12.237593]  ffff8800a66bfc80 ffffffffa062fc82 ffff88024217c000 ffffffffa0636f80
[   12.237610] Call Trace:
[   12.237615]  [<ffffffff8154a3cb>] dump_stack+0x45/0x56
[   12.237632]  [<ffffffffa062f977>] iwl_pcie_apm_stop+0xa7/0x320 [iwlwifi]
[   12.237636]  [<ffffffffa062fc82>] iwl_trans_pcie_op_mode_leave+0x92/0x120 [iwlwifi]
[   12.237655]  [<ffffffffa08fb0fe>] iwl_op_mode_mvm_start+0x5de/0x640 [iwlmvm]
[   12.237660]  [<ffffffffa0924000>] ? 0xffffffffa0924000
[   12.237664]  [<ffffffffa0623982>] iwl_opmode_register+0xb2/0xf0 [iwlwifi]
[   12.237680]  [<ffffffffa0924037>] iwl_mvm_init+0x37/0x1000 [iwlmvm]
[   12.237683]  [<ffffffff81002148>] do_one_initcall+0xd8/0x210
[   12.237686]  [<ffffffff8118ac72>] ? __vunmap+0xa2/0x100
[   12.237700]  [<ffffffff810e3ff2>] load_module+0x2222/0x26c0
[   12.237703]  [<ffffffff810df650>] ? store_uevent+0x40/0x40
[   12.237706]  [<ffffffff811c3e68>] ? kernel_read+0x48/0x60
[   12.237709]  [<ffffffff810e4606>] SyS_finit_module+0x86/0xb0
[   12.237723]  [<ffffffff815506ad>] system_call_fastpath+0x1a/0x1f
[   12.239997] EXT4-fs (dm-2): mounted filesystem with ordered data mode. Opts: errors=remount-ro,discard
[   12.246139] uvcvideo: Found UVC 1.00 device USB 2.0 UVC VGA WebCam (13d3:5710)
[   12.247557] cfg80211: World regulatory domain updated:
[   12.247561] cfg80211:  DFS Master region: unset
[   12.247563] cfg80211:   (start_freq - end_freq @ bandwidth), (max_antenna_gain, max_eirp), (dfs_cac_time)
[   12.247566] cfg80211:   (2402000 KHz - 2472000 KHz @ 40000 KHz), (N/A, 2000 mBm), (N/A)
[   12.247568] cfg80211:   (2457000 KHz - 2482000 KHz @ 40000 KHz), (N/A, 2000 mBm), (N/A)
[   12.247571] cfg80211:   (2474000 KHz - 2494000 KHz @ 20000 KHz), (N/A, 2000 mBm), (N/A)
[   12.247573] cfg80211:   (5170000 KHz - 5250000 KHz @ 160000 KHz), (N/A, 2000 mBm), (N/A)
[   12.247576] cfg80211:   (5250000 KHz - 5330000 KHz @ 160000 KHz), (N/A, 2000 mBm), (0 s)
[   12.247578] cfg80211:   (5490000 KHz - 5730000 KHz @ 160000 KHz), (N/A, 2000 mBm), (0 s)
[   12.247580] cfg80211:   (5735000 KHz - 5835000 KHz @ 80000 KHz), (N/A, 2000 mBm), (N/A)
[   12.247583] cfg80211:   (57240000 KHz - 63720000 KHz @ 2160000 KHz), (N/A, 0 mBm), (N/A)
[   12.252888] input: USB 2.0 UVC VGA WebCam as /devices/pci0000:00/0000:00:1a.0/usb2/2-1/2-1.2/2-1.2:1.0/input/input21
[   12.253861] usbcore: registered new interface driver uvcvideo
[   12.253864] USB Video Class driver (1.1.1)
[   12.255966] usbcore: registered new interface driver btusb
[   12.269907] Bluetooth: hci0: read Intel version: 370710018002030d37
[   12.269910] Bluetooth: hci0: Intel device is already patched. patch num: 37
[   12.285398] EXT4-fs (sdb2): mounted filesystem with ordered data mode. Opts: errors=remount-ro,discard
[   12.291234] ACPI Warning: SystemIO range 0x000000000000e040-0x000000000000e05f conflicts with OpRegion 0x000000000000e040-0x000000000000e04f (\_SB_.PCI0.SBUS.SMBI) (20140724/utaddress-258)
[   12.291240] ACPI: If an ACPI driver is available for this device, you should use it instead of the native driver
[   12.291374] snd_hda_intel 0000:00:1b.0: irq 35 for MSI/MSI-X
[   12.291884] ACPI Warning: SystemIO range 0x0000000000000428-0x000000000000042f conflicts with OpRegion 0x0000000000000400-0x000000000000047f (\PMIO) (20140724/utaddress-258)
[   12.291889] ACPI: If an ACPI driver is available for this device, you should use it instead of the native driver
[   12.291892] ACPI Warning: SystemIO range 0x0000000000000540-0x000000000000054f conflicts with OpRegion 0x0000000000000500-0x0000000000000549 (\SBGP) (20140724/utaddress-258)
[   12.291894] ACPI Warning: SystemIO range 0x0000000000000540-0x000000000000054f conflicts with OpRegion 0x0000000000000500-0x0000000000000563 (\GPIO) (20140724/utaddress-258)
[   12.291897] ACPI: If an ACPI driver is available for this device, you should use it instead of the native driver
[   12.291898] ACPI Warning: SystemIO range 0x0000000000000530-0x000000000000053f conflicts with OpRegion 0x0000000000000500-0x0000000000000549 (\SBGP) (20140724/utaddress-258)
[   12.291900] ACPI Warning: SystemIO range 0x0000000000000530-0x000000000000053f conflicts with OpRegion 0x0000000000000500-0x0000000000000563 (\GPIO) (20140724/utaddress-258)
[   12.291902] ACPI: If an ACPI driver is available for this device, you should use it instead of the native driver
[   12.291903] ACPI Warning: SystemIO range 0x0000000000000500-0x000000000000052f conflicts with OpRegion 0x0000000000000500-0x0000000000000549 (\SBGP) (20140724/utaddress-258)
[   12.291905] ACPI Warning: SystemIO range 0x0000000000000500-0x000000000000052f conflicts with OpRegion 0x0000000000000500-0x0000000000000563 (\GPIO) (20140724/utaddress-258)
[   12.291907] ACPI: If an ACPI driver is available for this device, you should use it instead of the native driver
[   12.291908] lpc_ich: Resource conflict(s) found affecting gpio_ich
[   12.293084] iTCO_vendor_support: vendor-support=0
[   12.293473] iTCO_wdt: Intel TCO WatchDog Timer Driver v1.11
[   12.293510] iTCO_wdt: Found a Cougar Point TCO device (Version=2, TCOBASE=0x0460)
[   12.293642] iTCO_wdt: initialized. heartbeat=30 sec (nowayout=0)
[   12.302956] sound hdaudioC0D0: autoconfig: line_outs=1 (0x14/0x0/0x0/0x0/0x0) type:speaker
[   12.302959] sound hdaudioC0D0:    speaker_outs=0 (0x0/0x0/0x0/0x0/0x0)
[   12.302961] sound hdaudioC0D0:    hp_outs=1 (0x21/0x0/0x0/0x0/0x0)
[   12.302962] sound hdaudioC0D0:    mono: mono_out=0x0
[   12.302963] sound hdaudioC0D0:    inputs:
[   12.302965] sound hdaudioC0D0:      Internal Mic=0x19
[   12.302966] sound hdaudioC0D0:      Mic=0x18
[   12.310426] input: HDA Intel PCH Mic as /devices/pci0000:00/0000:00:1b.0/sound/card0/input22
[   12.310509] input: HDA Intel PCH Headphone as /devices/pci0000:00/0000:00:1b.0/sound/card0/input23
[   12.310583] input: HDA Intel PCH HDMI/DP,pcm=3 as /devices/pci0000:00/0000:00:1b.0/sound/card0/input24
[   12.899246] psmouse serio4: synaptics: Touchpad model: 1, fw: 7.5, id: 0x1e0b1, caps: 0xd00073/0x240000/0xa0400, board id: 1704, fw id: 705499
[   12.931161] input: SynPS/2 Synaptics TouchPad as /devices/platform/i8042/serio4/input/input19
[   14.010205] EXT4-fs (dm-4): mounted filesystem with ordered data mode. Opts: errors=remount-ro
[   14.062022] systemd-journald[266]: Received request to flush runtime journal from PID 1
[   14.479991] vboxdrv: Found 4 processor cores.
[   14.480604] vboxdrv: fAsync=0 offMin=0x1a0 offMax=0xc9d
[   14.481021] vboxdrv: TSC mode is 'synchronous', kernel timer mode is 'normal'.
[   14.481024] vboxdrv: Successfully loaded version 4.3.18_Debian (interface 0x001a0008).
[   14.482455] bbswitch: version 0.8
[   14.482462] bbswitch: Found integrated VGA device 0000:00:02.0: \_SB_.PCI0.GFX0
[   14.482468] bbswitch: Found discrete VGA device 0000:01:00.0: \_SB_.PCI0.PEGR.GFX0
[   14.482479] ACPI Warning: \_SB_.PCI0.PEGR.GFX0._DSM: Argument #4 type mismatch - Found [Buffer], ACPI requires [Package] (20140724/nsarguments-95)
[   14.482595] bbswitch: detected an Optimus _DSM function
[   14.482607] pci 0000:01:00.0: enabling device (0000 -> 0003)
[   14.482674] bbswitch: Succesfully loaded. Discrete card 0000:01:00.0 is on
[   14.492244] bbswitch: disabling discrete graphics
[   14.492258] ACPI Warning: \_SB_.PCI0.PEGR.GFX0._DSM: Argument #4 type mismatch - Found [Buffer], ACPI requires [Package] (20140724/nsarguments-95)
[   14.506708] vboxpci: IOMMU not found (not registered)
[   14.541618] Bluetooth: BNEP (Ethernet Emulation) ver 1.3
[   14.541622] Bluetooth: BNEP filters: protocol multicast
[   14.541630] Bluetooth: BNEP socket layer initialized
[   15.031069] r8169 0000:05:00.0 eth0: link down
[   15.031080] r8169 0000:05:00.0 eth0: link down
[   15.031107] IPv6: ADDRCONF(NETDEV_UP): eth0: link is not ready
[   16.901535] r8169 0000:05:00.0 eth0: link up
[   16.901552] IPv6: ADDRCONF(NETDEV_CHANGE): eth0: link becomes ready
[   51.439716] GREPME: Reloading module
[   54.608154] cfg80211: Calling CRDA to update world regulatory domain
[   54.611201] Intel(R) Wireless WiFi driver for Linux, in-tree:d
[   54.611207] Copyright(c) 2003- 2014 Intel Corporation
[   54.611679] iwlwifi 0000:03:00.0: irq 34 for MSI/MSI-X
[   54.611918] iwlwifi 0000:03:00.0: U iwl_request_firmware attempting to load firmware 'iwlwifi-7260-10.ucode'
[   54.611935] iwlwifi 0000:03:00.0: U set_dflt_pwr_limit SPL method not found
[   54.612345] iwlwifi 0000:03:00.0: Direct firmware load for iwlwifi-7260-10.ucode failed with error -2
[   54.612357] iwlwifi 0000:03:00.0: U iwl_request_firmware attempting to load firmware 'iwlwifi-7260-9.ucode'
[   54.612771] iwlwifi 0000:03:00.0: U iwl_req_fw_callback Loaded firmware file 'iwlwifi-7260-9.ucode' (680432 bytes).
[   54.613161] iwlwifi 0000:03:00.0: loaded firmware version 25.228.9.0 op_mode iwlmvm
[   54.614180] cfg80211: World regulatory domain updated:
[   54.614186] cfg80211:  DFS Master region: unset
[   54.614190] cfg80211:   (start_freq - end_freq @ bandwidth), (max_antenna_gain, max_eirp), (dfs_cac_time)
[   54.614198] cfg80211:   (2402000 KHz - 2472000 KHz @ 40000 KHz), (N/A, 2000 mBm), (N/A)
[   54.614204] cfg80211:   (2457000 KHz - 2482000 KHz @ 40000 KHz), (N/A, 2000 mBm), (N/A)
[   54.614209] cfg80211:   (2474000 KHz - 2494000 KHz @ 20000 KHz), (N/A, 2000 mBm), (N/A)
[   54.614215] cfg80211:   (5170000 KHz - 5250000 KHz @ 160000 KHz), (N/A, 2000 mBm), (N/A)
[   54.614222] cfg80211:   (5250000 KHz - 5330000 KHz @ 160000 KHz), (N/A, 2000 mBm), (0 s)
[   54.614227] cfg80211:   (5490000 KHz - 5730000 KHz @ 160000 KHz), (N/A, 2000 mBm), (0 s)
[   54.614233] cfg80211:   (5735000 KHz - 5835000 KHz @ 80000 KHz), (N/A, 2000 mBm), (N/A)
[   54.614239] cfg80211:   (57240000 KHz - 63720000 KHz @ 2160000 KHz), (N/A, 0 mBm), (N/A)
[   54.624743] iwlwifi 0000:03:00.0: Detected Intel(R) Dual Band Wireless AC 7260, REV=0x144
[   54.624751] iwlwifi 0000:03:00.0: U iwl_pcie_prepare_card_hw iwl_trans_prepare_card_hw enter
[   54.624771] iwlwifi 0000:03:00.0: U iwl_pcie_set_hw_ready hardware ready
[   54.624803] iwlwifi 0000:03:00.0: U iwl_pcie_apm_init Init card's basic functions
[   54.624839] iwlwifi 0000:03:00.0: L1 Enabled; Disabling L0S
[   54.625067] iwlwifi 0000:03:00.0: U iwl_pcie_apm_init DEVICE_ENABLED bit is now set
[   54.625084] iwlwifi 0000:03:00.0: U iwl_trans_pcie_stop_device DEVICE_ENABLED bit was set and is now cleared
[   54.625329] iwlwifi 0000:03:00.0: U iwl_trans_pcie_stop_device DEVICE_ENABLED bit was already clearn
[   54.625335] iwlwifi 0000:03:00.0: U iwl_pcie_apm_stop Stop card, put in low power state ENABLED bit clear!
[   54.625345] iwlwifi 0000:03:00.0: U iwl_pcie_apm_stop_master stop master
[   54.625350] CPU: 3 PID: 1557 Comm: modprobe Tainted: G           O   3.17.0+ #38
[   54.625352] Hardware name: ASUSTeK Computer Inc. K53SM/K53SM, BIOS K53SM.214 08/15/2012
[   54.625355]  0000000000000001 ffff8802237cfbf0 ffffffff8154a3cb ffff880036ac0000
[   54.625361]  ffff8802237cfc10 ffffffffa0570977 ffff880036ac0000 0000000000000001
[   54.625365]  ffff8802237cfc38 ffffffffa0570e4c 0000000000000001 ffff880036ac5a60
[   54.625369] Call Trace:
[   54.625379]  [<ffffffff8154a3cb>] dump_stack+0x45/0x56
[   54.625386]  [<ffffffffa0570977>] iwl_pcie_apm_stop+0xa7/0x320 [iwlwifi]
[   54.625391]  [<ffffffffa0570e4c>] iwl_trans_pcie_stop_device+0xfc/0x290 [iwlwifi]
[   54.625397]  [<ffffffffa0570d45>] iwl_trans_pcie_rf_kill+0x35/0x40 [iwlwifi]
[   54.625402]  [<ffffffffa0571738>] iwl_trans_pcie_start_hw+0xb8/0x100 [iwlwifi]
[   54.625414]  [<ffffffffa08d8ff0>] iwl_op_mode_mvm_start+0x4d0/0x640 [iwlmvm]
[   54.625427]  [<ffffffffa0580000>] ? 0xffffffffa0580000
[   54.625433]  [<ffffffffa0564982>] iwl_opmode_register+0xb2/0xf0 [iwlwifi]
[   54.625442]  [<ffffffffa0580037>] iwl_mvm_init+0x37/0x1000 [iwlmvm]
[   54.625447]  [<ffffffff81002148>] do_one_initcall+0xd8/0x210
[   54.625454]  [<ffffffff8118ac72>] ? __vunmap+0xa2/0x100
[   54.625460]  [<ffffffff810e3ff2>] load_module+0x2222/0x26c0
[   54.625465]  [<ffffffff810df650>] ? store_uevent+0x40/0x40
[   54.625471]  [<ffffffff811c3e68>] ? kernel_read+0x48/0x60
[   54.625476]  [<ffffffff810e4606>] SyS_finit_module+0x86/0xb0
[   54.625482]  [<ffffffff815506ad>] system_call_fastpath+0x1a/0x1f
[   54.625681] iwlwifi 0000:03:00.0: U iwl_pcie_prepare_card_hw iwl_trans_prepare_card_hw enter
[   54.625699] iwlwifi 0000:03:00.0: U iwl_pcie_set_hw_ready hardware ready
[   54.625717] iwlwifi 0000:03:00.0: U iwl_pcie_apm_init Init card's basic functions
[   54.625745] iwlwifi 0000:03:00.0: L1 Enabled; Disabling L0S
[   54.625953] iwlwifi 0000:03:00.0: U iwl_pcie_apm_init DEVICE_ENABLED bit is now set
[   54.625978] iwlwifi 0000:03:00.0: U iwl_mvm_nic_config Radio type=0x0-0x2-0x1
[   54.626608] iwlwifi 0000:03:00.0: U iwl_pcie_nic_init Enabling shadow registers in device
[   54.626613] iwlwifi 0000:03:00.0: U iwl_pcie_load_given_ucode working with Non Secured image
[   54.626616] iwlwifi 0000:03:00.0: U iwl_pcie_load_given_ucode working with Single CPU
[   54.626620] iwlwifi 0000:03:00.0: U iwl_pcie_load_section [0] uCode section being loaded...
[   54.629004] iwlwifi 0000:03:00.0: U iwl_pcie_load_section [1] uCode section being loaded...
[   54.632002] iwlwifi 0000:03:00.0: U iwl_pcie_load_cpu_sections Break since Data not valid or Empty section, sec = 2
[   54.632684] iwlwifi 0000:03:00.0: I iwl_alive_fn Alive VER2 ucode status 0xcafe revision 0x9 0x0 flags 0x1
[   54.632690] iwlwifi 0000:03:00.0: I iwl_alive_fn UMAC version: Major - 0x0, Minor - 0x0
[   54.633256] iwlwifi 0000:03:00.0: U iwl_nvm_init Read from NVM
[   54.633264] iwlwifi 0000:03:00.0: U iwl_pcie_send_hcmd_sync Attempting to send sync command NVM_ACCESS_CMD
[   54.633269] iwlwifi 0000:03:00.0: U iwl_pcie_send_hcmd_sync Setting HCMD_ACTIVE for command NVM_ACCESS_CMD
[   54.633277] iwlwifi 0000:03:00.0: I iwl_pcie_enqueue_hcmd Sending command NVM_ACCESS_CMD (#88), seq: 0x0900, 12 bytes at 0[0]:9
[   54.635234] iwlwifi 0000:03:00.0: I iwl_pcie_hcmd_complete Clearing HCMD_ACTIVE for command NVM_ACCESS_CMD
[   54.635258] iwlwifi 0000:03:00.0: U iwl_nvm_read_section NVM section 0 read completed
[   54.635281] iwlwifi 0000:03:00.0: U iwl_pcie_send_hcmd_sync Attempting to send sync command NVM_ACCESS_CMD
[   54.635286] iwlwifi 0000:03:00.0: U iwl_pcie_send_hcmd_sync Setting HCMD_ACTIVE for command NVM_ACCESS_CMD
[   54.635295] iwlwifi 0000:03:00.0: I iwl_pcie_enqueue_hcmd Sending command NVM_ACCESS_CMD (#88), seq: 0x0901, 12 bytes at 1[1]:9
[   54.635369] iwlwifi 0000:03:00.0: I iwl_pcie_hcmd_complete Clearing HCMD_ACTIVE for command NVM_ACCESS_CMD
[   54.635391] iwlwifi 0000:03:00.0: U iwl_nvm_read_section NVM section 1 read completed
[   54.635397] iwlwifi 0000:03:00.0: U iwl_pcie_send_hcmd_sync Attempting to send sync command NVM_ACCESS_CMD
[   54.635411] iwlwifi 0000:03:00.0: U iwl_pcie_send_hcmd_sync Setting HCMD_ACTIVE for command NVM_ACCESS_CMD
[   54.635418] iwlwifi 0000:03:00.0: I iwl_pcie_enqueue_hcmd Sending command NVM_ACCESS_CMD (#88), seq: 0x0902, 12 bytes at 2[2]:9
[   54.635522] iwlwifi 0000:03:00.0: I iwl_pcie_hcmd_complete Clearing HCMD_ACTIVE for command NVM_ACCESS_CMD
[   54.635536] iwlwifi 0000:03:00.0: U iwl_pcie_send_hcmd_sync Attempting to send sync command NVM_ACCESS_CMD
[   54.635542] iwlwifi 0000:03:00.0: U iwl_pcie_send_hcmd_sync Setting HCMD_ACTIVE for command NVM_ACCESS_CMD
[   54.635550] iwlwifi 0000:03:00.0: I iwl_pcie_enqueue_hcmd Sending command NVM_ACCESS_CMD (#88), seq: 0x0903, 12 bytes at 3[3]:9
[   54.635652] iwlwifi 0000:03:00.0: I iwl_pcie_hcmd_complete Clearing HCMD_ACTIVE for command NVM_ACCESS_CMD
[   54.635667] iwlwifi 0000:03:00.0: U iwl_pcie_send_hcmd_sync Attempting to send sync command NVM_ACCESS_CMD
[   54.635673] iwlwifi 0000:03:00.0: U iwl_pcie_send_hcmd_sync Setting HCMD_ACTIVE for command NVM_ACCESS_CMD
[   54.635680] iwlwifi 0000:03:00.0: I iwl_pcie_enqueue_hcmd Sending command NVM_ACCESS_CMD (#88), seq: 0x0904, 12 bytes at 4[4]:9
[   54.635784] iwlwifi 0000:03:00.0: I iwl_pcie_hcmd_complete Clearing HCMD_ACTIVE for command NVM_ACCESS_CMD
[   54.635797] iwlwifi 0000:03:00.0: U iwl_pcie_send_hcmd_sync Attempting to send sync command NVM_ACCESS_CMD
[   54.635801] iwlwifi 0000:03:00.0: U iwl_pcie_send_hcmd_sync Setting HCMD_ACTIVE for command NVM_ACCESS_CMD
[   54.635806] iwlwifi 0000:03:00.0: I iwl_pcie_enqueue_hcmd Sending command NVM_ACCESS_CMD (#88), seq: 0x0905, 12 bytes at 5[5]:9
[   54.635862] iwlwifi 0000:03:00.0: I iwl_pcie_hcmd_complete Clearing HCMD_ACTIVE for command NVM_ACCESS_CMD
[   54.635872] iwlwifi 0000:03:00.0: U iwl_nvm_read_chunk NVM access command failed on offset 0x1800 since that section size is multiple 2K
[   54.635876] iwlwifi 0000:03:00.0: U iwl_nvm_read_section NVM section 2 read completed
[   54.635882] iwlwifi 0000:03:00.0: U iwl_pcie_send_hcmd_sync Attempting to send sync command NVM_ACCESS_CMD
[   54.635886] iwlwifi 0000:03:00.0: U iwl_pcie_send_hcmd_sync Setting HCMD_ACTIVE for command NVM_ACCESS_CMD
[   54.635893] iwlwifi 0000:03:00.0: I iwl_pcie_enqueue_hcmd Sending command NVM_ACCESS_CMD (#88), seq: 0x0906, 12 bytes at 6[6]:9
[   54.635950] iwlwifi 0000:03:00.0: I iwl_pcie_hcmd_complete Clearing HCMD_ACTIVE for command NVM_ACCESS_CMD
[   54.635965] iwlwifi 0000:03:00.0: U iwl_nvm_read_section NVM section 3 read completed
[   54.635971] iwlwifi 0000:03:00.0: U iwl_pcie_send_hcmd_sync Attempting to send sync command NVM_ACCESS_CMD
[   54.635976] iwlwifi 0000:03:00.0: U iwl_pcie_send_hcmd_sync Setting HCMD_ACTIVE for command NVM_ACCESS_CMD
[   54.635981] iwlwifi 0000:03:00.0: I iwl_pcie_enqueue_hcmd Sending command NVM_ACCESS_CMD (#88), seq: 0x0907, 12 bytes at 7[7]:9
[   54.636049] iwlwifi 0000:03:00.0: I iwl_pcie_hcmd_complete Clearing HCMD_ACTIVE for command NVM_ACCESS_CMD
[   54.636063] iwlwifi 0000:03:00.0: U iwl_nvm_read_section NVM section 4 read completed
[   54.636069] iwlwifi 0000:03:00.0: U iwl_pcie_send_hcmd_sync Attempting to send sync command NVM_ACCESS_CMD
[   54.636076] iwlwifi 0000:03:00.0: U iwl_pcie_send_hcmd_sync Setting HCMD_ACTIVE for command NVM_ACCESS_CMD
[   54.636082] iwlwifi 0000:03:00.0: I iwl_pcie_enqueue_hcmd Sending command NVM_ACCESS_CMD (#88), seq: 0x0908, 12 bytes at 8[8]:9
[   54.636220] iwlwifi 0000:03:00.0: I iwl_pcie_hcmd_complete Clearing HCMD_ACTIVE for command NVM_ACCESS_CMD
[   54.636232] iwlwifi 0000:03:00.0: U iwl_nvm_read_section NVM section 5 read completed
[   54.636236] iwlwifi 0000:03:00.0: U iwl_pcie_send_hcmd_sync Attempting to send sync command NVM_ACCESS_CMD
[   54.636240] iwlwifi 0000:03:00.0: U iwl_pcie_send_hcmd_sync Setting HCMD_ACTIVE for command NVM_ACCESS_CMD
[   54.636245] iwlwifi 0000:03:00.0: I iwl_pcie_enqueue_hcmd Sending command NVM_ACCESS_CMD (#88), seq: 0x0909, 12 bytes at 9[9]:9
[   54.636301] iwlwifi 0000:03:00.0: I iwl_pcie_hcmd_complete Clearing HCMD_ACTIVE for command NVM_ACCESS_CMD
[   54.636311] iwlwifi 0000:03:00.0: U iwl_nvm_read_chunk NVM access command failed with status 256 (device: Intel(R) Dual Band Wireless AC 7260)
[   54.636316] iwlwifi 0000:03:00.0: U iwl_nvm_read_section Cannot read NVM from section 6 offset 0, length 2048
[   54.636320] iwlwifi 0000:03:00.0: U iwl_pcie_send_hcmd_sync Attempting to send sync command NVM_ACCESS_CMD
[   54.636323] iwlwifi 0000:03:00.0: U iwl_pcie_send_hcmd_sync Setting HCMD_ACTIVE for command NVM_ACCESS_CMD
[   54.636328] iwlwifi 0000:03:00.0: I iwl_pcie_enqueue_hcmd Sending command NVM_ACCESS_CMD (#88), seq: 0x090A, 12 bytes at 10[10]:9
[   54.636390] iwlwifi 0000:03:00.0: I iwl_pcie_hcmd_complete Clearing HCMD_ACTIVE for command NVM_ACCESS_CMD
[   54.636403] iwlwifi 0000:03:00.0: U iwl_nvm_read_chunk NVM access command failed with status 256 (device: Intel(R) Dual Band Wireless AC 7260)
[   54.636410] iwlwifi 0000:03:00.0: U iwl_nvm_read_section Cannot read NVM from section 7 offset 0, length 2048
[   54.636413] iwlwifi 0000:03:00.0: U iwl_pcie_send_hcmd_sync Attempting to send sync command NVM_ACCESS_CMD
[   54.636416] iwlwifi 0000:03:00.0: U iwl_pcie_send_hcmd_sync Setting HCMD_ACTIVE for command NVM_ACCESS_CMD
[   54.636420] iwlwifi 0000:03:00.0: I iwl_pcie_enqueue_hcmd Sending command NVM_ACCESS_CMD (#88), seq: 0x090B, 12 bytes at 11[11]:9
[   54.636477] iwlwifi 0000:03:00.0: I iwl_pcie_hcmd_complete Clearing HCMD_ACTIVE for command NVM_ACCESS_CMD
[   54.636493] iwlwifi 0000:03:00.0: U iwl_nvm_read_chunk NVM access command failed with status 256 (device: Intel(R) Dual Band Wireless AC 7260)
[   54.636502] iwlwifi 0000:03:00.0: U iwl_nvm_read_section Cannot read NVM from section 8 offset 0, length 2048
[   54.636507] iwlwifi 0000:03:00.0: U iwl_pcie_send_hcmd_sync Attempting to send sync command NVM_ACCESS_CMD
[   54.636512] iwlwifi 0000:03:00.0: U iwl_pcie_send_hcmd_sync Setting HCMD_ACTIVE for command NVM_ACCESS_CMD
[   54.636518] iwlwifi 0000:03:00.0: I iwl_pcie_enqueue_hcmd Sending command NVM_ACCESS_CMD (#88), seq: 0x090C, 12 bytes at 12[12]:9
[   54.636576] iwlwifi 0000:03:00.0: I iwl_pcie_hcmd_complete Clearing HCMD_ACTIVE for command NVM_ACCESS_CMD
[   54.636589] iwlwifi 0000:03:00.0: U iwl_nvm_read_chunk NVM access command failed with status 256 (device: Intel(R) Dual Band Wireless AC 7260)
[   54.636595] iwlwifi 0000:03:00.0: U iwl_nvm_read_section Cannot read NVM from section 9 offset 0, length 2048
[   54.636600] iwlwifi 0000:03:00.0: U iwl_pcie_send_hcmd_sync Attempting to send sync command NVM_ACCESS_CMD
[   54.636605] iwlwifi 0000:03:00.0: U iwl_pcie_send_hcmd_sync Setting HCMD_ACTIVE for command NVM_ACCESS_CMD
[   54.636611] iwlwifi 0000:03:00.0: I iwl_pcie_enqueue_hcmd Sending command NVM_ACCESS_CMD (#88), seq: 0x090D, 12 bytes at 13[13]:9
[   54.636669] iwlwifi 0000:03:00.0: I iwl_pcie_hcmd_complete Clearing HCMD_ACTIVE for command NVM_ACCESS_CMD
[   54.636684] iwlwifi 0000:03:00.0: U iwl_nvm_read_chunk NVM access command failed with status 256 (device: Intel(R) Dual Band Wireless AC 7260)
[   54.636690] iwlwifi 0000:03:00.0: U iwl_nvm_read_section Cannot read NVM from section 10 offset 0, length 2048
[   54.636695] iwlwifi 0000:03:00.0: U iwl_pcie_send_hcmd_sync Attempting to send sync command NVM_ACCESS_CMD
[   54.636700] iwlwifi 0000:03:00.0: U iwl_pcie_send_hcmd_sync Setting HCMD_ACTIVE for command NVM_ACCESS_CMD
[   54.636705] iwlwifi 0000:03:00.0: I iwl_pcie_enqueue_hcmd Sending command NVM_ACCESS_CMD (#88), seq: 0x090E, 12 bytes at 14[14]:9
[   54.636769] iwlwifi 0000:03:00.0: I iwl_pcie_hcmd_complete Clearing HCMD_ACTIVE for command NVM_ACCESS_CMD
[   54.636782] iwlwifi 0000:03:00.0: U iwl_nvm_read_chunk NVM access command failed with status 256 (device: Intel(R) Dual Band Wireless AC 7260)
[   54.636786] iwlwifi 0000:03:00.0: U iwl_nvm_read_section Cannot read NVM from section 11 offset 0, length 2048
[   54.636795] iwlwifi 0000:03:00.0: U iwl_init_channel_map Ch. 1 [2.4GHz] VALID IBSS ACTIVE WIDE GO_CONCURRENT (0x34b 22dBm): Ad-Hoc supported
[   54.636799] iwlwifi 0000:03:00.0: U iwl_init_channel_map Ch. 2 [2.4GHz] VALID IBSS ACTIVE WIDE GO_CONCURRENT (0x34b 22dBm): Ad-Hoc supported
[   54.636803] iwlwifi 0000:03:00.0: U iwl_init_channel_map Ch. 3 [2.4GHz] VALID IBSS ACTIVE WIDE GO_CONCURRENT (0x34b 22dBm): Ad-Hoc supported
[   54.636807] iwlwifi 0000:03:00.0: U iwl_init_channel_map Ch. 4 [2.4GHz] VALID IBSS ACTIVE WIDE GO_CONCURRENT (0x34b 22dBm): Ad-Hoc supported
[   54.636811] iwlwifi 0000:03:00.0: U iwl_init_channel_map Ch. 5 [2.4GHz] VALID IBSS ACTIVE WIDE GO_CONCURRENT (0x34b 22dBm): Ad-Hoc supported
[   54.636815] iwlwifi 0000:03:00.0: U iwl_init_channel_map Ch. 6 [2.4GHz] VALID IBSS ACTIVE WIDE GO_CONCURRENT (0x34b 22dBm): Ad-Hoc supported
[   54.636819] iwlwifi 0000:03:00.0: U iwl_init_channel_map Ch. 7 [2.4GHz] VALID IBSS ACTIVE WIDE GO_CONCURRENT (0x34b 22dBm): Ad-Hoc supported
[   54.636823] iwlwifi 0000:03:00.0: U iwl_init_channel_map Ch. 8 [2.4GHz] VALID IBSS ACTIVE WIDE GO_CONCURRENT (0x34b 22dBm): Ad-Hoc supported
[   54.636827] iwlwifi 0000:03:00.0: U iwl_init_channel_map Ch. 9 [2.4GHz] VALID IBSS ACTIVE WIDE GO_CONCURRENT (0x34b 22dBm): Ad-Hoc supported
[   54.636831] iwlwifi 0000:03:00.0: U iwl_init_channel_map Ch. 10 [2.4GHz] VALID IBSS ACTIVE WIDE GO_CONCURRENT (0x34b 22dBm): Ad-Hoc supported
[   54.636835] iwlwifi 0000:03:00.0: U iwl_init_channel_map Ch. 11 [2.4GHz] VALID IBSS ACTIVE WIDE GO_CONCURRENT (0x34b 22dBm): Ad-Hoc supported
[   54.636839] iwlwifi 0000:03:00.0: U iwl_init_channel_map Ch. 12 [2.4GHz] VALID WIDE GO_CONCURRENT (0x341 22dBm): Ad-Hoc not supported
[   54.636843] iwlwifi 0000:03:00.0: U iwl_init_channel_map Ch. 13 [2.4GHz] VALID WIDE GO_CONCURRENT (0x341 22dBm): Ad-Hoc not supported
[   54.636846] iwlwifi 0000:03:00.0: U iwl_init_channel_map Ch. 14 Flags 0 [2.4GHz] - No traffic
[   54.636851] iwlwifi 0000:03:00.0: U iwl_init_channel_map Ch. 36 [5.2GHz] VALID WIDE INDOOR_ONLY GO_CONCURRENT (0x7e1 22dBm): Ad-Hoc not supported
